Component: ARM Compiler 5.06 update 5 (build 528) Tool: armlink [4d35e2]

==============================================================================

Section Cross References

    mbed/TARGET_LPC1768/TOOLCHAIN_ARM_STD/analogin_api.o(i.analogin_init) refers to mbed/TARGET_LPC1768/TOOLCHAIN_ARM_STD/mbed.ar(mbed_pinmap_common.o)(i.pinmap_peripheral) for pinmap_peripheral
    mbed/TARGET_LPC1768/TOOLCHAIN_ARM_STD/analogin_api.o(i.analogin_init) refers to mbed/TARGET_LPC1768/TOOLCHAIN_ARM_STD/mbed.ar(mbed_assert.o)(i.mbed_assert_internal) for mbed_assert_internal
    mbed/TARGET_LPC1768/TOOLCHAIN_ARM_STD/analogin_api.o(i.analogin_init) refers to mbed/TARGET_LPC1768/TOOLCHAIN_ARM_STD/mbed.ar(mbed_pinmap_common.o)(i.pinmap_pinout) for pinmap_pinout
    mbed/TARGET_LPC1768/TOOLCHAIN_ARM_STD/analogin_api.o(i.analogin_init) refers to mbed/TARGET_LPC1768/TOOLCHAIN_ARM_STD/analogin_api.o(.constdata) for .constdata
    mbed/TARGET_LPC1768/TOOLCHAIN_ARM_STD/analogin_api.o(i.analogin_init) refers to mbed/TARGET_LPC1768/TOOLCHAIN_ARM_STD/analogin_api.o(.conststring) for .conststring
    mbed/TARGET_LPC1768/TOOLCHAIN_ARM_STD/analogin_api.o(i.analogin_init) refers to mbed/TARGET_LPC1768/TOOLCHAIN_ARM_STD/system_LPC17xx.o(.data) for SystemCoreClock
    mbed/TARGET_LPC1768/TOOLCHAIN_ARM_STD/analogin_api.o(i.analogin_read) refers to C:\Keil_v5\ARM\ARMCC\Bin\..\lib\armlib\fz_ws.l(fflt_clz.o)(x$fpl$ffltu) for __aeabi_ui2f
    mbed/TARGET_LPC1768/TOOLCHAIN_ARM_STD/analogin_api.o(i.analogin_read) refers to C:\Keil_v5\ARM\ARMCC\Bin\..\lib\armlib\fz_ws.l(fmul.o)(x$fpl$fmul) for __aeabi_fmul
    mbed/TARGET_LPC1768/TOOLCHAIN_ARM_STD/analogout_api.o(i.analogout_init) refers to mbed/TARGET_LPC1768/TOOLCHAIN_ARM_STD/mbed.ar(mbed_pinmap_common.o)(i.pinmap_peripheral) for pinmap_peripheral
    mbed/TARGET_LPC1768/TOOLCHAIN_ARM_STD/analogout_api.o(i.analogout_init) refers to mbed/TARGET_LPC1768/TOOLCHAIN_ARM_STD/mbed.ar(mbed_assert.o)(i.mbed_assert_internal) for mbed_assert_internal
    mbed/TARGET_LPC1768/TOOLCHAIN_ARM_STD/analogout_api.o(i.analogout_init) refers to mbed/TARGET_LPC1768/TOOLCHAIN_ARM_STD/mbed.ar(mbed_pinmap_common.o)(i.pinmap_pinout) for pinmap_pinout
    mbed/TARGET_LPC1768/TOOLCHAIN_ARM_STD/analogout_api.o(i.analogout_init) refers to mbed/TARGET_LPC1768/TOOLCHAIN_ARM_STD/analogout_api.o(.constdata) for .constdata
    mbed/TARGET_LPC1768/TOOLCHAIN_ARM_STD/analogout_api.o(i.analogout_init) refers to mbed/TARGET_LPC1768/TOOLCHAIN_ARM_STD/analogout_api.o(.conststring) for .conststring
    mbed/TARGET_LPC1768/TOOLCHAIN_ARM_STD/analogout_api.o(i.analogout_read) refers to C:\Keil_v5\ARM\ARMCC\Bin\..\lib\armlib\fz_ws.l(fflt_clz.o)(x$fpl$ffltu) for __aeabi_ui2f
    mbed/TARGET_LPC1768/TOOLCHAIN_ARM_STD/analogout_api.o(i.analogout_read) refers to C:\Keil_v5\ARM\ARMCC\Bin\..\lib\armlib\fz_ws.l(fmul.o)(x$fpl$fmul) for __aeabi_fmul
    mbed/TARGET_LPC1768/TOOLCHAIN_ARM_STD/analogout_api.o(i.analogout_write) refers to C:\Keil_v5\ARM\ARMCC\Bin\..\lib\armlib\fz_ws.l(fmul.o)(x$fpl$fmul) for __aeabi_fmul
    mbed/TARGET_LPC1768/TOOLCHAIN_ARM_STD/analogout_api.o(i.analogout_write) refers to C:\Keil_v5\ARM\ARMCC\Bin\..\lib\armlib\fz_ws.l(ffix.o)(x$fpl$ffix) for __aeabi_f2iz
    mbed/TARGET_LPC1768/TOOLCHAIN_ARM_STD/can_api.o(i.can_frequency) refers to mbed/TARGET_LPC1768/TOOLCHAIN_ARM_STD/system_LPC17xx.o(.data) for SystemCoreClock
    mbed/TARGET_LPC1768/TOOLCHAIN_ARM_STD/can_api.o(i.can_frequency) refers to mbed/TARGET_LPC1768/TOOLCHAIN_ARM_STD/can_api.o(.constdata) for .constdata
    mbed/TARGET_LPC1768/TOOLCHAIN_ARM_STD/can_api.o(i.can_init) refers to mbed/TARGET_LPC1768/TOOLCHAIN_ARM_STD/mbed.ar(mbed_pinmap_common.o)(i.pinmap_peripheral) for pinmap_peripheral
    mbed/TARGET_LPC1768/TOOLCHAIN_ARM_STD/can_api.o(i.can_init) refers to mbed/TARGET_LPC1768/TOOLCHAIN_ARM_STD/mbed.ar(mbed_pinmap_common.o)(i.pinmap_merge) for pinmap_merge
    mbed/TARGET_LPC1768/TOOLCHAIN_ARM_STD/can_api.o(i.can_init) refers to mbed/TARGET_LPC1768/TOOLCHAIN_ARM_STD/mbed.ar(mbed_assert.o)(i.mbed_assert_internal) for mbed_assert_internal
    mbed/TARGET_LPC1768/TOOLCHAIN_ARM_STD/can_api.o(i.can_init) refers to mbed/TARGET_LPC1768/TOOLCHAIN_ARM_STD/mbed.ar(mbed_pinmap_common.o)(i.pinmap_pinout) for pinmap_pinout
    mbed/TARGET_LPC1768/TOOLCHAIN_ARM_STD/can_api.o(i.can_init) refers to mbed/TARGET_LPC1768/TOOLCHAIN_ARM_STD/can_api.o(i.can_frequency) for can_frequency
    mbed/TARGET_LPC1768/TOOLCHAIN_ARM_STD/can_api.o(i.can_init) refers to mbed/TARGET_LPC1768/TOOLCHAIN_ARM_STD/can_api.o(.constdata) for .constdata
    mbed/TARGET_LPC1768/TOOLCHAIN_ARM_STD/can_api.o(i.can_init) refers to mbed/TARGET_LPC1768/TOOLCHAIN_ARM_STD/can_api.o(.conststring) for .conststring
    mbed/TARGET_LPC1768/TOOLCHAIN_ARM_STD/can_api.o(i.can_irq) refers to mbed/TARGET_LPC1768/TOOLCHAIN_ARM_STD/can_api.o(.data) for .data
[...]
    0x000001d2   0x000001d2   0x00000000   Code   RO         3983    .ARM.Collect$$libinit$$0000000E  C:\Keil_v5\ARM\ARMCC\Bin\..\lib\armlib\c_w.l(libinit2.o)
    0x000001d2   0x000001d2   0x00000006   Code   RO         3984    .ARM.Collect$$libinit$$0000000F  C:\Keil_v5\ARM\ARMCC\Bin\..\lib\armlib\c_w.l(libinit2.o)
    0x000001d8   0x000001d8   0x00000000   Code   RO         3986    .ARM.Collect$$libinit$$00000011  C:\Keil_v5\ARM\ARMCC\Bin\..\lib\armlib\c_w.l(libinit2.o)
    0x000001d8   0x000001d8   0x0000000c   Code   RO         3987    .ARM.Collect$$libinit$$00000012  C:\Keil_v5\ARM\ARMCC\Bin\..\lib\armlib\c_w.l(libinit2.o)
    0x000001e4   0x000001e4   0x00000000   Code   RO         3988    .ARM.Collect$$libinit$$00000013  C:\Keil_v5\ARM\ARMCC\Bin\..\lib\armlib\c_w.l(libinit2.o)
    0x000001e4   0x000001e4   0x00000000   Code   RO         3990    .ARM.Collect$$libinit$$00000015  C:\Keil_v5\ARM\ARMCC\Bin\..\lib\armlib\c_w.l(libinit2.o)
    0x000001e4   0x000001e4   0x0000000a   Code   RO         3991    .ARM.Collect$$libinit$$00000016  C:\Keil_v5\ARM\ARMCC\Bin\..\lib\armlib\c_w.l(libinit2.o)
    0x000001ee   0x000001ee   0x00000000   Code   RO         3992    .ARM.Collect$$libinit$$00000017  C:\Keil_v5\ARM\ARMCC\Bin\..\lib\armlib\c_w.l(libinit2.o)
    0x000001ee   0x000001ee   0x00000000   Code   RO         3994    .ARM.Collect$$libinit$$00000019  C:\Keil_v5\ARM\ARMCC\Bin\..\lib\armlib\c_w.l(libinit2.o)
    0x000001ee   0x000001ee   0x00000000   Code   RO         3996    .ARM.Collect$$libinit$$0000001B  C:\Keil_v5\ARM\ARMCC\Bin\..\lib\armlib\c_w.l(libinit2.o)
    0x000001ee   0x000001ee   0x00000000   Code   RO         3998    .ARM.Collect$$libinit$$0000001D  C:\Keil_v5\ARM\ARMCC\Bin\..\lib\armlib\c_w.l(libinit2.o)
    0x000001ee   0x000001ee   0x00000000   Code   RO         4000    .ARM.Collect$$libinit$$0000001F  C:\Keil_v5\ARM\ARMCC\Bin\..\lib\armlib\c_w.l(libinit2.o)
    0x000001ee   0x000001ee   0x00000000   Code   RO         4002    .ARM.Collect$$libinit$$00000021  C:\Keil_v5\ARM\ARMCC\Bin\..\lib\armlib\c_w.l(libinit2.o)
    0x000001ee   0x000001ee   0x00000000   Code   RO         4004    .ARM.Collect$$libinit$$00000023  C:\Keil_v5\ARM\ARMCC\Bin\..\lib\armlib\c_w.l(libinit2.o)
    0x000001ee   0x000001ee   0x00000004   Code   RO         4005    .ARM.Collect$$libinit$$00000024  C:\Keil_v5\ARM\ARMCC\Bin\..\lib\armlib\c_w.l(libinit2.o)
    0x000001f2   0x000001f2   0x00000000   Code   RO         4006    .ARM.Collect$$libinit$$00000025  C:\Keil_v5\ARM\ARMCC\Bin\..\lib\armlib\c_w.l(libinit2.o)
    0x000001f2   0x000001f2   0x00000000   Code   RO         4010    .ARM.Collect$$libinit$$0000002C  C:\Keil_v5\ARM\ARMCC\Bin\..\lib\armlib\c_w.l(libinit2.o)
    0x000001f2   0x000001f2   0x00000000   Code   RO         4012    .ARM.Collect$$libinit$$0000002E  C:\Keil_v5\ARM\ARMCC\Bin\..\lib\armlib\c_w.l(libinit2.o)
    0x000001f2   0x000001f2   0x00000000   Code   RO         4014    .ARM.Collect$$libinit$$00000030  C:\Keil_v5\ARM\ARMCC\Bin\..\lib\armlib\c_w.l(libinit2.o)
    0x000001f2   0x000001f2   0x00000004   Code   RO         4015    .ARM.Collect$$libinit$$00000031  C:\Keil_v5\ARM\ARMCC\Bin\..\lib\armlib\c_w.l(libinit2.o)
    0x000001f6   0x000001f6   0x00000000   Code   RO         4016    .ARM.Collect$$libinit$$00000032  C:\Keil_v5\ARM\ARMCC\Bin\..\lib\armlib\c_w.l(libinit2.o)
    0x000001f6   0x000001f6   0x00000002   Code   RO         4017    .ARM.Collect$$libinit$$00000033  C:\Keil_v5\ARM\ARMCC\Bin\..\lib\armlib\c_w.l(libinit2.o)
    0x000001f8   0x000001f8   0x00000000   Code   RO         4154    .ARM.Collect$$libshutdown$$00000004  C:\Keil_v5\ARM\ARMCC\Bin\..\lib\armlib\c_w.l(libshutdown2.o)
    0x000001f8   0x000001f8   0x00000034   Code   RO         2309    .emb_text           .\build\rtx_conf_cm.o
    0x0000022c   0x0000022c   0x00000000   Code   RO         4071    .emb_text           C:\Keil_v5\ARM\ARMCC\Bin\..\lib\armlib\c_w.l(maybetermalloc1.o)
    0x0000022c   0x0000022c   0x00000024   Code   RO          519    .text               mbed/TARGET_LPC1768/TOOLCHAIN_ARM_STD/startup_LPC17xx.o
    0x00000250   0x00000250   0x00000008   Code   RO         3494    .text               C:\Keil_v5\ARM\ARMCC\Bin\..\lib\armlib\c_w.l(libspace.o)
    0x00000258   0x00000258   0x0000009e   Code   RO         3505    .text               C:\Keil_v5\ARM\ARMCC\Bin\..\lib\armlib\c_w.l(h1_alloc_mt.o)
    0x000002f6   0x000002f6   0x00000006   Code   RO         3681    .text               C:\Keil_v5\ARM\ARMCC\Bin\..\lib\armlib\c_w.l(heapauxi.o)
    0x000002fc   0x000002fc   0x00000004   Code   RO          518    .ARM.__at_0x02FC    mbed/TARGET_LPC1768/TOOLCHAIN_ARM_STD/startup_LPC17xx.o
    0x00000300   0x00000300   0x00000130   Code   RO          601    .emb_text           .\build\hal_cm3.o
    0x00000430   0x00000430   0x00000076   Code   RO         3507    .text               C:\Keil_v5\ARM\ARMCC\Bin\..\lib\armlib\c_w.l(h1_free_mt.o)
    0x000004a6   0x000004a6   0x00000002   PAD
    0x000004a8   0x000004a8   0x00000024   Code   RO         3561    .text               C:\Keil_v5\ARM\ARMCC\Bin\..\lib\armlib\c_w.l(vsprintf.o)
    0x000004cc   0x000004cc   0x0000000a   Code   RO         3563    .text               C:\Keil_v5\ARM\ARMCC\Bin\..\lib\armlib\c_w.l(c89vfprintf.o)
    0x000004d6   0x000004d6   0x00000002   PAD
    0x000004d8   0x000004d8   0x0000002c   Code   RO         3565    .text               C:\Keil_v5\ARM\ARMCC\Bin\..\lib\armlib\c_w.l(__2sprintf.o)
    0x00000504   0x00000504   0x00000094   Code   RO         3589    .text               C:\Keil_v5\ARM\ARMCC\Bin\..\lib\armlib\c_w.l(_printf_hex_int_ll_ptr.o)
    0x00000598   0x00000598   0x00000188   Code   RO         3609    .text               C:\Keil_v5\ARM\ARMCC\Bin\..\lib\armlib\c_w.l(__printf_flags_ss_wp.o)
    0x00000720   0x00000720   0x00000010   Code   RO         3614    .text               C:\Keil_v5\ARM\ARMCC\Bin\..\lib\armlib\c_w.l(vfscanf.o)
    0x00000730   0x00000730   0x0000003c   Code   RO         3616    .text               C:\Keil_v5\ARM\ARMCC\Bin\..\lib\armlib\c_w.l(__0sscanf.o)
    0x0000076c   0x0000076c   0x0000014c   Code   RO         3618    .text               C:\Keil_v5\ARM\ARMCC\Bin\..\lib\armlib\c_w.l(_scanf_int.o)
    0x000008b8   0x000008b8   0x00000014   Code   RO         3636    .text               C:\Keil_v5\ARM\ARMCC\Bin\..\lib\armlib\c_w.l(setbuf.o)
    0x000008cc   0x000008cc   0x0000004c   Code   RO         3644    .text               C:\Keil_v5\ARM\ARMCC\Bin\..\lib\armlib\c_w.l(fclose.o)
    0x00000918   0x00000918   0x00000020   Code   RO         3646    .text               C:\Keil_v5\ARM\ARMCC\Bin\..\lib\armlib\c_w.l(fgetc_locked.o)
    0x00000938   0x00000938   0x00000034   Code   RO         3650    .text               C:\Keil_v5\ARM\ARMCC\Bin\..\lib\armlib\c_w.l(fclose_locked.o)
    0x0000096c   0x0000096c   0x00000090   Code   RO         3652    .text               C:\Keil_v5\ARM\ARMCC\Bin\..\lib\armlib\c_w.l(fflush_locked.o)
    0x000009fc   0x000009fc   0x00000144   Code   RO         3654    .text               C:\Keil_v5\ARM\ARMCC\Bin\..\lib\armlib\c_w.l(fopen_locked.o)
    0x00000b40   0x00000b40   0x00000014   Code   RO         3656    .text               C:\Keil_v5\ARM\ARMCC\Bin\..\lib\armlib\c_w.l(strchr.o)
    0x00000b54   0x00000b54   0x00000048   Code   RO         3658    .text               C:\Keil_v5\ARM\ARMCC\Bin\..\lib\armlib\c_w.l(strcpy.o)
    0x00000b9c   0x00000b9c   0x0000003e   Code   RO         3660    .text               C:\Keil_v5\ARM\ARMCC\Bin\..\lib\armlib\c_w.l(strlen.o)
    0x00000bda   0x00000bda   0x00000096   Code   RO         3662    .text               C:\Keil_v5\ARM\ARMCC\Bin\..\lib\armlib\c_w.l(strncmp.o)
    0x00000c70   0x00000c70   0x00000064   Code   RO         3666    .text               C:\Keil_v5\ARM\ARMCC\Bin\..\lib\armlib\c_w.l(rt_memcpy_w.o)
    0x00000cd4   0x00000cd4   0x0000004e   Code   RO         3670    .text               C:\Keil_v5\ARM\ARMCC\Bin\..\lib\armlib\c_w.l(rt_memclr_w.o)
    0x00000d22   0x00000d22   0x00000002   PAD
    0x00000d24   0x00000d24   0x00000080   Code   RO         3674    .text               C:\Keil_v5\ARM\ARMCC\Bin\..\lib\armlib\c_w.l(strcmpv7m.o)
    0x00000da4   0x00000da4   0x00000024   Code   RO         3689    .text               C:\Keil_v5\ARM\ARMCC\Bin\..\lib\armlib\c_w.l(init_aeabi.o)
    0x00000dc8   0x00000dc8   0x00000022   Code   RO         3804    .text               C:\Keil_v5\ARM\ARMCC\Bin\..\lib\cpplib\cpprt_w.l(aeabi_vec_dtor_noexceptions.o)
    0x00000dea   0x00000dea   0x0000000a   Code   RO         3852    .text               C:\Keil_v5\ARM\ARMCC\Bin\..\lib\armlib\c_w.l(rt_heap_descriptor_twolibspace.o)
    0x00000df4   0x00000df4   0x00000004   Code   RO         3854    .text               C:\Keil_v5\ARM\ARMCC\Bin\..\lib\armlib\c_w.l(hguard.o)
    0x00000df8   0x00000df8   0x0000008a   Code   RO         3856    .text               C:\Keil_v5\ARM\ARMCC\Bin\..\lib\armlib\c_w.l(init_alloc.o)
    0x00000e82   0x00000e82   0x00000012   Code   RO         3862    .text               C:\Keil_v5\ARM\ARMCC\Bin\..\lib\armlib\c_w.l(h1_init_mt.o)
    0x00000e94   0x00000e94   0x0000004e   Code   RO         3874    .text               C:\Keil_v5\ARM\ARMCC\Bin\..\lib\armlib\c_w.l(_printf_pad.o)
    0x00000ee2   0x00000ee2   0x00000024   Code   RO         3876    .text               C:\Keil_v5\ARM\ARMCC\Bin\..\lib\armlib\c_w.l(_printf_truncate.o)
    0x00000f06   0x00000f06   0x00000052   Code   RO         3878    .text               C:\Keil_v5\ARM\ARMCC\Bin\..\lib\armlib\c_w.l(_printf_str.o)
    0x00000f58   0x00000f58   0x000000b2   Code   RO         3880    .text               C:\Keil_v5\ARM\ARMCC\Bin\..\lib\armlib\c_w.l(_printf_intcommon.o)
    0x0000100a   0x0000100a   0x00000002   PAD
    0x0000100c   0x0000100c   0x00000078   Code   RO         3882    .text               C:\Keil_v5\ARM\ARMCC\Bin\..\lib\armlib\c_w.l(_printf_dec.o)
    0x00001084   0x00001084   0x00000028   Code   RO         3884    .text               C:\Keil_v5\ARM\ARMCC\Bin\..\lib\armlib\c_w.l(_printf_charcount.o)
    0x000010ac   0x000010ac   0x00000030   Code   RO         3886    .text               C:\Keil_v5\ARM\ARMCC\Bin\..\lib\armlib\c_w.l(_printf_char_common.o)
    0x000010dc   0x000010dc   0x0000000a   Code   RO         3888    .text               C:\Keil_v5\ARM\ARMCC\Bin\..\lib\armlib\c_w.l(_sputc.o)
    0x000010e6   0x000010e6   0x00000002   PAD
    0x000010e8   0x000010e8   0x000000bc   Code   RO         3892    .text               C:\Keil_v5\ARM\ARMCC\Bin\..\lib\armlib\c_w.l(_printf_wctomb.o)
    0x000011a4   0x000011a4   0x0000007c   Code   RO         3895    .text               C:\Keil_v5\ARM\ARMCC\Bin\..\lib\armlib\c_w.l(_printf_longlong_dec.o)
    0x00001220   0x00001220   0x00000070   Code   RO         3901    .text               C:\Keil_v5\ARM\ARMCC\Bin\..\lib\armlib\c_w.l(_printf_oct_int_ll.o)
    0x00001290   0x00001290   0x0000001c   Code   RO         3925    .text               C:\Keil_v5\ARM\ARMCC\Bin\..\lib\armlib\c_w.l(_chval.o)
    0x000012ac   0x000012ac   0x00000156   Code   RO         3927    .text               C:\Keil_v5\ARM\ARMCC\Bin\..\lib\armlib\c_w.l(_scanf_longlong.o)
    0x00001402   0x00001402   0x000000e0   Code   RO         3929    .text               C:\Keil_v5\ARM\ARMCC\Bin\..\lib\armlib\c_w.l(_scanf_str.o)
    0x000014e2   0x000014e2   0x00000002   PAD
    0x000014e4   0x000014e4   0x0000002c   Code   RO         3931    .text               C:\Keil_v5\ARM\ARMCC\Bin\..\lib\armlib\c_w.l(scanf_char.o)
    0x00001510   0x00001510   0x00000040   Code   RO         3933    .text               C:\Keil_v5\ARM\ARMCC\Bin\..\lib\armlib\c_w.l(_sgetc.o)
    0x00001550   0x00001550   0x00000114   Code   RO         3937    .text               C:\Keil_v5\ARM\ARMCC\Bin\..\lib\armlib\c_w.l(_scanf_mbtowc.o)
    0x00001664   0x00001664   0x000000e8   Code   RO         3939    .text               C:\Keil_v5\ARM\ARMCC\Bin\..\lib\armlib\c_w.l(_scanf_wctomb.o)
    0x0000174c   0x0000174c   0x000000d0   Code   RO         3941    .text               C:\Keil_v5\ARM\ARMCC\Bin\..\lib\armlib\c_w.l(_scanf_wstr.o)
    0x0000181c   0x0000181c   0x0000023a   Code   RO         3945    .text               C:\Keil_v5\ARM\ARMCC\Bin\..\lib\armlib\c_w.l(filbuf.o)
    0x00001a56   0x00001a56   0x000001d6   Code   RO         3947    .text               C:\Keil_v5\ARM\ARMCC\Bin\..\lib\armlib\c_w.l(flsbuf.o)
    0x00001c2c   0x00001c2c   0x000000f8   Code   RO         3949    .text               C:\Keil_v5\ARM\ARMCC\Bin\..\lib\armlib\c_w.l(fseek.o)
    0x00001d24   0x00001d24   0x000000f0   Code   RO         3953    .text               C:\Keil_v5\ARM\ARMCC\Bin\..\lib\armlib\c_w.l(stdio.o)
    0x00001e14   0x00001e14   0x00000068   Code   RO         3960    .text               C:\Keil_v5\ARM\ARMCC\Bin\..\lib\armlib\c_w.l(setvbuf_locked.o)
    0x00001e7c   0x00001e7c   0x000001c8   Code   RO         3962    .text               C:\Keil_v5\ARM\ARMCC\Bin\..\lib\armlib\c_w.l(initio_locked.o)
    0x00002044   0x00002044   0x0000000e   Code   RO         3964    .text               C:\Keil_v5\ARM\ARMCC\Bin\..\lib\armlib\c_w.l(defsig_pvfn_outer.o)
    0x00002052   0x00002052   0x0000003e   Code   RO         4075    .text               C:\Keil_v5\ARM\ARMCC\Bin\..\lib\armlib\c_w.l(h1_extend_mt.o)
    0x00002090   0x00002090   0x0000008a   Code   RO         4077    .text               C:\Keil_v5\ARM\ARMCC\Bin\..\lib\armlib\c_w.l(lludiv10.o)
    0x0000211a   0x0000211a   0x00000012   Code   RO         4079    .text               C:\Keil_v5\ARM\ARMCC\Bin\..\lib\armlib\c_w.l(isspace.o)
    0x0000212c   0x0000212c   0x0000041e   Code   RO         4081    .text               C:\Keil_v5\ARM\ARMCC\Bin\..\lib\armlib\c_w.l(_printf_fp_dec.o)
    0x0000254a   0x0000254a   0x00000002   PAD
    0x0000254c   0x0000254c   0x000002fc   Code   RO         4083    .text               C:\Keil_v5\ARM\ARMCC\Bin\..\lib\armlib\c_w.l(_printf_fp_hex.o)
    0x00002848   0x00002848   0x0000002c   Code   RO         4088    .text               C:\Keil_v5\ARM\ARMCC\Bin\..\lib\armlib\c_w.l(_printf_char.o)
    0x00002874   0x00002874   0x00000040   Code   RO         4090    .text               C:\Keil_v5\ARM\ARMCC\Bin\..\lib\armlib\c_w.l(_printf_char_file_locked.o)
    0x000028b4   0x000028b4   0x0000002c   Code   RO         4092    .text               C:\Keil_v5\ARM\ARMCC\Bin\..\lib\armlib\c_w.l(_printf_wchar.o)
    0x000028e0   0x000028e0   0x00000374   Code   RO         4094    .text               C:\Keil_v5\ARM\ARMCC\Bin\..\lib\armlib\c_w.l(_scanf.o)
    0x00002c54   0x00002c54   0x000004f8   Code   RO         4096    .text               C:\Keil_v5\ARM\ARMCC\Bin\..\lib\armlib\c_w.l(scanf_fp.o)
    0x0000314c   0x0000314c   0x00000040   Code   RO         4098    .text               C:\Keil_v5\ARM\ARMCC\Bin\..\lib\armlib\c_w.l(scanf_char_file_locked.o)
    0x0000318c   0x0000318c   0x0000001e   Code   RO         4100    .text               C:\Keil_v5\ARM\ARMCC\Bin\..\lib\armlib\c_w.l(_scanf_wcharmap.o)
    0x000031aa   0x000031aa   0x00000048   Code   RO         4102    .text               C:\Keil_v5\ARM\ARMCC\Bin\..\lib\armlib\c_w.l(backspace.o)
    0x000031f2   0x000031f2   0x00000042   Code   RO         4104    .text               C:\Keil_v5\ARM\ARMCC\Bin\..\lib\armlib\c_w.l(ftell.o)
    0x00003234   0x00003234   0x00000056   Code   RO         4114    .text               C:\Keil_v5\ARM\ARMCC\Bin\..\lib\armlib\c_w.l(fgets_locked.o)
    0x0000328a   0x0000328a   0x00000002   PAD
    0x0000328c   0x0000328c   0x0000005c   Code   RO         4126    .text               C:\Keil_v5\ARM\ARMCC\Bin\..\lib\armlib\c_w.l(flushlinebuffered_locked.o)
    0x000032e8   0x000032e8   0x0000003c   Code   RO         4128    .text               C:\Keil_v5\ARM\ARMCC\Bin\..\lib\armlib\c_w.l(_mbrtowc.o)
    0x00003324   0x00003324   0x00000040   Code   RO         4130    .text               C:\Keil_v5\ARM\ARMCC\Bin\..\lib\armlib\c_w.l(_wcrtomb.o)
    0x00003364   0x00003364   0x0000000a   Code   RO         4132    .text               C:\Keil_v5\ARM\ARMCC\Bin\..\lib\armlib\c_w.l(defsig_exit.o)
    0x0000336e   0x0000336e   0x0000000e   Code   RO         4134    .text               C:\Keil_v5\ARM\ARMCC\Bin\..\lib\armlib\c_w.l(defsig_rtred_outer.o)
    0x0000337c   0x0000337c   0x0000000e   Code   RO         4138    .text               C:\Keil_v5\ARM\ARMCC\Bin\..\lib\armlib\c_w.l(defsig_rtmem_outer.o)
    0x0000338a   0x0000338a   0x00000002   PAD
    0x0000338c   0x0000338c   0x00000030   Code   RO         4142    .text               C:\Keil_v5\ARM\ARMCC\Bin\..\lib\armlib\c_w.l(defsig_pvfn_inner.o)
    0x000033bc   0x000033bc   0x0000000c   Code   RO         4187    .text               C:\Keil_v5\ARM\ARMCC\Bin\..\lib\armlib\c_w.l(sys_exit.o)
    0x000033c8   0x000033c8   0x00000010   Code   RO         4189    .text               C:\Keil_v5\ARM\ARMCC\Bin\..\lib\armlib\c_w.l(rt_ctype_table.o)
    0x000033d8   0x000033d8   0x0000000a   Code   RO         4196    .text               C:\Keil_v5\ARM\ARMCC\Bin\..\lib\armlib\c_w.l(rt_locale_twolibspace.o)
    0x000033e2   0x000033e2   0x00000004   Code   RO         4210    .text               C:\Keil_v5\ARM\ARMCC\Bin\..\lib\armlib\c_w.l(rt_errno_addr_twolibspace.o)
    0x000033e6   0x000033e6   0x00000002   PAD
    0x000033e8   0x000033e8   0x00000080   Code   RO         4214    .text               C:\Keil_v5\ARM\ARMCC\Bin\..\lib\armlib\c_w.l(_printf_fp_infnan.o)
    0x00003468   0x00003468   0x000000e4   Code   RO         4216    .text               C:\Keil_v5\ARM\ARMCC\Bin\..\lib\armlib\c_w.l(bigflt0.o)
    0x0000354c   0x0000354c   0x00000048   Code   RO         4241    .text               C:\Keil_v5\ARM\ARMCC\Bin\..\lib\armlib\c_w.l(ungetc.o)
    0x00003594   0x00003594   0x00000032   Code   RO         4250    .text               C:\Keil_v5\ARM\ARMCC\Bin\..\lib\armlib\c_w.l(defsig_general.o)
    0x000035c6   0x000035c6   0x00000002   PAD
    0x000035c8   0x000035c8   0x00000034   Code   RO         4256    .text               C:\Keil_v5\ARM\ARMCC\Bin\..\lib\armlib\c_w.l(defsig_rtred_inner.o)
    0x000035fc   0x000035fc   0x00000050   Code   RO         4258    .text               C:\Keil_v5\ARM\ARMCC\Bin\..\lib\armlib\c_w.l(defsig_rtmem_inner.o)
    0x0000364c   0x0000364c   0x0000000e   Code   RO         4296    .text               C:\Keil_v5\ARM\ARMCC\Bin\..\lib\armlib\c_w.l(sys_wrch.o)
    0x0000365a   0x0000365a   0x00000002   Code   RO         4298    .text               C:\Keil_v5\ARM\ARMCC\Bin\..\lib\armlib\c_w.l(use_no_semi.o)
    0x0000365c   0x0000365c   0x00000000   Code   RO         4300    .text               C:\Keil_v5\ARM\ARMCC\Bin\..\lib\armlib\c_w.l(indicate_semi.o)
    0x0000365c   0x0000365c   0x00000016   Code   RO         4305    .text               C:\Keil_v5\ARM\ARMCC\Bin\..\lib\armlib\c_w.l(_rserrno.o)
    0x00003672   0x00003672   0x00000002   PAD
    0x00003674   0x00003674   0x00000320   Code   RO         4307    .text               C:\Keil_v5\ARM\ARMCC\Bin\..\lib\armlib\c_w.l(scanf_hexfp.o)
    0x00003994   0x00003994   0x00000134   Code   RO         4309    .text               C:\Keil_v5\ARM\ARMCC\Bin\..\lib\armlib\c_w.l(scanf_infnan.o)
    0x00003ac8   0x00003ac8   0x00000026   Code   RO         4332    .text               C:\Keil_v5\ARM\ARMCC\Bin\..\lib\armlib\c_w.l(llshl.o)
    0x00003aee   0x00003aee   0x0000003e   Code   RO         4219    CL$$btod_d2e        C:\Keil_v5\ARM\ARMCC\Bin\..\lib\armlib\c_w.l(btod.o)
    0x00003b2c   0x00003b2c   0x00000046   Code   RO         4221    CL$$btod_d2e_denorm_low  C:\Keil_v5\ARM\ARMCC\Bin\..\lib\armlib\c_w.l(btod.o)
    0x00003b72   0x00003b72   0x00000060   Code   RO         4220    CL$$btod_d2e_norm_op1  C:\Keil_v5\ARM\ARMCC\Bin\..\lib\armlib\c_w.l(btod.o)
    0x00003bd2   0x00003bd2   0x00000338   Code   RO         4229    CL$$btod_div_common  C:\Keil_v5\ARM\ARMCC\Bin\..\lib\armlib\c_w.l(btod.o)
    0x00003f0a   0x00003f0a   0x00000002   PAD
    0x00003f0c   0x00003f0c   0x00000084   Code   RO         4227    CL$$btod_e2d        C:\Keil_v5\ARM\ARMCC\Bin\..\lib\armlib\c_w.l(btod.o)
    0x00003f90   0x00003f90   0x000000dc   Code   RO         4226    CL$$btod_e2e        C:\Keil_v5\ARM\ARMCC\Bin\..\lib\armlib\c_w.l(btod.o)
    0x0000406c   0x0000406c   0x0000002a   Code   RO         4223    CL$$btod_ediv       C:\Keil_v5\ARM\ARMCC\Bin\..\lib\armlib\c_w.l(btod.o)
    0x00004096   0x00004096   0x0000002a   Code   RO         4225    CL$$btod_edivd      C:\Keil_v5\ARM\ARMCC\Bin\..\lib\armlib\c_w.l(btod.o)
    0x000040c0   0x000040c0   0x0000002a   Code   RO         4222    CL$$btod_emul       C:\Keil_v5\ARM\ARMCC\Bin\..\lib\armlib\c_w.l(btod.o)
    0x000040ea   0x000040ea   0x0000002a   Code   RO         4224    CL$$btod_emuld      C:\Keil_v5\ARM\ARMCC\Bin\..\lib\armlib\c_w.l(btod.o)
    0x00004114   0x00004114   0x00000244   Code   RO         4228    CL$$btod_mult_common  C:\Keil_v5\ARM\ARMCC\Bin\..\lib\armlib\c_w.l(btod.o)
    0x00004358   0x00004358   0x00000004   Code   RO         2433    SVC_TABLE           .\build\svc_table.o
    0x0000435c   0x0000435c   0x0000000e   Code   RO          261    i.$Sub$$main        mbed/TARGET_LPC1768/TOOLCHAIN_ARM_STD/retarget.o
    0x0000436a   0x0000436a   0x00000006   Code   RO         3081    i.<Func1>           mbed/TARGET_LPC1768/TOOLCHAIN_ARM_STD/mbed.ar(SerialBase.o)
    0x00004370   0x00004370   0x000000a0   Code   RO          528    i.SystemInit        mbed/TARGET_LPC1768/TOOLCHAIN_ARM_STD/system_LPC17xx.o
    0x00004410   0x00004410   0x00000034   Code   RO         2632    i._Z10configModev   .\build\main.o
    0x00004444   0x00004444   0x00000002   Code   RO         2633    i._Z13allowNodeJoinv  .\build\main.o
    0x00004446   0x00004446   0x00000002   PAD
    0x00004448   0x00004448   0x000000cc   Code   RO         2634    i._Z14readConfigFilePcS_  .\build\main.o
    0x00004514   0x00004514   0x00000024   Code   RO         2635    i._Z8readXbeePci    .\build\main.o
    0x00004538   0x00004538   0x00000020   Code   RO         2636    i._Z8setPANIdv      .\build\main.o
    0x00004558   0x00004558   0x00000088   Code   RO         2702    i._ZN4mbed10DigitalOut5writeEi  .\build\main.o
    0x000045e0   0x000045e0   0x00000012   Code   RO         2693    i._ZN4mbed10DigitalOutaSEi  .\build\main.o
    0x000045f2   0x000045f2   0x00000052   Code   RO          401    i._ZN4mbed10FileHandle4flenEv  mbed/TARGET_LPC1768/TOOLCHAIN_ARM_STD/retarget.o
    0x00004644   0x00004644   0x00000002   Code   RO          405    i._ZN4mbed10FileHandle4lockEv  mbed/TARGET_LPC1768/TOOLCHAIN_ARM_STD/retarget.o
    0x00004646   0x00004646   0x00000002   Code   RO          408    i._ZN4mbed10FileHandle6unlockEv  mbed/TARGET_LPC1768/TOOLCHAIN_ARM_STD/retarget.o
    0x00004648   0x00004648   0x00000074   Code   RO          263    i._ZN4mbed10FileHandleD2Ev  mbed/TARGET_LPC1768/TOOLCHAIN_ARM_STD/retarget.o
    0x000046bc   0x000046bc   0x00000006   Code   RO         3082    i._ZN4mbed10SerialBase10_base_getcEv  mbed/TARGET_LPC1768/TOOLCHAIN_ARM_STD/mbed.ar(SerialBase.o)
    0x000046c2   0x000046c2   0x0000000e   Code   RO         3083    i._ZN4mbed10SerialBase10_base_putcEi  mbed/TARGET_LPC1768/TOOLCHAIN_ARM_STD/mbed.ar(SerialBase.o)
    0x000046d0   0x000046d0   0x00000030   Code   RO         3085    i._ZN4mbed10SerialBase12_irq_handlerEj9SerialIrq  mbed/TARGET_LPC1768/TOOLCHAIN_ARM_STD/mbed.ar(SerialBase.o)
    0x00004700   0x00004700   0x00000002   Code   RO         3088    i._ZN4mbed10SerialBase4lockEv  mbed/TARGET_LPC1768/TOOLCHAIN_ARM_STD/mbed.ar(SerialBase.o)
    0x00004702   0x00004702   0x00000002   Code   RO         3091    i._ZN4mbed10SerialBase6unlockEv  mbed/TARGET_LPC1768/TOOLCHAIN_ARM_STD/mbed.ar(SerialBase.o)
    0x00004704   0x00004704   0x00000020   Code   RO         3092    i._ZN4mbed10SerialBase8readableEv  mbed/TARGET_LPC1768/TOOLCHAIN_ARM_STD/mbed.ar(SerialBase.o)
    0x00004724   0x00004724   0x00000088   Code   RO         3094    i._ZN4mbed10SerialBaseC1E7PinNameS1_i  mbed/TARGET_LPC1768/TOOLCHAIN_ARM_STD/mbed.ar(SerialBase.o)
    0x000047ac   0x000047ac   0x00000006   Code   RO          264    i._ZN4mbed26mbed_set_unbuffered_streamEPSt6__FILE  mbed/TARGET_LPC1768/TOOLCHAIN_ARM_STD/retarget.o
    0x000047b2   0x000047b2   0x00000002   Code   RO         3019    i._ZN4mbed6Serial4lockEv  mbed/TARGET_LPC1768/TOOLCHAIN_ARM_STD/mbed.ar(Serial.o)
    0x000047b4   0x000047b4   0x00000002   Code   RO         3022    i._ZN4mbed6Serial6unlockEv  mbed/TARGET_LPC1768/TOOLCHAIN_ARM_STD/mbed.ar(Serial.o)
    0x000047b6   0x000047b6   0x00000002   PAD
    0x000047b8   0x000047b8   0x00000028   Code   RO         3023    i._ZN4mbed6SerialC1E7PinNameS1_PKci  mbed/TARGET_LPC1768/TOOLCHAIN_ARM_STD/mbed.ar(Serial.o)
    0x000047e0   0x000047e0   0x0000003c   Code   RO         3055    i._ZN4mbed6SerialD1Ev  mbed/TARGET_LPC1768/TOOLCHAIN_ARM_STD/mbed.ar(Serial.o)
    0x0000481c   0x0000481c   0x00000004   Code   RO         3161    i._ZN4mbed6Stream4flenEv  mbed/TARGET_LPC1768/TOOLCHAIN_ARM_STD/mbed.ar(Stream.o)
    0x00004820   0x00004820   0x00000026   Code   RO         3162    i._ZN4mbed6Stream4getcEv  mbed/TARGET_LPC1768/TOOLCHAIN_ARM_STD/mbed.ar(Stream.o)
    0x00004846   0x00004846   0x0000003c   Code   RO         3166    i._ZN4mbed6Stream4readEPvj  mbed/TARGET_LPC1768/TOOLCHAIN_ARM_STD/mbed.ar(Stream.o)
    0x00004882   0x00004882   0x00000004   Code   RO         3167    i._ZN4mbed6Stream5closeEv  mbed/TARGET_LPC1768/TOOLCHAIN_ARM_STD/mbed.ar(Stream.o)
    0x00004886   0x00004886   0x00000004   Code   RO         3169    i._ZN4mbed6Stream5lseekEli  mbed/TARGET_LPC1768/TOOLCHAIN_ARM_STD/mbed.ar(Stream.o)
    0x0000488a   0x0000488a   0x00000032   Code   RO         3170    i._ZN4mbed6Stream5scanfEPKcz  mbed/TARGET_LPC1768/TOOLCHAIN_ARM_STD/mbed.ar(Stream.o)
    0x000048bc   0x000048bc   0x0000003c   Code   RO         3171    i._ZN4mbed6Stream5writeEPKvj  mbed/TARGET_LPC1768/TOOLCHAIN_ARM_STD/mbed.ar(Stream.o)
    0x000048f8   0x000048f8   0x00000004   Code   RO         3172    i._ZN4mbed6Stream6isattyEv  mbed/TARGET_LPC1768/TOOLCHAIN_ARM_STD/mbed.ar(Stream.o)
    0x000048fc   0x000048fc   0x00000032   Code   RO         3173    i._ZN4mbed6Stream6printfEPKcz  mbed/TARGET_LPC1768/TOOLCHAIN_ARM_STD/mbed.ar(Stream.o)
    0x0000492e   0x0000492e   0x00000002   PAD
    0x00004930   0x00004930   0x00000040   Code   RO         3176    i._ZN4mbed6StreamC2EPKc  mbed/TARGET_LPC1768/TOOLCHAIN_ARM_STD/mbed.ar(Stream.o)
    0x00004970   0x00004970   0x00000020   Code   RO         3178    i._ZN4mbed6StreamD2Ev  mbed/TARGET_LPC1768/TOOLCHAIN_ARM_STD/mbed.ar(Stream.o)
    0x00004990   0x00004990   0x00000004   Code   RO         3442    i._ZN4mbed8FileBase11getPathTypeEv  mbed/TARGET_LPC1768/TOOLCHAIN_ARM_STD/mbed.ar(FileBase.o)
    0x00004994   0x00004994   0x0000006c   Code   RO         3444    i._ZN4mbed8FileBase6lookupEPKcj  mbed/TARGET_LPC1768/TOOLCHAIN_ARM_STD/mbed.ar(FileBase.o)
    0x00004a00   0x00004a00   0x00000040   Code   RO         3446    i._ZN4mbed8FileBaseC1EPKcNS_8PathTypeE  mbed/TARGET_LPC1768/TOOLCHAIN_ARM_STD/mbed.ar(FileBase.o)
    0x00004a40   0x00004a40   0x00000048   Code   RO         3448    i._ZN4mbed8FileBaseD1Ev  mbed/TARGET_LPC1768/TOOLCHAIN_ARM_STD/mbed.ar(FileBase.o)
    0x00004a88   0x00004a88   0x00000024   Code   RO         3417    i._ZN4mbed8FileLikeC2EPKc  mbed/TARGET_LPC1768/TOOLCHAIN_ARM_STD/mbed.ar(FileLike.o)
    0x00004aac   0x00004aac   0x00000012   Code   RO         3419    i._ZN4mbed8FileLikeD2Ev  mbed/TARGET_LPC1768/TOOLCHAIN_ARM_STD/mbed.ar(FileLike.o)
    0x00004abe   0x00004abe   0x00000018   Code   RO         2920    i._ZN4mbed8FilePath10fileSystemEv  mbed/TARGET_LPC1768/TOOLCHAIN_ARM_STD/mbed.ar(FilePath.o)
    0x00004ad6   0x00004ad6   0x0000001c   Code   RO         2922    i._ZN4mbed8FilePath4fileEv  mbed/TARGET_LPC1768/TOOLCHAIN_ARM_STD/mbed.ar(FilePath.o)
    0x00004af2   0x00004af2   0x0000000a   Code   RO         2923    i._ZN4mbed8FilePath6existsEv  mbed/TARGET_LPC1768/TOOLCHAIN_ARM_STD/mbed.ar(FilePath.o)
    0x00004afc   0x00004afc   0x00000018   Code   RO         2924    i._ZN4mbed8FilePath6isFileEv  mbed/TARGET_LPC1768/TOOLCHAIN_ARM_STD/mbed.ar(FilePath.o)
    0x00004b14   0x00004b14   0x00000004   Code   RO         2925    i._ZN4mbed8FilePath8fileNameEv  mbed/TARGET_LPC1768/TOOLCHAIN_ARM_STD/mbed.ar(FilePath.o)
    0x00004b18   0x00004b18   0x00000040   Code   RO         2926    i._ZN4mbed8FilePathC1EPKc  mbed/TARGET_LPC1768/TOOLCHAIN_ARM_STD/mbed.ar(FilePath.o)
    0x00004b58   0x00004b58   0x00000002   Code   RO         3095    i._ZN4mbed9donothingEv  mbed/TARGET_LPC1768/TOOLCHAIN_ARM_STD/mbed.ar(SerialBase.o)
    0x00004b5a   0x00004b5a   0x00000004   Code   RO          265    i._ZN4mbed9mbed_getcEPSt6__FILE  mbed/TARGET_LPC1768/TOOLCHAIN_ARM_STD/retarget.o
    0x00004b5e   0x00004b5e   0x00000002   Code   RO         3025    i._ZThn48_N4mbed6Serial4lockEv  mbed/TARGET_LPC1768/TOOLCHAIN_ARM_STD/mbed.ar(Serial.o)
    0x00004b60   0x00004b60   0x00000006   Code   RO         3026    i._ZThn48_N4mbed6Serial5_getcEv  mbed/TARGET_LPC1768/TOOLCHAIN_ARM_STD/mbed.ar(Serial.o)
    0x00004b66   0x00004b66   0x00000006   Code   RO         3027    i._ZThn48_N4mbed6Serial5_putcEi  mbed/TARGET_LPC1768/TOOLCHAIN_ARM_STD/mbed.ar(Serial.o)
    0x00004b6c   0x00004b6c   0x00000002   Code   RO         3028    i._ZThn48_N4mbed6Serial6unlockEv  mbed/TARGET_LPC1768/TOOLCHAIN_ARM_STD/mbed.ar(Serial.o)
    0x00004b6e   0x00004b6e   0x00000028   Code   RO         4288    i.__ARM_fpclassify  C:\Keil_v5\ARM\ARMCC\Bin\..\lib\armlib\m_ws.l(fpclassify.o)
    0x00004b96   0x00004b96   0x00000002   PAD
    0x00004b98   0x00004b98   0x00000034   Code   RO           80    i.__NVIC_SetVector  mbed/TARGET_LPC1768/TOOLCHAIN_ARM_STD/cmsis_nvic.o
    0x00004bcc   0x00004bcc   0x00000004   Code   RO          271    i.__aeabi_atexit    mbed/TARGET_LPC1768/TOOLCHAIN_ARM_STD/retarget.o
    0x00004bd0   0x00004bd0   0x00000024   Code   RO         3801    i.__aeabi_vec_ctor_nocookie_nodtor  C:\Keil_v5\ARM\ARMCC\Bin\..\lib\cpplib\cpprt_w.l(aeabi_vec_ctor_nocookie_nodtor.o)
    0x00004bf4   0x00004bf4   0x00000006   Code   RO         3692    i.__cxa_pure_virtual  C:\Keil_v5\ARM\ARMCC\Bin\..\lib\cpplib\cpprt_w.l(pure_virt.o)
    0x00004bfa   0x00004bfa   0x00000006   Code   RO          686    i.__get_CONTROL     .\build\rt_cmsis.o
    0x00004c00   0x00004c00   0x00000006   Code   RO          687    i.__get_IPSR        .\build\rt_cmsis.o
    0x00004c06   0x00004c06   0x00000006   Code   RO          688    i.__get_PRIMASK     .\build\rt_cmsis.o
    0x00004c0c   0x00004c0c   0x0000000e   Code   RO         4364    i.__mathlib_dbl_overflow  C:\Keil_v5\ARM\ARMCC\Bin\..\lib\armlib\m_ws.l(dunder.o)
    0x00004c1a   0x00004c1a   0x00000002   PAD
    0x00004c1c   0x00004c1c   0x00000010   Code   RO         4366    i.__mathlib_dbl_underflow  C:\Keil_v5\ARM\ARMCC\Bin\..\lib\armlib\m_ws.l(dunder.o)
    0x00004c2c   0x00004c2c   0x00000010   Code   RO         4290    i.__mathlib_narrow  C:\Keil_v5\ARM\ARMCC\Bin\..\lib\armlib\m_ws.l(narrow.o)
    0x00004c3c   0x00004c3c   0x000000bc   Code   RO         4291    i.__mathlib_tofloat  C:\Keil_v5\ARM\ARMCC\Bin\..\lib\armlib\m_ws.l(narrow.o)
    0x00004cf8   0x00004cf8   0x00000070   Code   RO         2637    i.__sti___8_main_cpp_xbee  .\build\main.o
    0x00004d68   0x00004d68   0x00000016   Code   RO         4347    i.__support_ldexp   C:\Keil_v5\ARM\ARMCC\Bin\..\lib\armlib\m_ws.l(ldexp.o)
    0x00004d7e   0x00004d7e   0x00000002   PAD
    0x00004d80   0x00004d80   0x0000002c   Code   RO         2310    i.__user_perthread_libspace  .\build\rtx_conf_cm.o
    0x00004dac   0x00004dac   0x00000010   Code   RO          521    i.__user_setup_stackheap  mbed/TARGET_LPC1768/TOOLCHAIN_ARM_STD/sys.o
    0x00004dbc   0x00004dbc   0x00000058   Code   RO         1524    i._init_box         .\build\rt_membox.o
    0x00004e14   0x00004e14   0x0000000e   Code   RO         3602    i._is_digit         C:\Keil_v5\ARM\ARMCC\Bin\..\lib\armlib\c_w.l(__printf_wp.o)
    0x00004e22   0x00004e22   0x00000002   PAD
    0x00004e24   0x00004e24   0x00000020   Code   RO         2311    i._mutex_acquire    .\build\rtx_conf_cm.o
    0x00004e44   0x00004e44   0x0000004c   Code   RO         2312    i._mutex_initialize  .\build\rtx_conf_cm.o
    0x00004e90   0x00004e90   0x0000001c   Code   RO         2313    i._mutex_release    .\build\rtx_conf_cm.o
    0x00004eac   0x00004eac   0x00000008   Code   RO          274    i._platform_post_stackheap_init  mbed/TARGET_LPC1768/TOOLCHAIN_ARM_STD/retarget.o
    0x00004eb4   0x00004eb4   0x0000002c   Code   RO          275    i._sys_close        mbed/TARGET_LPC1768/TOOLCHAIN_ARM_STD/retarget.o
    0x00004ee0   0x00004ee0   0x00000028   Code   RO          278    i._sys_flen         mbed/TARGET_LPC1768/TOOLCHAIN_ARM_STD/retarget.o
    0x00004f08   0x00004f08   0x00000028   Code   RO          279    i._sys_istty        mbed/TARGET_LPC1768/TOOLCHAIN_ARM_STD/retarget.o
    0x00004f30   0x00004f30   0x000001e4   Code   RO          280    i._sys_open         mbed/TARGET_LPC1768/TOOLCHAIN_ARM_STD/retarget.o
    0x00005114   0x00005114   0x00000060   Code   RO          281    i._sys_read         mbed/TARGET_LPC1768/TOOLCHAIN_ARM_STD/retarget.o
    0x00005174   0x00005174   0x00000028   Code   RO          282    i._sys_seek         mbed/TARGET_LPC1768/TOOLCHAIN_ARM_STD/retarget.o
    0x0000519c   0x0000519c   0x0000006c   Code   RO          283    i._sys_write        mbed/TARGET_LPC1768/TOOLCHAIN_ARM_STD/retarget.o
    0x00005208   0x00005208   0x0000008c   Code   RO         3318    i.core_util_critical_section_enter  mbed/TARGET_LPC1768/TOOLCHAIN_ARM_STD/mbed.ar(mbed_critical.o)
    0x00005294   0x00005294   0x00000058   Code   RO         3319    i.core_util_critical_section_exit  mbed/TARGET_LPC1768/TOOLCHAIN_ARM_STD/mbed.ar(mbed_critical.o)
    0x000052ec   0x000052ec   0x00000002   Code   RO         1907    i.default_idle_hook  .\build\rtos_idle.o
    0x000052ee   0x000052ee   0x00000012   Code   RO         3297    i.error             mbed/TARGET_LPC1768/TOOLCHAIN_ARM_STD/mbed.ar(mbed_error.o)
    0x00005300   0x00005300   0x0000002c   Code   RO          285    i.exit              mbed/TARGET_LPC1768/TOOLCHAIN_ARM_STD/retarget.o
    0x0000532c   0x0000532c   0x00000018   Code   RO         3623    i.fgetc             C:\Keil_v5\ARM\ARMCC\Bin\..\lib\armlib\c_w.l(fgetc.o)
    0x00005344   0x00005344   0x0000001a   Code   RO         3629    i.fputc             C:\Keil_v5\ARM\ARMCC\Bin\..\lib\armlib\c_w.l(fputc.o)
    0x0000535e   0x0000535e   0x00000002   PAD
    0x00005360   0x00005360   0x00000058   Code   RO         4329    i.frexp             C:\Keil_v5\ARM\ARMCC\Bin\..\lib\armlib\m_ws.l(frexp.o)
    0x000053b8   0x000053b8   0x00000054   Code   RO          118    i.gpio_dir          mbed/TARGET_LPC1768/TOOLCHAIN_ARM_STD/gpio_api.o
    0x0000540c   0x0000540c   0x0000003a   Code   RO          119    i.gpio_init         mbed/TARGET_LPC1768/TOOLCHAIN_ARM_STD/gpio_api.o
    0x00005446   0x00005446   0x00000028   Code   RO         3241    i.gpio_init_in      mbed/TARGET_LPC1768/TOOLCHAIN_ARM_STD/mbed.ar(mbed_gpio.o)
    0x0000546e   0x0000546e   0x00000002   PAD
    0x00005470   0x00005470   0x00000048   Code   RO         3244    i.gpio_init_out     mbed/TARGET_LPC1768/TOOLCHAIN_ARM_STD/mbed.ar(mbed_gpio.o)
    0x000054b8   0x000054b8   0x00000068   Code   RO         3245    i.gpio_init_out_ex  mbed/TARGET_LPC1768/TOOLCHAIN_ARM_STD/mbed.ar(mbed_gpio.o)
    0x00005520   0x00005520   0x00000006   Code   RO          120    i.gpio_mode         mbed/TARGET_LPC1768/TOOLCHAIN_ARM_STD/gpio_api.o
    0x00005526   0x00005526   0x00000048   Code   RO          693    i.isrMessageGet     .\build\rt_cmsis.o
    0x0000556e   0x0000556e   0x00000032   Code   RO          694    i.isrMessagePut     .\build\rt_cmsis.o
    0x000055a0   0x000055a0   0x0000005e   Code   RO         1475    i.isr_mbx_receive   .\build\rt_mailbox.o
    0x000055fe   0x000055fe   0x00000016   Code   RO         1476    i.isr_mbx_send      .\build\rt_mailbox.o
    0x00005614   0x00005614   0x00000074   Code   RO         4348    i.ldexp             C:\Keil_v5\ARM\ARMCC\Bin\..\lib\armlib\m_ws.l(ldexp.o)
    0x00005688   0x00005688   0x000000c0   Code   RO         2638    i.main              .\build\main.o
    0x00005748   0x00005748   0x00000054   Code   RO         3289    i.mbed_assert_internal  mbed/TARGET_LPC1768/TOOLCHAIN_ARM_STD/mbed.ar(mbed_assert.o)
    0x0000579c   0x0000579c   0x00000120   Code   RO          190    i.mbed_die          mbed/TARGET_LPC1768/TOOLCHAIN_ARM_STD/mbed_board.o
    0x000058bc   0x000058bc   0x00000058   Code   RO          191    i.mbed_error_printf  mbed/TARGET_LPC1768/TOOLCHAIN_ARM_STD/mbed_board.o
    0x00005914   0x00005914   0x00000050   Code   RO          192    i.mbed_error_vfprintf  mbed/TARGET_LPC1768/TOOLCHAIN_ARM_STD/mbed_board.o
    0x00005964   0x00005964   0x00000004   Code   RO         3343    i.mbed_interface_connected  mbed/TARGET_LPC1768/TOOLCHAIN_ARM_STD/mbed.ar(mbed_interface.o)
    0x00005968   0x00005968   0x00000002   Code   RO          286    i.mbed_main         mbed/TARGET_LPC1768/TOOLCHAIN_ARM_STD/retarget.o
    0x0000596a   0x0000596a   0x00000002   Code   RO          287    i.mbed_sdk_init     mbed/TARGET_LPC1768/TOOLCHAIN_ARM_STD/retarget.o
    0x0000596c   0x0000596c   0x00000034   Code   RO          698    i.osKernelInitialize  .\build\rt_cmsis.o
    0x000059a0   0x000059a0   0x00000034   Code   RO          699    i.osKernelRunning   .\build\rt_cmsis.o
    0x000059d4   0x000059d4   0x000000f4   Code   RO          700    i.osKernelStart     .\build\rt_cmsis.o
    0x00005ac8   0x00005ac8   0x00000040   Code   RO          709    i.osMessageGet      .\build\rt_cmsis.o
    0x00005b08   0x00005b08   0x00000044   Code   RO          711    i.osMutexCreate     .\build\rt_cmsis.o
    0x00005b4c   0x00005b4c   0x00000028   Code   RO          713    i.osMutexRelease    .\build\rt_cmsis.o
    0x00005b74   0x00005b74   0x0000002c   Code   RO          714    i.osMutexWait       .\build\rt_cmsis.o
    0x00005ba0   0x00005ba0   0x0000006c   Code   RO          726    i.osThreadContextCreate  .\build\rt_cmsis.o
    0x00005c0c   0x00005c0c   0x00000012   Code   RO          727    i.osThreadCreate    .\build\rt_cmsis.o
    0x00005c1e   0x00005c1e   0x00000002   PAD
    0x00005c20   0x00005c20   0x00000038   Code   RO          728    i.osThreadExit      .\build\rt_cmsis.o
    0x00005c58   0x00005c58   0x00000020   Code   RO          735    i.osTimerCall       .\build\rt_cmsis.o
    0x00005c78   0x00005c78   0x00000038   Code   RO          740    i.osTimerThread     .\build\rt_cmsis.o
    0x00005cb0   0x00005cb0   0x00000044   Code   RO         2314    i.os_error          .\build\rtx_conf_cm.o
    0x00005cf4   0x00005cf4   0x00000008   Code   RO         2315    i.os_idle_demon     .\build\rtx_conf_cm.o
    0x00005cfc   0x00005cfc   0x00000030   Code   RO         1689    i.os_tick_init      .\build\rt_system.o
    0x00005d2c   0x00005d2c   0x00000002   Code   RO         1690    i.os_tick_irqack    .\build\rt_system.o
    0x00005d2e   0x00005d2e   0x00000002   PAD
    0x00005d30   0x00005d30   0x0000005c   Code   RO          203    i.pin_function      mbed/TARGET_LPC1768/TOOLCHAIN_ARM_STD/pinmap.o
    0x00005d8c   0x00005d8c   0x00000090   Code   RO          204    i.pin_mode          mbed/TARGET_LPC1768/TOOLCHAIN_ARM_STD/pinmap.o
    0x00005e1c   0x00005e1c   0x00000022   Code   RO         3259    i.pinmap_find_peripheral  mbed/TARGET_LPC1768/TOOLCHAIN_ARM_STD/mbed.ar(mbed_pinmap_common.o)
    0x00005e3e   0x00005e3e   0x00000002   PAD
    0x00005e40   0x00005e40   0x0000003c   Code   RO         3261    i.pinmap_merge      mbed/TARGET_LPC1768/TOOLCHAIN_ARM_STD/mbed.ar(mbed_pinmap_common.o)
    0x00005e7c   0x00005e7c   0x0000005c   Code   RO         3262    i.pinmap_peripheral  mbed/TARGET_LPC1768/TOOLCHAIN_ARM_STD/mbed.ar(mbed_pinmap_common.o)
    0x00005ed8   0x00005ed8   0x00000058   Code   RO         3263    i.pinmap_pinout     mbed/TARGET_LPC1768/TOOLCHAIN_ARM_STD/mbed.ar(mbed_pinmap_common.o)
    0x00005f30   0x00005f30   0x00000024   Code   RO         2316    i.pre_main          .\build\rtx_conf_cm.o
    0x00005f54   0x00005f54   0x0000001e   Code   RO         1525    i.rt_alloc_box      .\build\rt_membox.o
    0x00005f72   0x00005f72   0x00000002   PAD
    0x00005f74   0x00005f74   0x00000038   Code   RO         1781    i.rt_block          .\build\rt_task.o
    0x00005fac   0x00005fac   0x00000058   Code   RO         1625    i.rt_chk_robin      .\build\rt_robin.o
    0x00006004   0x00006004   0x00000090   Code   RO         1399    i.rt_dec_dly        .\build\rt_list.o
    0x00006094   0x00006094   0x00000050   Code   RO         1782    i.rt_dispatch       .\build\rt_task.o
    0x000060e4   0x000060e4   0x0000005c   Code   RO         1360    i.rt_evt_psh        .\build\rt_event.o
    0x00006140   0x00006140   0x0000003e   Code   RO         1526    i.rt_free_box       .\build\rt_membox.o
    0x0000617e   0x0000617e   0x00000002   PAD
    0x00006180   0x00006180   0x00000028   Code   RO         1783    i.rt_get_TID        .\build\rt_task.o
    0x000061a8   0x000061a8   0x00000032   Code   RO         1400    i.rt_get_first      .\build\rt_list.o
    0x000061da   0x000061da   0x00000010   Code   RO          745    i.rt_id2obj         .\build\rt_cmsis.o
    0x000061ea   0x000061ea   0x00000002   PAD
    0x000061ec   0x000061ec   0x00000048   Code   RO         1784    i.rt_init_context   .\build\rt_task.o
    0x00006234   0x00006234   0x00000018   Code   RO         1626    i.rt_init_robin     .\build\rt_robin.o
    0x0000624c   0x0000624c   0x00000094   Code   RO          552    i.rt_init_stack     .\build\hal_cm.o
    0x000062e0   0x000062e0   0x0000000c   Code   RO         1477    i.rt_mbx_check      .\build\rt_mailbox.o
    0x000062ec   0x000062ec   0x00000022   Code   RO         1478    i.rt_mbx_init       .\build\rt_mailbox.o
    0x0000630e   0x0000630e   0x00000002   PAD
    0x00006310   0x00006310   0x00000120   Code   RO         1479    i.rt_mbx_psh        .\build\rt_mailbox.o
    0x00006430   0x00006430   0x000000d8   Code   RO         1481    i.rt_mbx_wait       .\build\rt_mailbox.o
    0x00006508   0x00006508   0x0000004c   Code   RO          746    i.rt_ms2tick        .\build\rt_cmsis.o
    0x00006554   0x00006554   0x00000012   Code   RO         1578    i.rt_mut_init       .\build\rt_mutex.o
    0x00006566   0x00006566   0x00000002   PAD
    0x00006568   0x00006568   0x0000011c   Code   RO         1579    i.rt_mut_release    .\build\rt_mutex.o
    0x00006684   0x00006684   0x00000090   Code   RO         1580    i.rt_mut_wait       .\build\rt_mutex.o
    0x00006714   0x00006714   0x000000a8   Code   RO         1693    i.rt_pop_req        .\build\rt_system.o
    0x000067bc   0x000067bc   0x00000024   Code   RO         1694    i.rt_psh_req        .\build\rt_system.o
    0x000067e0   0x000067e0   0x0000007c   Code   RO         1402    i.rt_psq_enq        .\build\rt_list.o
    0x0000685c   0x0000685c   0x0000005c   Code   RO         1403    i.rt_put_dly        .\build\rt_list.o
    0x000068b8   0x000068b8   0x00000040   Code   RO         1404    i.rt_put_prio       .\build\rt_list.o
    0x000068f8   0x000068f8   0x00000014   Code   RO         1405    i.rt_put_rdy_first  .\build\rt_list.o
    0x0000690c   0x0000690c   0x00000034   Code   RO         1406    i.rt_resort_prio    .\build\rt_list.o
    0x00006940   0x00006940   0x0000000c   Code   RO          553    i.rt_ret_val        .\build\hal_cm.o
    0x0000694c   0x0000694c   0x00000010   Code   RO          554    i.rt_ret_val2       .\build\hal_cm.o
    0x0000695c   0x0000695c   0x00000028   Code   RO         1407    i.rt_rmv_dly        .\build\rt_list.o
    0x00006984   0x00006984   0x00000034   Code   RO         1408    i.rt_rmv_list       .\build\rt_list.o
    0x000069b8   0x000069b8   0x00000038   Code   RO         1649    i.rt_sem_psh        .\build\rt_semaphore.o
    0x000069f0   0x000069f0   0x0000003c   Code   RO         1696    i.rt_stk_check      .\build\rt_system.o
    0x00006a2c   0x00006a2c   0x00000030   Code   RO         1785    i.rt_switch_req     .\build\rt_task.o
    0x00006a5c   0x00006a5c   0x000000d8   Code   RO         1786    i.rt_sys_init       .\build\rt_task.o
    0x00006b34   0x00006b34   0x00000094   Code   RO         1787    i.rt_sys_start      .\build\rt_task.o
    0x00006bc8   0x00006bc8   0x00000044   Code   RO         1698    i.rt_systick        .\build\rt_system.o
    0x00006c0c   0x00006c0c   0x00000020   Code   RO          747    i.rt_tid2ptcb       .\build\rt_cmsis.o
    0x00006c2c   0x00006c2c   0x00000040   Code   RO          748    i.rt_timer_insert   .\build\rt_cmsis.o
    0x00006c6c   0x00006c6c   0x00000060   Code   RO         1788    i.rt_tsk_create     .\build\rt_task.o
    0x00006ccc   0x00006ccc   0x00000194   Code   RO         1789    i.rt_tsk_delete     .\build\rt_task.o
    0x00006e60   0x00006e60   0x0000009c   Code   RO         1791    i.rt_tsk_prio       .\build\rt_task.o
    0x00006efc   0x00006efc   0x00000018   Code   RO         1792    i.rt_tsk_self       .\build\rt_task.o
    0x00006f14   0x00006f14   0x00000010   Code   RO         1909    i.rtos_idle_loop    .\build\rtos_idle.o
    0x00006f24   0x00006f24   0x00000010   Code   RO         3366    i.semihost_connected  mbed/TARGET_LPC1768/TOOLCHAIN_ARM_STD/mbed.ar(mbed_semihost_api.o)
    0x00006f34   0x00006f34   0x0000000c   Code   RO         3369    i.semihost_exit     mbed/TARGET_LPC1768/TOOLCHAIN_ARM_STD/mbed.ar(mbed_semihost_api.o)
    0x00006f40   0x00006f40   0x000001c4   Code   RO          432    i.serial_baud       mbed/TARGET_LPC1768/TOOLCHAIN_ARM_STD/serial_api.o
    0x00007104   0x00007104   0x00000038   Code   RO          438    i.serial_getc       mbed/TARGET_LPC1768/TOOLCHAIN_ARM_STD/serial_api.o
    0x0000713c   0x0000713c   0x00000180   Code   RO          439    i.serial_init       mbed/TARGET_LPC1768/TOOLCHAIN_ARM_STD/serial_api.o
    0x000072bc   0x000072bc   0x0000001c   Code   RO          440    i.serial_irq_handler  mbed/TARGET_LPC1768/TOOLCHAIN_ARM_STD/serial_api.o
    0x000072d8   0x000072d8   0x000000d4   Code   RO          442    i.serial_irq_set_internal  mbed/TARGET_LPC1768/TOOLCHAIN_ARM_STD/serial_api.o
    0x000073ac   0x000073ac   0x00000068   Code   RO          444    i.serial_putc       mbed/TARGET_LPC1768/TOOLCHAIN_ARM_STD/serial_api.o
    0x00007414   0x00007414   0x0000000a   Code   RO          445    i.serial_readable   mbed/TARGET_LPC1768/TOOLCHAIN_ARM_STD/serial_api.o
    0x0000741e   0x0000741e   0x00000002   PAD
    0x00007420   0x00007420   0x0000010c   Code   RO          446    i.serial_set_flow_control  mbed/TARGET_LPC1768/TOOLCHAIN_ARM_STD/serial_api.o
    0x0000752c   0x0000752c   0x0000001c   Code   RO         2317    i.set_main_stack    .\build\rtx_conf_cm.o
    0x00007548   0x00007548   0x00000078   Code   RO          751    i.svcKernelInitialize  .\build\rt_cmsis.o
    0x000075c0   0x000075c0   0x0000000c   Code   RO          752    i.svcKernelRunning  .\build\rt_cmsis.o
    0x000075cc   0x000075cc   0x00000060   Code   RO          753    i.svcKernelStart    .\build\rt_cmsis.o
    0x0000762c   0x0000762c   0x0000003c   Code   RO          756    i.svcMessageCreate  .\build\rt_cmsis.o
    0x00007668   0x00007668   0x00000056   Code   RO          757    i.svcMessageGet     .\build\rt_cmsis.o
    0x000076be   0x000076be   0x00000036   Code   RO          759    i.svcMutexCreate    .\build\rt_cmsis.o
    0x000076f4   0x000076f4   0x00000030   Code   RO          761    i.svcMutexRelease   .\build\rt_cmsis.o
    0x00007724   0x00007724   0x00000046   Code   RO          762    i.svcMutexWait      .\build\rt_cmsis.o
    0x0000776a   0x0000776a   0x00000002   PAD
    0x0000776c   0x0000776c   0x000000a0   Code   RO          771    i.svcThreadCreate   .\build\rt_cmsis.o
    0x0000780c   0x0000780c   0x0000001c   Code   RO          772    i.svcThreadGetId    .\build\rt_cmsis.o
    0x00007828   0x00007828   0x00000044   Code   RO          776    i.svcThreadTerminate  .\build\rt_cmsis.o
    0x0000786c   0x0000786c   0x0000002a   Code   RO          778    i.svcTimerCall      .\build\rt_cmsis.o
    0x00007896   0x00007896   0x00000002   Code   RO          787    i.sysThreadError    .\build\rt_cmsis.o
    0x00007898   0x00007898   0x0000000c   Code   RO         2319    i.sysThreadTerminate  .\build\rtx_conf_cm.o
    0x000078a4   0x000078a4   0x00000058   Code   RO          788    i.sysTimerTick      .\build\rt_cmsis.o
    0x000078fc   0x000078fc   0x00000018   Code   RO         2462    i.thread_terminate_hook  .\build\thread.o
    0x00007914   0x00007914   0x0000004e   Code   RO         3479    i.ticker_irq_handler  mbed/TARGET_LPC1768/TOOLCHAIN_ARM_STD/mbed.ar(mbed_ticker_api.o)
    0x00007962   0x00007962   0x00000002   PAD
    0x00007964   0x00007964   0x00000014   Code   RO          448    i.uart0_irq         mbed/TARGET_LPC1768/TOOLCHAIN_ARM_STD/serial_api.o
    0x00007978   0x00007978   0x00000014   Code   RO          449    i.uart1_irq         mbed/TARGET_LPC1768/TOOLCHAIN_ARM_STD/serial_api.o
    0x0000798c   0x0000798c   0x00000014   Code   RO          450    i.uart2_irq         mbed/TARGET_LPC1768/TOOLCHAIN_ARM_STD/serial_api.o
    0x000079a0   0x000079a0   0x00000014   Code   RO          451    i.uart3_irq         mbed/TARGET_LPC1768/TOOLCHAIN_ARM_STD/serial_api.o
    0x000079b4   0x000079b4   0x00000068   Code   RO          452    i.uart_irq          mbed/TARGET_LPC1768/TOOLCHAIN_ARM_STD/serial_api.o
    0x00007a1c   0x00007a1c   0x0000000c   Code   RO          538    i.us_ticker_clear_interrupt  mbed/TARGET_LPC1768/TOOLCHAIN_ARM_STD/us_ticker.o
    0x00007a28   0x00007a28   0x00000010   Code   RO          539    i.us_ticker_disable_interrupt  mbed/TARGET_LPC1768/TOOLCHAIN_ARM_STD/us_ticker.o
    0x00007a38   0x00007a38   0x00000064   Code   RO          540    i.us_ticker_init    mbed/TARGET_LPC1768/TOOLCHAIN_ARM_STD/us_ticker.o
    0x00007a9c   0x00007a9c   0x0000000c   Code   RO         3277    i.us_ticker_irq_handler  mbed/TARGET_LPC1768/TOOLCHAIN_ARM_STD/mbed.ar(mbed_us_ticker_api.o)
    0x00007aa8   0x00007aa8   0x00000064   Code   RO          541    i.us_ticker_read    mbed/TARGET_LPC1768/TOOLCHAIN_ARM_STD/us_ticker.o
    0x00007b0c   0x00007b0c   0x00000014   Code   RO          542    i.us_ticker_set_interrupt  mbed/TARGET_LPC1768/TOOLCHAIN_ARM_STD/us_ticker.o
    0x00007b20   0x00007b20   0x00000024   Code   RO         3405    i.wait              mbed/TARGET_LPC1768/TOOLCHAIN_ARM_STD/mbed.ar(mbed_wait_api_no_rtos.o)
    0x00007b44   0x00007b44   0x0000001c   Code   RO         3406    i.wait_ms           mbed/TARGET_LPC1768/TOOLCHAIN_ARM_STD/mbed.ar(mbed_wait_api_no_rtos.o)
    0x00007b60   0x00007b60   0x0000002c   Code   RO         4244    locale$$code        C:\Keil_v5\ARM\ARMCC\Bin\..\lib\armlib\c_w.l(lc_numeric_c.o)
    0x00007b8c   0x00007b8c   0x0000002c   Code   RO         4312    locale$$code        C:\Keil_v5\ARM\ARMCC\Bin\..\lib\armlib\c_w.l(lc_ctype_c.o)
    0x00007bb8   0x00007bb8   0x0000002c   Code   RO         3469    t._ZN12SingletonPtrI13PlatformMutexEptEv  mbed/TARGET_LPC1768/TOOLCHAIN_ARM_STD/mbed.ar(FileBase.o)
    0x00007be4   0x00007be4   0x00000004   Code   RO         3149    t._ZN4mbed8CallbackIFvvEE13function_callIPS1_EEvPKv  mbed/TARGET_LPC1768/TOOLCHAIN_ARM_STD/mbed.ar(SerialBase.o)
    0x00007be8   0x00007be8   0x00000002   Code   RO         3155    t._ZN4mbed8CallbackIFvvEE13function_dtorIPS1_EEvPv  mbed/TARGET_LPC1768/TOOLCHAIN_ARM_STD/mbed.ar(SerialBase.o)
    0x00007bea   0x00007bea   0x0000000a   Code   RO         3152    t._ZN4mbed8CallbackIFvvEE13function_moveIPS1_EEvPvPKv  mbed/TARGET_LPC1768/TOOLCHAIN_ARM_STD/mbed.ar(SerialBase.o)
    0x00007bf4   0x00007bf4   0x00000012   Code   RO         3061    t._ZN4mbed8CallbackIFvvEED1Ev  mbed/TARGET_LPC1768/TOOLCHAIN_ARM_STD/mbed.ar(Serial.o)
    0x00007c06   0x00007c06   0x00000002   PAD
    0x00007c08   0x00007c08   0x00000062   Code   RO         4324    x$fpl$d2f           C:\Keil_v5\ARM\ARMCC\Bin\..\lib\armlib\fz_ws.l(d2f.o)
    0x00007c6a   0x00007c6a   0x00000002   PAD
    0x00007c6c   0x00007c6c   0x00000010   Code   RO         4358    x$fpl$dcheck1       C:\Keil_v5\ARM\ARMCC\Bin\..\lib\armlib\fz_ws.l(dcheck1.o)
    0x00007c7c   0x00007c7c   0x00000018   Code   RO         4274    x$fpl$dcmpinf       C:\Keil_v5\ARM\ARMCC\Bin\..\lib\armlib\fz_ws.l(dcmpi.o)
    0x00007c94   0x00007c94   0x00000078   Code   RO         4326    x$fpl$deqf          C:\Keil_v5\ARM\ARMCC\Bin\..\lib\armlib\fz_ws.l(deqf.o)
    0x00007d0c   0x00007d0c   0x00000078   Code   RO         4183    x$fpl$dleqf         C:\Keil_v5\ARM\ARMCC\Bin\..\lib\armlib\fz_ws.l(dleqf.o)
    0x00007d84   0x00007d84   0x0000009c   Code   RO         4044    x$fpl$dnaninf       C:\Keil_v5\ARM\ARMCC\Bin\..\lib\armlib\fz_ws.l(dnaninf.o)
    0x00007e20   0x00007e20   0x0000006c   Code   RO         4048    x$fpl$drleqf        C:\Keil_v5\ARM\ARMCC\Bin\..\lib\armlib\fz_ws.l(drleqf.o)
    0x00007e8c   0x00007e8c   0x00000036   Code   RO         3823    x$fpl$ffix          C:\Keil_v5\ARM\ARMCC\Bin\..\lib\armlib\fz_ws.l(ffix.o)
    0x00007ec2   0x00007ec2   0x00000002   PAD
    0x00007ec4   0x00007ec4   0x00000102   Code   RO         3837    x$fpl$fmul          C:\Keil_v5\ARM\ARMCC\Bin\..\lib\armlib\fz_ws.l(fmul.o)
    0x00007fc6   0x00007fc6   0x0000008c   Code   RO         4050    x$fpl$fnaninf       C:\Keil_v5\ARM\ARMCC\Bin\..\lib\armlib\fz_ws.l(fnaninf.o)
    0x00008052   0x00008052   0x0000000a   Code   RO         4052    x$fpl$fretinf       C:\Keil_v5\ARM\ARMCC\Bin\..\lib\armlib\fz_ws.l(fretinf.o)
    0x0000805c   0x0000805c   0x00000006   Code   RO         4280    x$fpl$ieeestatus    C:\Keil_v5\ARM\ARMCC\Bin\..\lib\armlib\fz_ws.l(istatus.o)
    0x00008062   0x00008062   0x00000004   Code   RO         4054    x$fpl$printf1       C:\Keil_v5\ARM\ARMCC\Bin\..\lib\armlib\fz_ws.l(printf1.o)
    0x00008066   0x00008066   0x00000004   Code   RO         4056    x$fpl$printf2       C:\Keil_v5\ARM\ARMCC\Bin\..\lib\armlib\fz_ws.l(printf2.o)
    0x0000806a   0x0000806a   0x00000064   Code   RO         4381    x$fpl$retnan        C:\Keil_v5\ARM\ARMCC\Bin\..\lib\armlib\fz_ws.l(retnan.o)
    0x000080ce   0x000080ce   0x0000005c   Code   RO         4344    x$fpl$scalbn        C:\Keil_v5\ARM\ARMCC\Bin\..\lib\armlib\fz_ws.l(scalbn.o)
    0x0000812a   0x0000812a   0x00000004   Code   RO         4062    x$fpl$scanf1        C:\Keil_v5\ARM\ARMCC\Bin\..\lib\armlib\fz_ws.l(scanf1.o)
    0x0000812e   0x0000812e   0x00000008   Code   RO         4282    x$fpl$scanf2        C:\Keil_v5\ARM\ARMCC\Bin\..\lib\armlib\fz_ws.l(scanf2.o)
    0x00008136   0x00008136   0x00000030   Code   RO         4383    x$fpl$trapveneer    C:\Keil_v5\ARM\ARMCC\Bin\..\lib\armlib\fz_ws.l(trapv.o)
    0x00008166   0x00008166   0x00000000   Code   RO         4064    x$fpl$usenofp       C:\Keil_v5\ARM\ARMCC\Bin\..\lib\armlib\fz_ws.l(usenofp.o)
    0x00008166   0x00008166   0x00000017   Data   RO          336    .constdata          mbed/TARGET_LPC1768/TOOLCHAIN_ARM_STD/retarget.o
    0x0000817d   0x0000817d   0x00000003   PAD
    0x00008180   0x00008180   0x00000120   Data   RO          454    .constdata          mbed/TARGET_LPC1768/TOOLCHAIN_ARM_STD/serial_api.o
    0x000082a0   0x000082a0   0x00000004   Data   RO          792    .constdata          .\build\rt_cmsis.o
    0x000082a4   0x000082a4   0x0000005c   Data   RO         2321    .constdata          .\build\rtx_conf_cm.o
    0x00008300   0x00008300   0x00000014   Data   RO         3278    .constdata          mbed/TARGET_LPC1768/TOOLCHAIN_ARM_STD/mbed.ar(mbed_us_ticker_api.o)
    0x00008314   0x00008314   0x00000008   Data   RO         3279    .constdata          mbed/TARGET_LPC1768/TOOLCHAIN_ARM_STD/mbed.ar(mbed_us_ticker_api.o)
    0x0000831c   0x0000831c   0x00000028   Data   RO         3590    .constdata          C:\Keil_v5\ARM\ARMCC\Bin\..\lib\armlib\c_w.l(_printf_hex_int_ll_ptr.o)
    0x00008344   0x00008344   0x00000011   Data   RO         3610    .constdata          C:\Keil_v5\ARM\ARMCC\Bin\..\lib\armlib\c_w.l(__printf_flags_ss_wp.o)
    0x00008355   0x00008355   0x00000003   PAD
    0x00008358   0x00008358   0x00000008   Data   RO         3893    .constdata          C:\Keil_v5\ARM\ARMCC\Bin\..\lib\armlib\c_w.l(_printf_wctomb.o)
    0x00008360   0x00008360   0x00000026   Data   RO         4084    .constdata          C:\Keil_v5\ARM\ARMCC\Bin\..\lib\armlib\c_w.l(_printf_fp_hex.o)
    0x00008386   0x00008386   0x00000002   PAD
    0x00008388   0x00008388   0x00000094   Data   RO         4217    .constdata          C:\Keil_v5\ARM\ARMCC\Bin\..\lib\armlib\c_w.l(bigflt0.o)
    0x0000841c   0x0000841c   0x00000034   Data   RO          398    .constdata__ZTVN4mbed10FileHandleE  mbed/TARGET_LPC1768/TOOLCHAIN_ARM_STD/retarget.o
    0x00008450   0x00008450   0x00000018   Data   RO         3137    .constdata__ZTVN4mbed10SerialBaseE  mbed/TARGET_LPC1768/TOOLCHAIN_ARM_STD/mbed.ar(SerialBase.o)
    0x00008468   0x00008468   0x0000006c   Data   RO         3053    .constdata__ZTVN4mbed6SerialE  mbed/TARGET_LPC1768/TOOLCHAIN_ARM_STD/mbed.ar(Serial.o)
    0x000084d4   0x000084d4   0x0000004c   Data   RO         3235    .constdata__ZTVN4mbed6StreamE  mbed/TARGET_LPC1768/TOOLCHAIN_ARM_STD/mbed.ar(Stream.o)
    0x00008520   0x00008520   0x00000010   Data   RO         3468    .constdata__ZTVN4mbed8FileBaseE  mbed/TARGET_LPC1768/TOOLCHAIN_ARM_STD/mbed.ar(FileBase.o)
    0x00008530   0x00008530   0x00000044   Data   RO         3436    .constdata__ZTVN4mbed8FileLikeE  mbed/TARGET_LPC1768/TOOLCHAIN_ARM_STD/mbed.ar(FileLike.o)
    0x00008574   0x00008574   0x00000014   Data   RO          399    .constdata__ZZN12SingletonPtrI13PlatformMutexE3getEvEs  mbed/TARGET_LPC1768/TOOLCHAIN_ARM_STD/retarget.o
    0x00008588   0x00008588   0x0000004d   Data   RO          400    .constdata__ZZN12SingletonPtrI13PlatformMutexE3getEvEs_0  mbed/TARGET_LPC1768/TOOLCHAIN_ARM_STD/retarget.o
    0x000085d5   0x000085d5   0x00000003   PAD
    0x000085d8   0x000085d8   0x0000000c   Data   RO         3147    .constdata__ZZN4mbed8CallbackIFvvEE8generateIPS1_EEvRKT_E3ops  mbed/TARGET_LPC1768/TOOLCHAIN_ARM_STD/mbed.ar(SerialBase.o)
    0x000085e4   0x000085e4   0x00000005   Data   RO         3138    .constdata__ZZNK4mbed8CallbackIFvvEE4callEvEs  mbed/TARGET_LPC1768/TOOLCHAIN_ARM_STD/mbed.ar(SerialBase.o)
    0x000085e9   0x000085e9   0x00000049   Data   RO         3139    .constdata__ZZNK4mbed8CallbackIFvvEE4callEvEs_0  mbed/TARGET_LPC1768/TOOLCHAIN_ARM_STD/mbed.ar(SerialBase.o)
    0x00008632   0x00008632   0x00000002   PAD
    0x00008634   0x00008634   0x00000057   Data   RO          122    .conststring        mbed/TARGET_LPC1768/TOOLCHAIN_ARM_STD/gpio_api.o
    0x0000868b   0x0000868b   0x00000001   PAD
    0x0000868c   0x0000868c   0x0000006c   Data   RO          193    .conststring        mbed/TARGET_LPC1768/TOOLCHAIN_ARM_STD/mbed_board.o
    0x000086f8   0x000086f8   0x00000055   Data   RO          205    .conststring        mbed/TARGET_LPC1768/TOOLCHAIN_ARM_STD/pinmap.o
    0x0000874d   0x0000874d   0x00000003   PAD
    0x00008750   0x00008750   0x00000059   Data   RO          455    .conststring        mbed/TARGET_LPC1768/TOOLCHAIN_ARM_STD/serial_api.o
    0x000087a9   0x000087a9   0x00000003   PAD
    0x000087ac   0x000087ac   0x00000043   Data   RO         3320    .conststring        mbed/TARGET_LPC1768/TOOLCHAIN_ARM_STD/mbed.ar(mbed_critical.o)
    0x000087ef   0x000087ef   0x00000001   PAD
    0x000087f0   0x000087f0   0x00000020   Data   RO         4385    Region$$Table       anon$$obj.o
    0x00008810   0x00008810   0x00000008   Data   RO         4276    c$$dinf             C:\Keil_v5\ARM\ARMCC\Bin\..\lib\armlib\fz_ws.l(fpconst.o)
    0x00008818   0x00008818   0x00000008   Data   RO         4279    c$$dmax             C:\Keil_v5\ARM\ARMCC\Bin\..\lib\armlib\fz_ws.l(fpconst.o)
    0x00008820   0x00008820   0x0000001c   Data   RO         4243    locale$$data        C:\Keil_v5\ARM\ARMCC\Bin\..\lib\armlib\c_w.l(lc_numeric_c.o)
    0x0000883c   0x0000883c   0x00000110   Data   RO         4311    locale$$data        C:\Keil_v5\ARM\ARMCC\Bin\..\lib\armlib\c_w.l(lc_ctype_c.o)
    0x0000894c   0x0000894c   0x00000004   Data   RO         2647    .init_array         .\build\main.o
    0x00008950   0x0000894c   0x00000000   Data   RO         3687    .init_array         C:\Keil_v5\ARM\ARMCC\Bin\..\lib\armlib\c_w.l(init_aeabi.o)


    Execution Region RW_IRAM1 (Exec base: 0x100000c8, Load base: 0x00008950, Size: 0x000014d0, Max: 0x00007f38, ABSOLUTE)

    Exec Addr    Load Addr    Size         Type   Attr      Idx    E Section Name        Object

    0x100000c8   0x00008950   0x00000008   Data   RW          339    .data               mbed/TARGET_LPC1768/TOOLCHAIN_ARM_STD/retarget.o
    0x100000d0   0x00008958   0x00000010   Data   RW          456    .data               mbed/TARGET_LPC1768/TOOLCHAIN_ARM_STD/serial_api.o
    0x100000e0   0x00008968   0x00000004   Data   RW          529    .data               mbed/TARGET_LPC1768/TOOLCHAIN_ARM_STD/system_LPC17xx.o
    0x100000e4   0x0000896c   0x00000004   Data   RW          543    .data               mbed/TARGET_LPC1768/TOOLCHAIN_ARM_STD/us_ticker.o
    0x100000e8   0x00008970   0x00000010   Data   RW          793    .data               .\build\rt_cmsis.o
    0x100000f8   0x00008980   0x00000005   Data   RW         1608    .data               .\build\rt_oseventobserver.o
    0x100000fd   0x00008985   0x00000003   PAD
    0x10000100   0x00008988   0x00000008   Data   RW         1627    .data               .\build\rt_robin.o
    0x10000108   0x00008990   0x00000007   Data   RW         1701    .data               .\build\rt_system.o
    0x1000010f   0x00008997   0x00000001   PAD
    0x10000110   0x00008998   0x00000008   Data   RW         1794    .data               .\build\rt_task.o
    0x10000118   0x000089a0   0x00000004   Data   RW         1872    .data               .\build\rt_time.o
    0x1000011c   0x000089a4   0x00000004   Data   RW         1910    .data               .\build\rtos_idle.o
    0x10000120   0x000089a8   0x00000034   Data   RW         2322    .data               .\build\rtx_conf_cm.o
    0x10000154   0x000089dc   0x00000004   Data   RW         2487    .data               .\build\thread.o
    0x10000158   0x000089e0   0x00000008   Data   RW         3280    .data               mbed/TARGET_LPC1768/TOOLCHAIN_ARM_STD/mbed.ar(mbed_us_ticker_api.o)
    0x10000160   0x000089e8   0x00000008   Data   RW         3321    .data               mbed/TARGET_LPC1768/TOOLCHAIN_ARM_STD/mbed.ar(mbed_critical.o)
    0x10000168   0x000089f0   0x0000000c   Data   RW         3456    .data               mbed/TARGET_LPC1768/TOOLCHAIN_ARM_STD/mbed.ar(FileBase.o)
    0x10000174   0x000089fc   0x00000004   Data   RW         3641    .data               C:\Keil_v5\ARM\ARMCC\Bin\..\lib\armlib\c_w.l(stdio_streams.o)
    0x10000178   0x00008a00   0x00000004   Data   RW         3642    .data               C:\Keil_v5\ARM\ARMCC\Bin\..\lib\armlib\c_w.l(stdio_streams.o)
    0x1000017c   0x00008a04   0x00000004   Data   RW         3643    .data               C:\Keil_v5\ARM\ARMCC\Bin\..\lib\armlib\c_w.l(stdio_streams.o)
    0x10000180   0x00008a08   0x00000004   Data   RW         3955    .data               C:\Keil_v5\ARM\ARMCC\Bin\..\lib\armlib\c_w.l(streamlock.o)
    0x10000184        -       0x00000040   Zero   RW          335    .bss                mbed/TARGET_LPC1768/TOOLCHAIN_ARM_STD/retarget.o
    0x100001c4        -       0x000000e0   Zero   RW          453    .bss                mbed/TARGET_LPC1768/TOOLCHAIN_ARM_STD/serial_api.o
    0x100002a4        -       0x00000010   Zero   RW          791    .bss                .\build\rt_cmsis.o
    0x100002b4        -       0x00000030   Zero   RW         1409    .bss                .\build\rt_list.o
    0x100002e4        -       0x00000040   Zero   RW         1793    .bss                .\build\rt_task.o
    0x10000324   0x00008a0c   0x00000004   PAD
    0x10000328        -       0x00001050   Zero   RW         2320    .bss                .\build\rtx_conf_cm.o
    0x10001378        -       0x000000c4   Zero   RW         2646    .bss                .\build\main.o
    0x1000143c        -       0x00000060   Zero   RW         3495    .bss                C:\Keil_v5\ARM\ARMCC\Bin\..\lib\armlib\c_w.l(libspace.o)
    0x1000149c        -       0x00000054   Zero   RW         3638    .bss                C:\Keil_v5\ARM\ARMCC\Bin\..\lib\armlib\c_w.l(stdio_streams.o)
    0x100014f0        -       0x00000054   Zero   RW         3639    .bss                C:\Keil_v5\ARM\ARMCC\Bin\..\lib\armlib\c_w.l(stdio_streams.o)
    0x10001544        -       0x00000054   Zero   RW         3640    .bss                C:\Keil_v5\ARM\ARMCC\Bin\..\lib\armlib\c_w.l(stdio_streams.o)


    Execution Region RW_IRAM2 (Exec base: 0x2007c000, Load base: 0x00008a0c, Size: 0x00000000, Max: 0x00004000, ABSOLUTE)

    **** No section assigned to this execution region ****


    Execution Region RW_IRAM3 (Exec base: 0x20080000, Load base: 0x00008a0c, Size: 0x00000000, Max: 0x00004000, ABSOLUTE)

    **** No section assigned to this execution region ****


    Execution Region RW_IRAM4 (Exec base: 0x40038000, Load base: 0x00008a0c, Size: 0x00000000, Max: 0x00000800, ABSOLUTE)

    **** No section assigned to this execution region ****


==============================================================================

Image component sizes


      Code (inc. data)   RO Data    RW Data    ZI Data      Debug   Object Name

        52          6          0          0          0         84   mbed/TARGET_LPC1768/TOOLCHAIN_ARM_STD/cmsis_nvic.o
       148         30         87          0          0        228   mbed/TARGET_LPC1768/TOOLCHAIN_ARM_STD/gpio_api.o
       176          8          0          0          0       8939   .\build\hal_cm.o
       304         36          0          0          0        876   .\build\hal_cm3.o
       784        232          4          0        196      40870   .\build\main.o
       456         70        108          0          0        260   mbed/TARGET_LPC1768/TOOLCHAIN_ARM_STD/mbed_board.o
         0          0          0          0          0       3080   .\build\mutex.o
       236         48         85          0          0        160   mbed/TARGET_LPC1768/TOOLCHAIN_ARM_STD/pinmap.o
      1138        124        172          8         64       1432   mbed/TARGET_LPC1768/TOOLCHAIN_ARM_STD/retarget.o
      2096        194          4         16         16      33953   .\build\rt_cmsis.o
        92          4          0          0          0        649   .\build\rt_event.o
       638         34          0          0         48       8309   .\build\rt_list.o
       666         10          0          0          0       4001   .\build\rt_mailbox.o
       180          0          0          0          0       2025   .\build\rt_membox.o
       446         12          0          0          0       2121   .\build\rt_mutex.o
         0          0          0          5          0       1737   .\build\rt_oseventobserver.o
       112         22          0          8          0       1166   .\build\rt_robin.o
        56          4          0          0          0        573   .\build\rt_semaphore.o
       382         58          0          7          0       6407   .\build\rt_system.o
      1340        168          0          8         64       9737   .\build\rt_task.o
         0          0          0          4          0        210   .\build\rt_time.o
        18          6          0          4          0       1353   .\build\rtos_idle.o
         0          0          0          0          0       8662   .\build\rtostimer.o
       384        150         92         52       4176      12515   .\build\rtx_conf_cm.o
      1698        174        377         16        224       1044   mbed/TARGET_LPC1768/TOOLCHAIN_ARM_STD/serial_api.o
        40         12        196          0          0        228   mbed/TARGET_LPC1768/TOOLCHAIN_ARM_STD/startup_LPC17xx.o
         4          4          0          0          0        228   .\build\svc_table.o
        16          6          0          0          0         68   mbed/TARGET_LPC1768/TOOLCHAIN_ARM_STD/sys.o
       160         10          0          4          0         68   mbed/TARGET_LPC1768/TOOLCHAIN_ARM_STD/system_LPC17xx.o
        24          4          0          4          0       1996   .\build\thread.o
       248         64          0          4          0        356   mbed/TARGET_LPC1768/TOOLCHAIN_ARM_STD/us_ticker.o

    ----------------------------------------------------------------------
     11914       1490       1170        144       4792     153335   Object Totals
         0          0         32          0          0          0   (incl. Generated)
        20          0         13          4          4          0   (incl. Padding)

    ----------------------------------------------------------------------

      Code (inc. data)   RO Data    RW Data    ZI Data      Debug   Library Member Name

        60          8          0          0          0         84   C:\Keil_v5\ARM\ARMCC\Bin\..\lib\armlib\c_w.l(__0sscanf.o)
        44          6          0          0          0         84   C:\Keil_v5\ARM\ARMCC\Bin\..\lib\armlib\c_w.l(__2sprintf.o)
         8          0          0          0          0         68   C:\Keil_v5\ARM\ARMCC\Bin\..\lib\armlib\c_w.l(__main.o)
       392          4         17          0          0         92   C:\Keil_v5\ARM\ARMCC\Bin\..\lib\armlib\c_w.l(__printf_flags_ss_wp.o)
        14          0          0          0          0         68   C:\Keil_v5\ARM\ARMCC\Bin\..\lib\armlib\c_w.l(__printf_wp.o)
        52          8          0          0          0          0   C:\Keil_v5\ARM\ARMCC\Bin\..\lib\armlib\c_w.l(__scatter.o)
        26          0          0          0          0          0   C:\Keil_v5\ARM\ARMCC\Bin\..\lib\armlib\c_w.l(__scatter_copy.o)
        28          0          0          0          0          0   C:\Keil_v5\ARM\ARMCC\Bin\..\lib\armlib\c_w.l(__scatter_zi.o)
        28          0          0          0          0         68   C:\Keil_v5\ARM\ARMCC\Bin\..\lib\armlib\c_w.l(_chval.o)
        60          0          0          0          0         92   C:\Keil_v5\ARM\ARMCC\Bin\..\lib\armlib\c_w.l(_mbrtowc.o)
         6          0          0          0          0          0   C:\Keil_v5\ARM\ARMCC\Bin\..\lib\armlib\c_w.l(_printf_a.o)
         6          0          0          0          0          0   C:\Keil_v5\ARM\ARMCC\Bin\..\lib\armlib\c_w.l(_printf_c.o)
        44          0          0          0          0        108   C:\Keil_v5\ARM\ARMCC\Bin\..\lib\armlib\c_w.l(_printf_char.o)
        48          6          0          0          0         96   C:\Keil_v5\ARM\ARMCC\Bin\..\lib\armlib\c_w.l(_printf_char_common.o)
        64          6          0          0          0         84   C:\Keil_v5\ARM\ARMCC\Bin\..\lib\armlib\c_w.l(_printf_char_file_locked.o)
        40          0          0          0          0         68   C:\Keil_v5\ARM\ARMCC\Bin\..\lib\armlib\c_w.l(_printf_charcount.o)
         6          0          0          0          0          0   C:\Keil_v5\ARM\ARMCC\Bin\..\lib\armlib\c_w.l(_printf_d.o)
       120         16          0          0          0         92   C:\Keil_v5\ARM\ARMCC\Bin\..\lib\armlib\c_w.l(_printf_dec.o)
         6          0          0          0          0          0   C:\Keil_v5\ARM\ARMCC\Bin\..\lib\armlib\c_w.l(_printf_e.o)
         6          0          0          0          0          0   C:\Keil_v5\ARM\ARMCC\Bin\..\lib\armlib\c_w.l(_printf_f.o)
      1054          0          0          0          0        216   C:\Keil_v5\ARM\ARMCC\Bin\..\lib\armlib\c_w.l(_printf_fp_dec.o)
       764          8         38          0          0        100   C:\Keil_v5\ARM\ARMCC\Bin\..\lib\armlib\c_w.l(_printf_fp_hex.o)
       128         16          0          0          0         84   C:\Keil_v5\ARM\ARMCC\Bin\..\lib\armlib\c_w.l(_printf_fp_infnan.o)
         6          0          0          0          0          0   C:\Keil_v5\ARM\ARMCC\Bin\..\lib\armlib\c_w.l(_printf_g.o)
       148          4         40          0          0        160   C:\Keil_v5\ARM\ARMCC\Bin\..\lib\armlib\c_w.l(_printf_hex_int_ll_ptr.o)
         6          0          0          0          0          0   C:\Keil_v5\ARM\ARMCC\Bin\..\lib\armlib\c_w.l(_printf_i.o)
       178          0          0          0          0         88   C:\Keil_v5\ARM\ARMCC\Bin\..\lib\armlib\c_w.l(_printf_intcommon.o)
        10          0          0          0          0          0   C:\Keil_v5\ARM\ARMCC\Bin\..\lib\armlib\c_w.l(_printf_l.o)
         6          0          0          0          0          0   C:\Keil_v5\ARM\ARMCC\Bin\..\lib\armlib\c_w.l(_printf_lc.o)
        10          0          0          0          0          0   C:\Keil_v5\ARM\ARMCC\Bin\..\lib\armlib\c_w.l(_printf_ll.o)
         6          0          0          0          0          0   C:\Keil_v5\ARM\ARMCC\Bin\..\lib\armlib\c_w.l(_printf_lld.o)
         6          0          0          0          0          0   C:\Keil_v5\ARM\ARMCC\Bin\..\lib\armlib\c_w.l(_printf_lli.o)
         6          0          0          0          0          0   C:\Keil_v5\ARM\ARMCC\Bin\..\lib\armlib\c_w.l(_printf_llo.o)
         6          0          0          0          0          0   C:\Keil_v5\ARM\ARMCC\Bin\..\lib\armlib\c_w.l(_printf_llu.o)
         6          0          0          0          0          0   C:\Keil_v5\ARM\ARMCC\Bin\..\lib\armlib\c_w.l(_printf_llx.o)
       124         16          0          0          0         92   C:\Keil_v5\ARM\ARMCC\Bin\..\lib\armlib\c_w.l(_printf_longlong_dec.o)
         6          0          0          0          0          0   C:\Keil_v5\ARM\ARMCC\Bin\..\lib\armlib\c_w.l(_printf_ls.o)
         6          0          0          0          0          0   C:\Keil_v5\ARM\ARMCC\Bin\..\lib\armlib\c_w.l(_printf_n.o)
         6          0          0          0          0          0   C:\Keil_v5\ARM\ARMCC\Bin\..\lib\armlib\c_w.l(_printf_o.o)
       112         10          0          0          0        124   C:\Keil_v5\ARM\ARMCC\Bin\..\lib\armlib\c_w.l(_printf_oct_int_ll.o)
         6          0          0          0          0          0   C:\Keil_v5\ARM\ARMCC\Bin\..\lib\armlib\c_w.l(_printf_p.o)
        78          0          0          0          0        108   C:\Keil_v5\ARM\ARMCC\Bin\..\lib\armlib\c_w.l(_printf_pad.o)
         0          0          0          0          0          0   C:\Keil_v5\ARM\ARMCC\Bin\..\lib\armlib\c_w.l(_printf_percent.o)
         4          0          0          0          0          0   C:\Keil_v5\ARM\ARMCC\Bin\..\lib\armlib\c_w.l(_printf_percent_end.o)
         6          0          0          0          0          0   C:\Keil_v5\ARM\ARMCC\Bin\..\lib\armlib\c_w.l(_printf_s.o)
        82          0          0          0          0         80   C:\Keil_v5\ARM\ARMCC\Bin\..\lib\armlib\c_w.l(_printf_str.o)
        36          0          0          0          0         84   C:\Keil_v5\ARM\ARMCC\Bin\..\lib\armlib\c_w.l(_printf_truncate.o)
         6          0          0          0          0          0   C:\Keil_v5\ARM\ARMCC\Bin\..\lib\armlib\c_w.l(_printf_u.o)
        44          0          0          0          0        108   C:\Keil_v5\ARM\ARMCC\Bin\..\lib\armlib\c_w.l(_printf_wchar.o)
       188          6          8          0          0         92   C:\Keil_v5\ARM\ARMCC\Bin\..\lib\armlib\c_w.l(_printf_wctomb.o)
         6          0          0          0          0          0   C:\Keil_v5\ARM\ARMCC\Bin\..\lib\armlib\c_w.l(_printf_x.o)
        22          0          0          0          0        100   C:\Keil_v5\ARM\ARMCC\Bin\..\lib\armlib\c_w.l(_rserrno.o)
       884          6          0          0          0        100   C:\Keil_v5\ARM\ARMCC\Bin\..\lib\armlib\c_w.l(_scanf.o)
       332          0          0          0          0         96   C:\Keil_v5\ARM\ARMCC\Bin\..\lib\armlib\c_w.l(_scanf_int.o)
       342          0          0          0          0        100   C:\Keil_v5\ARM\ARMCC\Bin\..\lib\armlib\c_w.l(_scanf_longlong.o)
       276          0          0          0          0        100   C:\Keil_v5\ARM\ARMCC\Bin\..\lib\armlib\c_w.l(_scanf_mbtowc.o)
       224          0          0          0          0         96   C:\Keil_v5\ARM\ARMCC\Bin\..\lib\armlib\c_w.l(_scanf_str.o)
        30          0          0          0          0         76   C:\Keil_v5\ARM\ARMCC\Bin\..\lib\armlib\c_w.l(_scanf_wcharmap.o)
       232          0          0          0          0        100   C:\Keil_v5\ARM\ARMCC\Bin\..\lib\armlib\c_w.l(_scanf_wctomb.o)
       208          0          0          0          0         96   C:\Keil_v5\ARM\ARMCC\Bin\..\lib\armlib\c_w.l(_scanf_wstr.o)
        64          0          0          0          0         84   C:\Keil_v5\ARM\ARMCC\Bin\..\lib\armlib\c_w.l(_sgetc.o)
        10          0          0          0          0         68   C:\Keil_v5\ARM\ARMCC\Bin\..\lib\armlib\c_w.l(_sputc.o)
        64          0          0          0          0         92   C:\Keil_v5\ARM\ARMCC\Bin\..\lib\armlib\c_w.l(_wcrtomb.o)
        72          0          0          0          0         92   C:\Keil_v5\ARM\ARMCC\Bin\..\lib\armlib\c_w.l(backspace.o)
       228          4        148          0          0         96   C:\Keil_v5\ARM\ARMCC\Bin\..\lib\armlib\c_w.l(bigflt0.o)
      2152        136          0          0          0        960   C:\Keil_v5\ARM\ARMCC\Bin\..\lib\armlib\c_w.l(btod.o)
        10          0          0          0          0         68   C:\Keil_v5\ARM\ARMCC\Bin\..\lib\armlib\c_w.l(c89vfprintf.o)
        10          0          0          0          0         68   C:\Keil_v5\ARM\ARMCC\Bin\..\lib\armlib\c_w.l(defsig_exit.o)
        50          0          0          0          0         88   C:\Keil_v5\ARM\ARMCC\Bin\..\lib\armlib\c_w.l(defsig_general.o)
        48         34          0          0          0         76   C:\Keil_v5\ARM\ARMCC\Bin\..\lib\armlib\c_w.l(defsig_pvfn_inner.o)
        14          0          0          0          0         80   C:\Keil_v5\ARM\ARMCC\Bin\..\lib\armlib\c_w.l(defsig_pvfn_outer.o)
        80         58          0          0          0         76   C:\Keil_v5\ARM\ARMCC\Bin\..\lib\armlib\c_w.l(defsig_rtmem_inner.o)
        14          0          0          0          0         80   C:\Keil_v5\ARM\ARMCC\Bin\..\lib\armlib\c_w.l(defsig_rtmem_outer.o)
        52         38          0          0          0         76   C:\Keil_v5\ARM\ARMCC\Bin\..\lib\armlib\c_w.l(defsig_rtred_inner.o)
        14          0          0          0          0         80   C:\Keil_v5\ARM\ARMCC\Bin\..\lib\armlib\c_w.l(defsig_rtred_outer.o)
        76          0          0          0          0         88   C:\Keil_v5\ARM\ARMCC\Bin\..\lib\armlib\c_w.l(fclose.o)
        52          6          0          0          0         80   C:\Keil_v5\ARM\ARMCC\Bin\..\lib\armlib\c_w.l(fclose_locked.o)
       144         10          0          0          0        128   C:\Keil_v5\ARM\ARMCC\Bin\..\lib\armlib\c_w.l(fflush_locked.o)
        24          0          0          0          0         68   C:\Keil_v5\ARM\ARMCC\Bin\..\lib\armlib\c_w.l(fgetc.o)
        32          0          0          0          0         80   C:\Keil_v5\ARM\ARMCC\Bin\..\lib\armlib\c_w.l(fgetc_locked.o)
        86          0          0          0          0         84   C:\Keil_v5\ARM\ARMCC\Bin\..\lib\armlib\c_w.l(fgets_locked.o)
       570          0          0          0          0        132   C:\Keil_v5\ARM\ARMCC\Bin\..\lib\armlib\c_w.l(filbuf.o)
       470          0          0          0          0         88   C:\Keil_v5\ARM\ARMCC\Bin\..\lib\armlib\c_w.l(flsbuf.o)
        92          8          0          0          0         88   C:\Keil_v5\ARM\ARMCC\Bin\..\lib\armlib\c_w.l(flushlinebuffered_locked.o)
       324          8          0          0          0        152   C:\Keil_v5\ARM\ARMCC\Bin\..\lib\armlib\c_w.l(fopen_locked.o)
        26          0          0          0          0         68   C:\Keil_v5\ARM\ARMCC\Bin\..\lib\armlib\c_w.l(fputc.o)
       248          6          0          0          0         84   C:\Keil_v5\ARM\ARMCC\Bin\..\lib\armlib\c_w.l(fseek.o)
        66          0          0          0          0         76   C:\Keil_v5\ARM\ARMCC\Bin\..\lib\armlib\c_w.l(ftell.o)
       158          0          0          0          0        128   C:\Keil_v5\ARM\ARMCC\Bin\..\lib\armlib\c_w.l(h1_alloc_mt.o)
        62          0          0          0          0         80   C:\Keil_v5\ARM\ARMCC\Bin\..\lib\armlib\c_w.l(h1_extend_mt.o)
       118          0          0          0          0        108   C:\Keil_v5\ARM\ARMCC\Bin\..\lib\armlib\c_w.l(h1_free_mt.o)
        18          0          0          0          0         84   C:\Keil_v5\ARM\ARMCC\Bin\..\lib\armlib\c_w.l(h1_init_mt.o)
         6          0          0          0          0        152   C:\Keil_v5\ARM\ARMCC\Bin\..\lib\armlib\c_w.l(heapauxi.o)
         4          0          0          0          0        136   C:\Keil_v5\ARM\ARMCC\Bin\..\lib\armlib\c_w.l(hguard.o)
         0          0          0          0          0          0   C:\Keil_v5\ARM\ARMCC\Bin\..\lib\armlib\c_w.l(indicate_semi.o)
        36         10          0          0          0         80   C:\Keil_v5\ARM\ARMCC\Bin\..\lib\armlib\c_w.l(init_aeabi.o)
       138          0          0          0          0        168   C:\Keil_v5\ARM\ARMCC\Bin\..\lib\armlib\c_w.l(init_alloc.o)
       456         48          0          0          0        116   C:\Keil_v5\ARM\ARMCC\Bin\..\lib\armlib\c_w.l(initio_locked.o)
        18          0          0          0          0         76   C:\Keil_v5\ARM\ARMCC\Bin\..\lib\armlib\c_w.l(isspace.o)
        44         10        272          0          0         76   C:\Keil_v5\ARM\ARMCC\Bin\..\lib\armlib\c_w.l(lc_ctype_c.o)
        44         10         28          0          0         76   C:\Keil_v5\ARM\ARMCC\Bin\..\lib\armlib\c_w.l(lc_numeric_c.o)
         2          0          0          0          0          0   C:\Keil_v5\ARM\ARMCC\Bin\..\lib\armlib\c_w.l(libinit.o)
        46          0          0          0          0          0   C:\Keil_v5\ARM\ARMCC\Bin\..\lib\armlib\c_w.l(libinit2.o)
         0          0          0          0          0          0   C:\Keil_v5\ARM\ARMCC\Bin\..\lib\armlib\c_w.l(libshutdown2.o)
         8          4          0          0         96         68   C:\Keil_v5\ARM\ARMCC\Bin\..\lib\armlib\c_w.l(libspace.o)
        38          0          0          0          0         68   C:\Keil_v5\ARM\ARMCC\Bin\..\lib\armlib\c_w.l(llshl.o)
       138          0          0          0          0         80   C:\Keil_v5\ARM\ARMCC\Bin\..\lib\armlib\c_w.l(lludiv10.o)
         0          0          0          0          0          0   C:\Keil_v5\ARM\ARMCC\Bin\..\lib\armlib\c_w.l(maybetermalloc1.o)
        16          4          0          0          0         76   C:\Keil_v5\ARM\ARMCC\Bin\..\lib\armlib\c_w.l(rt_ctype_table.o)
         4          0          0          0          0         68   C:\Keil_v5\ARM\ARMCC\Bin\..\lib\armlib\c_w.l(rt_errno_addr_twolibspace.o)
        10          0          0          0          0         76   C:\Keil_v5\ARM\ARMCC\Bin\..\lib\armlib\c_w.l(rt_heap_descriptor_twolibspace.o)
        10          0          0          0          0         76   C:\Keil_v5\ARM\ARMCC\Bin\..\lib\armlib\c_w.l(rt_locale_twolibspace.o)
        78          0          0          0          0         80   C:\Keil_v5\ARM\ARMCC\Bin\..\lib\armlib\c_w.l(rt_memclr_w.o)
       100          0          0          0          0         80   C:\Keil_v5\ARM\ARMCC\Bin\..\lib\armlib\c_w.l(rt_memcpy_w.o)
        44          8          0          0          0         84   C:\Keil_v5\ARM\ARMCC\Bin\..\lib\armlib\c_w.l(scanf_char.o)
        64          8          0          0          0         84   C:\Keil_v5\ARM\ARMCC\Bin\..\lib\armlib\c_w.l(scanf_char_file_locked.o)
      1272         16          0          0          0        168   C:\Keil_v5\ARM\ARMCC\Bin\..\lib\armlib\c_w.l(scanf_fp.o)
       800         14          0          0          0        100   C:\Keil_v5\ARM\ARMCC\Bin\..\lib\armlib\c_w.l(scanf_hexfp.o)
       308         16          0          0          0        100   C:\Keil_v5\ARM\ARMCC\Bin\..\lib\armlib\c_w.l(scanf_infnan.o)
        20          0          0          0          0         68   C:\Keil_v5\ARM\ARMCC\Bin\..\lib\armlib\c_w.l(setbuf.o)
       104          0          0          0          0         88   C:\Keil_v5\ARM\ARMCC\Bin\..\lib\armlib\c_w.l(setvbuf_locked.o)
       240          6          0          0          0        156   C:\Keil_v5\ARM\ARMCC\Bin\..\lib\armlib\c_w.l(stdio.o)
         0          0          0         12        252          0   C:\Keil_v5\ARM\ARMCC\Bin\..\lib\armlib\c_w.l(stdio_streams.o)
        20          0          0          0          0         68   C:\Keil_v5\ARM\ARMCC\Bin\..\lib\armlib\c_w.l(strchr.o)
       128          0          0          0          0         68   C:\Keil_v5\ARM\ARMCC\Bin\..\lib\armlib\c_w.l(strcmpv7m.o)
        72          0          0          0          0         80   C:\Keil_v5\ARM\ARMCC\Bin\..\lib\armlib\c_w.l(strcpy.o)
         0          0          0          4          0          0   C:\Keil_v5\ARM\ARMCC\Bin\..\lib\armlib\c_w.l(streamlock.o)
        62          0          0          0          0         76   C:\Keil_v5\ARM\ARMCC\Bin\..\lib\armlib\c_w.l(strlen.o)
       150          0          0          0          0         80   C:\Keil_v5\ARM\ARMCC\Bin\..\lib\armlib\c_w.l(strncmp.o)
        12          4          0          0          0         68   C:\Keil_v5\ARM\ARMCC\Bin\..\lib\armlib\c_w.l(sys_exit.o)
        14          0          0          0          0         76   C:\Keil_v5\ARM\ARMCC\Bin\..\lib\armlib\c_w.l(sys_wrch.o)
        72         12          0          0          0         68   C:\Keil_v5\ARM\ARMCC\Bin\..\lib\armlib\c_w.l(ungetc.o)
         2          0          0          0          0         68   C:\Keil_v5\ARM\ARMCC\Bin\..\lib\armlib\c_w.l(use_no_semi.o)
        16          0          0          0          0         80   C:\Keil_v5\ARM\ARMCC\Bin\..\lib\armlib\c_w.l(vfscanf.o)
        36          4          0          0          0         76   C:\Keil_v5\ARM\ARMCC\Bin\..\lib\armlib\c_w.l(vsprintf.o)
        36          0          0          0          0         84   C:\Keil_v5\ARM\ARMCC\Bin\..\lib\cpplib\cpprt_w.l(aeabi_vec_ctor_nocookie_nodtor.o)
        34          0          0          0          0         84   C:\Keil_v5\ARM\ARMCC\Bin\..\lib\cpplib\cpprt_w.l(aeabi_vec_dtor_noexceptions.o)
         6          0          0          0          0         68   C:\Keil_v5\ARM\ARMCC\Bin\..\lib\cpplib\cpprt_w.l(pure_virt.o)
        98          4          0          0          0         92   C:\Keil_v5\ARM\ARMCC\Bin\..\lib\armlib\fz_ws.l(d2f.o)
        16          4          0          0          0         68   C:\Keil_v5\ARM\ARMCC\Bin\..\lib\armlib\fz_ws.l(dcheck1.o)
        24          0          0          0          0         68   C:\Keil_v5\ARM\ARMCC\Bin\..\lib\armlib\fz_ws.l(dcmpi.o)
       120          4          0          0          0         92   C:\Keil_v5\ARM\ARMCC\Bin\..\lib\armlib\fz_ws.l(deqf.o)
       120          4          0          0          0         92   C:\Keil_v5\ARM\ARMCC\Bin\..\lib\armlib\fz_ws.l(dleqf.o)
       156          4          0          0          0         92   C:\Keil_v5\ARM\ARMCC\Bin\..\lib\armlib\fz_ws.l(dnaninf.o)
       108          0          0          0          0         80   C:\Keil_v5\ARM\ARMCC\Bin\..\lib\armlib\fz_ws.l(drleqf.o)
        54          4          0          0          0         84   C:\Keil_v5\ARM\ARMCC\Bin\..\lib\armlib\fz_ws.l(ffix.o)
       258          4          0          0          0         84   C:\Keil_v5\ARM\ARMCC\Bin\..\lib\armlib\fz_ws.l(fmul.o)
       140          4          0          0          0         84   C:\Keil_v5\ARM\ARMCC\Bin\..\lib\armlib\fz_ws.l(fnaninf.o)
         0          0         16          0          0          0   C:\Keil_v5\ARM\ARMCC\Bin\..\lib\armlib\fz_ws.l(fpconst.o)
        10          0          0          0          0         68   C:\Keil_v5\ARM\ARMCC\Bin\..\lib\armlib\fz_ws.l(fretinf.o)
         6          0          0          0          0         68   C:\Keil_v5\ARM\ARMCC\Bin\..\lib\armlib\fz_ws.l(istatus.o)
         4          0          0          0          0         68   C:\Keil_v5\ARM\ARMCC\Bin\..\lib\armlib\fz_ws.l(printf1.o)
         4          0          0          0          0         68   C:\Keil_v5\ARM\ARMCC\Bin\..\lib\armlib\fz_ws.l(printf2.o)
       100          0          0          0          0         68   C:\Keil_v5\ARM\ARMCC\Bin\..\lib\armlib\fz_ws.l(retnan.o)
        92          0          0          0          0         68   C:\Keil_v5\ARM\ARMCC\Bin\..\lib\armlib\fz_ws.l(scalbn.o)
         4          0          0          0          0         68   C:\Keil_v5\ARM\ARMCC\Bin\..\lib\armlib\fz_ws.l(scanf1.o)
         8          0          0          0          0         84   C:\Keil_v5\ARM\ARMCC\Bin\..\lib\armlib\fz_ws.l(scanf2.o)
        48          0          0          0          0         68   C:\Keil_v5\ARM\ARMCC\Bin\..\lib\armlib\fz_ws.l(trapv.o)
         0          0          0          0          0          0   C:\Keil_v5\ARM\ARMCC\Bin\..\lib\armlib\fz_ws.l(usenofp.o)
        30          6          0          0          0        136   C:\Keil_v5\ARM\ARMCC\Bin\..\lib\armlib\m_ws.l(dunder.o)
        40          0          0          0          0         68   C:\Keil_v5\ARM\ARMCC\Bin\..\lib\armlib\m_ws.l(fpclassify.o)
        88          8          0          0          0         76   C:\Keil_v5\ARM\ARMCC\Bin\..\lib\armlib\m_ws.l(frexp.o)
       138          0          0          0          0        160   C:\Keil_v5\ARM\ARMCC\Bin\..\lib\armlib\m_ws.l(ldexp.o)
       204          4          0          0          0        168   C:\Keil_v5\ARM\ARMCC\Bin\..\lib\armlib\m_ws.l(narrow.o)
       292         52         16         12          0        380   mbed/TARGET_LPC1768/TOOLCHAIN_ARM_STD/mbed.ar(FileBase.o)
        54         10         68          0          0        156   mbed/TARGET_LPC1768/TOOLCHAIN_ARM_STD/mbed.ar(FileLike.o)
       154          0          0          0          0        440   mbed/TARGET_LPC1768/TOOLCHAIN_ARM_STD/mbed.ar(FilePath.o)
       138         20        108          0          0        636   mbed/TARGET_LPC1768/TOOLCHAIN_ARM_STD/mbed.ar(Serial.o)
       264         30        114          0          0        868   mbed/TARGET_LPC1768/TOOLCHAIN_ARM_STD/mbed.ar(SerialBase.o)
       370         16         76          0          0        860   mbed/TARGET_LPC1768/TOOLCHAIN_ARM_STD/mbed.ar(Stream.o)
        84         52          0          0          0         88   mbed/TARGET_LPC1768/TOOLCHAIN_ARM_STD/mbed.ar(mbed_assert.o)
       228         98         67          8          0        156   mbed/TARGET_LPC1768/TOOLCHAIN_ARM_STD/mbed.ar(mbed_critical.o)
        18          0          0          0          0         80   mbed/TARGET_LPC1768/TOOLCHAIN_ARM_STD/mbed.ar(mbed_error.o)
       216         36          0          0          0        268   mbed/TARGET_LPC1768/TOOLCHAIN_ARM_STD/mbed.ar(mbed_gpio.o)
         4          0          0          0          0         68   mbed/TARGET_LPC1768/TOOLCHAIN_ARM_STD/mbed.ar(mbed_interface.o)
       274         78          0          0          0        308   mbed/TARGET_LPC1768/TOOLCHAIN_ARM_STD/mbed.ar(mbed_pinmap_common.o)
        28          6          0          0          0        144   mbed/TARGET_LPC1768/TOOLCHAIN_ARM_STD/mbed.ar(mbed_semihost_api.o)
        78          0          0          0          0         88   mbed/TARGET_LPC1768/TOOLCHAIN_ARM_STD/mbed.ar(mbed_ticker_api.o)
        12          6         28          8          0         68   mbed/TARGET_LPC1768/TOOLCHAIN_ARM_STD/mbed.ar(mbed_us_ticker_api.o)
        64          4          0          0          0        160   mbed/TARGET_LPC1768/TOOLCHAIN_ARM_STD/mbed.ar(mbed_wait_api_no_rtos.o)

    ----------------------------------------------------------------------
     21016       1062       1052         44        348      17188   Library Totals
        54          2          8          0          0          0   (incl. Padding)

    ----------------------------------------------------------------------

      Code (inc. data)   RO Data    RW Data    ZI Data      Debug   Library Name

     16738        602        551         16        348      10112   C:\Keil_v5\ARM\ARMCC\Bin\..\lib\armlib\c_w.l
        76          0          0          0          0        236   C:\Keil_v5\ARM\ARMCC\Bin\..\lib\cpplib\cpprt_w.l
      1370         32         16          0          0       1464   C:\Keil_v5\ARM\ARMCC\Bin\..\lib\armlib\fz_ws.l
       500         18          0          0          0        608   C:\Keil_v5\ARM\ARMCC\Bin\..\lib\armlib\m_ws.l
      2278        408        477         28          0       4768   mbed/TARGET_LPC1768/TOOLCHAIN_ARM_STD/mbed.ar

    ----------------------------------------------------------------------
     21016       1062       1052         44        348      17188   Library Totals

    ----------------------------------------------------------------------

==============================================================================


      Code (inc. data)   RO Data    RW Data    ZI Data      Debug   

     32930       2552       2222        188       5140     152631   Grand Totals
     32930       2552       2222        188       5140     152631   ELF Image Totals
     32930       2552       2222        188          0          0   ROM Totals

==============================================================================

    Total RO  Size (Code + RO Data)                35152 (  34.33kB)
    Total RW  Size (RW Data + ZI Data)              5328 (   5.20kB)
    Total ROM Size (Code + RO Data + RW Data)      35340 (  34.51kB)

==============================================================================

