Component: ARM Compiler 5.06 update 5 (build 528) Tool: armlink [4d35e2]

==============================================================================

Section Cross References

    mbed/TARGET_LPC1768/TOOLCHAIN_ARM_STD/analogin_api.o(i.analogin_init) refers to mbed/TARGET_LPC1768/TOOLCHAIN_ARM_STD/mbed.ar(mbed_pinmap_common.o)(i.pinmap_peripheral) for pinmap_peripheral
    mbed/TARGET_LPC1768/TOOLCHAIN_ARM_STD/analogin_api.o(i.analogin_init) refers to mbed/TARGET_LPC1768/TOOLCHAIN_ARM_STD/mbed.ar(mbed_assert.o)(i.mbed_assert_internal) for mbed_assert_internal
    mbed/TARGET_LPC1768/TOOLCHAIN_ARM_STD/analogin_api.o(i.analogin_init) refers to mbed/TARGET_LPC1768/TOOLCHAIN_ARM_STD/mbed.ar(mbed_pinmap_common.o)(i.pinmap_pinout) for pinmap_pinout
    mbed/TARGET_LPC1768/TOOLCHAIN_ARM_STD/analogin_api.o(i.analogin_init) refers to mbed/TARGET_LPC1768/TOOLCHAIN_ARM_STD/analogin_api.o(.constdata) for .constdata
    mbed/TARGET_LPC1768/TOOLCHAIN_ARM_STD/analogin_api.o(i.analogin_init) refers to mbed/TARGET_LPC1768/TOOLCHAIN_ARM_STD/analogin_api.o(.conststring) for .conststring
    mbed/TARGET_LPC1768/TOOLCHAIN_ARM_STD/analogin_api.o(i.analogin_init) refers to mbed/TARGET_LPC1768/TOOLCHAIN_ARM_STD/system_LPC17xx.o(.data) for SystemCoreClock
    mbed/TARGET_LPC1768/TOOLCHAIN_ARM_STD/analogin_api.o(i.analogin_read) refers to C:\Keil_v5\ARM\ARMCC\Bin\..\lib\armlib\fz_ws.l(fflt_clz.o)(x$fpl$ffltu) for __aeabi_ui2f
    mbed/TARGET_LPC1768/TOOLCHAIN_ARM_STD/analogin_api.o(i.analogin_read) refers to C:\Keil_v5\ARM\ARMCC\Bin\..\lib\armlib\fz_ws.l(fmul.o)(x$fpl$fmul) for __aeabi_fmul
    mbed/TARGET_LPC1768/TOOLCHAIN_ARM_STD/analogout_api.o(i.analogout_init) refers to mbed/TARGET_LPC1768/TOOLCHAIN_ARM_STD/mbed.ar(mbed_pinmap_common.o)(i.pinmap_peripheral) for pinmap_peripheral
    mbed/TARGET_LPC1768/TOOLCHAIN_ARM_STD/analogout_api.o(i.analogout_init) refers to mbed/TARGET_LPC1768/TOOLCHAIN_ARM_STD/mbed.ar(mbed_assert.o)(i.mbed_assert_internal) for mbed_assert_internal
    mbed/TARGET_LPC1768/TOOLCHAIN_ARM_STD/analogout_api.o(i.analogout_init) refers to mbed/TARGET_LPC1768/TOOLCHAIN_ARM_STD/mbed.ar(mbed_pinmap_common.o)(i.pinmap_pinout) for pinmap_pinout
    mbed/TARGET_LPC1768/TOOLCHAIN_ARM_STD/analogout_api.o(i.analogout_init) refers to mbed/TARGET_LPC1768/TOOLCHAIN_ARM_STD/analogout_api.o(.constdata) for .constdata
    mbed/TARGET_LPC1768/TOOLCHAIN_ARM_STD/analogout_api.o(i.analogout_init) refers to mbed/TARGET_LPC1768/TOOLCHAIN_ARM_STD/analogout_api.o(.conststring) for .conststring
    mbed/TARGET_LPC1768/TOOLCHAIN_ARM_STD/analogout_api.o(i.analogout_read) refers to C:\Keil_v5\ARM\ARMCC\Bin\..\lib\armlib\fz_ws.l(fflt_clz.o)(x$fpl$ffltu) for __aeabi_ui2f
    mbed/TARGET_LPC1768/TOOLCHAIN_ARM_STD/analogout_api.o(i.analogout_read) refers to C:\Keil_v5\ARM\ARMCC\Bin\..\lib\armlib\fz_ws.l(fmul.o)(x$fpl$fmul) for __aeabi_fmul
    mbed/TARGET_LPC1768/TOOLCHAIN_ARM_STD/analogout_api.o(i.analogout_write) refers to C:\Keil_v5\ARM\ARMCC\Bin\..\lib\armlib\fz_ws.l(fmul.o)(x$fpl$fmul) for __aeabi_fmul
    mbed/TARGET_LPC1768/TOOLCHAIN_ARM_STD/analogout_api.o(i.analogout_write) refers to C:\Keil_v5\ARM\ARMCC\Bin\..\lib\armlib\fz_ws.l(ffix.o)(x$fpl$ffix) for __aeabi_f2iz
    mbed/TARGET_LPC1768/TOOLCHAIN_ARM_STD/can_api.o(i.can_frequency) refers to mbed/TARGET_LPC1768/TOOLCHAIN_ARM_STD/system_LPC17xx.o(.data) for SystemCoreClock
    mbed/TARGET_LPC1768/TOOLCHAIN_ARM_STD/can_api.o(i.can_frequency) refers to mbed/TARGET_LPC1768/TOOLCHAIN_ARM_STD/can_api.o(.constdata) for .constdata
    mbed/TARGET_LPC1768/TOOLCHAIN_ARM_STD/can_api.o(i.can_init) refers to mbed/TARGET_LPC1768/TOOLCHAIN_ARM_STD/mbed.ar(mbed_pinmap_common.o)(i.pinmap_peripheral) for pinmap_peripheral
    mbed/TARGET_LPC1768/TOOLCHAIN_ARM_STD/can_api.o(i.can_init) refers to mbed/TARGET_LPC1768/TOOLCHAIN_ARM_STD/mbed.ar(mbed_pinmap_common.o)(i.pinmap_merge) for pinmap_merge
    mbed/TARGET_LPC1768/TOOLCHAIN_ARM_STD/can_api.o(i.can_init) refers to mbed/TARGET_LPC1768/TOOLCHAIN_ARM_STD/mbed.ar(mbed_assert.o)(i.mbed_assert_internal) for mbed_assert_internal
    mbed/TARGET_LPC1768/TOOLCHAIN_ARM_STD/can_api.o(i.can_init) refers to mbed/TARGET_LPC1768/TOOLCHAIN_ARM_STD/mbed.ar(mbed_pinmap_common.o)(i.pinmap_pinout) for pinmap_pinout
    mbed/TARGET_LPC1768/TOOLCHAIN_ARM_STD/can_api.o(i.can_init) refers to mbed/TARGET_LPC1768/TOOLCHAIN_ARM_STD/can_api.o(i.can_frequency) for can_frequency
    mbed/TARGET_LPC1768/TOOLCHAIN_ARM_STD/can_api.o(i.can_init) refers to mbed/TARGET_LPC1768/TOOLCHAIN_ARM_STD/can_api.o(.constdata) for .constdata
    mbed/TARGET_LPC1768/TOOLCHAIN_ARM_STD/can_api.o(i.can_init) refers to mbed/TARGET_LPC1768/TOOLCHAIN_ARM_STD/can_api.o(.conststring) for .conststring
    mbed/TARGET_LPC1768/TOOLCHAIN_ARM_STD/can_api.o(i.can_irq) refers to mbed/TARGET_LPC1768/TOOLCHAIN_ARM_STD/can_api.o(.data) for .data
[...]
    0x0000011a   0x0000011a   0x00000002   PAD
    0x0000011c   0x0000011c   0x0000001c   Code   RO         4658    !!handler_zi        C:\Keil_v5\ARM\ARMCC\Bin\..\lib\armlib\c_w.l(__scatter_zi.o)
    0x00000138   0x00000138   0x00000000   Code   RO         3881    .ARM.Collect$$_printf_percent$$00000000  C:\Keil_v5\ARM\ARMCC\Bin\..\lib\armlib\c_w.l(_printf_percent.o)
    0x00000138   0x00000138   0x00000006   Code   RO         4173    .ARM.Collect$$_printf_percent$$00000001  C:\Keil_v5\ARM\ARMCC\Bin\..\lib\armlib\c_w.l(_printf_n.o)
    0x0000013e   0x0000013e   0x00000006   Code   RO         3880    .ARM.Collect$$_printf_percent$$00000002  C:\Keil_v5\ARM\ARMCC\Bin\..\lib\armlib\c_w.l(_printf_p.o)
    0x00000144   0x00000144   0x00000006   Code   RO         4179    .ARM.Collect$$_printf_percent$$00000003  C:\Keil_v5\ARM\ARMCC\Bin\..\lib\armlib\c_w.l(_printf_f.o)
    0x0000014a   0x0000014a   0x00000006   Code   RO         4180    .ARM.Collect$$_printf_percent$$00000004  C:\Keil_v5\ARM\ARMCC\Bin\..\lib\armlib\c_w.l(_printf_e.o)
    0x00000150   0x00000150   0x00000006   Code   RO         4181    .ARM.Collect$$_printf_percent$$00000005  C:\Keil_v5\ARM\ARMCC\Bin\..\lib\armlib\c_w.l(_printf_g.o)
    0x00000156   0x00000156   0x00000006   Code   RO         4182    .ARM.Collect$$_printf_percent$$00000006  C:\Keil_v5\ARM\ARMCC\Bin\..\lib\armlib\c_w.l(_printf_a.o)
    0x0000015c   0x0000015c   0x0000000a   Code   RO         4187    .ARM.Collect$$_printf_percent$$00000007  C:\Keil_v5\ARM\ARMCC\Bin\..\lib\armlib\c_w.l(_printf_ll.o)
    0x00000166   0x00000166   0x00000006   Code   RO         4176    .ARM.Collect$$_printf_percent$$00000008  C:\Keil_v5\ARM\ARMCC\Bin\..\lib\armlib\c_w.l(_printf_i.o)
    0x0000016c   0x0000016c   0x00000006   Code   RO         4177    .ARM.Collect$$_printf_percent$$00000009  C:\Keil_v5\ARM\ARMCC\Bin\..\lib\armlib\c_w.l(_printf_d.o)
    0x00000172   0x00000172   0x00000006   Code   RO         4178    .ARM.Collect$$_printf_percent$$0000000A  C:\Keil_v5\ARM\ARMCC\Bin\..\lib\armlib\c_w.l(_printf_u.o)
    0x00000178   0x00000178   0x00000006   Code   RO         4175    .ARM.Collect$$_printf_percent$$0000000B  C:\Keil_v5\ARM\ARMCC\Bin\..\lib\armlib\c_w.l(_printf_o.o)
    0x0000017e   0x0000017e   0x00000006   Code   RO         4174    .ARM.Collect$$_printf_percent$$0000000C  C:\Keil_v5\ARM\ARMCC\Bin\..\lib\armlib\c_w.l(_printf_x.o)
    0x00000184   0x00000184   0x00000006   Code   RO         4184    .ARM.Collect$$_printf_percent$$0000000D  C:\Keil_v5\ARM\ARMCC\Bin\..\lib\armlib\c_w.l(_printf_lli.o)
    0x0000018a   0x0000018a   0x00000006   Code   RO         4185    .ARM.Collect$$_printf_percent$$0000000E  C:\Keil_v5\ARM\ARMCC\Bin\..\lib\armlib\c_w.l(_printf_lld.o)
    0x00000190   0x00000190   0x00000006   Code   RO         4186    .ARM.Collect$$_printf_percent$$0000000F  C:\Keil_v5\ARM\ARMCC\Bin\..\lib\armlib\c_w.l(_printf_llu.o)
    0x00000196   0x00000196   0x00000006   Code   RO         4191    .ARM.Collect$$_printf_percent$$00000010  C:\Keil_v5\ARM\ARMCC\Bin\..\lib\armlib\c_w.l(_printf_llo.o)
    0x0000019c   0x0000019c   0x00000006   Code   RO         4192    .ARM.Collect$$_printf_percent$$00000011  C:\Keil_v5\ARM\ARMCC\Bin\..\lib\armlib\c_w.l(_printf_llx.o)
    0x000001a2   0x000001a2   0x0000000a   Code   RO         4188    .ARM.Collect$$_printf_percent$$00000012  C:\Keil_v5\ARM\ARMCC\Bin\..\lib\armlib\c_w.l(_printf_l.o)
    0x000001ac   0x000001ac   0x00000006   Code   RO         4171    .ARM.Collect$$_printf_percent$$00000013  C:\Keil_v5\ARM\ARMCC\Bin\..\lib\armlib\c_w.l(_printf_c.o)
    0x000001b2   0x000001b2   0x00000006   Code   RO         4172    .ARM.Collect$$_printf_percent$$00000014  C:\Keil_v5\ARM\ARMCC\Bin\..\lib\armlib\c_w.l(_printf_s.o)
    0x000001b8   0x000001b8   0x00000006   Code   RO         4189    .ARM.Collect$$_printf_percent$$00000015  C:\Keil_v5\ARM\ARMCC\Bin\..\lib\armlib\c_w.l(_printf_lc.o)
    0x000001be   0x000001be   0x00000006   Code   RO         4190    .ARM.Collect$$_printf_percent$$00000016  C:\Keil_v5\ARM\ARMCC\Bin\..\lib\armlib\c_w.l(_printf_ls.o)
    0x000001c4   0x000001c4   0x00000004   Code   RO         4183    .ARM.Collect$$_printf_percent$$00000017  C:\Keil_v5\ARM\ARMCC\Bin\..\lib\armlib\c_w.l(_printf_percent_end.o)
    0x000001c8   0x000001c8   0x00000002   Code   RO         3951    .ARM.Collect$$libinit$$00000000  C:\Keil_v5\ARM\ARMCC\Bin\..\lib\armlib\c_w.l(libinit.o)
    0x000001ca   0x000001ca   0x00000000   Code   RO         4242    .ARM.Collect$$libinit$$00000002  C:\Keil_v5\ARM\ARMCC\Bin\..\lib\armlib\c_w.l(libinit2.o)
    0x000001ca   0x000001ca   0x00000000   Code   RO         4244    .ARM.Collect$$libinit$$00000004  C:\Keil_v5\ARM\ARMCC\Bin\..\lib\armlib\c_w.l(libinit2.o)
    0x000001ca   0x000001ca   0x00000008   Code   RO         4245    .ARM.Collect$$libinit$$00000005  C:\Keil_v5\ARM\ARMCC\Bin\..\lib\armlib\c_w.l(libinit2.o)
    0x000001d2   0x000001d2   0x00000000   Code   RO         4247    .ARM.Collect$$libinit$$0000000A  C:\Keil_v5\ARM\ARMCC\Bin\..\lib\armlib\c_w.l(libinit2.o)
    0x000001d2   0x000001d2   0x00000000   Code   RO         4249    .ARM.Collect$$libinit$$0000000C  C:\Keil_v5\ARM\ARMCC\Bin\..\lib\armlib\c_w.l(libinit2.o)
    0x000001d2   0x000001d2   0x00000000   Code   RO         4251    .ARM.Collect$$libinit$$0000000E  C:\Keil_v5\ARM\ARMCC\Bin\..\lib\armlib\c_w.l(libinit2.o)
    0x000001d2   0x000001d2   0x00000006   Code   RO         4252    .ARM.Collect$$libinit$$0000000F  C:\Keil_v5\ARM\ARMCC\Bin\..\lib\armlib\c_w.l(libinit2.o)
    0x000001d8   0x000001d8   0x00000000   Code   RO         4254    .ARM.Collect$$libinit$$00000011  C:\Keil_v5\ARM\ARMCC\Bin\..\lib\armlib\c_w.l(libinit2.o)
    0x000001d8   0x000001d8   0x0000000c   Code   RO         4255    .ARM.Collect$$libinit$$00000012  C:\Keil_v5\ARM\ARMCC\Bin\..\lib\armlib\c_w.l(libinit2.o)
    0x000001e4   0x000001e4   0x00000000   Code   RO         4256    .ARM.Collect$$libinit$$00000013  C:\Keil_v5\ARM\ARMCC\Bin\..\lib\armlib\c_w.l(libinit2.o)
    0x000001e4   0x000001e4   0x00000000   Code   RO         4258    .ARM.Collect$$libinit$$00000015  C:\Keil_v5\ARM\ARMCC\Bin\..\lib\armlib\c_w.l(libinit2.o)
    0x000001e4   0x000001e4   0x0000000a   Code   RO         4259    .ARM.Collect$$libinit$$00000016  C:\Keil_v5\ARM\ARMCC\Bin\..\lib\armlib\c_w.l(libinit2.o)
    0x000001ee   0x000001ee   0x00000000   Code   RO         4260    .ARM.Collect$$libinit$$00000017  C:\Keil_v5\ARM\ARMCC\Bin\..\lib\armlib\c_w.l(libinit2.o)
    0x000001ee   0x000001ee   0x00000000   Code   RO         4262    .ARM.Collect$$libinit$$00000019  C:\Keil_v5\ARM\ARMCC\Bin\..\lib\armlib\c_w.l(libinit2.o)
    0x000001ee   0x000001ee   0x00000000   Code   RO         4264    .ARM.Collect$$libinit$$0000001B  C:\Keil_v5\ARM\ARMCC\Bin\..\lib\armlib\c_w.l(libinit2.o)
    0x000001ee   0x000001ee   0x00000000   Code   RO         4266    .ARM.Collect$$libinit$$0000001D  C:\Keil_v5\ARM\ARMCC\Bin\..\lib\armlib\c_w.l(libinit2.o)
    0x000001ee   0x000001ee   0x00000000   Code   RO         4268    .ARM.Collect$$libinit$$0000001F  C:\Keil_v5\ARM\ARMCC\Bin\..\lib\armlib\c_w.l(libinit2.o)
    0x000001ee   0x000001ee   0x00000000   Code   RO         4270    .ARM.Collect$$libinit$$00000021  C:\Keil_v5\ARM\ARMCC\Bin\..\lib\armlib\c_w.l(libinit2.o)
    0x000001ee   0x000001ee   0x00000000   Code   RO         4272    .ARM.Collect$$libinit$$00000023  C:\Keil_v5\ARM\ARMCC\Bin\..\lib\armlib\c_w.l(libinit2.o)
    0x000001ee   0x000001ee   0x00000004   Code   RO         4273    .ARM.Collect$$libinit$$00000024  C:\Keil_v5\ARM\ARMCC\Bin\..\lib\armlib\c_w.l(libinit2.o)
    0x000001f2   0x000001f2   0x00000000   Code   RO         4274    .ARM.Collect$$libinit$$00000025  C:\Keil_v5\ARM\ARMCC\Bin\..\lib\armlib\c_w.l(libinit2.o)
    0x000001f2   0x000001f2   0x00000000   Code   RO         4278    .ARM.Collect$$libinit$$0000002C  C:\Keil_v5\ARM\ARMCC\Bin\..\lib\armlib\c_w.l(libinit2.o)
    0x000001f2   0x000001f2   0x00000000   Code   RO         4280    .ARM.Collect$$libinit$$0000002E  C:\Keil_v5\ARM\ARMCC\Bin\..\lib\armlib\c_w.l(libinit2.o)
    0x000001f2   0x000001f2   0x00000000   Code   RO         4282    .ARM.Collect$$libinit$$00000030  C:\Keil_v5\ARM\ARMCC\Bin\..\lib\armlib\c_w.l(libinit2.o)
    0x000001f2   0x000001f2   0x00000004   Code   RO         4283    .ARM.Collect$$libinit$$00000031  C:\Keil_v5\ARM\ARMCC\Bin\..\lib\armlib\c_w.l(libinit2.o)
    0x000001f6   0x000001f6   0x00000000   Code   RO         4284    .ARM.Collect$$libinit$$00000032  C:\Keil_v5\ARM\ARMCC\Bin\..\lib\armlib\c_w.l(libinit2.o)
    0x000001f6   0x000001f6   0x00000002   Code   RO         4285    .ARM.Collect$$libinit$$00000033  C:\Keil_v5\ARM\ARMCC\Bin\..\lib\armlib\c_w.l(libinit2.o)
    0x000001f8   0x000001f8   0x00000000   Code   RO         4422    .ARM.Collect$$libshutdown$$00000004  C:\Keil_v5\ARM\ARMCC\Bin\..\lib\armlib\c_w.l(libshutdown2.o)
    0x000001f8   0x000001f8   0x00000034   Code   RO         2309    .emb_text           .\build\rtx_conf_cm.o
    0x0000022c   0x0000022c   0x00000000   Code   RO         4339    .emb_text           C:\Keil_v5\ARM\ARMCC\Bin\..\lib\armlib\c_w.l(maybetermalloc1.o)
    0x0000022c   0x0000022c   0x00000024   Code   RO          519    .text               mbed/TARGET_LPC1768/TOOLCHAIN_ARM_STD/startup_LPC17xx.o
    0x00000250   0x00000250   0x00000008   Code   RO         3762    .text               C:\Keil_v5\ARM\ARMCC\Bin\..\lib\armlib\c_w.l(libspace.o)
    0x00000258   0x00000258   0x0000009e   Code   RO         3773    .text               C:\Keil_v5\ARM\ARMCC\Bin\..\lib\armlib\c_w.l(h1_alloc_mt.o)
    0x000002f6   0x000002f6   0x00000006   Code   RO         3949    .text               C:\Keil_v5\ARM\ARMCC\Bin\..\lib\armlib\c_w.l(heapauxi.o)
    0x000002fc   0x000002fc   0x00000004   Code   RO          518    .ARM.__at_0x02FC    mbed/TARGET_LPC1768/TOOLCHAIN_ARM_STD/startup_LPC17xx.o
    0x00000300   0x00000300   0x00000130   Code   RO          601    .emb_text           .\build\hal_cm3.o
    0x00000430   0x00000430   0x00000076   Code   RO         3775    .text               C:\Keil_v5\ARM\ARMCC\Bin\..\lib\armlib\c_w.l(h1_free_mt.o)
    0x000004a6   0x000004a6   0x00000002   PAD
    0x000004a8   0x000004a8   0x00000024   Code   RO         3829    .text               C:\Keil_v5\ARM\ARMCC\Bin\..\lib\armlib\c_w.l(vsprintf.o)
    0x000004cc   0x000004cc   0x0000000a   Code   RO         3831    .text               C:\Keil_v5\ARM\ARMCC\Bin\..\lib\armlib\c_w.l(c89vfprintf.o)
    0x000004d6   0x000004d6   0x00000002   PAD
    0x000004d8   0x000004d8   0x0000002c   Code   RO         3833    .text               C:\Keil_v5\ARM\ARMCC\Bin\..\lib\armlib\c_w.l(__2sprintf.o)
    0x00000504   0x00000504   0x00000094   Code   RO         3857    .text               C:\Keil_v5\ARM\ARMCC\Bin\..\lib\armlib\c_w.l(_printf_hex_int_ll_ptr.o)
    0x00000598   0x00000598   0x00000188   Code   RO         3877    .text               C:\Keil_v5\ARM\ARMCC\Bin\..\lib\armlib\c_w.l(__printf_flags_ss_wp.o)
    0x00000720   0x00000720   0x0000003c   Code   RO         3884    .text               C:\Keil_v5\ARM\ARMCC\Bin\..\lib\armlib\c_w.l(__0sscanf.o)
    0x0000075c   0x0000075c   0x0000014c   Code   RO         3886    .text               C:\Keil_v5\ARM\ARMCC\Bin\..\lib\armlib\c_w.l(_scanf_int.o)
    0x000008a8   0x000008a8   0x00000014   Code   RO         3904    .text               C:\Keil_v5\ARM\ARMCC\Bin\..\lib\armlib\c_w.l(setbuf.o)
    0x000008bc   0x000008bc   0x0000004c   Code   RO         3912    .text               C:\Keil_v5\ARM\ARMCC\Bin\..\lib\armlib\c_w.l(fclose.o)
    0x00000908   0x00000908   0x00000020   Code   RO         3914    .text               C:\Keil_v5\ARM\ARMCC\Bin\..\lib\armlib\c_w.l(fgetc_locked.o)
    0x00000928   0x00000928   0x00000034   Code   RO         3918    .text               C:\Keil_v5\ARM\ARMCC\Bin\..\lib\armlib\c_w.l(fclose_locked.o)
    0x0000095c   0x0000095c   0x00000090   Code   RO         3920    .text               C:\Keil_v5\ARM\ARMCC\Bin\..\lib\armlib\c_w.l(fflush_locked.o)
    0x000009ec   0x000009ec   0x00000144   Code   RO         3922    .text               C:\Keil_v5\ARM\ARMCC\Bin\..\lib\armlib\c_w.l(fopen_locked.o)
    0x00000b30   0x00000b30   0x00000014   Code   RO         3924    .text               C:\Keil_v5\ARM\ARMCC\Bin\..\lib\armlib\c_w.l(strchr.o)
    0x00000b44   0x00000b44   0x00000048   Code   RO         3926    .text               C:\Keil_v5\ARM\ARMCC\Bin\..\lib\armlib\c_w.l(strcpy.o)
    0x00000b8c   0x00000b8c   0x0000003e   Code   RO         3928    .text               C:\Keil_v5\ARM\ARMCC\Bin\..\lib\armlib\c_w.l(strlen.o)
    0x00000bca   0x00000bca   0x00000096   Code   RO         3930    .text               C:\Keil_v5\ARM\ARMCC\Bin\..\lib\armlib\c_w.l(strncmp.o)
    0x00000c60   0x00000c60   0x00000064   Code   RO         3934    .text               C:\Keil_v5\ARM\ARMCC\Bin\..\lib\armlib\c_w.l(rt_memcpy_w.o)
    0x00000cc4   0x00000cc4   0x0000004e   Code   RO         3938    .text               C:\Keil_v5\ARM\ARMCC\Bin\..\lib\armlib\c_w.l(rt_memclr_w.o)
    0x00000d12   0x00000d12   0x00000002   PAD
    0x00000d14   0x00000d14   0x00000080   Code   RO         3942    .text               C:\Keil_v5\ARM\ARMCC\Bin\..\lib\armlib\c_w.l(strcmpv7m.o)
    0x00000d94   0x00000d94   0x00000024   Code   RO         3957    .text               C:\Keil_v5\ARM\ARMCC\Bin\..\lib\armlib\c_w.l(init_aeabi.o)
    0x00000db8   0x00000db8   0x00000022   Code   RO         4072    .text               C:\Keil_v5\ARM\ARMCC\Bin\..\lib\cpplib\cpprt_w.l(aeabi_vec_dtor_noexceptions.o)
    0x00000dda   0x00000dda   0x0000000a   Code   RO         4120    .text               C:\Keil_v5\ARM\ARMCC\Bin\..\lib\armlib\c_w.l(rt_heap_descriptor_twolibspace.o)
    0x00000de4   0x00000de4   0x00000004   Code   RO         4122    .text               C:\Keil_v5\ARM\ARMCC\Bin\..\lib\armlib\c_w.l(hguard.o)
    0x00000de8   0x00000de8   0x0000008a   Code   RO         4124    .text               C:\Keil_v5\ARM\ARMCC\Bin\..\lib\armlib\c_w.l(init_alloc.o)
    0x00000e72   0x00000e72   0x00000012   Code   RO         4130    .text               C:\Keil_v5\ARM\ARMCC\Bin\..\lib\armlib\c_w.l(h1_init_mt.o)
    0x00000e84   0x00000e84   0x0000004e   Code   RO         4142    .text               C:\Keil_v5\ARM\ARMCC\Bin\..\lib\armlib\c_w.l(_printf_pad.o)
    0x00000ed2   0x00000ed2   0x00000024   Code   RO         4144    .text               C:\Keil_v5\ARM\ARMCC\Bin\..\lib\armlib\c_w.l(_printf_truncate.o)
    0x00000ef6   0x00000ef6   0x00000052   Code   RO         4146    .text               C:\Keil_v5\ARM\ARMCC\Bin\..\lib\armlib\c_w.l(_printf_str.o)
    0x00000f48   0x00000f48   0x000000b2   Code   RO         4148    .text               C:\Keil_v5\ARM\ARMCC\Bin\..\lib\armlib\c_w.l(_printf_intcommon.o)
    0x00000ffa   0x00000ffa   0x00000002   PAD
    0x00000ffc   0x00000ffc   0x00000078   Code   RO         4150    .text               C:\Keil_v5\ARM\ARMCC\Bin\..\lib\armlib\c_w.l(_printf_dec.o)
    0x00001074   0x00001074   0x00000028   Code   RO         4152    .text               C:\Keil_v5\ARM\ARMCC\Bin\..\lib\armlib\c_w.l(_printf_charcount.o)
    0x0000109c   0x0000109c   0x00000030   Code   RO         4154    .text               C:\Keil_v5\ARM\ARMCC\Bin\..\lib\armlib\c_w.l(_printf_char_common.o)
    0x000010cc   0x000010cc   0x0000000a   Code   RO         4156    .text               C:\Keil_v5\ARM\ARMCC\Bin\..\lib\armlib\c_w.l(_sputc.o)
    0x000010d6   0x000010d6   0x00000002   PAD
    0x000010d8   0x000010d8   0x000000bc   Code   RO         4160    .text               C:\Keil_v5\ARM\ARMCC\Bin\..\lib\armlib\c_w.l(_printf_wctomb.o)
    0x00001194   0x00001194   0x0000007c   Code   RO         4163    .text               C:\Keil_v5\ARM\ARMCC\Bin\..\lib\armlib\c_w.l(_printf_longlong_dec.o)
    0x00001210   0x00001210   0x00000070   Code   RO         4169    .text               C:\Keil_v5\ARM\ARMCC\Bin\..\lib\armlib\c_w.l(_printf_oct_int_ll.o)
    0x00001280   0x00001280   0x0000001c   Code   RO         4193    .text               C:\Keil_v5\ARM\ARMCC\Bin\..\lib\armlib\c_w.l(_chval.o)
    0x0000129c   0x0000129c   0x0000002c   Code   RO         4199    .text               C:\Keil_v5\ARM\ARMCC\Bin\..\lib\armlib\c_w.l(scanf_char.o)
    0x000012c8   0x000012c8   0x00000040   Code   RO         4201    .text               C:\Keil_v5\ARM\ARMCC\Bin\..\lib\armlib\c_w.l(_sgetc.o)
    0x00001308   0x00001308   0x0000023a   Code   RO         4213    .text               C:\Keil_v5\ARM\ARMCC\Bin\..\lib\armlib\c_w.l(filbuf.o)
    0x00001542   0x00001542   0x000001d6   Code   RO         4215    .text               C:\Keil_v5\ARM\ARMCC\Bin\..\lib\armlib\c_w.l(flsbuf.o)
    0x00001718   0x00001718   0x000000f8   Code   RO         4217    .text               C:\Keil_v5\ARM\ARMCC\Bin\..\lib\armlib\c_w.l(fseek.o)
    0x00001810   0x00001810   0x000000f0   Code   RO         4221    .text               C:\Keil_v5\ARM\ARMCC\Bin\..\lib\armlib\c_w.l(stdio.o)
    0x00001900   0x00001900   0x00000068   Code   RO         4228    .text               C:\Keil_v5\ARM\ARMCC\Bin\..\lib\armlib\c_w.l(setvbuf_locked.o)
    0x00001968   0x00001968   0x000001c8   Code   RO         4230    .text               C:\Keil_v5\ARM\ARMCC\Bin\..\lib\armlib\c_w.l(initio_locked.o)
    0x00001b30   0x00001b30   0x0000000e   Code   RO         4232    .text               C:\Keil_v5\ARM\ARMCC\Bin\..\lib\armlib\c_w.l(defsig_pvfn_outer.o)
    0x00001b3e   0x00001b3e   0x0000003e   Code   RO         4343    .text               C:\Keil_v5\ARM\ARMCC\Bin\..\lib\armlib\c_w.l(h1_extend_mt.o)
    0x00001b7c   0x00001b7c   0x0000008a   Code   RO         4345    .text               C:\Keil_v5\ARM\ARMCC\Bin\..\lib\armlib\c_w.l(lludiv10.o)
    0x00001c06   0x00001c06   0x00000012   Code   RO         4347    .text               C:\Keil_v5\ARM\ARMCC\Bin\..\lib\armlib\c_w.l(isspace.o)
    0x00001c18   0x00001c18   0x0000041e   Code   RO         4349    .text               C:\Keil_v5\ARM\ARMCC\Bin\..\lib\armlib\c_w.l(_printf_fp_dec.o)
    0x00002036   0x00002036   0x00000002   PAD
    0x00002038   0x00002038   0x000002fc   Code   RO         4351    .text               C:\Keil_v5\ARM\ARMCC\Bin\..\lib\armlib\c_w.l(_printf_fp_hex.o)
    0x00002334   0x00002334   0x0000002c   Code   RO         4356    .text               C:\Keil_v5\ARM\ARMCC\Bin\..\lib\armlib\c_w.l(_printf_char.o)
    0x00002360   0x00002360   0x00000040   Code   RO         4358    .text               C:\Keil_v5\ARM\ARMCC\Bin\..\lib\armlib\c_w.l(_printf_char_file_locked.o)
    0x000023a0   0x000023a0   0x0000002c   Code   RO         4360    .text               C:\Keil_v5\ARM\ARMCC\Bin\..\lib\armlib\c_w.l(_printf_wchar.o)
    0x000023cc   0x000023cc   0x00000374   Code   RO         4362    .text               C:\Keil_v5\ARM\ARMCC\Bin\..\lib\armlib\c_w.l(_scanf.o)
    0x00002740   0x00002740   0x00000042   Code   RO         4372    .text               C:\Keil_v5\ARM\ARMCC\Bin\..\lib\armlib\c_w.l(ftell.o)
    0x00002782   0x00002782   0x00000056   Code   RO         4382    .text               C:\Keil_v5\ARM\ARMCC\Bin\..\lib\armlib\c_w.l(fgets_locked.o)
    0x000027d8   0x000027d8   0x0000005c   Code   RO         4394    .text               C:\Keil_v5\ARM\ARMCC\Bin\..\lib\armlib\c_w.l(flushlinebuffered_locked.o)
    0x00002834   0x00002834   0x00000040   Code   RO         4398    .text               C:\Keil_v5\ARM\ARMCC\Bin\..\lib\armlib\c_w.l(_wcrtomb.o)
    0x00002874   0x00002874   0x0000000a   Code   RO         4400    .text               C:\Keil_v5\ARM\ARMCC\Bin\..\lib\armlib\c_w.l(defsig_exit.o)
    0x0000287e   0x0000287e   0x0000000e   Code   RO         4402    .text               C:\Keil_v5\ARM\ARMCC\Bin\..\lib\armlib\c_w.l(defsig_rtred_outer.o)
    0x0000288c   0x0000288c   0x0000000e   Code   RO         4406    .text               C:\Keil_v5\ARM\ARMCC\Bin\..\lib\armlib\c_w.l(defsig_rtmem_outer.o)
    0x0000289a   0x0000289a   0x00000002   PAD
    0x0000289c   0x0000289c   0x00000030   Code   RO         4410    .text               C:\Keil_v5\ARM\ARMCC\Bin\..\lib\armlib\c_w.l(defsig_pvfn_inner.o)
    0x000028cc   0x000028cc   0x0000000c   Code   RO         4455    .text               C:\Keil_v5\ARM\ARMCC\Bin\..\lib\armlib\c_w.l(sys_exit.o)
    0x000028d8   0x000028d8   0x00000010   Code   RO         4457    .text               C:\Keil_v5\ARM\ARMCC\Bin\..\lib\armlib\c_w.l(rt_ctype_table.o)
    0x000028e8   0x000028e8   0x0000000a   Code   RO         4464    .text               C:\Keil_v5\ARM\ARMCC\Bin\..\lib\armlib\c_w.l(rt_locale_twolibspace.o)
    0x000028f2   0x000028f2   0x00000004   Code   RO         4478    .text               C:\Keil_v5\ARM\ARMCC\Bin\..\lib\armlib\c_w.l(rt_errno_addr_twolibspace.o)
    0x000028f6   0x000028f6   0x00000002   PAD
    0x000028f8   0x000028f8   0x00000080   Code   RO         4482    .text               C:\Keil_v5\ARM\ARMCC\Bin\..\lib\armlib\c_w.l(_printf_fp_infnan.o)
    0x00002978   0x00002978   0x000000e4   Code   RO         4484    .text               C:\Keil_v5\ARM\ARMCC\Bin\..\lib\armlib\c_w.l(bigflt0.o)
    0x00002a5c   0x00002a5c   0x00000032   Code   RO         4518    .text               C:\Keil_v5\ARM\ARMCC\Bin\..\lib\armlib\c_w.l(defsig_general.o)
    0x00002a8e   0x00002a8e   0x00000002   PAD
    0x00002a90   0x00002a90   0x00000034   Code   RO         4524    .text               C:\Keil_v5\ARM\ARMCC\Bin\..\lib\armlib\c_w.l(defsig_rtred_inner.o)
    0x00002ac4   0x00002ac4   0x00000050   Code   RO         4526    .text               C:\Keil_v5\ARM\ARMCC\Bin\..\lib\armlib\c_w.l(defsig_rtmem_inner.o)
    0x00002b14   0x00002b14   0x0000000e   Code   RO         4564    .text               C:\Keil_v5\ARM\ARMCC\Bin\..\lib\armlib\c_w.l(sys_wrch.o)
    0x00002b22   0x00002b22   0x00000002   Code   RO         4566    .text               C:\Keil_v5\ARM\ARMCC\Bin\..\lib\armlib\c_w.l(use_no_semi.o)
    0x00002b24   0x00002b24   0x00000000   Code   RO         4568    .text               C:\Keil_v5\ARM\ARMCC\Bin\..\lib\armlib\c_w.l(indicate_semi.o)
    0x00002b24   0x00002b24   0x0000003e   Code   RO         4487    CL$$btod_d2e        C:\Keil_v5\ARM\ARMCC\Bin\..\lib\armlib\c_w.l(btod.o)
    0x00002b62   0x00002b62   0x00000046   Code   RO         4489    CL$$btod_d2e_denorm_low  C:\Keil_v5\ARM\ARMCC\Bin\..\lib\armlib\c_w.l(btod.o)
    0x00002ba8   0x00002ba8   0x00000060   Code   RO         4488    CL$$btod_d2e_norm_op1  C:\Keil_v5\ARM\ARMCC\Bin\..\lib\armlib\c_w.l(btod.o)
    0x00002c08   0x00002c08   0x00000338   Code   RO         4497    CL$$btod_div_common  C:\Keil_v5\ARM\ARMCC\Bin\..\lib\armlib\c_w.l(btod.o)
    0x00002f40   0x00002f40   0x000000dc   Code   RO         4494    CL$$btod_e2e        C:\Keil_v5\ARM\ARMCC\Bin\..\lib\armlib\c_w.l(btod.o)
    0x0000301c   0x0000301c   0x0000002a   Code   RO         4491    CL$$btod_ediv       C:\Keil_v5\ARM\ARMCC\Bin\..\lib\armlib\c_w.l(btod.o)
    0x00003046   0x00003046   0x0000002a   Code   RO         4490    CL$$btod_emul       C:\Keil_v5\ARM\ARMCC\Bin\..\lib\armlib\c_w.l(btod.o)
    0x00003070   0x00003070   0x00000244   Code   RO         4496    CL$$btod_mult_common  C:\Keil_v5\ARM\ARMCC\Bin\..\lib\armlib\c_w.l(btod.o)
    0x000032b4   0x000032b4   0x00000004   Code   RO         2433    SVC_TABLE           .\build\svc_table.o
    0x000032b8   0x000032b8   0x0000000e   Code   RO          261    i.$Sub$$main        mbed/TARGET_LPC1768/TOOLCHAIN_ARM_STD/retarget.o
    0x000032c6   0x000032c6   0x00000006   Code   RO         3349    i.<Func1>           mbed/TARGET_LPC1768/TOOLCHAIN_ARM_STD/mbed.ar(SerialBase.o)
    0x000032cc   0x000032cc   0x000000a0   Code   RO          528    i.SystemInit        mbed/TARGET_LPC1768/TOOLCHAIN_ARM_STD/system_LPC17xx.o
    0x0000336c   0x0000336c   0x00000090   Code   RO         2632    i._Z13getAccReadingv  .\build\main.o
    0x000033fc   0x000033fc   0x000000d4   Code   RO         2633    i._Z14readConfigFilePcS_  .\build\main.o
    0x000034d0   0x000034d0   0x0000003c   Code   RO         2635    i._Z9sendFramePc    .\build\main.o
    0x0000350c   0x0000350c   0x00000088   Code   RO         2710    i._ZN4mbed10DigitalOut5writeEi  .\build\main.o
    0x00003594   0x00003594   0x00000012   Code   RO         2686    i._ZN4mbed10DigitalOutaSEi  .\build\main.o
    0x000035a6   0x000035a6   0x00000052   Code   RO          401    i._ZN4mbed10FileHandle4flenEv  mbed/TARGET_LPC1768/TOOLCHAIN_ARM_STD/retarget.o
    0x000035f8   0x000035f8   0x00000002   Code   RO          405    i._ZN4mbed10FileHandle4lockEv  mbed/TARGET_LPC1768/TOOLCHAIN_ARM_STD/retarget.o
    0x000035fa   0x000035fa   0x00000002   Code   RO          408    i._ZN4mbed10FileHandle6unlockEv  mbed/TARGET_LPC1768/TOOLCHAIN_ARM_STD/retarget.o
    0x000035fc   0x000035fc   0x00000074   Code   RO          263    i._ZN4mbed10FileHandleD2Ev  mbed/TARGET_LPC1768/TOOLCHAIN_ARM_STD/retarget.o
    0x00003670   0x00003670   0x00000006   Code   RO         3350    i._ZN4mbed10SerialBase10_base_getcEv  mbed/TARGET_LPC1768/TOOLCHAIN_ARM_STD/mbed.ar(SerialBase.o)
    0x00003676   0x00003676   0x0000000e   Code   RO         3351    i._ZN4mbed10SerialBase10_base_putcEi  mbed/TARGET_LPC1768/TOOLCHAIN_ARM_STD/mbed.ar(SerialBase.o)
    0x00003684   0x00003684   0x00000030   Code   RO         3353    i._ZN4mbed10SerialBase12_irq_handlerEj9SerialIrq  mbed/TARGET_LPC1768/TOOLCHAIN_ARM_STD/mbed.ar(SerialBase.o)
    0x000036b4   0x000036b4   0x00000002   Code   RO         3356    i._ZN4mbed10SerialBase4lockEv  mbed/TARGET_LPC1768/TOOLCHAIN_ARM_STD/mbed.ar(SerialBase.o)
    0x000036b6   0x000036b6   0x00000002   Code   RO         3359    i._ZN4mbed10SerialBase6unlockEv  mbed/TARGET_LPC1768/TOOLCHAIN_ARM_STD/mbed.ar(SerialBase.o)
    0x000036b8   0x000036b8   0x00000020   Code   RO         3360    i._ZN4mbed10SerialBase8readableEv  mbed/TARGET_LPC1768/TOOLCHAIN_ARM_STD/mbed.ar(SerialBase.o)
    0x000036d8   0x000036d8   0x00000088   Code   RO         3362    i._ZN4mbed10SerialBaseC1E7PinNameS1_i  mbed/TARGET_LPC1768/TOOLCHAIN_ARM_STD/mbed.ar(SerialBase.o)
    0x00003760   0x00003760   0x00000014   Code   RO         3043    i._ZN4mbed14FileSystemLikeC2EPKc  mbed/TARGET_LPC1768/TOOLCHAIN_ARM_STD/mbed.ar(FileSystemLike.o)
    0x00003774   0x00003774   0x00000004   Code   RO         3045    i._ZN4mbed14FileSystemLikeD2Ev  mbed/TARGET_LPC1768/TOOLCHAIN_ARM_STD/mbed.ar(FileSystemLike.o)
    0x00003778   0x00003778   0x00000020   Code   RO         3173    i._ZN4mbed15LocalFileHandle4flenEv  mbed/TARGET_LPC1768/TOOLCHAIN_ARM_STD/mbed.ar(LocalFileSystem.o)
    0x00003798   0x00003798   0x00000002   Code   RO         3174    i._ZN4mbed15LocalFileHandle4lockEv  mbed/TARGET_LPC1768/TOOLCHAIN_ARM_STD/mbed.ar(LocalFileSystem.o)
    0x0000379a   0x0000379a   0x00000030   Code   RO         3175    i._ZN4mbed15LocalFileHandle4readEPvj  mbed/TARGET_LPC1768/TOOLCHAIN_ARM_STD/mbed.ar(LocalFileSystem.o)
    0x000037ca   0x000037ca   0x00000018   Code   RO         3176    i._ZN4mbed15LocalFileHandle5closeEv  mbed/TARGET_LPC1768/TOOLCHAIN_ARM_STD/mbed.ar(LocalFileSystem.o)
    0x000037e2   0x000037e2   0x0000003a   Code   RO         3178    i._ZN4mbed15LocalFileHandle5lseekEli  mbed/TARGET_LPC1768/TOOLCHAIN_ARM_STD/mbed.ar(LocalFileSystem.o)
    0x0000381c   0x0000381c   0x00000030   Code   RO         3179    i._ZN4mbed15LocalFileHandle5writeEPKvj  mbed/TARGET_LPC1768/TOOLCHAIN_ARM_STD/mbed.ar(LocalFileSystem.o)
    0x0000384c   0x0000384c   0x00000020   Code   RO         3180    i._ZN4mbed15LocalFileHandle6isattyEv  mbed/TARGET_LPC1768/TOOLCHAIN_ARM_STD/mbed.ar(LocalFileSystem.o)
    0x0000386c   0x0000386c   0x00000002   Code   RO         3181    i._ZN4mbed15LocalFileHandle6unlockEv  mbed/TARGET_LPC1768/TOOLCHAIN_ARM_STD/mbed.ar(LocalFileSystem.o)
    0x0000386e   0x0000386e   0x00000002   PAD
    0x00003870   0x00003870   0x00000018   Code   RO         3239    i._ZN4mbed15LocalFileHandleD0Ev  mbed/TARGET_LPC1768/TOOLCHAIN_ARM_STD/mbed.ar(LocalFileSystem.o)
    0x00003888   0x00003888   0x00000080   Code   RO         3183    i._ZN4mbed15LocalFileSystem4openEPKci  mbed/TARGET_LPC1768/TOOLCHAIN_ARM_STD/mbed.ar(LocalFileSystem.o)
    0x00003908   0x00003908   0x00000004   Code   RO         3236    i._ZN4mbed15LocalFileSystemD1Ev  mbed/TARGET_LPC1768/TOOLCHAIN_ARM_STD/mbed.ar(LocalFileSystem.o)
    0x0000390c   0x0000390c   0x00000006   Code   RO          264    i._ZN4mbed26mbed_set_unbuffered_streamEPSt6__FILE  mbed/TARGET_LPC1768/TOOLCHAIN_ARM_STD/retarget.o
    0x00003912   0x00003912   0x00000002   PAD
    0x00003914   0x00003914   0x0000002c   Code   RO         3114    i._ZN4mbed3I2C4lockEv  mbed/TARGET_LPC1768/TOOLCHAIN_ARM_STD/mbed.ar(I2C.o)
    0x00003940   0x00003940   0x0000006c   Code   RO         3116    i._ZN4mbed3I2C4readEiPcib  mbed/TARGET_LPC1768/TOOLCHAIN_ARM_STD/mbed.ar(I2C.o)
    0x000039ac   0x000039ac   0x0000006c   Code   RO         3120    i._ZN4mbed3I2C5writeEiPKcib  mbed/TARGET_LPC1768/TOOLCHAIN_ARM_STD/mbed.ar(I2C.o)
    0x00003a18   0x00003a18   0x0000002c   Code   RO         3122    i._ZN4mbed3I2C6unlockEv  mbed/TARGET_LPC1768/TOOLCHAIN_ARM_STD/mbed.ar(I2C.o)
    0x00003a44   0x00003a44   0x0000002c   Code   RO         3124    i._ZN4mbed3I2CC1E7PinNameS1_  mbed/TARGET_LPC1768/TOOLCHAIN_ARM_STD/mbed.ar(I2C.o)
    0x00003a70   0x00003a70   0x00000002   Code   RO         3162    i._ZN4mbed3I2CD1Ev  mbed/TARGET_LPC1768/TOOLCHAIN_ARM_STD/mbed.ar(I2C.o)
    0x00003a72   0x00003a72   0x00000002   Code   RO         3288    i._ZN4mbed6Serial4lockEv  mbed/TARGET_LPC1768/TOOLCHAIN_ARM_STD/mbed.ar(Serial.o)
    0x00003a74   0x00003a74   0x00000002   Code   RO         3291    i._ZN4mbed6Serial6unlockEv  mbed/TARGET_LPC1768/TOOLCHAIN_ARM_STD/mbed.ar(Serial.o)
    0x00003a76   0x00003a76   0x00000002   PAD
    0x00003a78   0x00003a78   0x00000028   Code   RO         3292    i._ZN4mbed6SerialC1E7PinNameS1_PKci  mbed/TARGET_LPC1768/TOOLCHAIN_ARM_STD/mbed.ar(Serial.o)
    0x00003aa0   0x00003aa0   0x0000003c   Code   RO         3323    i._ZN4mbed6SerialD1Ev  mbed/TARGET_LPC1768/TOOLCHAIN_ARM_STD/mbed.ar(Serial.o)
    0x00003adc   0x00003adc   0x00000004   Code   RO         3429    i._ZN4mbed6Stream4flenEv  mbed/TARGET_LPC1768/TOOLCHAIN_ARM_STD/mbed.ar(Stream.o)
    0x00003ae0   0x00003ae0   0x00000026   Code   RO         3430    i._ZN4mbed6Stream4getcEv  mbed/TARGET_LPC1768/TOOLCHAIN_ARM_STD/mbed.ar(Stream.o)
    0x00003b06   0x00003b06   0x0000003c   Code   RO         3434    i._ZN4mbed6Stream4readEPvj  mbed/TARGET_LPC1768/TOOLCHAIN_ARM_STD/mbed.ar(Stream.o)
    0x00003b42   0x00003b42   0x00000004   Code   RO         3435    i._ZN4mbed6Stream5closeEv  mbed/TARGET_LPC1768/TOOLCHAIN_ARM_STD/mbed.ar(Stream.o)
    0x00003b46   0x00003b46   0x00000004   Code   RO         3437    i._ZN4mbed6Stream5lseekEli  mbed/TARGET_LPC1768/TOOLCHAIN_ARM_STD/mbed.ar(Stream.o)
    0x00003b4a   0x00003b4a   0x0000003c   Code   RO         3439    i._ZN4mbed6Stream5writeEPKvj  mbed/TARGET_LPC1768/TOOLCHAIN_ARM_STD/mbed.ar(Stream.o)
    0x00003b86   0x00003b86   0x00000004   Code   RO         3440    i._ZN4mbed6Stream6isattyEv  mbed/TARGET_LPC1768/TOOLCHAIN_ARM_STD/mbed.ar(Stream.o)
    0x00003b8a   0x00003b8a   0x00000032   Code   RO         3441    i._ZN4mbed6Stream6printfEPKcz  mbed/TARGET_LPC1768/TOOLCHAIN_ARM_STD/mbed.ar(Stream.o)
    0x00003bbc   0x00003bbc   0x00000040   Code   RO         3444    i._ZN4mbed6StreamC2EPKc  mbed/TARGET_LPC1768/TOOLCHAIN_ARM_STD/mbed.ar(Stream.o)
    0x00003bfc   0x00003bfc   0x00000020   Code   RO         3446    i._ZN4mbed6StreamD2Ev  mbed/TARGET_LPC1768/TOOLCHAIN_ARM_STD/mbed.ar(Stream.o)
    0x00003c1c   0x00003c1c   0x00000004   Code   RO         3710    i._ZN4mbed8FileBase11getPathTypeEv  mbed/TARGET_LPC1768/TOOLCHAIN_ARM_STD/mbed.ar(FileBase.o)
    0x00003c20   0x00003c20   0x0000006c   Code   RO         3712    i._ZN4mbed8FileBase6lookupEPKcj  mbed/TARGET_LPC1768/TOOLCHAIN_ARM_STD/mbed.ar(FileBase.o)
    0x00003c8c   0x00003c8c   0x00000040   Code   RO         3714    i._ZN4mbed8FileBaseC1EPKcNS_8PathTypeE  mbed/TARGET_LPC1768/TOOLCHAIN_ARM_STD/mbed.ar(FileBase.o)
    0x00003ccc   0x00003ccc   0x00000048   Code   RO         3716    i._ZN4mbed8FileBaseD1Ev  mbed/TARGET_LPC1768/TOOLCHAIN_ARM_STD/mbed.ar(FileBase.o)
    0x00003d14   0x00003d14   0x00000024   Code   RO         3685    i._ZN4mbed8FileLikeC2EPKc  mbed/TARGET_LPC1768/TOOLCHAIN_ARM_STD/mbed.ar(FileLike.o)
    0x00003d38   0x00003d38   0x00000012   Code   RO         3687    i._ZN4mbed8FileLikeD2Ev  mbed/TARGET_LPC1768/TOOLCHAIN_ARM_STD/mbed.ar(FileLike.o)
    0x00003d4a   0x00003d4a   0x00000018   Code   RO         3015    i._ZN4mbed8FilePath10fileSystemEv  mbed/TARGET_LPC1768/TOOLCHAIN_ARM_STD/mbed.ar(FilePath.o)
    0x00003d62   0x00003d62   0x0000001c   Code   RO         3017    i._ZN4mbed8FilePath4fileEv  mbed/TARGET_LPC1768/TOOLCHAIN_ARM_STD/mbed.ar(FilePath.o)
    0x00003d7e   0x00003d7e   0x0000000a   Code   RO         3018    i._ZN4mbed8FilePath6existsEv  mbed/TARGET_LPC1768/TOOLCHAIN_ARM_STD/mbed.ar(FilePath.o)
    0x00003d88   0x00003d88   0x00000018   Code   RO         3019    i._ZN4mbed8FilePath6isFileEv  mbed/TARGET_LPC1768/TOOLCHAIN_ARM_STD/mbed.ar(FilePath.o)
    0x00003da0   0x00003da0   0x00000004   Code   RO         3020    i._ZN4mbed8FilePath8fileNameEv  mbed/TARGET_LPC1768/TOOLCHAIN_ARM_STD/mbed.ar(FilePath.o)
    0x00003da4   0x00003da4   0x00000040   Code   RO         3021    i._ZN4mbed8FilePathC1EPKc  mbed/TARGET_LPC1768/TOOLCHAIN_ARM_STD/mbed.ar(FilePath.o)
    0x00003de4   0x00003de4   0x00000088   Code   RO         2692    i._ZN4mbed9DigitalIncviEv  .\build\main.o
    0x00003e6c   0x00003e6c   0x00000002   Code   RO         3363    i._ZN4mbed9donothingEv  mbed/TARGET_LPC1768/TOOLCHAIN_ARM_STD/mbed.ar(SerialBase.o)
    0x00003e6e   0x00003e6e   0x00000004   Code   RO          265    i._ZN4mbed9mbed_getcEPSt6__FILE  mbed/TARGET_LPC1768/TOOLCHAIN_ARM_STD/retarget.o
    0x00003e72   0x00003e72   0x00000002   Code   RO         3294    i._ZThn48_N4mbed6Serial4lockEv  mbed/TARGET_LPC1768/TOOLCHAIN_ARM_STD/mbed.ar(Serial.o)
    0x00003e74   0x00003e74   0x00000006   Code   RO         3295    i._ZThn48_N4mbed6Serial5_getcEv  mbed/TARGET_LPC1768/TOOLCHAIN_ARM_STD/mbed.ar(Serial.o)
    0x00003e7a   0x00003e7a   0x00000006   Code   RO         3296    i._ZThn48_N4mbed6Serial5_putcEi  mbed/TARGET_LPC1768/TOOLCHAIN_ARM_STD/mbed.ar(Serial.o)
    0x00003e80   0x00003e80   0x00000002   Code   RO         3297    i._ZThn48_N4mbed6Serial6unlockEv  mbed/TARGET_LPC1768/TOOLCHAIN_ARM_STD/mbed.ar(Serial.o)
    0x00003e82   0x00003e82   0x0000000a   Code   RO          268    i._ZdlPv            mbed/TARGET_LPC1768/TOOLCHAIN_ARM_STD/retarget.o
    0x00003e8c   0x00003e8c   0x00000034   Code   RO          270    i._Znwj             mbed/TARGET_LPC1768/TOOLCHAIN_ARM_STD/retarget.o
    0x00003ec0   0x00003ec0   0x00000028   Code   RO         4556    i.__ARM_fpclassify  C:\Keil_v5\ARM\ARMCC\Bin\..\lib\armlib\m_ws.l(fpclassify.o)
    0x00003ee8   0x00003ee8   0x00000034   Code   RO           80    i.__NVIC_SetVector  mbed/TARGET_LPC1768/TOOLCHAIN_ARM_STD/cmsis_nvic.o
    0x00003f1c   0x00003f1c   0x00000004   Code   RO          271    i.__aeabi_atexit    mbed/TARGET_LPC1768/TOOLCHAIN_ARM_STD/retarget.o
    0x00003f20   0x00003f20   0x00000024   Code   RO         4069    i.__aeabi_vec_ctor_nocookie_nodtor  C:\Keil_v5\ARM\ARMCC\Bin\..\lib\cpplib\cpprt_w.l(aeabi_vec_ctor_nocookie_nodtor.o)
    0x00003f44   0x00003f44   0x00000006   Code   RO         3960    i.__cxa_pure_virtual  C:\Keil_v5\ARM\ARMCC\Bin\..\lib\cpplib\cpprt_w.l(pure_virt.o)
    0x00003f4a   0x00003f4a   0x00000006   Code   RO          686    i.__get_CONTROL     .\build\rt_cmsis.o
    0x00003f50   0x00003f50   0x00000006   Code   RO          687    i.__get_IPSR        .\build\rt_cmsis.o
    0x00003f56   0x00003f56   0x00000006   Code   RO          688    i.__get_PRIMASK     .\build\rt_cmsis.o
    0x00003f5c   0x00003f5c   0x000000dc   Code   RO         2636    i.__sti___8_main_cpp_cs  .\build\main.o
    0x00004038   0x00004038   0x0000002c   Code   RO         2310    i.__user_perthread_libspace  .\build\rtx_conf_cm.o
    0x00004064   0x00004064   0x00000010   Code   RO          521    i.__user_setup_stackheap  mbed/TARGET_LPC1768/TOOLCHAIN_ARM_STD/sys.o
    0x00004074   0x00004074   0x00000058   Code   RO         1524    i._init_box         .\build\rt_membox.o
    0x000040cc   0x000040cc   0x0000000e   Code   RO         3870    i._is_digit         C:\Keil_v5\ARM\ARMCC\Bin\..\lib\armlib\c_w.l(__printf_wp.o)
    0x000040da   0x000040da   0x00000002   PAD
    0x000040dc   0x000040dc   0x00000020   Code   RO         2311    i._mutex_acquire    .\build\rtx_conf_cm.o
    0x000040fc   0x000040fc   0x0000004c   Code   RO         2312    i._mutex_initialize  .\build\rtx_conf_cm.o
    0x00004148   0x00004148   0x0000001c   Code   RO         2313    i._mutex_release    .\build\rtx_conf_cm.o
    0x00004164   0x00004164   0x00000008   Code   RO          274    i._platform_post_stackheap_init  mbed/TARGET_LPC1768/TOOLCHAIN_ARM_STD/retarget.o
    0x0000416c   0x0000416c   0x0000002c   Code   RO          275    i._sys_close        mbed/TARGET_LPC1768/TOOLCHAIN_ARM_STD/retarget.o
    0x00004198   0x00004198   0x00000028   Code   RO          278    i._sys_flen         mbed/TARGET_LPC1768/TOOLCHAIN_ARM_STD/retarget.o
    0x000041c0   0x000041c0   0x00000028   Code   RO          279    i._sys_istty        mbed/TARGET_LPC1768/TOOLCHAIN_ARM_STD/retarget.o
    0x000041e8   0x000041e8   0x000001e4   Code   RO          280    i._sys_open         mbed/TARGET_LPC1768/TOOLCHAIN_ARM_STD/retarget.o
    0x000043cc   0x000043cc   0x00000060   Code   RO          281    i._sys_read         mbed/TARGET_LPC1768/TOOLCHAIN_ARM_STD/retarget.o
    0x0000442c   0x0000442c   0x00000028   Code   RO          282    i._sys_seek         mbed/TARGET_LPC1768/TOOLCHAIN_ARM_STD/retarget.o
    0x00004454   0x00004454   0x0000006c   Code   RO          283    i._sys_write        mbed/TARGET_LPC1768/TOOLCHAIN_ARM_STD/retarget.o
    0x000044c0   0x000044c0   0x0000008c   Code   RO         3586    i.core_util_critical_section_enter  mbed/TARGET_LPC1768/TOOLCHAIN_ARM_STD/mbed.ar(mbed_critical.o)
    0x0000454c   0x0000454c   0x00000058   Code   RO         3587    i.core_util_critical_section_exit  mbed/TARGET_LPC1768/TOOLCHAIN_ARM_STD/mbed.ar(mbed_critical.o)
    0x000045a4   0x000045a4   0x00000002   Code   RO         1907    i.default_idle_hook  .\build\rtos_idle.o
    0x000045a6   0x000045a6   0x00000012   Code   RO         3565    i.error             mbed/TARGET_LPC1768/TOOLCHAIN_ARM_STD/mbed.ar(mbed_error.o)
    0x000045b8   0x000045b8   0x0000002c   Code   RO          285    i.exit              mbed/TARGET_LPC1768/TOOLCHAIN_ARM_STD/retarget.o
    0x000045e4   0x000045e4   0x00000018   Code   RO         3891    i.fgetc             C:\Keil_v5\ARM\ARMCC\Bin\..\lib\armlib\c_w.l(fgetc.o)
    0x000045fc   0x000045fc   0x0000001a   Code   RO         3897    i.fputc             C:\Keil_v5\ARM\ARMCC\Bin\..\lib\armlib\c_w.l(fputc.o)
    0x00004616   0x00004616   0x00000002   PAD
    0x00004618   0x00004618   0x00000054   Code   RO          118    i.gpio_dir          mbed/TARGET_LPC1768/TOOLCHAIN_ARM_STD/gpio_api.o
    0x0000466c   0x0000466c   0x0000003a   Code   RO          119    i.gpio_init         mbed/TARGET_LPC1768/TOOLCHAIN_ARM_STD/gpio_api.o
    0x000046a6   0x000046a6   0x00000028   Code   RO         3509    i.gpio_init_in      mbed/TARGET_LPC1768/TOOLCHAIN_ARM_STD/mbed.ar(mbed_gpio.o)
    0x000046ce   0x000046ce   0x00000002   PAD
    0x000046d0   0x000046d0   0x00000048   Code   RO         3512    i.gpio_init_out     mbed/TARGET_LPC1768/TOOLCHAIN_ARM_STD/mbed.ar(mbed_gpio.o)
    0x00004718   0x00004718   0x00000068   Code   RO         3513    i.gpio_init_out_ex  mbed/TARGET_LPC1768/TOOLCHAIN_ARM_STD/mbed.ar(mbed_gpio.o)
    0x00004780   0x00004780   0x00000006   Code   RO          120    i.gpio_mode         mbed/TARGET_LPC1768/TOOLCHAIN_ARM_STD/gpio_api.o
    0x00004786   0x00004786   0x00000002   PAD
    0x00004788   0x00004788   0x0000001c   Code   RO          155    i.i2c_frequency     mbed/TARGET_LPC1768/TOOLCHAIN_ARM_STD/i2c_api.o
    0x000047a4   0x000047a4   0x000000d8   Code   RO          156    i.i2c_init          mbed/TARGET_LPC1768/TOOLCHAIN_ARM_STD/i2c_api.o
    0x0000487c   0x0000487c   0x00000174   Code   RO          157    i.i2c_read          mbed/TARGET_LPC1768/TOOLCHAIN_ARM_STD/i2c_api.o
    0x000049f0   0x000049f0   0x00000038   Code   RO          185    i.i2c_stop          mbed/TARGET_LPC1768/TOOLCHAIN_ARM_STD/i2c_api.o
    0x00004a28   0x00004a28   0x00000124   Code   RO          164    i.i2c_write         mbed/TARGET_LPC1768/TOOLCHAIN_ARM_STD/i2c_api.o
    0x00004b4c   0x00004b4c   0x00000048   Code   RO          693    i.isrMessageGet     .\build\rt_cmsis.o
    0x00004b94   0x00004b94   0x00000032   Code   RO          694    i.isrMessagePut     .\build\rt_cmsis.o
    0x00004bc6   0x00004bc6   0x0000005e   Code   RO         1475    i.isr_mbx_receive   .\build\rt_mailbox.o
    0x00004c24   0x00004c24   0x00000016   Code   RO         1476    i.isr_mbx_send      .\build\rt_mailbox.o
    0x00004c3a   0x00004c3a   0x00000002   PAD
    0x00004c3c   0x00004c3c   0x0000008c   Code   RO         2637    i.main              .\build\main.o
    0x00004cc8   0x00004cc8   0x00000054   Code   RO         3557    i.mbed_assert_internal  mbed/TARGET_LPC1768/TOOLCHAIN_ARM_STD/mbed.ar(mbed_assert.o)
    0x00004d1c   0x00004d1c   0x00000120   Code   RO          190    i.mbed_die          mbed/TARGET_LPC1768/TOOLCHAIN_ARM_STD/mbed_board.o
    0x00004e3c   0x00004e3c   0x00000058   Code   RO          191    i.mbed_error_printf  mbed/TARGET_LPC1768/TOOLCHAIN_ARM_STD/mbed_board.o
    0x00004e94   0x00004e94   0x00000050   Code   RO          192    i.mbed_error_vfprintf  mbed/TARGET_LPC1768/TOOLCHAIN_ARM_STD/mbed_board.o
    0x00004ee4   0x00004ee4   0x00000004   Code   RO         3611    i.mbed_interface_connected  mbed/TARGET_LPC1768/TOOLCHAIN_ARM_STD/mbed.ar(mbed_interface.o)
    0x00004ee8   0x00004ee8   0x00000002   Code   RO          286    i.mbed_main         mbed/TARGET_LPC1768/TOOLCHAIN_ARM_STD/retarget.o
    0x00004eea   0x00004eea   0x00000002   Code   RO          287    i.mbed_sdk_init     mbed/TARGET_LPC1768/TOOLCHAIN_ARM_STD/retarget.o
    0x00004eec   0x00004eec   0x00000034   Code   RO          698    i.osKernelInitialize  .\build\rt_cmsis.o
    0x00004f20   0x00004f20   0x00000034   Code   RO          699    i.osKernelRunning   .\build\rt_cmsis.o
    0x00004f54   0x00004f54   0x000000f4   Code   RO          700    i.osKernelStart     .\build\rt_cmsis.o
    0x00005048   0x00005048   0x00000040   Code   RO          709    i.osMessageGet      .\build\rt_cmsis.o
    0x00005088   0x00005088   0x00000044   Code   RO          711    i.osMutexCreate     .\build\rt_cmsis.o
    0x000050cc   0x000050cc   0x00000028   Code   RO          713    i.osMutexRelease    .\build\rt_cmsis.o
    0x000050f4   0x000050f4   0x0000002c   Code   RO          714    i.osMutexWait       .\build\rt_cmsis.o
    0x00005120   0x00005120   0x0000006c   Code   RO          726    i.osThreadContextCreate  .\build\rt_cmsis.o
    0x0000518c   0x0000518c   0x00000012   Code   RO          727    i.osThreadCreate    .\build\rt_cmsis.o
    0x0000519e   0x0000519e   0x00000002   PAD
    0x000051a0   0x000051a0   0x00000038   Code   RO          728    i.osThreadExit      .\build\rt_cmsis.o
    0x000051d8   0x000051d8   0x00000020   Code   RO          735    i.osTimerCall       .\build\rt_cmsis.o
    0x000051f8   0x000051f8   0x00000038   Code   RO          740    i.osTimerThread     .\build\rt_cmsis.o
    0x00005230   0x00005230   0x00000044   Code   RO         2314    i.os_error          .\build\rtx_conf_cm.o
    0x00005274   0x00005274   0x00000008   Code   RO         2315    i.os_idle_demon     .\build\rtx_conf_cm.o
    0x0000527c   0x0000527c   0x00000030   Code   RO         1689    i.os_tick_init      .\build\rt_system.o
    0x000052ac   0x000052ac   0x00000002   Code   RO         1690    i.os_tick_irqack    .\build\rt_system.o
    0x000052ae   0x000052ae   0x00000002   PAD
    0x000052b0   0x000052b0   0x0000005c   Code   RO          203    i.pin_function      mbed/TARGET_LPC1768/TOOLCHAIN_ARM_STD/pinmap.o
    0x0000530c   0x0000530c   0x00000090   Code   RO          204    i.pin_mode          mbed/TARGET_LPC1768/TOOLCHAIN_ARM_STD/pinmap.o
    0x0000539c   0x0000539c   0x00000022   Code   RO         3527    i.pinmap_find_peripheral  mbed/TARGET_LPC1768/TOOLCHAIN_ARM_STD/mbed.ar(mbed_pinmap_common.o)
    0x000053be   0x000053be   0x00000002   PAD
    0x000053c0   0x000053c0   0x0000003c   Code   RO         3529    i.pinmap_merge      mbed/TARGET_LPC1768/TOOLCHAIN_ARM_STD/mbed.ar(mbed_pinmap_common.o)
    0x000053fc   0x000053fc   0x0000005c   Code   RO         3530    i.pinmap_peripheral  mbed/TARGET_LPC1768/TOOLCHAIN_ARM_STD/mbed.ar(mbed_pinmap_common.o)
    0x00005458   0x00005458   0x00000058   Code   RO         3531    i.pinmap_pinout     mbed/TARGET_LPC1768/TOOLCHAIN_ARM_STD/mbed.ar(mbed_pinmap_common.o)
    0x000054b0   0x000054b0   0x00000024   Code   RO         2316    i.pre_main          .\build\rtx_conf_cm.o
    0x000054d4   0x000054d4   0x0000001e   Code   RO         1525    i.rt_alloc_box      .\build\rt_membox.o
    0x000054f2   0x000054f2   0x00000002   PAD
    0x000054f4   0x000054f4   0x00000038   Code   RO         1781    i.rt_block          .\build\rt_task.o
    0x0000552c   0x0000552c   0x00000058   Code   RO         1625    i.rt_chk_robin      .\build\rt_robin.o
    0x00005584   0x00005584   0x00000090   Code   RO         1399    i.rt_dec_dly        .\build\rt_list.o
    0x00005614   0x00005614   0x00000050   Code   RO         1782    i.rt_dispatch       .\build\rt_task.o
    0x00005664   0x00005664   0x0000005c   Code   RO         1360    i.rt_evt_psh        .\build\rt_event.o
    0x000056c0   0x000056c0   0x0000003e   Code   RO         1526    i.rt_free_box       .\build\rt_membox.o
    0x000056fe   0x000056fe   0x00000002   PAD
    0x00005700   0x00005700   0x00000028   Code   RO         1783    i.rt_get_TID        .\build\rt_task.o
    0x00005728   0x00005728   0x00000032   Code   RO         1400    i.rt_get_first      .\build\rt_list.o
    0x0000575a   0x0000575a   0x00000010   Code   RO          745    i.rt_id2obj         .\build\rt_cmsis.o
    0x0000576a   0x0000576a   0x00000002   PAD
    0x0000576c   0x0000576c   0x00000048   Code   RO         1784    i.rt_init_context   .\build\rt_task.o
    0x000057b4   0x000057b4   0x00000018   Code   RO         1626    i.rt_init_robin     .\build\rt_robin.o
    0x000057cc   0x000057cc   0x00000094   Code   RO          552    i.rt_init_stack     .\build\hal_cm.o
    0x00005860   0x00005860   0x0000000c   Code   RO         1477    i.rt_mbx_check      .\build\rt_mailbox.o
    0x0000586c   0x0000586c   0x00000022   Code   RO         1478    i.rt_mbx_init       .\build\rt_mailbox.o
    0x0000588e   0x0000588e   0x00000002   PAD
    0x00005890   0x00005890   0x00000120   Code   RO         1479    i.rt_mbx_psh        .\build\rt_mailbox.o
    0x000059b0   0x000059b0   0x000000d8   Code   RO         1481    i.rt_mbx_wait       .\build\rt_mailbox.o
    0x00005a88   0x00005a88   0x0000004c   Code   RO          746    i.rt_ms2tick        .\build\rt_cmsis.o
    0x00005ad4   0x00005ad4   0x00000012   Code   RO         1578    i.rt_mut_init       .\build\rt_mutex.o
    0x00005ae6   0x00005ae6   0x00000002   PAD
    0x00005ae8   0x00005ae8   0x0000011c   Code   RO         1579    i.rt_mut_release    .\build\rt_mutex.o
    0x00005c04   0x00005c04   0x00000090   Code   RO         1580    i.rt_mut_wait       .\build\rt_mutex.o
    0x00005c94   0x00005c94   0x000000a8   Code   RO         1693    i.rt_pop_req        .\build\rt_system.o
    0x00005d3c   0x00005d3c   0x00000024   Code   RO         1694    i.rt_psh_req        .\build\rt_system.o
    0x00005d60   0x00005d60   0x0000007c   Code   RO         1402    i.rt_psq_enq        .\build\rt_list.o
    0x00005ddc   0x00005ddc   0x0000005c   Code   RO         1403    i.rt_put_dly        .\build\rt_list.o
    0x00005e38   0x00005e38   0x00000040   Code   RO         1404    i.rt_put_prio       .\build\rt_list.o
    0x00005e78   0x00005e78   0x00000014   Code   RO         1405    i.rt_put_rdy_first  .\build\rt_list.o
    0x00005e8c   0x00005e8c   0x00000034   Code   RO         1406    i.rt_resort_prio    .\build\rt_list.o
    0x00005ec0   0x00005ec0   0x0000000c   Code   RO          553    i.rt_ret_val        .\build\hal_cm.o
    0x00005ecc   0x00005ecc   0x00000010   Code   RO          554    i.rt_ret_val2       .\build\hal_cm.o
    0x00005edc   0x00005edc   0x00000028   Code   RO         1407    i.rt_rmv_dly        .\build\rt_list.o
    0x00005f04   0x00005f04   0x00000034   Code   RO         1408    i.rt_rmv_list       .\build\rt_list.o
    0x00005f38   0x00005f38   0x00000038   Code   RO         1649    i.rt_sem_psh        .\build\rt_semaphore.o
    0x00005f70   0x00005f70   0x0000003c   Code   RO         1696    i.rt_stk_check      .\build\rt_system.o
    0x00005fac   0x00005fac   0x00000030   Code   RO         1785    i.rt_switch_req     .\build\rt_task.o
    0x00005fdc   0x00005fdc   0x000000d8   Code   RO         1786    i.rt_sys_init       .\build\rt_task.o
    0x000060b4   0x000060b4   0x00000094   Code   RO         1787    i.rt_sys_start      .\build\rt_task.o
    0x00006148   0x00006148   0x00000044   Code   RO         1698    i.rt_systick        .\build\rt_system.o
    0x0000618c   0x0000618c   0x00000020   Code   RO          747    i.rt_tid2ptcb       .\build\rt_cmsis.o
    0x000061ac   0x000061ac   0x00000040   Code   RO          748    i.rt_timer_insert   .\build\rt_cmsis.o
    0x000061ec   0x000061ec   0x00000060   Code   RO         1788    i.rt_tsk_create     .\build\rt_task.o
    0x0000624c   0x0000624c   0x00000194   Code   RO         1789    i.rt_tsk_delete     .\build\rt_task.o
    0x000063e0   0x000063e0   0x0000009c   Code   RO         1791    i.rt_tsk_prio       .\build\rt_task.o
    0x0000647c   0x0000647c   0x00000018   Code   RO         1792    i.rt_tsk_self       .\build\rt_task.o
    0x00006494   0x00006494   0x00000010   Code   RO         1909    i.rtos_idle_loop    .\build\rtos_idle.o
    0x000064a4   0x000064a4   0x0000000c   Code   RO         3633    i.semihost_close    mbed/TARGET_LPC1768/TOOLCHAIN_ARM_STD/mbed.ar(mbed_semihost_api.o)
    0x000064b0   0x000064b0   0x00000010   Code   RO         3634    i.semihost_connected  mbed/TARGET_LPC1768/TOOLCHAIN_ARM_STD/mbed.ar(mbed_semihost_api.o)
    0x000064c0   0x000064c0   0x0000000c   Code   RO         3637    i.semihost_exit     mbed/TARGET_LPC1768/TOOLCHAIN_ARM_STD/mbed.ar(mbed_semihost_api.o)
    0x000064cc   0x000064cc   0x0000000c   Code   RO         3638    i.semihost_flen     mbed/TARGET_LPC1768/TOOLCHAIN_ARM_STD/mbed.ar(mbed_semihost_api.o)
    0x000064d8   0x000064d8   0x0000000c   Code   RO         3639    i.semihost_istty    mbed/TARGET_LPC1768/TOOLCHAIN_ARM_STD/mbed.ar(mbed_semihost_api.o)
    0x000064e4   0x000064e4   0x00000018   Code   RO         3640    i.semihost_open     mbed/TARGET_LPC1768/TOOLCHAIN_ARM_STD/mbed.ar(mbed_semihost_api.o)
    0x000064fc   0x000064fc   0x00000012   Code   RO         3642    i.semihost_read     mbed/TARGET_LPC1768/TOOLCHAIN_ARM_STD/mbed.ar(mbed_semihost_api.o)
    0x0000650e   0x0000650e   0x00000010   Code   RO         3646    i.semihost_seek     mbed/TARGET_LPC1768/TOOLCHAIN_ARM_STD/mbed.ar(mbed_semihost_api.o)
    0x0000651e   0x0000651e   0x0000001c   Code   RO         3649    i.semihost_write    mbed/TARGET_LPC1768/TOOLCHAIN_ARM_STD/mbed.ar(mbed_semihost_api.o)
    0x0000653a   0x0000653a   0x00000002   PAD
    0x0000653c   0x0000653c   0x000001c4   Code   RO          432    i.serial_baud       mbed/TARGET_LPC1768/TOOLCHAIN_ARM_STD/serial_api.o
    0x00006700   0x00006700   0x00000038   Code   RO          438    i.serial_getc       mbed/TARGET_LPC1768/TOOLCHAIN_ARM_STD/serial_api.o
    0x00006738   0x00006738   0x00000180   Code   RO          439    i.serial_init       mbed/TARGET_LPC1768/TOOLCHAIN_ARM_STD/serial_api.o
    0x000068b8   0x000068b8   0x0000001c   Code   RO          440    i.serial_irq_handler  mbed/TARGET_LPC1768/TOOLCHAIN_ARM_STD/serial_api.o
    0x000068d4   0x000068d4   0x000000d4   Code   RO          442    i.serial_irq_set_internal  mbed/TARGET_LPC1768/TOOLCHAIN_ARM_STD/serial_api.o
    0x000069a8   0x000069a8   0x00000068   Code   RO          444    i.serial_putc       mbed/TARGET_LPC1768/TOOLCHAIN_ARM_STD/serial_api.o
    0x00006a10   0x00006a10   0x0000000a   Code   RO          445    i.serial_readable   mbed/TARGET_LPC1768/TOOLCHAIN_ARM_STD/serial_api.o
    0x00006a1a   0x00006a1a   0x00000002   PAD
    0x00006a1c   0x00006a1c   0x0000010c   Code   RO          446    i.serial_set_flow_control  mbed/TARGET_LPC1768/TOOLCHAIN_ARM_STD/serial_api.o
    0x00006b28   0x00006b28   0x0000001c   Code   RO         2317    i.set_main_stack    .\build\rtx_conf_cm.o
    0x00006b44   0x00006b44   0x00000078   Code   RO          751    i.svcKernelInitialize  .\build\rt_cmsis.o
    0x00006bbc   0x00006bbc   0x0000000c   Code   RO          752    i.svcKernelRunning  .\build\rt_cmsis.o
    0x00006bc8   0x00006bc8   0x00000060   Code   RO          753    i.svcKernelStart    .\build\rt_cmsis.o
    0x00006c28   0x00006c28   0x0000003c   Code   RO          756    i.svcMessageCreate  .\build\rt_cmsis.o
    0x00006c64   0x00006c64   0x00000056   Code   RO          757    i.svcMessageGet     .\build\rt_cmsis.o
    0x00006cba   0x00006cba   0x00000036   Code   RO          759    i.svcMutexCreate    .\build\rt_cmsis.o
    0x00006cf0   0x00006cf0   0x00000030   Code   RO          761    i.svcMutexRelease   .\build\rt_cmsis.o
    0x00006d20   0x00006d20   0x00000046   Code   RO          762    i.svcMutexWait      .\build\rt_cmsis.o
    0x00006d66   0x00006d66   0x00000002   PAD
    0x00006d68   0x00006d68   0x000000a0   Code   RO          771    i.svcThreadCreate   .\build\rt_cmsis.o
    0x00006e08   0x00006e08   0x0000001c   Code   RO          772    i.svcThreadGetId    .\build\rt_cmsis.o
    0x00006e24   0x00006e24   0x00000044   Code   RO          776    i.svcThreadTerminate  .\build\rt_cmsis.o
    0x00006e68   0x00006e68   0x0000002a   Code   RO          778    i.svcTimerCall      .\build\rt_cmsis.o
    0x00006e92   0x00006e92   0x00000002   Code   RO          787    i.sysThreadError    .\build\rt_cmsis.o
    0x00006e94   0x00006e94   0x0000000c   Code   RO         2319    i.sysThreadTerminate  .\build\rtx_conf_cm.o
    0x00006ea0   0x00006ea0   0x00000058   Code   RO          788    i.sysTimerTick      .\build\rt_cmsis.o
    0x00006ef8   0x00006ef8   0x00000018   Code   RO         2462    i.thread_terminate_hook  .\build\thread.o
    0x00006f10   0x00006f10   0x0000004e   Code   RO         3747    i.ticker_irq_handler  mbed/TARGET_LPC1768/TOOLCHAIN_ARM_STD/mbed.ar(mbed_ticker_api.o)
    0x00006f5e   0x00006f5e   0x00000002   PAD
    0x00006f60   0x00006f60   0x00000014   Code   RO          448    i.uart0_irq         mbed/TARGET_LPC1768/TOOLCHAIN_ARM_STD/serial_api.o
    0x00006f74   0x00006f74   0x00000014   Code   RO          449    i.uart1_irq         mbed/TARGET_LPC1768/TOOLCHAIN_ARM_STD/serial_api.o
    0x00006f88   0x00006f88   0x00000014   Code   RO          450    i.uart2_irq         mbed/TARGET_LPC1768/TOOLCHAIN_ARM_STD/serial_api.o
    0x00006f9c   0x00006f9c   0x00000014   Code   RO          451    i.uart3_irq         mbed/TARGET_LPC1768/TOOLCHAIN_ARM_STD/serial_api.o
    0x00006fb0   0x00006fb0   0x00000068   Code   RO          452    i.uart_irq          mbed/TARGET_LPC1768/TOOLCHAIN_ARM_STD/serial_api.o
    0x00007018   0x00007018   0x0000000c   Code   RO          538    i.us_ticker_clear_interrupt  mbed/TARGET_LPC1768/TOOLCHAIN_ARM_STD/us_ticker.o
    0x00007024   0x00007024   0x00000010   Code   RO          539    i.us_ticker_disable_interrupt  mbed/TARGET_LPC1768/TOOLCHAIN_ARM_STD/us_ticker.o
    0x00007034   0x00007034   0x00000064   Code   RO          540    i.us_ticker_init    mbed/TARGET_LPC1768/TOOLCHAIN_ARM_STD/us_ticker.o
    0x00007098   0x00007098   0x0000000c   Code   RO         3545    i.us_ticker_irq_handler  mbed/TARGET_LPC1768/TOOLCHAIN_ARM_STD/mbed.ar(mbed_us_ticker_api.o)
    0x000070a4   0x000070a4   0x00000064   Code   RO          541    i.us_ticker_read    mbed/TARGET_LPC1768/TOOLCHAIN_ARM_STD/us_ticker.o
    0x00007108   0x00007108   0x00000014   Code   RO          542    i.us_ticker_set_interrupt  mbed/TARGET_LPC1768/TOOLCHAIN_ARM_STD/us_ticker.o
    0x0000711c   0x0000711c   0x0000001c   Code   RO         3674    i.wait_ms           mbed/TARGET_LPC1768/TOOLCHAIN_ARM_STD/mbed.ar(mbed_wait_api_no_rtos.o)
    0x00007138   0x00007138   0x0000002c   Code   RO         4512    locale$$code        C:\Keil_v5\ARM\ARMCC\Bin\..\lib\armlib\c_w.l(lc_numeric_c.o)
    0x00007164   0x00007164   0x0000002c   Code   RO         4580    locale$$code        C:\Keil_v5\ARM\ARMCC\Bin\..\lib\armlib\c_w.l(lc_ctype_c.o)
    0x00007190   0x00007190   0x0000002c   Code   RO         3737    t._ZN12SingletonPtrI13PlatformMutexEptEv  mbed/TARGET_LPC1768/TOOLCHAIN_ARM_STD/mbed.ar(FileBase.o)
    0x000071bc   0x000071bc   0x00000004   Code   RO         3417    t._ZN4mbed8CallbackIFvvEE13function_callIPS1_EEvPKv  mbed/TARGET_LPC1768/TOOLCHAIN_ARM_STD/mbed.ar(SerialBase.o)
    0x000071c0   0x000071c0   0x00000002   Code   RO         3423    t._ZN4mbed8CallbackIFvvEE13function_dtorIPS1_EEvPv  mbed/TARGET_LPC1768/TOOLCHAIN_ARM_STD/mbed.ar(SerialBase.o)
    0x000071c2   0x000071c2   0x0000000a   Code   RO         3420    t._ZN4mbed8CallbackIFvvEE13function_moveIPS1_EEvPvPKv  mbed/TARGET_LPC1768/TOOLCHAIN_ARM_STD/mbed.ar(SerialBase.o)
    0x000071cc   0x000071cc   0x00000012   Code   RO         3329    t._ZN4mbed8CallbackIFvvEED1Ev  mbed/TARGET_LPC1768/TOOLCHAIN_ARM_STD/mbed.ar(Serial.o)
    0x000071de   0x000071de   0x00000004   Code   RO         4322    x$fpl$printf1       C:\Keil_v5\ARM\ARMCC\Bin\..\lib\armlib\fz_ws.l(printf1.o)
    0x000071e2   0x000071e2   0x00000004   Code   RO         4324    x$fpl$printf2       C:\Keil_v5\ARM\ARMCC\Bin\..\lib\armlib\fz_ws.l(printf2.o)
    0x000071e6   0x000071e6   0x00000000   Code   RO         4332    x$fpl$usenofp       C:\Keil_v5\ARM\ARMCC\Bin\..\lib\armlib\fz_ws.l(usenofp.o)
    0x000071e6   0x000071e6   0x00000002   PAD
    0x000071e8   0x000071e8   0x00000098   Data   RO          165    .constdata          mbed/TARGET_LPC1768/TOOLCHAIN_ARM_STD/i2c_api.o
    0x00007280   0x00007280   0x00000017   Data   RO          336    .constdata          mbed/TARGET_LPC1768/TOOLCHAIN_ARM_STD/retarget.o
    0x00007297   0x00007297   0x00000001   PAD
    0x00007298   0x00007298   0x00000120   Data   RO          454    .constdata          mbed/TARGET_LPC1768/TOOLCHAIN_ARM_STD/serial_api.o
    0x000073b8   0x000073b8   0x00000004   Data   RO          792    .constdata          .\build\rt_cmsis.o
    0x000073bc   0x000073bc   0x0000005c   Data   RO         2321    .constdata          .\build\rtx_conf_cm.o
    0x00007418   0x00007418   0x00000014   Data   RO         3546    .constdata          mbed/TARGET_LPC1768/TOOLCHAIN_ARM_STD/mbed.ar(mbed_us_ticker_api.o)
    0x0000742c   0x0000742c   0x00000008   Data   RO         3547    .constdata          mbed/TARGET_LPC1768/TOOLCHAIN_ARM_STD/mbed.ar(mbed_us_ticker_api.o)
    0x00007434   0x00007434   0x00000028   Data   RO         3858    .constdata          C:\Keil_v5\ARM\ARMCC\Bin\..\lib\armlib\c_w.l(_printf_hex_int_ll_ptr.o)
    0x0000745c   0x0000745c   0x00000011   Data   RO         3878    .constdata          C:\Keil_v5\ARM\ARMCC\Bin\..\lib\armlib\c_w.l(__printf_flags_ss_wp.o)
    0x0000746d   0x0000746d   0x00000003   PAD
    0x00007470   0x00007470   0x00000008   Data   RO         4161    .constdata          C:\Keil_v5\ARM\ARMCC\Bin\..\lib\armlib\c_w.l(_printf_wctomb.o)
    0x00007478   0x00007478   0x00000026   Data   RO         4352    .constdata          C:\Keil_v5\ARM\ARMCC\Bin\..\lib\armlib\c_w.l(_printf_fp_hex.o)
    0x0000749e   0x0000749e   0x00000002   PAD
    0x000074a0   0x000074a0   0x00000094   Data   RO         4485    .constdata          C:\Keil_v5\ARM\ARMCC\Bin\..\lib\armlib\c_w.l(bigflt0.o)
    0x00007534   0x00007534   0x00000034   Data   RO          398    .constdata__ZTVN4mbed10FileHandleE  mbed/TARGET_LPC1768/TOOLCHAIN_ARM_STD/retarget.o
    0x00007568   0x00007568   0x00000018   Data   RO         3405    .constdata__ZTVN4mbed10SerialBaseE  mbed/TARGET_LPC1768/TOOLCHAIN_ARM_STD/mbed.ar(SerialBase.o)
    0x00007580   0x00007580   0x00000024   Data   RO         3058    .constdata__ZTVN4mbed14FileSystemLikeE  mbed/TARGET_LPC1768/TOOLCHAIN_ARM_STD/mbed.ar(FileSystemLike.o)
    0x000075a4   0x000075a4   0x00000034   Data   RO         3231    .constdata__ZTVN4mbed15LocalFileHandleE  mbed/TARGET_LPC1768/TOOLCHAIN_ARM_STD/mbed.ar(LocalFileSystem.o)
    0x000075d8   0x000075d8   0x00000024   Data   RO         3229    .constdata__ZTVN4mbed15LocalFileSystemE  mbed/TARGET_LPC1768/TOOLCHAIN_ARM_STD/mbed.ar(LocalFileSystem.o)
    0x000075fc   0x000075fc   0x00000018   Data   RO         3160    .constdata__ZTVN4mbed3I2CE  mbed/TARGET_LPC1768/TOOLCHAIN_ARM_STD/mbed.ar(I2C.o)
    0x00007614   0x00007614   0x0000006c   Data   RO         3322    .constdata__ZTVN4mbed6SerialE  mbed/TARGET_LPC1768/TOOLCHAIN_ARM_STD/mbed.ar(Serial.o)
    0x00007680   0x00007680   0x0000004c   Data   RO         3503    .constdata__ZTVN4mbed6StreamE  mbed/TARGET_LPC1768/TOOLCHAIN_ARM_STD/mbed.ar(Stream.o)
    0x000076cc   0x000076cc   0x00000010   Data   RO         3736    .constdata__ZTVN4mbed8FileBaseE  mbed/TARGET_LPC1768/TOOLCHAIN_ARM_STD/mbed.ar(FileBase.o)
    0x000076dc   0x000076dc   0x00000044   Data   RO         3704    .constdata__ZTVN4mbed8FileLikeE  mbed/TARGET_LPC1768/TOOLCHAIN_ARM_STD/mbed.ar(FileLike.o)
    0x00007720   0x00007720   0x00000014   Data   RO          399    .constdata__ZZN12SingletonPtrI13PlatformMutexE3getEvEs  mbed/TARGET_LPC1768/TOOLCHAIN_ARM_STD/retarget.o
    0x00007734   0x00007734   0x0000004d   Data   RO          400    .constdata__ZZN12SingletonPtrI13PlatformMutexE3getEvEs_0  mbed/TARGET_LPC1768/TOOLCHAIN_ARM_STD/retarget.o
    0x00007781   0x00007781   0x00000003   PAD
    0x00007784   0x00007784   0x0000000c   Data   RO         3415    .constdata__ZZN4mbed8CallbackIFvvEE8generateIPS1_EEvRKT_E3ops  mbed/TARGET_LPC1768/TOOLCHAIN_ARM_STD/mbed.ar(SerialBase.o)
    0x00007790   0x00007790   0x00000005   Data   RO         3406    .constdata__ZZNK4mbed8CallbackIFvvEE4callEvEs  mbed/TARGET_LPC1768/TOOLCHAIN_ARM_STD/mbed.ar(SerialBase.o)
    0x00007795   0x00007795   0x00000049   Data   RO         3407    .constdata__ZZNK4mbed8CallbackIFvvEE4callEvEs_0  mbed/TARGET_LPC1768/TOOLCHAIN_ARM_STD/mbed.ar(SerialBase.o)
    0x000077de   0x000077de   0x00000002   PAD
    0x000077e0   0x000077e0   0x00000057   Data   RO          122    .conststring        mbed/TARGET_LPC1768/TOOLCHAIN_ARM_STD/gpio_api.o
    0x00007837   0x00007837   0x00000001   PAD
    0x00007838   0x00007838   0x00000056   Data   RO          166    .conststring        mbed/TARGET_LPC1768/TOOLCHAIN_ARM_STD/i2c_api.o
    0x0000788e   0x0000788e   0x00000002   PAD
    0x00007890   0x00007890   0x0000006c   Data   RO          193    .conststring        mbed/TARGET_LPC1768/TOOLCHAIN_ARM_STD/mbed_board.o
    0x000078fc   0x000078fc   0x00000055   Data   RO          205    .conststring        mbed/TARGET_LPC1768/TOOLCHAIN_ARM_STD/pinmap.o
    0x00007951   0x00007951   0x00000003   PAD
    0x00007954   0x00007954   0x00000059   Data   RO          455    .conststring        mbed/TARGET_LPC1768/TOOLCHAIN_ARM_STD/serial_api.o
    0x000079ad   0x000079ad   0x00000003   PAD
    0x000079b0   0x000079b0   0x00000043   Data   RO         3588    .conststring        mbed/TARGET_LPC1768/TOOLCHAIN_ARM_STD/mbed.ar(mbed_critical.o)
    0x000079f3   0x000079f3   0x00000001   PAD
    0x000079f4   0x000079f4   0x00000020   Data   RO         4653    Region$$Table       anon$$obj.o
    0x00007a14   0x00007a14   0x0000001c   Data   RO         4511    locale$$data        C:\Keil_v5\ARM\ARMCC\Bin\..\lib\armlib\c_w.l(lc_numeric_c.o)
    0x00007a30   0x00007a30   0x00000110   Data   RO         4579    locale$$data        C:\Keil_v5\ARM\ARMCC\Bin\..\lib\armlib\c_w.l(lc_ctype_c.o)
    0x00007b40   0x00007b40   0x00000004   Data   RO         2645    .init_array         .\build\main.o
    0x00007b44   0x00007b40   0x00000000   Data   RO         3955    .init_array         C:\Keil_v5\ARM\ARMCC\Bin\..\lib\armlib\c_w.l(init_aeabi.o)


    Execution Region RW_IRAM1 (Exec base: 0x100000c8, Load base: 0x00007b44, Size: 0x000014f8, Max: 0x00007f38, ABSOLUTE)

    Exec Addr    Load Addr    Size         Type   Attr      Idx    E Section Name        Object

    0x100000c8   0x00007b44   0x00000008   Data   RW          339    .data               mbed/TARGET_LPC1768/TOOLCHAIN_ARM_STD/retarget.o
    0x100000d0   0x00007b4c   0x00000010   Data   RW          456    .data               mbed/TARGET_LPC1768/TOOLCHAIN_ARM_STD/serial_api.o
    0x100000e0   0x00007b5c   0x00000004   Data   RW          529    .data               mbed/TARGET_LPC1768/TOOLCHAIN_ARM_STD/system_LPC17xx.o
    0x100000e4   0x00007b60   0x00000004   Data   RW          543    .data               mbed/TARGET_LPC1768/TOOLCHAIN_ARM_STD/us_ticker.o
    0x100000e8   0x00007b64   0x00000010   Data   RW          793    .data               .\build\rt_cmsis.o
    0x100000f8   0x00007b74   0x00000005   Data   RW         1608    .data               .\build\rt_oseventobserver.o
    0x100000fd   0x00007b79   0x00000003   PAD
    0x10000100   0x00007b7c   0x00000008   Data   RW         1627    .data               .\build\rt_robin.o
    0x10000108   0x00007b84   0x00000007   Data   RW         1701    .data               .\build\rt_system.o
    0x1000010f   0x00007b8b   0x00000001   PAD
    0x10000110   0x00007b8c   0x00000008   Data   RW         1794    .data               .\build\rt_task.o
    0x10000118   0x00007b94   0x00000004   Data   RW         1872    .data               .\build\rt_time.o
    0x1000011c   0x00007b98   0x00000004   Data   RW         1910    .data               .\build\rtos_idle.o
    0x10000120   0x00007b9c   0x00000034   Data   RW         2322    .data               .\build\rtx_conf_cm.o
    0x10000154   0x00007bd0   0x00000004   Data   RW         2487    .data               .\build\thread.o
    0x10000158   0x00007bd4   0x0000000c   Data   RW         3136    .data               mbed/TARGET_LPC1768/TOOLCHAIN_ARM_STD/mbed.ar(I2C.o)
    0x10000164   0x00007be0   0x00000008   Data   RW         3548    .data               mbed/TARGET_LPC1768/TOOLCHAIN_ARM_STD/mbed.ar(mbed_us_ticker_api.o)
    0x1000016c   0x00007be8   0x00000008   Data   RW         3589    .data               mbed/TARGET_LPC1768/TOOLCHAIN_ARM_STD/mbed.ar(mbed_critical.o)
    0x10000174   0x00007bf0   0x0000000c   Data   RW         3724    .data               mbed/TARGET_LPC1768/TOOLCHAIN_ARM_STD/mbed.ar(FileBase.o)
    0x10000180   0x00007bfc   0x00000004   Data   RW         3909    .data               C:\Keil_v5\ARM\ARMCC\Bin\..\lib\armlib\c_w.l(stdio_streams.o)
    0x10000184   0x00007c00   0x00000004   Data   RW         3910    .data               C:\Keil_v5\ARM\ARMCC\Bin\..\lib\armlib\c_w.l(stdio_streams.o)
    0x10000188   0x00007c04   0x00000004   Data   RW         3911    .data               C:\Keil_v5\ARM\ARMCC\Bin\..\lib\armlib\c_w.l(stdio_streams.o)
    0x1000018c   0x00007c08   0x00000004   Data   RW         4223    .data               C:\Keil_v5\ARM\ARMCC\Bin\..\lib\armlib\c_w.l(streamlock.o)
    0x10000190        -       0x00000040   Zero   RW          335    .bss                mbed/TARGET_LPC1768/TOOLCHAIN_ARM_STD/retarget.o
    0x100001d0        -       0x000000e0   Zero   RW          453    .bss                mbed/TARGET_LPC1768/TOOLCHAIN_ARM_STD/serial_api.o
    0x100002b0        -       0x00000010   Zero   RW          791    .bss                .\build\rt_cmsis.o
    0x100002c0        -       0x00000030   Zero   RW         1409    .bss                .\build\rt_list.o
    0x100002f0        -       0x00000040   Zero   RW         1793    .bss                .\build\rt_task.o
    0x10000330        -       0x00001050   Zero   RW         2320    .bss                .\build\rtx_conf_cm.o
    0x10001380        -       0x000000e4   Zero   RW         2644    .bss                .\build\main.o
    0x10001464        -       0x00000060   Zero   RW         3763    .bss                C:\Keil_v5\ARM\ARMCC\Bin\..\lib\armlib\c_w.l(libspace.o)
    0x100014c4        -       0x00000054   Zero   RW         3906    .bss                C:\Keil_v5\ARM\ARMCC\Bin\..\lib\armlib\c_w.l(stdio_streams.o)
    0x10001518        -       0x00000054   Zero   RW         3907    .bss                C:\Keil_v5\ARM\ARMCC\Bin\..\lib\armlib\c_w.l(stdio_streams.o)
    0x1000156c        -       0x00000054   Zero   RW         3908    .bss                C:\Keil_v5\ARM\ARMCC\Bin\..\lib\armlib\c_w.l(stdio_streams.o)


    Execution Region RW_IRAM2 (Exec base: 0x2007c000, Load base: 0x00007c0c, Size: 0x00000000, Max: 0x00004000, ABSOLUTE)

    **** No section assigned to this execution region ****


    Execution Region RW_IRAM3 (Exec base: 0x20080000, Load base: 0x00007c0c, Size: 0x00000000, Max: 0x00004000, ABSOLUTE)

    **** No section assigned to this execution region ****


    Execution Region RW_IRAM4 (Exec base: 0x40038000, Load base: 0x00007c0c, Size: 0x00000000, Max: 0x00000800, ABSOLUTE)

    **** No section assigned to this execution region ****


==============================================================================

Image component sizes


      Code (inc. data)   RO Data    RW Data    ZI Data      Debug   Object Name

        52          6          0          0          0         84   mbed/TARGET_LPC1768/TOOLCHAIN_ARM_STD/cmsis_nvic.o
       148         30         87          0          0        228   mbed/TARGET_LPC1768/TOOLCHAIN_ARM_STD/gpio_api.o
       176          8          0          0          0       8939   .\build\hal_cm.o
       304         36          0          0          0        876   .\build\hal_cm3.o
       964         64        238          0          0        412   mbed/TARGET_LPC1768/TOOLCHAIN_ARM_STD/i2c_api.o
      1066        350          4          0        228      48249   .\build\main.o
       456         70        108          0          0        260   mbed/TARGET_LPC1768/TOOLCHAIN_ARM_STD/mbed_board.o
         0          0          0          0          0       3080   .\build\mutex.o
       236         48         85          0          0        160   mbed/TARGET_LPC1768/TOOLCHAIN_ARM_STD/pinmap.o
      1200        156        172          8         64       1576   mbed/TARGET_LPC1768/TOOLCHAIN_ARM_STD/retarget.o
      2096        194          4         16         16      33953   .\build\rt_cmsis.o
        92          4          0          0          0        649   .\build\rt_event.o
       638         34          0          0         48       8309   .\build\rt_list.o
       666         10          0          0          0       4001   .\build\rt_mailbox.o
       180          0          0          0          0       2025   .\build\rt_membox.o
       446         12          0          0          0       2121   .\build\rt_mutex.o
         0          0          0          5          0       1737   .\build\rt_oseventobserver.o
       112         22          0          8          0       1166   .\build\rt_robin.o
        56          4          0          0          0        573   .\build\rt_semaphore.o
       382         58          0          7          0       6407   .\build\rt_system.o
      1340        168          0          8         64       9737   .\build\rt_task.o
         0          0          0          4          0        210   .\build\rt_time.o
        18          6          0          4          0       1353   .\build\rtos_idle.o
         0          0          0          0          0       7373   .\build\rtostimer.o
       384        150         92         52       4176      12515   .\build\rtx_conf_cm.o
      1698        174        377         16        224       1044   mbed/TARGET_LPC1768/TOOLCHAIN_ARM_STD/serial_api.o
        40         12        196          0          0        228   mbed/TARGET_LPC1768/TOOLCHAIN_ARM_STD/startup_LPC17xx.o
         4          4          0          0          0        228   .\build\svc_table.o
        16          6          0          0          0         68   mbed/TARGET_LPC1768/TOOLCHAIN_ARM_STD/sys.o
       160         10          0          4          0         68   mbed/TARGET_LPC1768/TOOLCHAIN_ARM_STD/system_LPC17xx.o
        24          4          0          4          0       1996   .\build\thread.o
       248         64          0          4          0        356   mbed/TARGET_LPC1768/TOOLCHAIN_ARM_STD/us_ticker.o

    ----------------------------------------------------------------------
     13226       1704       1408        144       4820     159981   Object Totals
         0          0         32          0          0          0   (incl. Generated)
        24          0         13          4          0          0   (incl. Padding)

    ----------------------------------------------------------------------

      Code (inc. data)   RO Data    RW Data    ZI Data      Debug   Library Member Name

        60          8          0          0          0         84   C:\Keil_v5\ARM\ARMCC\Bin\..\lib\armlib\c_w.l(__0sscanf.o)
        44          6          0          0          0         84   C:\Keil_v5\ARM\ARMCC\Bin\..\lib\armlib\c_w.l(__2sprintf.o)
         8          0          0          0          0         68   C:\Keil_v5\ARM\ARMCC\Bin\..\lib\armlib\c_w.l(__main.o)
       392          4         17          0          0         92   C:\Keil_v5\ARM\ARMCC\Bin\..\lib\armlib\c_w.l(__printf_flags_ss_wp.o)
        14          0          0          0          0         68   C:\Keil_v5\ARM\ARMCC\Bin\..\lib\armlib\c_w.l(__printf_wp.o)
        52          8          0          0          0          0   C:\Keil_v5\ARM\ARMCC\Bin\..\lib\armlib\c_w.l(__scatter.o)
        26          0          0          0          0          0   C:\Keil_v5\ARM\ARMCC\Bin\..\lib\armlib\c_w.l(__scatter_copy.o)
        28          0          0          0          0          0   C:\Keil_v5\ARM\ARMCC\Bin\..\lib\armlib\c_w.l(__scatter_zi.o)
        28          0          0          0          0         68   C:\Keil_v5\ARM\ARMCC\Bin\..\lib\armlib\c_w.l(_chval.o)
         6          0          0          0          0          0   C:\Keil_v5\ARM\ARMCC\Bin\..\lib\armlib\c_w.l(_printf_a.o)
         6          0          0          0          0          0   C:\Keil_v5\ARM\ARMCC\Bin\..\lib\armlib\c_w.l(_printf_c.o)
        44          0          0          0          0        108   C:\Keil_v5\ARM\ARMCC\Bin\..\lib\armlib\c_w.l(_printf_char.o)
        48          6          0          0          0         96   C:\Keil_v5\ARM\ARMCC\Bin\..\lib\armlib\c_w.l(_printf_char_common.o)
        64          6          0          0          0         84   C:\Keil_v5\ARM\ARMCC\Bin\..\lib\armlib\c_w.l(_printf_char_file_locked.o)
        40          0          0          0          0         68   C:\Keil_v5\ARM\ARMCC\Bin\..\lib\armlib\c_w.l(_printf_charcount.o)
         6          0          0          0          0          0   C:\Keil_v5\ARM\ARMCC\Bin\..\lib\armlib\c_w.l(_printf_d.o)
       120         16          0          0          0         92   C:\Keil_v5\ARM\ARMCC\Bin\..\lib\armlib\c_w.l(_printf_dec.o)
         6          0          0          0          0          0   C:\Keil_v5\ARM\ARMCC\Bin\..\lib\armlib\c_w.l(_printf_e.o)
         6          0          0          0          0          0   C:\Keil_v5\ARM\ARMCC\Bin\..\lib\armlib\c_w.l(_printf_f.o)
      1054          0          0          0          0        216   C:\Keil_v5\ARM\ARMCC\Bin\..\lib\armlib\c_w.l(_printf_fp_dec.o)
       764          8         38          0          0        100   C:\Keil_v5\ARM\ARMCC\Bin\..\lib\armlib\c_w.l(_printf_fp_hex.o)
       128         16          0          0          0         84   C:\Keil_v5\ARM\ARMCC\Bin\..\lib\armlib\c_w.l(_printf_fp_infnan.o)
         6          0          0          0          0          0   C:\Keil_v5\ARM\ARMCC\Bin\..\lib\armlib\c_w.l(_printf_g.o)
       148          4         40          0          0        160   C:\Keil_v5\ARM\ARMCC\Bin\..\lib\armlib\c_w.l(_printf_hex_int_ll_ptr.o)
         6          0          0          0          0          0   C:\Keil_v5\ARM\ARMCC\Bin\..\lib\armlib\c_w.l(_printf_i.o)
       178          0          0          0          0         88   C:\Keil_v5\ARM\ARMCC\Bin\..\lib\armlib\c_w.l(_printf_intcommon.o)
        10          0          0          0          0          0   C:\Keil_v5\ARM\ARMCC\Bin\..\lib\armlib\c_w.l(_printf_l.o)
         6          0          0          0          0          0   C:\Keil_v5\ARM\ARMCC\Bin\..\lib\armlib\c_w.l(_printf_lc.o)
        10          0          0          0          0          0   C:\Keil_v5\ARM\ARMCC\Bin\..\lib\armlib\c_w.l(_printf_ll.o)
         6          0          0          0          0          0   C:\Keil_v5\ARM\ARMCC\Bin\..\lib\armlib\c_w.l(_printf_lld.o)
         6          0          0          0          0          0   C:\Keil_v5\ARM\ARMCC\Bin\..\lib\armlib\c_w.l(_printf_lli.o)
         6          0          0          0          0          0   C:\Keil_v5\ARM\ARMCC\Bin\..\lib\armlib\c_w.l(_printf_llo.o)
         6          0          0          0          0          0   C:\Keil_v5\ARM\ARMCC\Bin\..\lib\armlib\c_w.l(_printf_llu.o)
         6          0          0          0          0          0   C:\Keil_v5\ARM\ARMCC\Bin\..\lib\armlib\c_w.l(_printf_llx.o)
       124         16          0          0          0         92   C:\Keil_v5\ARM\ARMCC\Bin\..\lib\armlib\c_w.l(_printf_longlong_dec.o)
         6          0          0          0          0          0   C:\Keil_v5\ARM\ARMCC\Bin\..\lib\armlib\c_w.l(_printf_ls.o)
         6          0          0          0          0          0   C:\Keil_v5\ARM\ARMCC\Bin\..\lib\armlib\c_w.l(_printf_n.o)
         6          0          0          0          0          0   C:\Keil_v5\ARM\ARMCC\Bin\..\lib\armlib\c_w.l(_printf_o.o)
       112         10          0          0          0        124   C:\Keil_v5\ARM\ARMCC\Bin\..\lib\armlib\c_w.l(_printf_oct_int_ll.o)
         6          0          0          0          0          0   C:\Keil_v5\ARM\ARMCC\Bin\..\lib\armlib\c_w.l(_printf_p.o)
        78          0          0          0          0        108   C:\Keil_v5\ARM\ARMCC\Bin\..\lib\armlib\c_w.l(_printf_pad.o)
         0          0          0          0          0          0   C:\Keil_v5\ARM\ARMCC\Bin\..\lib\armlib\c_w.l(_printf_percent.o)
         4          0          0          0          0          0   C:\Keil_v5\ARM\ARMCC\Bin\..\lib\armlib\c_w.l(_printf_percent_end.o)
         6          0          0          0          0          0   C:\Keil_v5\ARM\ARMCC\Bin\..\lib\armlib\c_w.l(_printf_s.o)
        82          0          0          0          0         80   C:\Keil_v5\ARM\ARMCC\Bin\..\lib\armlib\c_w.l(_printf_str.o)
        36          0          0          0          0         84   C:\Keil_v5\ARM\ARMCC\Bin\..\lib\armlib\c_w.l(_printf_truncate.o)
         6          0          0          0          0          0   C:\Keil_v5\ARM\ARMCC\Bin\..\lib\armlib\c_w.l(_printf_u.o)
        44          0          0          0          0        108   C:\Keil_v5\ARM\ARMCC\Bin\..\lib\armlib\c_w.l(_printf_wchar.o)
       188          6          8          0          0         92   C:\Keil_v5\ARM\ARMCC\Bin\..\lib\armlib\c_w.l(_printf_wctomb.o)
         6          0          0          0          0          0   C:\Keil_v5\ARM\ARMCC\Bin\..\lib\armlib\c_w.l(_printf_x.o)
       884          6          0          0          0        100   C:\Keil_v5\ARM\ARMCC\Bin\..\lib\armlib\c_w.l(_scanf.o)
       332          0          0          0          0         96   C:\Keil_v5\ARM\ARMCC\Bin\..\lib\armlib\c_w.l(_scanf_int.o)
        64          0          0          0          0         84   C:\Keil_v5\ARM\ARMCC\Bin\..\lib\armlib\c_w.l(_sgetc.o)
        10          0          0          0          0         68   C:\Keil_v5\ARM\ARMCC\Bin\..\lib\armlib\c_w.l(_sputc.o)
        64          0          0          0          0         92   C:\Keil_v5\ARM\ARMCC\Bin\..\lib\armlib\c_w.l(_wcrtomb.o)
       228          4        148          0          0         96   C:\Keil_v5\ARM\ARMCC\Bin\..\lib\armlib\c_w.l(bigflt0.o)
      1936        128          0          0          0        672   C:\Keil_v5\ARM\ARMCC\Bin\..\lib\armlib\c_w.l(btod.o)
        10          0          0          0          0         68   C:\Keil_v5\ARM\ARMCC\Bin\..\lib\armlib\c_w.l(c89vfprintf.o)
        10          0          0          0          0         68   C:\Keil_v5\ARM\ARMCC\Bin\..\lib\armlib\c_w.l(defsig_exit.o)
        50          0          0          0          0         88   C:\Keil_v5\ARM\ARMCC\Bin\..\lib\armlib\c_w.l(defsig_general.o)
        48         34          0          0          0         76   C:\Keil_v5\ARM\ARMCC\Bin\..\lib\armlib\c_w.l(defsig_pvfn_inner.o)
        14          0          0          0          0         80   C:\Keil_v5\ARM\ARMCC\Bin\..\lib\armlib\c_w.l(defsig_pvfn_outer.o)
        80         58          0          0          0         76   C:\Keil_v5\ARM\ARMCC\Bin\..\lib\armlib\c_w.l(defsig_rtmem_inner.o)
        14          0          0          0          0         80   C:\Keil_v5\ARM\ARMCC\Bin\..\lib\armlib\c_w.l(defsig_rtmem_outer.o)
        52         38          0          0          0         76   C:\Keil_v5\ARM\ARMCC\Bin\..\lib\armlib\c_w.l(defsig_rtred_inner.o)
        14          0          0          0          0         80   C:\Keil_v5\ARM\ARMCC\Bin\..\lib\armlib\c_w.l(defsig_rtred_outer.o)
        76          0          0          0          0         88   C:\Keil_v5\ARM\ARMCC\Bin\..\lib\armlib\c_w.l(fclose.o)
        52          6          0          0          0         80   C:\Keil_v5\ARM\ARMCC\Bin\..\lib\armlib\c_w.l(fclose_locked.o)
       144         10          0          0          0        128   C:\Keil_v5\ARM\ARMCC\Bin\..\lib\armlib\c_w.l(fflush_locked.o)
        24          0          0          0          0         68   C:\Keil_v5\ARM\ARMCC\Bin\..\lib\armlib\c_w.l(fgetc.o)
        32          0          0          0          0         80   C:\Keil_v5\ARM\ARMCC\Bin\..\lib\armlib\c_w.l(fgetc_locked.o)
        86          0          0          0          0         84   C:\Keil_v5\ARM\ARMCC\Bin\..\lib\armlib\c_w.l(fgets_locked.o)
       570          0          0          0          0        132   C:\Keil_v5\ARM\ARMCC\Bin\..\lib\armlib\c_w.l(filbuf.o)
       470          0          0          0          0         88   C:\Keil_v5\ARM\ARMCC\Bin\..\lib\armlib\c_w.l(flsbuf.o)
        92          8          0          0          0         88   C:\Keil_v5\ARM\ARMCC\Bin\..\lib\armlib\c_w.l(flushlinebuffered_locked.o)
       324          8          0          0          0        152   C:\Keil_v5\ARM\ARMCC\Bin\..\lib\armlib\c_w.l(fopen_locked.o)
        26          0          0          0          0         68   C:\Keil_v5\ARM\ARMCC\Bin\..\lib\armlib\c_w.l(fputc.o)
       248          6          0          0          0         84   C:\Keil_v5\ARM\ARMCC\Bin\..\lib\armlib\c_w.l(fseek.o)
        66          0          0          0          0         76   C:\Keil_v5\ARM\ARMCC\Bin\..\lib\armlib\c_w.l(ftell.o)
       158          0          0          0          0        128   C:\Keil_v5\ARM\ARMCC\Bin\..\lib\armlib\c_w.l(h1_alloc_mt.o)
        62          0          0          0          0         80   C:\Keil_v5\ARM\ARMCC\Bin\..\lib\armlib\c_w.l(h1_extend_mt.o)
       118          0          0          0          0        108   C:\Keil_v5\ARM\ARMCC\Bin\..\lib\armlib\c_w.l(h1_free_mt.o)
        18          0          0          0          0         84   C:\Keil_v5\ARM\ARMCC\Bin\..\lib\armlib\c_w.l(h1_init_mt.o)
         6          0          0          0          0        152   C:\Keil_v5\ARM\ARMCC\Bin\..\lib\armlib\c_w.l(heapauxi.o)
         4          0          0          0          0        136   C:\Keil_v5\ARM\ARMCC\Bin\..\lib\armlib\c_w.l(hguard.o)
         0          0          0          0          0          0   C:\Keil_v5\ARM\ARMCC\Bin\..\lib\armlib\c_w.l(indicate_semi.o)
        36         10          0          0          0         80   C:\Keil_v5\ARM\ARMCC\Bin\..\lib\armlib\c_w.l(init_aeabi.o)
       138          0          0          0          0        168   C:\Keil_v5\ARM\ARMCC\Bin\..\lib\armlib\c_w.l(init_alloc.o)
       456         48          0          0          0        116   C:\Keil_v5\ARM\ARMCC\Bin\..\lib\armlib\c_w.l(initio_locked.o)
        18          0          0          0          0         76   C:\Keil_v5\ARM\ARMCC\Bin\..\lib\armlib\c_w.l(isspace.o)
        44         10        272          0          0         76   C:\Keil_v5\ARM\ARMCC\Bin\..\lib\armlib\c_w.l(lc_ctype_c.o)
        44         10         28          0          0         76   C:\Keil_v5\ARM\ARMCC\Bin\..\lib\armlib\c_w.l(lc_numeric_c.o)
         2          0          0          0          0          0   C:\Keil_v5\ARM\ARMCC\Bin\..\lib\armlib\c_w.l(libinit.o)
        46          0          0          0          0          0   C:\Keil_v5\ARM\ARMCC\Bin\..\lib\armlib\c_w.l(libinit2.o)
         0          0          0          0          0          0   C:\Keil_v5\ARM\ARMCC\Bin\..\lib\armlib\c_w.l(libshutdown2.o)
         8          4          0          0         96         68   C:\Keil_v5\ARM\ARMCC\Bin\..\lib\armlib\c_w.l(libspace.o)
       138          0          0          0          0         80   C:\Keil_v5\ARM\ARMCC\Bin\..\lib\armlib\c_w.l(lludiv10.o)
         0          0          0          0          0          0   C:\Keil_v5\ARM\ARMCC\Bin\..\lib\armlib\c_w.l(maybetermalloc1.o)
        16          4          0          0          0         76   C:\Keil_v5\ARM\ARMCC\Bin\..\lib\armlib\c_w.l(rt_ctype_table.o)
         4          0          0          0          0         68   C:\Keil_v5\ARM\ARMCC\Bin\..\lib\armlib\c_w.l(rt_errno_addr_twolibspace.o)
        10          0          0          0          0         76   C:\Keil_v5\ARM\ARMCC\Bin\..\lib\armlib\c_w.l(rt_heap_descriptor_twolibspace.o)
        10          0          0          0          0         76   C:\Keil_v5\ARM\ARMCC\Bin\..\lib\armlib\c_w.l(rt_locale_twolibspace.o)
        78          0          0          0          0         80   C:\Keil_v5\ARM\ARMCC\Bin\..\lib\armlib\c_w.l(rt_memclr_w.o)
       100          0          0          0          0         80   C:\Keil_v5\ARM\ARMCC\Bin\..\lib\armlib\c_w.l(rt_memcpy_w.o)
        44          8          0          0          0         84   C:\Keil_v5\ARM\ARMCC\Bin\..\lib\armlib\c_w.l(scanf_char.o)
        20          0          0          0          0         68   C:\Keil_v5\ARM\ARMCC\Bin\..\lib\armlib\c_w.l(setbuf.o)
       104          0          0          0          0         88   C:\Keil_v5\ARM\ARMCC\Bin\..\lib\armlib\c_w.l(setvbuf_locked.o)
       240          6          0          0          0        156   C:\Keil_v5\ARM\ARMCC\Bin\..\lib\armlib\c_w.l(stdio.o)
         0          0          0         12        252          0   C:\Keil_v5\ARM\ARMCC\Bin\..\lib\armlib\c_w.l(stdio_streams.o)
        20          0          0          0          0         68   C:\Keil_v5\ARM\ARMCC\Bin\..\lib\armlib\c_w.l(strchr.o)
       128          0          0          0          0         68   C:\Keil_v5\ARM\ARMCC\Bin\..\lib\armlib\c_w.l(strcmpv7m.o)
        72          0          0          0          0         80   C:\Keil_v5\ARM\ARMCC\Bin\..\lib\armlib\c_w.l(strcpy.o)
         0          0          0          4          0          0   C:\Keil_v5\ARM\ARMCC\Bin\..\lib\armlib\c_w.l(streamlock.o)
        62          0          0          0          0         76   C:\Keil_v5\ARM\ARMCC\Bin\..\lib\armlib\c_w.l(strlen.o)
       150          0          0          0          0         80   C:\Keil_v5\ARM\ARMCC\Bin\..\lib\armlib\c_w.l(strncmp.o)
        12          4          0          0          0         68   C:\Keil_v5\ARM\ARMCC\Bin\..\lib\armlib\c_w.l(sys_exit.o)
        14          0          0          0          0         76   C:\Keil_v5\ARM\ARMCC\Bin\..\lib\armlib\c_w.l(sys_wrch.o)
         2          0          0          0          0         68   C:\Keil_v5\ARM\ARMCC\Bin\..\lib\armlib\c_w.l(use_no_semi.o)
        36          4          0          0          0         76   C:\Keil_v5\ARM\ARMCC\Bin\..\lib\armlib\c_w.l(vsprintf.o)
        36          0          0          0          0         84   C:\Keil_v5\ARM\ARMCC\Bin\..\lib\cpplib\cpprt_w.l(aeabi_vec_ctor_nocookie_nodtor.o)
        34          0          0          0          0         84   C:\Keil_v5\ARM\ARMCC\Bin\..\lib\cpplib\cpprt_w.l(aeabi_vec_dtor_noexceptions.o)
         6          0          0          0          0         68   C:\Keil_v5\ARM\ARMCC\Bin\..\lib\cpplib\cpprt_w.l(pure_virt.o)
         4          0          0          0          0         68   C:\Keil_v5\ARM\ARMCC\Bin\..\lib\armlib\fz_ws.l(printf1.o)
         4          0          0          0          0         68   C:\Keil_v5\ARM\ARMCC\Bin\..\lib\armlib\fz_ws.l(printf2.o)
         0          0          0          0          0          0   C:\Keil_v5\ARM\ARMCC\Bin\..\lib\armlib\fz_ws.l(usenofp.o)
        40          0          0          0          0         68   C:\Keil_v5\ARM\ARMCC\Bin\..\lib\armlib\m_ws.l(fpclassify.o)
       292         52         16         12          0        380   mbed/TARGET_LPC1768/TOOLCHAIN_ARM_STD/mbed.ar(FileBase.o)
        54         10         68          0          0        156   mbed/TARGET_LPC1768/TOOLCHAIN_ARM_STD/mbed.ar(FileLike.o)
       154          0          0          0          0        440   mbed/TARGET_LPC1768/TOOLCHAIN_ARM_STD/mbed.ar(FilePath.o)
        24          6         36          0          0        144   mbed/TARGET_LPC1768/TOOLCHAIN_ARM_STD/mbed.ar(FileSystemLike.o)
       350         54         24         12          0        456   mbed/TARGET_LPC1768/TOOLCHAIN_ARM_STD/mbed.ar(I2C.o)
       402         10         88          0          0        840   mbed/TARGET_LPC1768/TOOLCHAIN_ARM_STD/mbed.ar(LocalFileSystem.o)
       138         20        108          0          0        636   mbed/TARGET_LPC1768/TOOLCHAIN_ARM_STD/mbed.ar(Serial.o)
       264         30        114          0          0        868   mbed/TARGET_LPC1768/TOOLCHAIN_ARM_STD/mbed.ar(SerialBase.o)
       320         16         76          0          0        772   mbed/TARGET_LPC1768/TOOLCHAIN_ARM_STD/mbed.ar(Stream.o)
        84         52          0          0          0         88   mbed/TARGET_LPC1768/TOOLCHAIN_ARM_STD/mbed.ar(mbed_assert.o)
       228         98         67          8          0        156   mbed/TARGET_LPC1768/TOOLCHAIN_ARM_STD/mbed.ar(mbed_critical.o)
        18          0          0          0          0         80   mbed/TARGET_LPC1768/TOOLCHAIN_ARM_STD/mbed.ar(mbed_error.o)
       216         36          0          0          0        268   mbed/TARGET_LPC1768/TOOLCHAIN_ARM_STD/mbed.ar(mbed_gpio.o)
         4          0          0          0          0         68   mbed/TARGET_LPC1768/TOOLCHAIN_ARM_STD/mbed.ar(mbed_interface.o)
       274         78          0          0          0        308   mbed/TARGET_LPC1768/TOOLCHAIN_ARM_STD/mbed.ar(mbed_pinmap_common.o)
       150          6          0          0          0        696   mbed/TARGET_LPC1768/TOOLCHAIN_ARM_STD/mbed.ar(mbed_semihost_api.o)
        78          0          0          0          0         88   mbed/TARGET_LPC1768/TOOLCHAIN_ARM_STD/mbed.ar(mbed_ticker_api.o)
        12          6         28          8          0         68   mbed/TARGET_LPC1768/TOOLCHAIN_ARM_STD/mbed.ar(mbed_us_ticker_api.o)
        28          0          0          0          0         80   mbed/TARGET_LPC1768/TOOLCHAIN_ARM_STD/mbed.ar(mbed_wait_api_no_rtos.o)

    ----------------------------------------------------------------------
     15738       1002       1184         56        348      15336   Library Totals
        38          0          8          0          0          0   (incl. Padding)

    ----------------------------------------------------------------------

      Code (inc. data)   RO Data    RW Data    ZI Data      Debug   Library Name

     12486        528        551         16        348       8304   C:\Keil_v5\ARM\ARMCC\Bin\..\lib\armlib\c_w.l
        76          0          0          0          0        236   C:\Keil_v5\ARM\ARMCC\Bin\..\lib\cpplib\cpprt_w.l
         8          0          0          0          0        136   C:\Keil_v5\ARM\ARMCC\Bin\..\lib\armlib\fz_ws.l
        40          0          0          0          0         68   C:\Keil_v5\ARM\ARMCC\Bin\..\lib\armlib\m_ws.l
      3090        474        625         40          0       6592   mbed/TARGET_LPC1768/TOOLCHAIN_ARM_STD/mbed.ar

    ----------------------------------------------------------------------
     15738       1002       1184         56        348      15336   Library Totals

    ----------------------------------------------------------------------

==============================================================================


      Code (inc. data)   RO Data    RW Data    ZI Data      Debug   

     28964       2706       2592        200       5168     158049   Grand Totals
     28964       2706       2592        200       5168     158049   ELF Image Totals
     28964       2706       2592        200          0          0   ROM Totals

==============================================================================

    Total RO  Size (Code + RO Data)                31556 (  30.82kB)
    Total RW  Size (RW Data + ZI Data)              5368 (   5.24kB)
    Total ROM Size (Code + RO Data + RW Data)      31756 (  31.01kB)

==============================================================================

