<!doctype html public "-//w3c//dtd html 4.0 transitional//en">
<html><head>
<title>Static Call Graph - [.\BUILD\mbed-os-example-blinky.axf]</title></head>
<body><HR>
<H1>Static Call Graph for image .\BUILD\mbed-os-example-blinky.axf</H1><HR>
<BR><P>#&#060CALLGRAPH&#062# ARM Linker, 5060528: Last Updated: Mon Feb 12 15:58:14 2018
<BR><P>
<H3>Maximum Stack Usage =       1024 bytes + Unknown(Cycles, Untraceable Function Pointers)</H3><H3>
Call chain for Maximum Stack Depth:</H3>
pre_main &rArr; main &rArr; $Super$$main &rArr; readConfigFile(char*, char*) &rArr; fopen &rArr; _freopen_locked &rArr; _fclose_internal &rArr; _fflush &rArr; _writebuf &rArr; _sys_write &rArr; init_serial() &rArr; serial_init &rArr; serial_baud &rArr; mbed_assert_internal &rArr; mbed_die &rArr; wait_ms &rArr; wait_us &rArr; ticker_read &rArr; ticker_read_us &rArr;  core_util_critical_section_exit (Cycle)
<P>
<H3>
Mutually Recursive functions
</H3> <LI><a href="#[14e]">core_util_critical_section_enter</a>&nbsp;&nbsp;&nbsp;&rArr;&nbsp;&nbsp;&nbsp;<a href="#[156]">mbed_assert_internal</a><BR>
 <LI><a href="#[19b]">gpio_dir</a>&nbsp;&nbsp;&nbsp;&rArr;&nbsp;&nbsp;&nbsp;<a href="#[156]">mbed_assert_internal</a><BR>
 <LI><a href="#[1b3]">pin_mode</a>&nbsp;&nbsp;&nbsp;&rArr;&nbsp;&nbsp;&nbsp;<a href="#[156]">mbed_assert_internal</a><BR>
 <LI><a href="#[1af]">gpio_set</a>&nbsp;&nbsp;&nbsp;&rArr;&nbsp;&nbsp;&nbsp;<a href="#[156]">mbed_assert_internal</a><BR>
 <LI><a href="#[1b4]">pin_function</a>&nbsp;&nbsp;&nbsp;&rArr;&nbsp;&nbsp;&nbsp;<a href="#[156]">mbed_assert_internal</a><BR>
 <LI><a href="#[19e]">gpio_write</a>&nbsp;&nbsp;&nbsp;&rArr;&nbsp;&nbsp;&nbsp;<a href="#[156]">mbed_assert_internal</a><BR>
 <LI><a href="#[151]">sleep_manager_unlock_deep_sleep</a>&nbsp;&nbsp;&nbsp;&rArr;&nbsp;&nbsp;&nbsp;<a href="#[152]">core_util_critical_section_exit</a><BR>
 <LI><a href="#[1a5]">core_util_atomic_decr_u16</a>&nbsp;&nbsp;&nbsp;&rArr;&nbsp;&nbsp;&nbsp;<a href="#[152]">core_util_critical_section_exit</a><BR>
 <LI><a href="#[14f]">sleep_manager_lock_deep_sleep</a>&nbsp;&nbsp;&nbsp;&rArr;&nbsp;&nbsp;&nbsp;<a href="#[152]">core_util_critical_section_exit</a><BR>
 <LI><a href="#[1a6]">core_util_atomic_incr_u16</a>&nbsp;&nbsp;&nbsp;&rArr;&nbsp;&nbsp;&nbsp;<a href="#[152]">core_util_critical_section_exit</a><BR>
 <LI><a href="#[24c]">ticker_read_us</a>&nbsp;&nbsp;&nbsp;&rArr;&nbsp;&nbsp;&nbsp;<a href="#[152]">core_util_critical_section_exit</a><BR>
 <LI><a href="#[1ba]">initialize</a>&nbsp;&nbsp;&nbsp;&rArr;&nbsp;&nbsp;&nbsp;<a href="#[156]">mbed_assert_internal</a><BR>
 <LI><a href="#[1b5]">gpio_write</a>&nbsp;&nbsp;&nbsp;&rArr;&nbsp;&nbsp;&nbsp;<a href="#[156]">mbed_assert_internal</a><BR>
 <LI><a href="#[1cd]">mbed_error_printf</a>&nbsp;&nbsp;&nbsp;&rArr;&nbsp;&nbsp;&nbsp;<a href="#[1a8]">mbed_error_vfprintf</a><BR>
 <LI><a href="#[231]">pinmap_pinout</a>&nbsp;&nbsp;&nbsp;&rArr;&nbsp;&nbsp;&nbsp;<a href="#[180]">error</a><BR>
 <LI><a href="#[22f]">pinmap_peripheral</a>&nbsp;&nbsp;&nbsp;&rArr;&nbsp;&nbsp;&nbsp;<a href="#[180]">error</a><BR>
 <LI><a href="#[22e]">pinmap_merge</a>&nbsp;&nbsp;&nbsp;&rArr;&nbsp;&nbsp;&nbsp;<a href="#[180]">error</a><BR>
 <LI><a href="#[197]">osRtxErrorNotify</a>&nbsp;&nbsp;&nbsp;&rArr;&nbsp;&nbsp;&nbsp;<a href="#[180]">error</a><BR>
 <LI><a href="#[12]">NMI_Handler</a>&nbsp;&nbsp;&nbsp;&rArr;&nbsp;&nbsp;&nbsp;<a href="#[12]">NMI_Handler</a><BR>
 <LI><a href="#[13]">HardFault_Handler</a>&nbsp;&nbsp;&nbsp;&rArr;&nbsp;&nbsp;&nbsp;<a href="#[13]">HardFault_Handler</a><BR>
 <LI><a href="#[14]">MemManage_Handler</a>&nbsp;&nbsp;&nbsp;&rArr;&nbsp;&nbsp;&nbsp;<a href="#[14]">MemManage_Handler</a><BR>
 <LI><a href="#[15]">BusFault_Handler</a>&nbsp;&nbsp;&nbsp;&rArr;&nbsp;&nbsp;&nbsp;<a href="#[15]">BusFault_Handler</a><BR>
 <LI><a href="#[16]">UsageFault_Handler</a>&nbsp;&nbsp;&nbsp;&rArr;&nbsp;&nbsp;&nbsp;<a href="#[16]">UsageFault_Handler</a><BR>
 <LI><a href="#[18]">DebugMon_Handler</a>&nbsp;&nbsp;&nbsp;&rArr;&nbsp;&nbsp;&nbsp;<a href="#[18]">DebugMon_Handler</a><BR>
 <LI><a href="#[31]">ADC_IRQHandler</a>&nbsp;&nbsp;&nbsp;&rArr;&nbsp;&nbsp;&nbsp;<a href="#[31]">ADC_IRQHandler</a><BR>
 <LI><a href="#[c8]">__asm___13_rtx_mempool_c_7914b4c7__atomic_link_put</a>&nbsp;&nbsp;&nbsp;&rArr;&nbsp;&nbsp;&nbsp;<a href="#[c8]">__asm___13_rtx_mempool_c_7914b4c7__atomic_link_put</a><BR>
</UL>
<P>
<H3>
Function Pointers
</H3><UL>
 <LI><a href="#[42]">&lang;Func2&rang;</a> from .\build\serialbase.o(i.<Func2>) referenced from .\build\serialbase.o(i._ZN4mbed10SerialBaseC1E7PinNameS1_i)
 <LI><a href="#[31]">ADC_IRQHandler</a> from .\build\startup_lpc17xx.o(.text) referenced from .\build\startup_lpc17xx.o(RESET)
 <LI><a href="#[32]">BOD_IRQHandler</a> from .\build\startup_lpc17xx.o(.text) referenced from .\build\startup_lpc17xx.o(RESET)
 <LI><a href="#[15]">BusFault_Handler</a> from .\build\startup_lpc17xx.o(.text) referenced from .\build\startup_lpc17xx.o(RESET)
 <LI><a href="#[34]">CAN_IRQHandler</a> from .\build\startup_lpc17xx.o(.text) referenced from .\build\startup_lpc17xx.o(RESET)
 <LI><a href="#[35]">DMA_IRQHandler</a> from .\build\startup_lpc17xx.o(.text) referenced from .\build\startup_lpc17xx.o(RESET)
 <LI><a href="#[18]">DebugMon_Handler</a> from .\build\startup_lpc17xx.o(.text) referenced from .\build\startup_lpc17xx.o(RESET)
 <LI><a href="#[2d]">EINT0_IRQHandler</a> from .\build\startup_lpc17xx.o(.text) referenced from .\build\startup_lpc17xx.o(RESET)
 <LI><a href="#[2e]">EINT1_IRQHandler</a> from .\build\startup_lpc17xx.o(.text) referenced from .\build\startup_lpc17xx.o(RESET)
 <LI><a href="#[2f]">EINT2_IRQHandler</a> from .\build\startup_lpc17xx.o(.text) referenced from .\build\startup_lpc17xx.o(RESET)
 <LI><a href="#[30]">EINT3_IRQHandler</a> from .\build\startup_lpc17xx.o(.text) referenced from .\build\startup_lpc17xx.o(RESET)
 <LI><a href="#[37]">ENET_IRQHandler</a> from .\build\startup_lpc17xx.o(.text) referenced from .\build\startup_lpc17xx.o(RESET)
 <LI><a href="#[13]">HardFault_Handler</a> from .\build\startup_lpc17xx.o(.text) referenced from .\build\startup_lpc17xx.o(RESET)
 <LI><a href="#[25]">I2C0_IRQHandler</a> from .\build\startup_lpc17xx.o(.text) referenced from .\build\startup_lpc17xx.o(RESET)
 <LI><a href="#[26]">I2C1_IRQHandler</a> from .\build\startup_lpc17xx.o(.text) referenced from .\build\startup_lpc17xx.o(RESET)
 <LI><a href="#[27]">I2C2_IRQHandler</a> from .\build\startup_lpc17xx.o(.text) referenced from .\build\startup_lpc17xx.o(RESET)
 <LI><a href="#[36]">I2S_IRQHandler</a> from .\build\startup_lpc17xx.o(.text) referenced from .\build\startup_lpc17xx.o(RESET)
 <LI><a href="#[39]">MCPWM_IRQHandler</a> from .\build\startup_lpc17xx.o(.text) referenced from .\build\startup_lpc17xx.o(RESET)
 <LI><a href="#[14]">MemManage_Handler</a> from .\build\startup_lpc17xx.o(.text) referenced from .\build\startup_lpc17xx.o(RESET)
 <LI><a href="#[12]">NMI_Handler</a> from .\build\startup_lpc17xx.o(.text) referenced from .\build\startup_lpc17xx.o(RESET)
 <LI><a href="#[2b]">PLL0_IRQHandler</a> from .\build\startup_lpc17xx.o(.text) referenced from .\build\startup_lpc17xx.o(RESET)
 <LI><a href="#[3b]">PLL1_IRQHandler</a> from .\build\startup_lpc17xx.o(.text) referenced from .\build\startup_lpc17xx.o(RESET)
 <LI><a href="#[24]">PWM1_IRQHandler</a> from .\build\startup_lpc17xx.o(.text) referenced from .\build\startup_lpc17xx.o(RESET)
 <LI><a href="#[19]">PendSV_Handler</a> from .\build\irq_cm3.o(.text) referenced from .\build\startup_lpc17xx.o(RESET)
 <LI><a href="#[3a]">QEI_IRQHandler</a> from .\build\startup_lpc17xx.o(.text) referenced from .\build\startup_lpc17xx.o(RESET)
 <LI><a href="#[38]">RIT_IRQHandler</a> from .\build\startup_lpc17xx.o(.text) referenced from .\build\startup_lpc17xx.o(RESET)
 <LI><a href="#[2c]">RTC_IRQHandler</a> from .\build\startup_lpc17xx.o(.text) referenced from .\build\startup_lpc17xx.o(RESET)
 <LI><a href="#[11]">Reset_Handler</a> from .\build\startup_lpc17xx.o(.text) referenced from .\build\startup_lpc17xx.o(RESET)
 <LI><a href="#[28]">SPI_IRQHandler</a> from .\build\startup_lpc17xx.o(.text) referenced from .\build\startup_lpc17xx.o(RESET)
 <LI><a href="#[29]">SSP0_IRQHandler</a> from .\build\startup_lpc17xx.o(.text) referenced from .\build\startup_lpc17xx.o(RESET)
 <LI><a href="#[2a]">SSP1_IRQHandler</a> from .\build\startup_lpc17xx.o(.text) referenced from .\build\startup_lpc17xx.o(RESET)
 <LI><a href="#[17]">SVC_Handler</a> from .\build\irq_cm3.o(.text) referenced from .\build\startup_lpc17xx.o(RESET)
 <LI><a href="#[1a]">SysTick_Handler</a> from .\build\irq_cm3.o(.text) referenced from .\build\startup_lpc17xx.o(RESET)
 <LI><a href="#[1a]">SysTick_Handler</a> from .\build\irq_cm3.o(.text) referenced from .\build\rtx_kernel.o(i.svcRtxKernelStart)
 <LI><a href="#[3c]">SystemInit</a> from .\build\system_lpc17xx.o(i.SystemInit) referenced from .\build\startup_lpc17xx.o(.text)
 <LI><a href="#[1c]">TIMER0_IRQHandler</a> from .\build\startup_lpc17xx.o(.text) referenced from .\build\startup_lpc17xx.o(RESET)
 <LI><a href="#[1d]">TIMER1_IRQHandler</a> from .\build\startup_lpc17xx.o(.text) referenced from .\build\startup_lpc17xx.o(RESET)
 <LI><a href="#[1e]">TIMER2_IRQHandler</a> from .\build\startup_lpc17xx.o(.text) referenced from .\build\startup_lpc17xx.o(RESET)
 <LI><a href="#[1f]">TIMER3_IRQHandler</a> from .\build\startup_lpc17xx.o(.text) referenced from .\build\startup_lpc17xx.o(RESET)
 <LI><a href="#[20]">UART0_IRQHandler</a> from .\build\startup_lpc17xx.o(.text) referenced from .\build\startup_lpc17xx.o(RESET)
 <LI><a href="#[21]">UART1_IRQHandler</a> from .\build\startup_lpc17xx.o(.text) referenced from .\build\startup_lpc17xx.o(RESET)
 <LI><a href="#[22]">UART2_IRQHandler</a> from .\build\startup_lpc17xx.o(.text) referenced from .\build\startup_lpc17xx.o(RESET)
 <LI><a href="#[23]">UART3_IRQHandler</a> from .\build\startup_lpc17xx.o(.text) referenced from .\build\startup_lpc17xx.o(RESET)
 <LI><a href="#[33]">USB_IRQHandler</a> from .\build\startup_lpc17xx.o(.text) referenced from .\build\startup_lpc17xx.o(RESET)
 <LI><a href="#[16]">UsageFault_Handler</a> from .\build\startup_lpc17xx.o(.text) referenced from .\build\startup_lpc17xx.o(RESET)
 <LI><a href="#[1b]">WDT_IRQHandler</a> from .\build\startup_lpc17xx.o(.text) referenced from .\build\startup_lpc17xx.o(RESET)
 <LI><a href="#[49]">configMode()</a> from .\build\main.o(i._Z10configModev) referenced from .\build\main.o(i.main)
 <LI><a href="#[48]">allowNodeJoin()</a> from .\build\main.o(i._Z13allowNodeJoinv) referenced from .\build\main.o(i.main)
 <LI><a href="#[f]">default_idle_hook()</a> from .\build\mbed_rtx_idle.o(i._Z17default_idle_hookv) referenced 2 times from .\build\mbed_rtx_idle.o(.data)
 <LI><a href="#[47]">setPANId()</a> from .\build\main.o(i._Z8setPANIdv) referenced from .\build\main.o(i.main)
 <LI><a href="#[6e]">mbed::FileHandle::size()</a> from .\build\filehandle.o(i._ZN4mbed10FileHandle4sizeEv) referenced from .\build\filehandle.o(.constdata__ZTVN4mbed10FileHandleE)
 <LI><a href="#[6e]">mbed::FileHandle::size()</a> from .\build\filehandle.o(i._ZN4mbed10FileHandle4sizeEv) referenced from .\build\stream.o(.constdata__ZTVN4mbed8FileLikeE)
 <LI><a href="#[6d]">mbed::FileHandle::isatty()</a> from .\build\filehandle.o(i._ZN4mbed10FileHandle6isattyEv) referenced from .\build\filehandle.o(.constdata__ZTVN4mbed10FileHandleE)
 <LI><a href="#[6d]">mbed::FileHandle::isatty()</a> from .\build\filehandle.o(i._ZN4mbed10FileHandle6isattyEv) referenced from .\build\stream.o(.constdata__ZTVN4mbed8FileLikeE)
 <LI><a href="#[43]">mbed::SerialBase::_irq_handler(unsigned, SerialIrq)</a> from .\build\serialbase.o(i._ZN4mbed10SerialBase12_irq_handlerEj9SerialIrq) referenced from .\build\serialbase.o(i._ZN4mbed10SerialBaseC1E7PinNameS1_i)
 <LI><a href="#[6f]">mbed::SerialBase::lock()</a> from .\build\serialbase.o(i._ZN4mbed10SerialBase4lockEv) referenced from .\build\serialbase.o(.constdata__ZTVN4mbed10SerialBaseE)
 <LI><a href="#[70]">mbed::SerialBase::unlock()</a> from .\build\serialbase.o(i._ZN4mbed10SerialBase6unlockEv) referenced from .\build\serialbase.o(.constdata__ZTVN4mbed10SerialBaseE)
 <LI><a href="#[71]">mbed::SerialBase::~SerialBase()</a> from .\build\serialbase.o(i._ZN4mbed10SerialBaseD1Ev) referenced from .\build\serialbase.o(.constdata__ZTVN4mbed10SerialBaseE)
 <LI><a href="#[72]">mbed::FileSystemLike::~FileSystemLike__sub_object()</a> from .\build\filesystem.o(i._ZN4mbed14FileSystemLikeD2Ev) referenced from .\build\filesystem.o(.constdata__ZTVN4mbed14FileSystemLikeE)
 <LI><a href="#[7b]">mbed::LocalFileHandle::lock()</a> from .\build\localfilesystem.o(i._ZN4mbed15LocalFileHandle4lockEv) referenced from .\build\localfilesystem.o(.constdata__ZTVN4mbed15LocalFileHandleE)
 <LI><a href="#[75]">mbed::LocalFileHandle::read(void*, unsigned)</a> from .\build\localfilesystem.o(i._ZN4mbed15LocalFileHandle4readEPvj) referenced from .\build\localfilesystem.o(.constdata__ZTVN4mbed15LocalFileHandleE)
 <LI><a href="#[77]">mbed::LocalFileHandle::seek(long, int)</a> from .\build\localfilesystem.o(i._ZN4mbed15LocalFileHandle4seekEli) referenced from .\build\localfilesystem.o(.constdata__ZTVN4mbed15LocalFileHandleE)
 <LI><a href="#[7a]">mbed::LocalFileHandle::size()</a> from .\build\localfilesystem.o(i._ZN4mbed15LocalFileHandle4sizeEv) referenced from .\build\localfilesystem.o(.constdata__ZTVN4mbed15LocalFileHandleE)
 <LI><a href="#[78]">mbed::LocalFileHandle::close()</a> from .\build\localfilesystem.o(i._ZN4mbed15LocalFileHandle5closeEv) referenced from .\build\localfilesystem.o(.constdata__ZTVN4mbed15LocalFileHandleE)
 <LI><a href="#[76]">mbed::LocalFileHandle::write(const void*, unsigned)</a> from .\build\localfilesystem.o(i._ZN4mbed15LocalFileHandle5writeEPKvj) referenced from .\build\localfilesystem.o(.constdata__ZTVN4mbed15LocalFileHandleE)
 <LI><a href="#[79]">mbed::LocalFileHandle::isatty()</a> from .\build\localfilesystem.o(i._ZN4mbed15LocalFileHandle6isattyEv) referenced from .\build\localfilesystem.o(.constdata__ZTVN4mbed15LocalFileHandleE)
 <LI><a href="#[7c]">mbed::LocalFileHandle::unlock()</a> from .\build\localfilesystem.o(i._ZN4mbed15LocalFileHandle6unlockEv) referenced from .\build\localfilesystem.o(.constdata__ZTVN4mbed15LocalFileHandleE)
 <LI><a href="#[74]">mbed::LocalFileHandle::~LocalFileHandle__deallocating()</a> from .\build\localfilesystem.o(i._ZN4mbed15LocalFileHandleD0Ev) referenced from .\build\localfilesystem.o(.constdata__ZTVN4mbed15LocalFileHandleE)
 <LI><a href="#[73]">mbed::LocalFileHandle::~LocalFileHandle()</a> from .\build\localfilesystem.o(i._ZN4mbed15LocalFileHandleD1Ev) referenced from .\build\localfilesystem.o(.constdata__ZTVN4mbed15LocalFileHandleE)
 <LI><a href="#[7d]">mbed::LocalFileSystem::open(mbed::FileHandle**, const char*, int)</a> from .\build\localfilesystem.o(i._ZN4mbed15LocalFileSystem4openEPPNS_10FileHandleEPKci) referenced from .\build\localfilesystem.o(.constdata__ZTVN4mbed15LocalFileSystemE)
 <LI><a href="#[46]">mbed::LocalFileSystem::~LocalFileSystem()</a> from .\build\main.o(i._ZN4mbed15LocalFileSystemD1Ev) referenced from .\build\localfilesystem.o(.constdata__ZTVN4mbed15LocalFileSystemE)
 <LI><a href="#[46]">mbed::LocalFileSystem::~LocalFileSystem()</a> from .\build\main.o(i._ZN4mbed15LocalFileSystemD1Ev) referenced from .\build\main.o(i.__sti___8_main_cpp_xbee)
 <LI><a href="#[7e]">mbed::Serial::lock()</a> from .\build\serial.o(i._ZN4mbed6Serial4lockEv) referenced from .\build\serial.o(.constdata__ZTVN4mbed6SerialE)
 <LI><a href="#[80]">mbed::Serial::_getc()</a> from .\build\serial.o(i._ZN4mbed6Serial5_getcEv) referenced from .\build\serial.o(.constdata__ZTVN4mbed6SerialE)
 <LI><a href="#[81]">mbed::Serial::_putc(int)</a> from .\build\serial.o(i._ZN4mbed6Serial5_putcEi) referenced from .\build\serial.o(.constdata__ZTVN4mbed6SerialE)
 <LI><a href="#[7f]">mbed::Serial::unlock()</a> from .\build\serial.o(i._ZN4mbed6Serial6unlockEv) referenced from .\build\serial.o(.constdata__ZTVN4mbed6SerialE)
 <LI><a href="#[45]">mbed::Serial::~Serial()</a> from .\build\serial.o(i._ZN4mbed6SerialD1Ev) referenced from .\build\serial.o(.constdata__ZTVN4mbed6SerialE)
 <LI><a href="#[45]">mbed::Serial::~Serial()</a> from .\build\serial.o(i._ZN4mbed6SerialD1Ev) referenced from .\build\main.o(i.__sti___8_main_cpp_xbee)
 <LI><a href="#[8d]">mbed::Stream::lock()</a> from .\build\stream.o(i._ZN4mbed6Stream4lockEv) referenced from .\build\stream.o(.constdata__ZTVN4mbed6StreamE)
 <LI><a href="#[82]">mbed::Stream::read(void*, unsigned)</a> from .\build\stream.o(i._ZN4mbed6Stream4readEPvj) referenced from .\build\serial.o(.constdata__ZTVN4mbed6SerialE)
 <LI><a href="#[82]">mbed::Stream::read(void*, unsigned)</a> from .\build\stream.o(i._ZN4mbed6Stream4readEPvj) referenced from .\build\stream.o(.constdata__ZTVN4mbed6StreamE)
 <LI><a href="#[84]">mbed::Stream::seek(long, int)</a> from .\build\stream.o(i._ZN4mbed6Stream4seekEli) referenced from .\build\serial.o(.constdata__ZTVN4mbed6SerialE)
 <LI><a href="#[84]">mbed::Stream::seek(long, int)</a> from .\build\stream.o(i._ZN4mbed6Stream4seekEli) referenced from .\build\stream.o(.constdata__ZTVN4mbed6StreamE)
 <LI><a href="#[87]">mbed::Stream::size()</a> from .\build\stream.o(i._ZN4mbed6Stream4sizeEv) referenced from .\build\serial.o(.constdata__ZTVN4mbed6SerialE)
 <LI><a href="#[87]">mbed::Stream::size()</a> from .\build\stream.o(i._ZN4mbed6Stream4sizeEv) referenced from .\build\stream.o(.constdata__ZTVN4mbed6StreamE)
 <LI><a href="#[85]">mbed::Stream::close()</a> from .\build\stream.o(i._ZN4mbed6Stream5closeEv) referenced from .\build\serial.o(.constdata__ZTVN4mbed6SerialE)
 <LI><a href="#[85]">mbed::Stream::close()</a> from .\build\stream.o(i._ZN4mbed6Stream5closeEv) referenced from .\build\stream.o(.constdata__ZTVN4mbed6StreamE)
 <LI><a href="#[83]">mbed::Stream::write(const void*, unsigned)</a> from .\build\stream.o(i._ZN4mbed6Stream5writeEPKvj) referenced from .\build\serial.o(.constdata__ZTVN4mbed6SerialE)
 <LI><a href="#[83]">mbed::Stream::write(const void*, unsigned)</a> from .\build\stream.o(i._ZN4mbed6Stream5writeEPKvj) referenced from .\build\stream.o(.constdata__ZTVN4mbed6StreamE)
 <LI><a href="#[86]">mbed::Stream::isatty()</a> from .\build\stream.o(i._ZN4mbed6Stream6isattyEv) referenced from .\build\serial.o(.constdata__ZTVN4mbed6SerialE)
 <LI><a href="#[86]">mbed::Stream::isatty()</a> from .\build\stream.o(i._ZN4mbed6Stream6isattyEv) referenced from .\build\stream.o(.constdata__ZTVN4mbed6StreamE)
 <LI><a href="#[8e]">mbed::Stream::unlock()</a> from .\build\stream.o(i._ZN4mbed6Stream6unlockEv) referenced from .\build\stream.o(.constdata__ZTVN4mbed6StreamE)
 <LI><a href="#[8c]">mbed::Stream::~Stream__sub_object()</a> from .\build\stream.o(i._ZN4mbed6StreamD2Ev) referenced from .\build\stream.o(.constdata__ZTVN4mbed6StreamE)
 <LI><a href="#[91]">void mbed::Callback&lang;void()&rang;::function_call&lang;void(*)()&rang;(const void*)</a> from .\build\atcmdparser.o(t._ZN4mbed8CallbackIFvvEE13function_callIPS1_EEvPKv) referenced from .\build\atcmdparser.o(.constdata__ZZN4mbed8CallbackIFvvEE8generateIPS1_EEvRKT_E3ops)
 <LI><a href="#[93]">void mbed::Callback&lang;void()&rang;::function_dtor&lang;void(*)()&rang;(void*)</a> from .\build\atcmdparser.o(t._ZN4mbed8CallbackIFvvEE13function_dtorIPS1_EEvPv) referenced from .\build\atcmdparser.o(.constdata__ZZN4mbed8CallbackIFvvEE8generateIPS1_EEvRKT_E3ops)
 <LI><a href="#[92]">void mbed::Callback&lang;void()&rang;::function_move&lang;void(*)()&rang;(void*, const void*)</a> from .\build\atcmdparser.o(t._ZN4mbed8CallbackIFvvEE13function_moveIPS1_EEvPvPKv) referenced from .\build\atcmdparser.o(.constdata__ZZN4mbed8CallbackIFvvEE8generateIPS1_EEvRKT_E3ops)
 <LI><a href="#[44]">mbed::Callback&lang;void()&rang;::~Callback()</a> from .\build\can.o(t._ZN4mbed8CallbackIFvvEED1Ev) referenced from .\build\serialbase.o(i._ZN4mbed10SerialBaseD1Ev)
 <LI><a href="#[8f]">mbed::FileBase::~FileBase()</a> from .\build\filebase.o(i._ZN4mbed8FileBaseD1Ev) referenced from .\build\filebase.o(.constdata__ZTVN4mbed8FileBaseE)
 <LI><a href="#[90]">mbed::FileLike::~FileLike__sub_object()</a> from .\build\stream.o(i._ZN4mbed8FileLikeD2Ev) referenced from .\build\stream.o(.constdata__ZTVN4mbed8FileLikeE)
 <LI><a href="#[8a]">thunk{-48} to mbed::Serial::lock()</a> from .\build\serial.o(i._ZThn48_N4mbed6Serial4lockEv) referenced from .\build\serial.o(.constdata__ZTVN4mbed6SerialE)
 <LI><a href="#[89]">thunk{-48} to mbed::Serial::_getc()</a> from .\build\serial.o(i._ZThn48_N4mbed6Serial5_getcEv) referenced from .\build\serial.o(.constdata__ZTVN4mbed6SerialE)
 <LI><a href="#[88]">thunk{-48} to mbed::Serial::_putc(int)</a> from .\build\serial.o(i._ZThn48_N4mbed6Serial5_putcEi) referenced from .\build\serial.o(.constdata__ZTVN4mbed6SerialE)
 <LI><a href="#[8b]">thunk{-48} to mbed::Serial::unlock()</a> from .\build\serial.o(i._ZThn48_N4mbed6Serial6unlockEv) referenced from .\build\serial.o(.constdata__ZTVN4mbed6SerialE)
 <LI><a href="#[6c]">__cxa_pure_virtual</a> from C:\Keil_v5\ARM\ARMCC\Bin\..\lib\cpplib\cpprt_w.l(pure_virt.o)(i.__cxa_pure_virtual) referenced 4 times from .\build\filehandle.o(.constdata__ZTVN4mbed10FileHandleE)
 <LI><a href="#[6c]">__cxa_pure_virtual</a> from C:\Keil_v5\ARM\ARMCC\Bin\..\lib\cpplib\cpprt_w.l(pure_virt.o)(i.__cxa_pure_virtual) referenced from .\build\filesystem.o(.constdata__ZTVN4mbed14FileSystemLikeE)
 <LI><a href="#[6c]">__cxa_pure_virtual</a> from C:\Keil_v5\ARM\ARMCC\Bin\..\lib\cpplib\cpprt_w.l(pure_virt.o)(i.__cxa_pure_virtual) referenced from .\build\filesystemhandle.o(.constdata__ZTVN4mbed16FileSystemHandleE)
 <LI><a href="#[6c]">__cxa_pure_virtual</a> from C:\Keil_v5\ARM\ARMCC\Bin\..\lib\cpplib\cpprt_w.l(pure_virt.o)(i.__cxa_pure_virtual) referenced 2 times from .\build\stream.o(.constdata__ZTVN4mbed6StreamE)
 <LI><a href="#[6c]">__cxa_pure_virtual</a> from C:\Keil_v5\ARM\ARMCC\Bin\..\lib\cpplib\cpprt_w.l(pure_virt.o)(i.__cxa_pure_virtual) referenced 4 times from .\build\stream.o(.constdata__ZTVN4mbed8FileLikeE)
 <LI><a href="#[95]">__main</a> from C:\Keil_v5\ARM\ARMCC\Bin\..\lib\armlib\c_w.l(__main.o)(!!!main) referenced from .\build\startup_lpc17xx.o(.text)
 <LI><a href="#[94]">__sti___8_main_cpp_xbee</a> from .\build\main.o(i.__sti___8_main_cpp_xbee) referenced from .\build\main.o(.init_array)
 <LI><a href="#[41]">_fputc$unlocked</a> from C:\Keil_v5\ARM\ARMCC\Bin\..\lib\armlib\c_w.l(fputc.o)(i.fputc) referenced from C:\Keil_v5\ARM\ARMCC\Bin\..\lib\armlib\c_w.l(_printf_char_file_locked.o)(.text)
 <LI><a href="#[3e]">_get_lc_ctype</a> from C:\Keil_v5\ARM\ARMCC\Bin\..\lib\armlib\c_w.l(lc_ctype_c.o)(locale$$code) referenced from C:\Keil_v5\ARM\ARMCC\Bin\..\lib\armlib\c_w.l(rt_ctype_table.o)(.text)
 <LI><a href="#[40]">_printf_input_char</a> from C:\Keil_v5\ARM\ARMCC\Bin\..\lib\armlib\c_w.l(_printf_char_common.o)(.text) referenced from C:\Keil_v5\ARM\ARMCC\Bin\..\lib\armlib\c_w.l(_printf_char_common.o)(.text)
 <LI><a href="#[3f]">_snputc</a> from C:\Keil_v5\ARM\ARMCC\Bin\..\lib\armlib\c_w.l(_snputc.o)(.text) referenced from C:\Keil_v5\ARM\ARMCC\Bin\..\lib\armlib\c_w.l(vsnprintf.o)(.text)
 <LI><a href="#[5f]">osRtxIdleThread</a> from .\build\mbed_rtx_handlers.o(i.osRtxIdleThread) referenced from .\build\rtx_kernel.o(i.svcRtxKernelStart)
 <LI><a href="#[61]">osRtxMessageQueuePostProcess</a> from .\build\rtx_msgqueue.o(i.osRtxMessageQueuePostProcess) referenced from .\build\rtx_msgqueue.o(i.svcRtxMessageQueueNew)
 <LI><a href="#[63]">osRtxThreadPostProcess</a> from .\build\rtx_thread.o(i.osRtxThreadPostProcess) referenced from .\build\rtx_thread.o(i.svcRtxThreadNew)
 <LI><a href="#[60]">osRtxTimerThread</a> from .\build\rtx_timer.o(i.osRtxTimerThread) referenced from .\build\rtx_kernel.o(i.svcRtxKernelStart)
 <LI><a href="#[56]">osRtxTimerTick</a> from .\build\rtx_timer.o(i.osRtxTimerTick) referenced from .\build\rtx_timer.o(i.osRtxTimerThread)
 <LI><a href="#[62]">osThreadExit</a> from .\build\rtx_thread.o(i.osThreadExit) referenced from .\build\rtx_thread.o(i.svcRtxThreadNew)
 <LI><a href="#[4a]">pre_main</a> from .\build\mbed_boot.o(i.pre_main) referenced from .\build\mbed_boot.o(i.mbed_start_main)
 <LI><a href="#[4b]">svcRtxDelay</a> from .\build\rtx_delay.o(i.svcRtxDelay) referenced from .\build\rtx_delay.o(i.osDelay)
 <LI><a href="#[4c]">svcRtxKernelGetState</a> from .\build\rtx_kernel.o(i.svcRtxKernelGetState) referenced from .\build\rtx_kernel.o(i.osKernelGetState)
 <LI><a href="#[4d]">svcRtxKernelInitialize</a> from .\build\rtx_kernel.o(i.svcRtxKernelInitialize) referenced from .\build\rtx_kernel.o(i.osKernelInitialize)
 <LI><a href="#[4e]">svcRtxKernelStart</a> from .\build\rtx_kernel.o(i.svcRtxKernelStart) referenced from .\build\rtx_kernel.o(i.osKernelStart)
 <LI><a href="#[4f]">svcRtxMessageQueueGet</a> from .\build\rtx_msgqueue.o(i.svcRtxMessageQueueGet) referenced from .\build\rtx_msgqueue.o(i.osMessageQueueGet)
 <LI><a href="#[50]">svcRtxMessageQueueNew</a> from .\build\rtx_msgqueue.o(i.svcRtxMessageQueueNew) referenced from .\build\rtx_msgqueue.o(i.osMessageQueueNew)
 <LI><a href="#[51]">svcRtxMessageQueuePut</a> from .\build\rtx_msgqueue.o(i.svcRtxMessageQueuePut) referenced from .\build\rtx_msgqueue.o(i.osMessageQueuePut)
 <LI><a href="#[52]">svcRtxMutexAcquire</a> from .\build\rtx_mutex.o(i.svcRtxMutexAcquire) referenced from .\build\rtx_mutex.o(i.osMutexAcquire)
 <LI><a href="#[53]">svcRtxMutexDelete</a> from .\build\rtx_mutex.o(i.svcRtxMutexDelete) referenced from .\build\rtx_mutex.o(i.osMutexDelete)
 <LI><a href="#[54]">svcRtxMutexNew</a> from .\build\rtx_mutex.o(i.svcRtxMutexNew) referenced from .\build\rtx_mutex.o(i.osMutexNew)
 <LI><a href="#[55]">svcRtxMutexRelease</a> from .\build\rtx_mutex.o(i.svcRtxMutexRelease) referenced from .\build\rtx_mutex.o(i.osMutexRelease)
 <LI><a href="#[58]">svcRtxThreadExit</a> from .\build\rtx_thread.o(i.svcRtxThreadExit) referenced from .\build\rtx_thread.o(i.osThreadExit)
 <LI><a href="#[59]">svcRtxThreadGetId</a> from .\build\rtx_thread.o(i.svcRtxThreadGetId) referenced from .\build\rtx_thread.o(i.osThreadGetId)
 <LI><a href="#[5a]">svcRtxThreadGetName</a> from .\build\rtx_thread.o(i.svcRtxThreadGetName) referenced from .\build\rtx_thread.o(i.osThreadGetName)
 <LI><a href="#[57]">svcRtxThreadNew</a> from .\build\rtx_thread.o(i.svcRtxThreadNew) referenced from .\build\rtx_thread.o(i.osThreadContextNew)
 <LI><a href="#[10]">ticker_irq_handler</a> from .\build\mbed_ticker_api.o(i.ticker_irq_handler) referenced 2 times from .\build\mbed_us_ticker_api.o(.data)
 <LI><a href="#[5b]">uart0_irq</a> from .\build\serial_api.o(i.uart0_irq) referenced from .\build\serial_api.o(i.serial_irq_set_internal)
 <LI><a href="#[5c]">uart1_irq</a> from .\build\serial_api.o(i.uart1_irq) referenced from .\build\serial_api.o(i.serial_irq_set_internal)
 <LI><a href="#[5d]">uart2_irq</a> from .\build\serial_api.o(i.uart2_irq) referenced from .\build\serial_api.o(i.serial_irq_set_internal)
 <LI><a href="#[5e]">uart3_irq</a> from .\build\serial_api.o(i.uart3_irq) referenced from .\build\serial_api.o(i.serial_irq_set_internal)
 <LI><a href="#[68]">us_ticker_clear_interrupt</a> from .\build\us_ticker.o(i.us_ticker_clear_interrupt) referenced from .\build\mbed_us_ticker_api.o(.constdata)
 <LI><a href="#[67]">us_ticker_disable_interrupt</a> from .\build\us_ticker.o(i.us_ticker_disable_interrupt) referenced from .\build\mbed_us_ticker_api.o(.constdata)
 <LI><a href="#[6a]">us_ticker_fire_interrupt</a> from .\build\us_ticker.o(i.us_ticker_fire_interrupt) referenced from .\build\mbed_us_ticker_api.o(.constdata)
 <LI><a href="#[6b]">us_ticker_get_info</a> from .\build\mbed_retarget.o(i.us_ticker_get_info) referenced from .\build\mbed_us_ticker_api.o(.constdata)
 <LI><a href="#[65]">us_ticker_init</a> from .\build\us_ticker.o(i.us_ticker_init) referenced from .\build\mbed_us_ticker_api.o(.constdata)
 <LI><a href="#[64]">us_ticker_irq_handler</a> from .\build\mbed_us_ticker_api.o(i.us_ticker_irq_handler) referenced from .\build\us_ticker.o(i.us_ticker_init)
 <LI><a href="#[66]">us_ticker_read</a> from .\build\us_ticker.o(i.us_ticker_read) referenced from .\build\mbed_us_ticker_api.o(.constdata)
 <LI><a href="#[69]">us_ticker_set_interrupt</a> from .\build\us_ticker.o(i.us_ticker_set_interrupt) referenced from .\build\mbed_us_ticker_api.o(.constdata)
</UL>
<P>
<H3>
Global Symbols
</H3>
<P><STRONG><a name="[95]"></a>__main</STRONG> (Thumb, 8 bytes, Stack size 0 bytes, C:\Keil_v5\ARM\ARMCC\Bin\..\lib\armlib\c_w.l(__main.o)(!!!main))
<BR><BR>[Stack]<UL><LI>Max Depth = 560 + Unknown Stack Size
<LI>Call Chain = __main &rArr; __rt_entry &rArr; mbed_start_main &rArr; error &rArr; mbed_error_vfprintf &rArr; serial_init &rArr; serial_baud &rArr; mbed_assert_internal &rArr; mbed_die &rArr; wait_ms &rArr; wait_us &rArr; ticker_read &rArr; ticker_read_us &rArr;  core_util_critical_section_exit (Cycle)
</UL>
<BR>[Calls]<UL><LI><a href="#[9a]">&gt;&gt;</a>&nbsp;&nbsp;&nbsp;__rt_entry
<LI><a href="#[99]">&gt;&gt;</a>&nbsp;&nbsp;&nbsp;__scatterload
</UL>

<P><STRONG><a name="[99]"></a>__scatterload</STRONG> (Thumb, 0 bytes, Stack size unknown bytes, C:\Keil_v5\ARM\ARMCC\Bin\..\lib\armlib\c_w.l(__scatter.o)(!!!scatter))
<BR><BR>[Called By]<UL><LI><a href="#[95]">&gt;&gt;</a>&nbsp;&nbsp;&nbsp;__main
</UL>

<P><STRONG><a name="[9b]"></a>__scatterload_rt2</STRONG> (Thumb, 44 bytes, Stack size unknown bytes, C:\Keil_v5\ARM\ARMCC\Bin\..\lib\armlib\c_w.l(__scatter.o)(!!!scatter), UNUSED)
<BR><BR>[Calls]<UL><LI><a href="#[9a]">&gt;&gt;</a>&nbsp;&nbsp;&nbsp;__rt_entry
</UL>

<P><STRONG><a name="[258]"></a>__scatterload_rt2_thumb_only</STRONG> (Thumb, 0 bytes, Stack size unknown bytes, C:\Keil_v5\ARM\ARMCC\Bin\..\lib\armlib\c_w.l(__scatter.o)(!!!scatter), UNUSED)

<P><STRONG><a name="[259]"></a>__scatterload_null</STRONG> (Thumb, 0 bytes, Stack size unknown bytes, C:\Keil_v5\ARM\ARMCC\Bin\..\lib\armlib\c_w.l(__scatter.o)(!!!scatter), UNUSED)

<P><STRONG><a name="[25a]"></a>__decompress</STRONG> (Thumb, 58 bytes, Stack size unknown bytes, C:\Keil_v5\ARM\ARMCC\Bin\..\lib\armlib\c_w.l(__dczerorl.o)(!!dczerorl), UNUSED)

<P><STRONG><a name="[25b]"></a>__decompress0</STRONG> (Thumb, 0 bytes, Stack size unknown bytes, C:\Keil_v5\ARM\ARMCC\Bin\..\lib\armlib\c_w.l(__dczerorl.o)(!!dczerorl), UNUSED)

<P><STRONG><a name="[25c]"></a>__scatterload_zeroinit</STRONG> (Thumb, 28 bytes, Stack size unknown bytes, C:\Keil_v5\ARM\ARMCC\Bin\..\lib\armlib\c_w.l(__scatter_zi.o)(!!handler_zi), UNUSED)

<P><STRONG><a name="[9c]"></a>_printf_n</STRONG> (Thumb, 0 bytes, Stack size unknown bytes, C:\Keil_v5\ARM\ARMCC\Bin\..\lib\armlib\c_w.l(_printf_n.o)(.ARM.Collect$$_printf_percent$$00000001))
<BR><BR>[Calls]<UL><LI><a href="#[9d]">&gt;&gt;</a>&nbsp;&nbsp;&nbsp;_printf_charcount
</UL>

<P><STRONG><a name="[e6]"></a>_printf_percent</STRONG> (Thumb, 0 bytes, Stack size unknown bytes, C:\Keil_v5\ARM\ARMCC\Bin\..\lib\armlib\c_w.l(_printf_percent.o)(.ARM.Collect$$_printf_percent$$00000000))
<BR><BR>[Called By]<UL><LI><a href="#[e4]">&gt;&gt;</a>&nbsp;&nbsp;&nbsp;__printf
</UL>

<P><STRONG><a name="[9e]"></a>_printf_p</STRONG> (Thumb, 0 bytes, Stack size unknown bytes, C:\Keil_v5\ARM\ARMCC\Bin\..\lib\armlib\c_w.l(_printf_p.o)(.ARM.Collect$$_printf_percent$$00000002))
<BR><BR>[Stack]<UL><LI>Max Depth = 64 + Unknown Stack Size
<LI>Call Chain = _printf_p &rArr; _printf_hex_ptr &rArr; _printf_longlong_hex &rArr; _printf_int_common &rArr; _printf_post_padding
</UL>
<BR>[Calls]<UL><LI><a href="#[9f]">&gt;&gt;</a>&nbsp;&nbsp;&nbsp;_printf_hex_ptr
</UL>

<P><STRONG><a name="[a0]"></a>_printf_f</STRONG> (Thumb, 0 bytes, Stack size unknown bytes, C:\Keil_v5\ARM\ARMCC\Bin\..\lib\armlib\c_w.l(_printf_f.o)(.ARM.Collect$$_printf_percent$$00000003))
<BR><BR>[Stack]<UL><LI>Max Depth = 324 + Unknown Stack Size
<LI>Call Chain = _printf_f &rArr; _printf_fp_dec &rArr; _printf_fp_dec_real &rArr; _fp_digits &rArr; _btod_etento &rArr; _btod_emul &rArr; _e2e
</UL>
<BR>[Calls]<UL><LI><a href="#[a1]">&gt;&gt;</a>&nbsp;&nbsp;&nbsp;_printf_fp_dec
</UL>

<P><STRONG><a name="[a2]"></a>_printf_e</STRONG> (Thumb, 0 bytes, Stack size unknown bytes, C:\Keil_v5\ARM\ARMCC\Bin\..\lib\armlib\c_w.l(_printf_e.o)(.ARM.Collect$$_printf_percent$$00000004))
<BR><BR>[Stack]<UL><LI>Max Depth = 324 + Unknown Stack Size
<LI>Call Chain = _printf_e &rArr; _printf_fp_dec &rArr; _printf_fp_dec_real &rArr; _fp_digits &rArr; _btod_etento &rArr; _btod_emul &rArr; _e2e
</UL>
<BR>[Calls]<UL><LI><a href="#[a1]">&gt;&gt;</a>&nbsp;&nbsp;&nbsp;_printf_fp_dec
</UL>

<P><STRONG><a name="[a3]"></a>_printf_g</STRONG> (Thumb, 0 bytes, Stack size unknown bytes, C:\Keil_v5\ARM\ARMCC\Bin\..\lib\armlib\c_w.l(_printf_g.o)(.ARM.Collect$$_printf_percent$$00000005))
<BR><BR>[Stack]<UL><LI>Max Depth = 324 + Unknown Stack Size
<LI>Call Chain = _printf_g &rArr; _printf_fp_dec &rArr; _printf_fp_dec_real &rArr; _fp_digits &rArr; _btod_etento &rArr; _btod_emul &rArr; _e2e
</UL>
<BR>[Calls]<UL><LI><a href="#[a1]">&gt;&gt;</a>&nbsp;&nbsp;&nbsp;_printf_fp_dec
</UL>

<P><STRONG><a name="[a4]"></a>_printf_a</STRONG> (Thumb, 0 bytes, Stack size unknown bytes, C:\Keil_v5\ARM\ARMCC\Bin\..\lib\armlib\c_w.l(_printf_a.o)(.ARM.Collect$$_printf_percent$$00000006))
<BR><BR>[Stack]<UL><LI>Max Depth = 112 + Unknown Stack Size
<LI>Call Chain = _printf_a &rArr; _printf_fp_hex &rArr; _printf_fp_hex_real &rArr; _printf_fp_infnan &rArr; _printf_post_padding
</UL>
<BR>[Calls]<UL><LI><a href="#[a5]">&gt;&gt;</a>&nbsp;&nbsp;&nbsp;_printf_fp_hex
</UL>

<P><STRONG><a name="[25d]"></a>_printf_ll</STRONG> (Thumb, 0 bytes, Stack size unknown bytes, C:\Keil_v5\ARM\ARMCC\Bin\..\lib\armlib\c_w.l(_printf_ll.o)(.ARM.Collect$$_printf_percent$$00000007))

<P><STRONG><a name="[a6]"></a>_printf_i</STRONG> (Thumb, 0 bytes, Stack size unknown bytes, C:\Keil_v5\ARM\ARMCC\Bin\..\lib\armlib\c_w.l(_printf_i.o)(.ARM.Collect$$_printf_percent$$00000008))
<BR><BR>[Stack]<UL><LI>Max Depth = 72 + Unknown Stack Size
<LI>Call Chain = _printf_i &rArr; _printf_int_dec &rArr; _printf_int_common &rArr; _printf_post_padding
</UL>
<BR>[Calls]<UL><LI><a href="#[a7]">&gt;&gt;</a>&nbsp;&nbsp;&nbsp;_printf_int_dec
</UL>

<P><STRONG><a name="[a8]"></a>_printf_d</STRONG> (Thumb, 0 bytes, Stack size unknown bytes, C:\Keil_v5\ARM\ARMCC\Bin\..\lib\armlib\c_w.l(_printf_d.o)(.ARM.Collect$$_printf_percent$$00000009))
<BR><BR>[Stack]<UL><LI>Max Depth = 72 + Unknown Stack Size
<LI>Call Chain = _printf_d &rArr; _printf_int_dec &rArr; _printf_int_common &rArr; _printf_post_padding
</UL>
<BR>[Calls]<UL><LI><a href="#[a7]">&gt;&gt;</a>&nbsp;&nbsp;&nbsp;_printf_int_dec
</UL>

<P><STRONG><a name="[a9]"></a>_printf_u</STRONG> (Thumb, 0 bytes, Stack size unknown bytes, C:\Keil_v5\ARM\ARMCC\Bin\..\lib\armlib\c_w.l(_printf_u.o)(.ARM.Collect$$_printf_percent$$0000000A))
<BR><BR>[Stack]<UL><LI>Max Depth = 72 + Unknown Stack Size
<LI>Call Chain = _printf_u &rArr; _printf_int_dec &rArr; _printf_int_common &rArr; _printf_post_padding
</UL>
<BR>[Calls]<UL><LI><a href="#[a7]">&gt;&gt;</a>&nbsp;&nbsp;&nbsp;_printf_int_dec
</UL>

<P><STRONG><a name="[aa]"></a>_printf_o</STRONG> (Thumb, 0 bytes, Stack size unknown bytes, C:\Keil_v5\ARM\ARMCC\Bin\..\lib\armlib\c_w.l(_printf_o.o)(.ARM.Collect$$_printf_percent$$0000000B))
<BR><BR>[Stack]<UL><LI>Max Depth = 64 + Unknown Stack Size
<LI>Call Chain = _printf_o &rArr; _printf_int_oct &rArr; _printf_longlong_oct &rArr; _printf_int_common &rArr; _printf_post_padding
</UL>
<BR>[Calls]<UL><LI><a href="#[ab]">&gt;&gt;</a>&nbsp;&nbsp;&nbsp;_printf_int_oct
</UL>

<P><STRONG><a name="[ac]"></a>_printf_x</STRONG> (Thumb, 0 bytes, Stack size unknown bytes, C:\Keil_v5\ARM\ARMCC\Bin\..\lib\armlib\c_w.l(_printf_x.o)(.ARM.Collect$$_printf_percent$$0000000C))
<BR><BR>[Stack]<UL><LI>Max Depth = 80 + Unknown Stack Size
<LI>Call Chain = _printf_x &rArr; _printf_int_hex &rArr; _printf_longlong_hex &rArr; _printf_int_common &rArr; _printf_post_padding
</UL>
<BR>[Calls]<UL><LI><a href="#[ad]">&gt;&gt;</a>&nbsp;&nbsp;&nbsp;_printf_int_hex
</UL>

<P><STRONG><a name="[ae]"></a>_printf_lli</STRONG> (Thumb, 0 bytes, Stack size unknown bytes, C:\Keil_v5\ARM\ARMCC\Bin\..\lib\armlib\c_w.l(_printf_lli.o)(.ARM.Collect$$_printf_percent$$0000000D))
<BR><BR>[Stack]<UL><LI>Max Depth = 72 + Unknown Stack Size
<LI>Call Chain = _printf_lli &rArr; _printf_longlong_dec &rArr; _printf_int_common &rArr; _printf_post_padding
</UL>
<BR>[Calls]<UL><LI><a href="#[af]">&gt;&gt;</a>&nbsp;&nbsp;&nbsp;_printf_longlong_dec
</UL>

<P><STRONG><a name="[b0]"></a>_printf_lld</STRONG> (Thumb, 0 bytes, Stack size unknown bytes, C:\Keil_v5\ARM\ARMCC\Bin\..\lib\armlib\c_w.l(_printf_lld.o)(.ARM.Collect$$_printf_percent$$0000000E))
<BR><BR>[Stack]<UL><LI>Max Depth = 72 + Unknown Stack Size
<LI>Call Chain = _printf_lld &rArr; _printf_longlong_dec &rArr; _printf_int_common &rArr; _printf_post_padding
</UL>
<BR>[Calls]<UL><LI><a href="#[af]">&gt;&gt;</a>&nbsp;&nbsp;&nbsp;_printf_longlong_dec
</UL>

<P><STRONG><a name="[b1]"></a>_printf_llu</STRONG> (Thumb, 0 bytes, Stack size unknown bytes, C:\Keil_v5\ARM\ARMCC\Bin\..\lib\armlib\c_w.l(_printf_llu.o)(.ARM.Collect$$_printf_percent$$0000000F))
<BR><BR>[Stack]<UL><LI>Max Depth = 72 + Unknown Stack Size
<LI>Call Chain = _printf_llu &rArr; _printf_longlong_dec &rArr; _printf_int_common &rArr; _printf_post_padding
</UL>
<BR>[Calls]<UL><LI><a href="#[af]">&gt;&gt;</a>&nbsp;&nbsp;&nbsp;_printf_longlong_dec
</UL>

<P><STRONG><a name="[b2]"></a>_printf_llo</STRONG> (Thumb, 0 bytes, Stack size unknown bytes, C:\Keil_v5\ARM\ARMCC\Bin\..\lib\armlib\c_w.l(_printf_llo.o)(.ARM.Collect$$_printf_percent$$00000010))
<BR><BR>[Stack]<UL><LI>Max Depth = 56 + Unknown Stack Size
<LI>Call Chain = _printf_llo &rArr; _printf_ll_oct &rArr; _printf_longlong_oct &rArr; _printf_int_common &rArr; _printf_post_padding
</UL>
<BR>[Calls]<UL><LI><a href="#[b3]">&gt;&gt;</a>&nbsp;&nbsp;&nbsp;_printf_ll_oct
</UL>

<P><STRONG><a name="[b4]"></a>_printf_llx</STRONG> (Thumb, 0 bytes, Stack size unknown bytes, C:\Keil_v5\ARM\ARMCC\Bin\..\lib\armlib\c_w.l(_printf_llx.o)(.ARM.Collect$$_printf_percent$$00000011))
<BR><BR>[Stack]<UL><LI>Max Depth = 64 + Unknown Stack Size
<LI>Call Chain = _printf_llx &rArr; _printf_ll_hex &rArr; _printf_longlong_hex &rArr; _printf_int_common &rArr; _printf_post_padding
</UL>
<BR>[Calls]<UL><LI><a href="#[b5]">&gt;&gt;</a>&nbsp;&nbsp;&nbsp;_printf_ll_hex
</UL>

<P><STRONG><a name="[25e]"></a>_printf_l</STRONG> (Thumb, 0 bytes, Stack size unknown bytes, C:\Keil_v5\ARM\ARMCC\Bin\..\lib\armlib\c_w.l(_printf_l.o)(.ARM.Collect$$_printf_percent$$00000012))

<P><STRONG><a name="[b6]"></a>_printf_c</STRONG> (Thumb, 0 bytes, Stack size unknown bytes, C:\Keil_v5\ARM\ARMCC\Bin\..\lib\armlib\c_w.l(_printf_c.o)(.ARM.Collect$$_printf_percent$$00000013))
<BR><BR>[Stack]<UL><LI>Max Depth = 40 + Unknown Stack Size
<LI>Call Chain = _printf_c &rArr; _printf_char &rArr; _printf_cs_common &rArr; _printf_str &rArr; _printf_post_padding
</UL>
<BR>[Calls]<UL><LI><a href="#[b7]">&gt;&gt;</a>&nbsp;&nbsp;&nbsp;_printf_char
</UL>

<P><STRONG><a name="[b8]"></a>_printf_s</STRONG> (Thumb, 0 bytes, Stack size unknown bytes, C:\Keil_v5\ARM\ARMCC\Bin\..\lib\armlib\c_w.l(_printf_s.o)(.ARM.Collect$$_printf_percent$$00000014))
<BR><BR>[Stack]<UL><LI>Max Depth = 40 + Unknown Stack Size
<LI>Call Chain = _printf_s &rArr; _printf_string &rArr; _printf_cs_common &rArr; _printf_str &rArr; _printf_post_padding
</UL>
<BR>[Calls]<UL><LI><a href="#[b9]">&gt;&gt;</a>&nbsp;&nbsp;&nbsp;_printf_string
</UL>

<P><STRONG><a name="[ba]"></a>_printf_lc</STRONG> (Thumb, 0 bytes, Stack size unknown bytes, C:\Keil_v5\ARM\ARMCC\Bin\..\lib\armlib\c_w.l(_printf_lc.o)(.ARM.Collect$$_printf_percent$$00000015))
<BR><BR>[Stack]<UL><LI>Max Depth = 96 + Unknown Stack Size
<LI>Call Chain = _printf_lc &rArr; _printf_wchar &rArr; _printf_lcs_common &rArr; _printf_wctomb &rArr; _wcrtomb &rArr; __rt_ctype_table &rArr; __rt_locale
</UL>
<BR>[Calls]<UL><LI><a href="#[bb]">&gt;&gt;</a>&nbsp;&nbsp;&nbsp;_printf_wchar
</UL>

<P><STRONG><a name="[bc]"></a>_printf_ls</STRONG> (Thumb, 0 bytes, Stack size unknown bytes, C:\Keil_v5\ARM\ARMCC\Bin\..\lib\armlib\c_w.l(_printf_ls.o)(.ARM.Collect$$_printf_percent$$00000016))
<BR><BR>[Stack]<UL><LI>Max Depth = 96 + Unknown Stack Size
<LI>Call Chain = _printf_ls &rArr; _printf_wstring &rArr; _printf_lcs_common &rArr; _printf_wctomb &rArr; _wcrtomb &rArr; __rt_ctype_table &rArr; __rt_locale
</UL>
<BR>[Calls]<UL><LI><a href="#[bd]">&gt;&gt;</a>&nbsp;&nbsp;&nbsp;_printf_wstring
</UL>

<P><STRONG><a name="[25f]"></a>_printf_percent_end</STRONG> (Thumb, 0 bytes, Stack size unknown bytes, C:\Keil_v5\ARM\ARMCC\Bin\..\lib\armlib\c_w.l(_printf_percent_end.o)(.ARM.Collect$$_printf_percent$$00000017))

<P><STRONG><a name="[232]"></a>__rt_lib_init</STRONG> (Thumb, 0 bytes, Stack size unknown bytes, C:\Keil_v5\ARM\ARMCC\Bin\..\lib\armlib\c_w.l(libinit.o)(.ARM.Collect$$libinit$$00000000))
<BR><BR>[Called By]<UL><LI><a href="#[4a]">&gt;&gt;</a>&nbsp;&nbsp;&nbsp;pre_main
</UL>

<P><STRONG><a name="[260]"></a>__rt_lib_init_fp_1</STRONG> (Thumb, 0 bytes, Stack size unknown bytes, C:\Keil_v5\ARM\ARMCC\Bin\..\lib\armlib\c_w.l(libinit2.o)(.ARM.Collect$$libinit$$00000002))

<P><STRONG><a name="[be]"></a>__rt_lib_init_heap_2</STRONG> (Thumb, 0 bytes, Stack size unknown bytes, C:\Keil_v5\ARM\ARMCC\Bin\..\lib\armlib\c_w.l(libinit2.o)(.ARM.Collect$$libinit$$00000005))
<BR><BR>[Stack]<UL><LI>Max Depth = 336 + Unknown Stack Size
<LI>Call Chain = __rt_lib_init_heap_2 &rArr; _init_alloc &rArr; __Heap_Initialize &rArr; _mutex_initialize &rArr; core_util_critical_section_exit &rArr; mbed_assert_internal &rArr; mbed_die &rArr; wait_ms &rArr; wait_us &rArr; ticker_read &rArr; ticker_read_us &rArr;  core_util_critical_section_exit (Cycle)
</UL>
<BR>[Calls]<UL><LI><a href="#[bf]">&gt;&gt;</a>&nbsp;&nbsp;&nbsp;_init_alloc
</UL>

<P><STRONG><a name="[261]"></a>__rt_lib_init_preinit_1</STRONG> (Thumb, 0 bytes, Stack size unknown bytes, C:\Keil_v5\ARM\ARMCC\Bin\..\lib\armlib\c_w.l(libinit2.o)(.ARM.Collect$$libinit$$00000004))

<P><STRONG><a name="[262]"></a>__rt_lib_init_heap_1</STRONG> (Thumb, 0 bytes, Stack size unknown bytes, C:\Keil_v5\ARM\ARMCC\Bin\..\lib\armlib\c_w.l(libinit2.o)(.ARM.Collect$$libinit$$0000000A))

<P><STRONG><a name="[c0]"></a>__rt_lib_init_lc_common</STRONG> (Thumb, 0 bytes, Stack size unknown bytes, C:\Keil_v5\ARM\ARMCC\Bin\..\lib\armlib\c_w.l(libinit2.o)(.ARM.Collect$$libinit$$0000000F))
<BR><BR>[Stack]<UL><LI>Max Depth = 8 + Unknown Stack Size
<LI>Call Chain = __rt_lib_init_lc_common &rArr; __rt_locale
</UL>
<BR>[Calls]<UL><LI><a href="#[c1]">&gt;&gt;</a>&nbsp;&nbsp;&nbsp;__rt_locale
</UL>

<P><STRONG><a name="[263]"></a>__rt_lib_init_rand_1</STRONG> (Thumb, 0 bytes, Stack size unknown bytes, C:\Keil_v5\ARM\ARMCC\Bin\..\lib\armlib\c_w.l(libinit2.o)(.ARM.Collect$$libinit$$0000000E))

<P><STRONG><a name="[264]"></a>__rt_lib_init_user_alloc_1</STRONG> (Thumb, 0 bytes, Stack size unknown bytes, C:\Keil_v5\ARM\ARMCC\Bin\..\lib\armlib\c_w.l(libinit2.o)(.ARM.Collect$$libinit$$0000000C))

<P><STRONG><a name="[265]"></a>__rt_lib_init_lc_collate_1</STRONG> (Thumb, 0 bytes, Stack size unknown bytes, C:\Keil_v5\ARM\ARMCC\Bin\..\lib\armlib\c_w.l(libinit2.o)(.ARM.Collect$$libinit$$00000011))

<P><STRONG><a name="[c2]"></a>__rt_lib_init_lc_ctype_2</STRONG> (Thumb, 0 bytes, Stack size unknown bytes, C:\Keil_v5\ARM\ARMCC\Bin\..\lib\armlib\c_w.l(libinit2.o)(.ARM.Collect$$libinit$$00000012))
<BR><BR>[Stack]<UL><LI>Max Depth = 8 + Unknown Stack Size
<LI>Call Chain = __rt_lib_init_lc_ctype_2 &rArr; _get_lc_ctype
</UL>
<BR>[Calls]<UL><LI><a href="#[3e]">&gt;&gt;</a>&nbsp;&nbsp;&nbsp;_get_lc_ctype
</UL>

<P><STRONG><a name="[266]"></a>__rt_lib_init_lc_ctype_1</STRONG> (Thumb, 0 bytes, Stack size unknown bytes, C:\Keil_v5\ARM\ARMCC\Bin\..\lib\armlib\c_w.l(libinit2.o)(.ARM.Collect$$libinit$$00000013))

<P><STRONG><a name="[267]"></a>__rt_lib_init_lc_monetary_1</STRONG> (Thumb, 0 bytes, Stack size unknown bytes, C:\Keil_v5\ARM\ARMCC\Bin\..\lib\armlib\c_w.l(libinit2.o)(.ARM.Collect$$libinit$$00000015))

<P><STRONG><a name="[c3]"></a>__rt_lib_init_lc_numeric_2</STRONG> (Thumb, 0 bytes, Stack size unknown bytes, C:\Keil_v5\ARM\ARMCC\Bin\..\lib\armlib\c_w.l(libinit2.o)(.ARM.Collect$$libinit$$00000016))
<BR><BR>[Stack]<UL><LI>Max Depth = 8 + Unknown Stack Size
<LI>Call Chain = __rt_lib_init_lc_numeric_2 &rArr; _get_lc_numeric
</UL>
<BR>[Calls]<UL><LI><a href="#[c4]">&gt;&gt;</a>&nbsp;&nbsp;&nbsp;_get_lc_numeric
</UL>

<P><STRONG><a name="[268]"></a>__rt_lib_init_atexit_1</STRONG> (Thumb, 0 bytes, Stack size unknown bytes, C:\Keil_v5\ARM\ARMCC\Bin\..\lib\armlib\c_w.l(libinit2.o)(.ARM.Collect$$libinit$$0000001B))

<P><STRONG><a name="[269]"></a>__rt_lib_init_clock_1</STRONG> (Thumb, 0 bytes, Stack size unknown bytes, C:\Keil_v5\ARM\ARMCC\Bin\..\lib\armlib\c_w.l(libinit2.o)(.ARM.Collect$$libinit$$00000021))

<P><STRONG><a name="[26a]"></a>__rt_lib_init_fp_trap_1</STRONG> (Thumb, 0 bytes, Stack size unknown bytes, C:\Keil_v5\ARM\ARMCC\Bin\..\lib\armlib\c_w.l(libinit2.o)(.ARM.Collect$$libinit$$0000001F))

<P><STRONG><a name="[26b]"></a>__rt_lib_init_getenv_1</STRONG> (Thumb, 0 bytes, Stack size unknown bytes, C:\Keil_v5\ARM\ARMCC\Bin\..\lib\armlib\c_w.l(libinit2.o)(.ARM.Collect$$libinit$$00000023))

<P><STRONG><a name="[26c]"></a>__rt_lib_init_lc_numeric_1</STRONG> (Thumb, 0 bytes, Stack size unknown bytes, C:\Keil_v5\ARM\ARMCC\Bin\..\lib\armlib\c_w.l(libinit2.o)(.ARM.Collect$$libinit$$00000017))

<P><STRONG><a name="[26d]"></a>__rt_lib_init_lc_time_1</STRONG> (Thumb, 0 bytes, Stack size unknown bytes, C:\Keil_v5\ARM\ARMCC\Bin\..\lib\armlib\c_w.l(libinit2.o)(.ARM.Collect$$libinit$$00000019))

<P><STRONG><a name="[26e]"></a>__rt_lib_init_signal_1</STRONG> (Thumb, 0 bytes, Stack size unknown bytes, C:\Keil_v5\ARM\ARMCC\Bin\..\lib\armlib\c_w.l(libinit2.o)(.ARM.Collect$$libinit$$0000001D))

<P><STRONG><a name="[c5]"></a>__rt_lib_init_stdio_2</STRONG> (Thumb, 0 bytes, Stack size unknown bytes, C:\Keil_v5\ARM\ARMCC\Bin\..\lib\armlib\c_w.l(libinit2.o)(.ARM.Collect$$libinit$$00000024))
<BR><BR>[Stack]<UL><LI>Max Depth = 536 + Unknown Stack Size
<LI>Call Chain = __rt_lib_init_stdio_2 &rArr; _initio &rArr; freopen &rArr; _freopen_locked &rArr; _fclose_internal &rArr; _fflush &rArr; _writebuf &rArr; _sys_write &rArr; init_serial() &rArr; serial_init &rArr; serial_baud &rArr; mbed_assert_internal &rArr; mbed_die &rArr; wait_ms &rArr; wait_us &rArr; ticker_read &rArr; ticker_read_us &rArr;  core_util_critical_section_exit (Cycle)
</UL>
<BR>[Calls]<UL><LI><a href="#[c6]">&gt;&gt;</a>&nbsp;&nbsp;&nbsp;_initio
</UL>

<P><STRONG><a name="[26f]"></a>__rt_lib_init_alloca_1</STRONG> (Thumb, 0 bytes, Stack size unknown bytes, C:\Keil_v5\ARM\ARMCC\Bin\..\lib\armlib\c_w.l(libinit2.o)(.ARM.Collect$$libinit$$0000002E))

<P><STRONG><a name="[270]"></a>__rt_lib_init_argv_1</STRONG> (Thumb, 0 bytes, Stack size unknown bytes, C:\Keil_v5\ARM\ARMCC\Bin\..\lib\armlib\c_w.l(libinit2.o)(.ARM.Collect$$libinit$$0000002C))

<P><STRONG><a name="[c7]"></a>__rt_lib_init_cpp_2</STRONG> (Thumb, 0 bytes, Stack size unknown bytes, C:\Keil_v5\ARM\ARMCC\Bin\..\lib\armlib\c_w.l(libinit2.o)(.ARM.Collect$$libinit$$00000031))
<BR><BR>[Stack]<UL><LI>Max Depth = 16 + Unknown Stack Size
<LI>Call Chain = __rt_lib_init_cpp_2 &rArr; __cpp_initialize__aeabi_
</UL>
<BR>[Calls]<UL><LI><a href="#[98]">&gt;&gt;</a>&nbsp;&nbsp;&nbsp;__cpp_initialize__aeabi_
</UL>

<P><STRONG><a name="[271]"></a>__rt_lib_init_exceptions_1</STRONG> (Thumb, 0 bytes, Stack size unknown bytes, C:\Keil_v5\ARM\ARMCC\Bin\..\lib\armlib\c_w.l(libinit2.o)(.ARM.Collect$$libinit$$00000030))

<P><STRONG><a name="[272]"></a>__rt_lib_init_stdio_1</STRONG> (Thumb, 0 bytes, Stack size unknown bytes, C:\Keil_v5\ARM\ARMCC\Bin\..\lib\armlib\c_w.l(libinit2.o)(.ARM.Collect$$libinit$$00000025))

<P><STRONG><a name="[273]"></a>__rt_lib_init_cpp_1</STRONG> (Thumb, 0 bytes, Stack size unknown bytes, C:\Keil_v5\ARM\ARMCC\Bin\..\lib\armlib\c_w.l(libinit2.o)(.ARM.Collect$$libinit$$00000032))

<P><STRONG><a name="[274]"></a>__rt_lib_init_return</STRONG> (Thumb, 0 bytes, Stack size unknown bytes, C:\Keil_v5\ARM\ARMCC\Bin\..\lib\armlib\c_w.l(libinit2.o)(.ARM.Collect$$libinit$$00000033))

<P><STRONG><a name="[275]"></a>__asm___13_rtx_mempool_c_7914b4c7__atomic_wr8</STRONG> (Thumb, 16 bytes, Stack size 0 bytes, .\build\rtx_mempool.o(.emb_text), UNUSED)

<P><STRONG><a name="[276]"></a>__rt_lib_shutdown_heap_2</STRONG> (Thumb, 0 bytes, Stack size 0 bytes, C:\Keil_v5\ARM\ARMCC\Bin\..\lib\armlib\c_w.l(libshutdown2.o)(.ARM.Collect$$libshutdown$$0000000F))

<P><STRONG><a name="[277]"></a>__rt_lib_shutdown_stdio_2</STRONG> (Thumb, 0 bytes, Stack size 0 bytes, C:\Keil_v5\ARM\ARMCC\Bin\..\lib\armlib\c_w.l(libshutdown2.o)(.ARM.Collect$$libshutdown$$00000004))

<P><STRONG><a name="[278]"></a>__asm___13_rtx_mempool_c_7914b4c7__atomic_set32</STRONG> (Thumb, 20 bytes, Stack size 0 bytes, .\build\rtx_mempool.o(.emb_text), UNUSED)

<P><STRONG><a name="[279]"></a>__asm___13_rtx_mempool_c_7914b4c7__atomic_clr32</STRONG> (Thumb, 22 bytes, Stack size 0 bytes, .\build\rtx_mempool.o(.emb_text), UNUSED)

<P><STRONG><a name="[27a]"></a>__asm___13_rtx_mempool_c_7914b4c7__atomic_chk32_all</STRONG> (Thumb, 38 bytes, Stack size 0 bytes, .\build\rtx_mempool.o(.emb_text), UNUSED)

<P><STRONG><a name="[27b]"></a>__asm___13_rtx_mempool_c_7914b4c7__atomic_chk32_any</STRONG> (Thumb, 34 bytes, Stack size 0 bytes, .\build\rtx_mempool.o(.emb_text), UNUSED)

<P><STRONG><a name="[27c]"></a>__asm___13_rtx_mempool_c_7914b4c7__atomic_inc32</STRONG> (Thumb, 18 bytes, Stack size 0 bytes, .\build\rtx_mempool.o(.emb_text), UNUSED)

<P><STRONG><a name="[1f8]"></a>__asm___13_rtx_mempool_c_7914b4c7__atomic_inc32_lt</STRONG> (Thumb, 30 bytes, Stack size 0 bytes, .\build\rtx_mempool.o(.emb_text))
<BR><BR>[Called By]<UL><LI><a href="#[1c5]">&gt;&gt;</a>&nbsp;&nbsp;&nbsp;osRtxMemoryPoolAlloc
</UL>

<P><STRONG><a name="[27d]"></a>__asm___13_rtx_mempool_c_7914b4c7__atomic_inc16_lt</STRONG> (Thumb, 30 bytes, Stack size 0 bytes, .\build\rtx_mempool.o(.emb_text), UNUSED)

<P><STRONG><a name="[27e]"></a>__asm___13_rtx_mempool_c_7914b4c7__atomic_inc16_lim</STRONG> (Thumb, 26 bytes, Stack size 0 bytes, .\build\rtx_mempool.o(.emb_text), UNUSED)

<P><STRONG><a name="[1fc]"></a>__asm___13_rtx_mempool_c_7914b4c7__atomic_dec32_nz</STRONG> (Thumb, 26 bytes, Stack size 0 bytes, .\build\rtx_mempool.o(.emb_text))
<BR><BR>[Called By]<UL><LI><a href="#[1fa]">&gt;&gt;</a>&nbsp;&nbsp;&nbsp;osRtxMemoryPoolFree
</UL>

<P><STRONG><a name="[27f]"></a>__asm___13_rtx_mempool_c_7914b4c7__atomic_dec16_nz</STRONG> (Thumb, 26 bytes, Stack size 0 bytes, .\build\rtx_mempool.o(.emb_text), UNUSED)

<P><STRONG><a name="[1f9]"></a>__asm___13_rtx_mempool_c_7914b4c7__atomic_link_get</STRONG> (Thumb, 26 bytes, Stack size 0 bytes, .\build\rtx_mempool.o(.emb_text))
<BR><BR>[Called By]<UL><LI><a href="#[1c5]">&gt;&gt;</a>&nbsp;&nbsp;&nbsp;osRtxMemoryPoolAlloc
</UL>

<P><STRONG><a name="[c8]"></a>__asm___13_rtx_mempool_c_7914b4c7__atomic_link_put</STRONG> (Thumb, 28 bytes, Stack size 0 bytes, .\build\rtx_mempool.o(.emb_text))
<BR><BR>[Calls]<UL><LI><a href="#[c8]">&gt;&gt;</a>&nbsp;&nbsp;&nbsp;__asm___13_rtx_mempool_c_7914b4c7__atomic_link_put
</UL>
<BR>[Called By]<UL><LI><a href="#[1fa]">&gt;&gt;</a>&nbsp;&nbsp;&nbsp;osRtxMemoryPoolFree
<LI><a href="#[c8]">&gt;&gt;</a>&nbsp;&nbsp;&nbsp;__asm___13_rtx_mempool_c_7914b4c7__atomic_link_put
</UL>

<P><STRONG><a name="[139]"></a>__asm___14_rtx_msgqueue_c_3fd3b50e__atomic_wr8</STRONG> (Thumb, 16 bytes, Stack size 0 bytes, .\build\rtx_msgqueue.o(.emb_text))
<BR><BR>[Called By]<UL><LI><a href="#[137]">&gt;&gt;</a>&nbsp;&nbsp;&nbsp;MessageQueueGet
</UL>

<P><STRONG><a name="[280]"></a>__asm___14_rtx_msgqueue_c_3fd3b50e__atomic_set32</STRONG> (Thumb, 20 bytes, Stack size 0 bytes, .\build\rtx_msgqueue.o(.emb_text), UNUSED)

<P><STRONG><a name="[281]"></a>__asm___14_rtx_msgqueue_c_3fd3b50e__atomic_clr32</STRONG> (Thumb, 22 bytes, Stack size 0 bytes, .\build\rtx_msgqueue.o(.emb_text), UNUSED)

<P><STRONG><a name="[282]"></a>__asm___14_rtx_msgqueue_c_3fd3b50e__atomic_chk32_all</STRONG> (Thumb, 38 bytes, Stack size 0 bytes, .\build\rtx_msgqueue.o(.emb_text), UNUSED)

<P><STRONG><a name="[283]"></a>__asm___14_rtx_msgqueue_c_3fd3b50e__atomic_chk32_any</STRONG> (Thumb, 34 bytes, Stack size 0 bytes, .\build\rtx_msgqueue.o(.emb_text), UNUSED)

<P><STRONG><a name="[13b]"></a>__asm___14_rtx_msgqueue_c_3fd3b50e__atomic_inc32</STRONG> (Thumb, 18 bytes, Stack size 0 bytes, .\build\rtx_msgqueue.o(.emb_text))
<BR><BR>[Called By]<UL><LI><a href="#[13a]">&gt;&gt;</a>&nbsp;&nbsp;&nbsp;MessageQueuePut
</UL>

<P><STRONG><a name="[284]"></a>__asm___14_rtx_msgqueue_c_3fd3b50e__atomic_inc32_lt</STRONG> (Thumb, 30 bytes, Stack size 0 bytes, .\build\rtx_msgqueue.o(.emb_text), UNUSED)

<P><STRONG><a name="[285]"></a>__asm___14_rtx_msgqueue_c_3fd3b50e__atomic_inc16_lt</STRONG> (Thumb, 30 bytes, Stack size 0 bytes, .\build\rtx_msgqueue.o(.emb_text), UNUSED)

<P><STRONG><a name="[286]"></a>__asm___14_rtx_msgqueue_c_3fd3b50e__atomic_inc16_lim</STRONG> (Thumb, 26 bytes, Stack size 0 bytes, .\build\rtx_msgqueue.o(.emb_text), UNUSED)

<P><STRONG><a name="[138]"></a>__asm___14_rtx_msgqueue_c_3fd3b50e__atomic_dec32_nz</STRONG> (Thumb, 26 bytes, Stack size 0 bytes, .\build\rtx_msgqueue.o(.emb_text))
<BR><BR>[Called By]<UL><LI><a href="#[137]">&gt;&gt;</a>&nbsp;&nbsp;&nbsp;MessageQueueGet
</UL>

<P><STRONG><a name="[287]"></a>__asm___14_rtx_msgqueue_c_3fd3b50e__atomic_dec16_nz</STRONG> (Thumb, 26 bytes, Stack size 0 bytes, .\build\rtx_msgqueue.o(.emb_text), UNUSED)

<P><STRONG><a name="[288]"></a>__asm___14_rtx_msgqueue_c_3fd3b50e__atomic_link_get</STRONG> (Thumb, 26 bytes, Stack size 0 bytes, .\build\rtx_msgqueue.o(.emb_text), UNUSED)

<P><STRONG><a name="[c9]"></a>__asm___14_rtx_msgqueue_c_3fd3b50e__atomic_link_put</STRONG> (Thumb, 28 bytes, Stack size 0 bytes, .\build\rtx_msgqueue.o(.emb_text), UNUSED)
<BR><BR>[Calls]<UL><LI><a href="#[c9]">&gt;&gt;</a>&nbsp;&nbsp;&nbsp;__asm___14_rtx_msgqueue_c_3fd3b50e__atomic_link_put
</UL>
<BR>[Called By]<UL><LI><a href="#[c9]">&gt;&gt;</a>&nbsp;&nbsp;&nbsp;__asm___14_rtx_msgqueue_c_3fd3b50e__atomic_link_put
</UL>

<P><STRONG><a name="[289]"></a>__asm___12_rtx_system_c_024f2f18__atomic_wr8</STRONG> (Thumb, 16 bytes, Stack size 0 bytes, .\build\rtx_system.o(.emb_text), UNUSED)

<P><STRONG><a name="[28a]"></a>__asm___12_rtx_system_c_024f2f18__atomic_set32</STRONG> (Thumb, 20 bytes, Stack size 0 bytes, .\build\rtx_system.o(.emb_text), UNUSED)

<P><STRONG><a name="[28b]"></a>__asm___12_rtx_system_c_024f2f18__atomic_clr32</STRONG> (Thumb, 22 bytes, Stack size 0 bytes, .\build\rtx_system.o(.emb_text), UNUSED)

<P><STRONG><a name="[28c]"></a>__asm___12_rtx_system_c_024f2f18__atomic_chk32_all</STRONG> (Thumb, 38 bytes, Stack size 0 bytes, .\build\rtx_system.o(.emb_text), UNUSED)

<P><STRONG><a name="[28d]"></a>__asm___12_rtx_system_c_024f2f18__atomic_chk32_any</STRONG> (Thumb, 34 bytes, Stack size 0 bytes, .\build\rtx_system.o(.emb_text), UNUSED)

<P><STRONG><a name="[28e]"></a>__asm___12_rtx_system_c_024f2f18__atomic_inc32</STRONG> (Thumb, 18 bytes, Stack size 0 bytes, .\build\rtx_system.o(.emb_text), UNUSED)

<P><STRONG><a name="[28f]"></a>__asm___12_rtx_system_c_024f2f18__atomic_inc32_lt</STRONG> (Thumb, 30 bytes, Stack size 0 bytes, .\build\rtx_system.o(.emb_text), UNUSED)

<P><STRONG><a name="[1cc]"></a>__asm___12_rtx_system_c_024f2f18__atomic_inc16_lt</STRONG> (Thumb, 30 bytes, Stack size 0 bytes, .\build\rtx_system.o(.emb_text))
<BR><BR>[Called By]<UL><LI><a href="#[1cb]">&gt;&gt;</a>&nbsp;&nbsp;&nbsp;isr_queue_put
</UL>

<P><STRONG><a name="[1ca]"></a>__asm___12_rtx_system_c_024f2f18__atomic_inc16_lim</STRONG> (Thumb, 26 bytes, Stack size 0 bytes, .\build\rtx_system.o(.emb_text))
<BR><BR>[Called By]<UL><LI><a href="#[1cb]">&gt;&gt;</a>&nbsp;&nbsp;&nbsp;isr_queue_put
<LI><a href="#[1c8]">&gt;&gt;</a>&nbsp;&nbsp;&nbsp;isr_queue_get
</UL>

<P><STRONG><a name="[290]"></a>__asm___12_rtx_system_c_024f2f18__atomic_dec32_nz</STRONG> (Thumb, 26 bytes, Stack size 0 bytes, .\build\rtx_system.o(.emb_text), UNUSED)

<P><STRONG><a name="[1c9]"></a>__asm___12_rtx_system_c_024f2f18__atomic_dec16_nz</STRONG> (Thumb, 26 bytes, Stack size 0 bytes, .\build\rtx_system.o(.emb_text))
<BR><BR>[Called By]<UL><LI><a href="#[1c8]">&gt;&gt;</a>&nbsp;&nbsp;&nbsp;isr_queue_get
</UL>

<P><STRONG><a name="[291]"></a>__asm___12_rtx_system_c_024f2f18__atomic_link_get</STRONG> (Thumb, 26 bytes, Stack size 0 bytes, .\build\rtx_system.o(.emb_text), UNUSED)

<P><STRONG><a name="[ca]"></a>__asm___12_rtx_system_c_024f2f18__atomic_link_put</STRONG> (Thumb, 28 bytes, Stack size 0 bytes, .\build\rtx_system.o(.emb_text), UNUSED)
<BR><BR>[Calls]<UL><LI><a href="#[ca]">&gt;&gt;</a>&nbsp;&nbsp;&nbsp;__asm___12_rtx_system_c_024f2f18__atomic_link_put
</UL>
<BR>[Called By]<UL><LI><a href="#[ca]">&gt;&gt;</a>&nbsp;&nbsp;&nbsp;__asm___12_rtx_system_c_024f2f18__atomic_link_put
</UL>

<P><STRONG><a name="[292]"></a>__asm___12_rtx_thread_c_add96be5__atomic_wr8</STRONG> (Thumb, 16 bytes, Stack size 0 bytes, .\build\rtx_thread.o(.emb_text), UNUSED)

<P><STRONG><a name="[293]"></a>__asm___12_rtx_thread_c_add96be5__atomic_set32</STRONG> (Thumb, 20 bytes, Stack size 0 bytes, .\build\rtx_thread.o(.emb_text), UNUSED)

<P><STRONG><a name="[294]"></a>__asm___12_rtx_thread_c_add96be5__atomic_clr32</STRONG> (Thumb, 22 bytes, Stack size 0 bytes, .\build\rtx_thread.o(.emb_text), UNUSED)

<P><STRONG><a name="[13d]"></a>__asm___12_rtx_thread_c_add96be5__atomic_chk32_all</STRONG> (Thumb, 38 bytes, Stack size 0 bytes, .\build\rtx_thread.o(.emb_text))
<BR><BR>[Called By]<UL><LI><a href="#[13c]">&gt;&gt;</a>&nbsp;&nbsp;&nbsp;ThreadFlagsCheck
</UL>

<P><STRONG><a name="[13e]"></a>__asm___12_rtx_thread_c_add96be5__atomic_chk32_any</STRONG> (Thumb, 34 bytes, Stack size 0 bytes, .\build\rtx_thread.o(.emb_text))
<BR><BR>[Called By]<UL><LI><a href="#[13c]">&gt;&gt;</a>&nbsp;&nbsp;&nbsp;ThreadFlagsCheck
</UL>

<P><STRONG><a name="[295]"></a>__asm___12_rtx_thread_c_add96be5__atomic_inc32</STRONG> (Thumb, 18 bytes, Stack size 0 bytes, .\build\rtx_thread.o(.emb_text), UNUSED)

<P><STRONG><a name="[296]"></a>__asm___12_rtx_thread_c_add96be5__atomic_inc32_lt</STRONG> (Thumb, 30 bytes, Stack size 0 bytes, .\build\rtx_thread.o(.emb_text), UNUSED)

<P><STRONG><a name="[297]"></a>__asm___12_rtx_thread_c_add96be5__atomic_inc16_lt</STRONG> (Thumb, 30 bytes, Stack size 0 bytes, .\build\rtx_thread.o(.emb_text), UNUSED)

<P><STRONG><a name="[298]"></a>__asm___12_rtx_thread_c_add96be5__atomic_inc16_lim</STRONG> (Thumb, 26 bytes, Stack size 0 bytes, .\build\rtx_thread.o(.emb_text), UNUSED)

<P><STRONG><a name="[299]"></a>__asm___12_rtx_thread_c_add96be5__atomic_dec32_nz</STRONG> (Thumb, 26 bytes, Stack size 0 bytes, .\build\rtx_thread.o(.emb_text), UNUSED)

<P><STRONG><a name="[29a]"></a>__asm___12_rtx_thread_c_add96be5__atomic_dec16_nz</STRONG> (Thumb, 26 bytes, Stack size 0 bytes, .\build\rtx_thread.o(.emb_text), UNUSED)

<P><STRONG><a name="[29b]"></a>__asm___12_rtx_thread_c_add96be5__atomic_link_get</STRONG> (Thumb, 26 bytes, Stack size 0 bytes, .\build\rtx_thread.o(.emb_text), UNUSED)

<P><STRONG><a name="[cb]"></a>__asm___12_rtx_thread_c_add96be5__atomic_link_put</STRONG> (Thumb, 28 bytes, Stack size 0 bytes, .\build\rtx_thread.o(.emb_text), UNUSED)
<BR><BR>[Calls]<UL><LI><a href="#[cb]">&gt;&gt;</a>&nbsp;&nbsp;&nbsp;__asm___12_rtx_thread_c_add96be5__atomic_link_put
</UL>
<BR>[Called By]<UL><LI><a href="#[cb]">&gt;&gt;</a>&nbsp;&nbsp;&nbsp;__asm___12_rtx_thread_c_add96be5__atomic_link_put
</UL>

<P><STRONG><a name="[17]"></a>SVC_Handler</STRONG> (Thumb, 96 bytes, Stack size 0 bytes, .\build\irq_cm3.o(.text))
<BR>[Address Reference Count : 1]<UL><LI> startup_lpc17xx.o(RESET)
</UL>
<P><STRONG><a name="[29c]"></a>_maybe_terminate_alloc</STRONG> (Thumb, 0 bytes, Stack size 0 bytes, C:\Keil_v5\ARM\ARMCC\Bin\..\lib\armlib\c_w.l(maybetermalloc2.o)(.emb_text), UNUSED)

<P><STRONG><a name="[19]"></a>PendSV_Handler</STRONG> (Thumb, 16 bytes, Stack size 0 bytes, .\build\irq_cm3.o(.text))
<BR><BR>[Stack]<UL><LI>Max Depth = 48<LI>Call Chain = PendSV_Handler &rArr; osRtxPendSV_Handler &rArr; osRtxThreadDispatch &rArr; osRtxThreadSwitch &rArr; osRtxThreadStackCheck &rArr; osRtxErrorNotify &rArr;  error (Cycle)
</UL>
<BR>[Calls]<UL><LI><a href="#[cc]">&gt;&gt;</a>&nbsp;&nbsp;&nbsp;osRtxPendSV_Handler
</UL>
<BR>[Address Reference Count : 1]<UL><LI> startup_lpc17xx.o(RESET)
</UL>
<P><STRONG><a name="[1a]"></a>SysTick_Handler</STRONG> (Thumb, 16 bytes, Stack size 0 bytes, .\build\irq_cm3.o(.text))
<BR><BR>[Stack]<UL><LI>Max Depth = 48<LI>Call Chain = SysTick_Handler &rArr; osRtxTick_Handler &rArr; osRtxThreadDispatch &rArr; osRtxThreadSwitch &rArr; osRtxThreadStackCheck &rArr; osRtxErrorNotify &rArr;  error (Cycle)
</UL>
<BR>[Calls]<UL><LI><a href="#[cd]">&gt;&gt;</a>&nbsp;&nbsp;&nbsp;osRtxTick_Handler
</UL>
<BR>[Address Reference Count : 2]<UL><LI> rtx_kernel.o(i.svcRtxKernelStart)
<LI> startup_lpc17xx.o(RESET)
</UL>
<P><STRONG><a name="[11]"></a>Reset_Handler</STRONG> (Thumb, 8 bytes, Stack size 0 bytes, .\build\startup_lpc17xx.o(.text))
<BR>[Address Reference Count : 1]<UL><LI> startup_lpc17xx.o(RESET)
</UL>
<P><STRONG><a name="[12]"></a>NMI_Handler</STRONG> (Thumb, 2 bytes, Stack size 0 bytes, .\build\startup_lpc17xx.o(.text))
<BR><BR>[Calls]<UL><LI><a href="#[12]">&gt;&gt;</a>&nbsp;&nbsp;&nbsp;NMI_Handler
</UL>
<BR>[Called By]<UL><LI><a href="#[12]">&gt;&gt;</a>&nbsp;&nbsp;&nbsp;NMI_Handler
</UL>
<BR>[Address Reference Count : 1]<UL><LI> startup_lpc17xx.o(RESET)
</UL>
<P><STRONG><a name="[13]"></a>HardFault_Handler</STRONG> (Thumb, 2 bytes, Stack size 0 bytes, .\build\startup_lpc17xx.o(.text))
<BR><BR>[Calls]<UL><LI><a href="#[13]">&gt;&gt;</a>&nbsp;&nbsp;&nbsp;HardFault_Handler
</UL>
<BR>[Called By]<UL><LI><a href="#[13]">&gt;&gt;</a>&nbsp;&nbsp;&nbsp;HardFault_Handler
</UL>
<BR>[Address Reference Count : 1]<UL><LI> startup_lpc17xx.o(RESET)
</UL>
<P><STRONG><a name="[14]"></a>MemManage_Handler</STRONG> (Thumb, 2 bytes, Stack size 0 bytes, .\build\startup_lpc17xx.o(.text))
<BR><BR>[Calls]<UL><LI><a href="#[14]">&gt;&gt;</a>&nbsp;&nbsp;&nbsp;MemManage_Handler
</UL>
<BR>[Called By]<UL><LI><a href="#[14]">&gt;&gt;</a>&nbsp;&nbsp;&nbsp;MemManage_Handler
</UL>
<BR>[Address Reference Count : 1]<UL><LI> startup_lpc17xx.o(RESET)
</UL>
<P><STRONG><a name="[15]"></a>BusFault_Handler</STRONG> (Thumb, 2 bytes, Stack size 0 bytes, .\build\startup_lpc17xx.o(.text))
<BR><BR>[Calls]<UL><LI><a href="#[15]">&gt;&gt;</a>&nbsp;&nbsp;&nbsp;BusFault_Handler
</UL>
<BR>[Called By]<UL><LI><a href="#[15]">&gt;&gt;</a>&nbsp;&nbsp;&nbsp;BusFault_Handler
</UL>
<BR>[Address Reference Count : 1]<UL><LI> startup_lpc17xx.o(RESET)
</UL>
<P><STRONG><a name="[16]"></a>UsageFault_Handler</STRONG> (Thumb, 2 bytes, Stack size 0 bytes, .\build\startup_lpc17xx.o(.text))
<BR><BR>[Calls]<UL><LI><a href="#[16]">&gt;&gt;</a>&nbsp;&nbsp;&nbsp;UsageFault_Handler
</UL>
<BR>[Called By]<UL><LI><a href="#[16]">&gt;&gt;</a>&nbsp;&nbsp;&nbsp;UsageFault_Handler
</UL>
<BR>[Address Reference Count : 1]<UL><LI> startup_lpc17xx.o(RESET)
</UL>
<P><STRONG><a name="[18]"></a>DebugMon_Handler</STRONG> (Thumb, 2 bytes, Stack size 0 bytes, .\build\startup_lpc17xx.o(.text))
<BR><BR>[Calls]<UL><LI><a href="#[18]">&gt;&gt;</a>&nbsp;&nbsp;&nbsp;DebugMon_Handler
</UL>
<BR>[Called By]<UL><LI><a href="#[18]">&gt;&gt;</a>&nbsp;&nbsp;&nbsp;DebugMon_Handler
</UL>
<BR>[Address Reference Count : 1]<UL><LI> startup_lpc17xx.o(RESET)
</UL>
<P><STRONG><a name="[31]"></a>ADC_IRQHandler</STRONG> (Thumb, 0 bytes, Stack size 0 bytes, .\build\startup_lpc17xx.o(.text))
<BR><BR>[Calls]<UL><LI><a href="#[31]">&gt;&gt;</a>&nbsp;&nbsp;&nbsp;ADC_IRQHandler
</UL>
<BR>[Called By]<UL><LI><a href="#[31]">&gt;&gt;</a>&nbsp;&nbsp;&nbsp;ADC_IRQHandler
</UL>
<BR>[Address Reference Count : 1]<UL><LI> startup_lpc17xx.o(RESET)
</UL>
<P><STRONG><a name="[32]"></a>BOD_IRQHandler</STRONG> (Thumb, 0 bytes, Stack size 0 bytes, .\build\startup_lpc17xx.o(.text))
<BR>[Address Reference Count : 1]<UL><LI> startup_lpc17xx.o(RESET)
</UL>
<P><STRONG><a name="[34]"></a>CAN_IRQHandler</STRONG> (Thumb, 0 bytes, Stack size 0 bytes, .\build\startup_lpc17xx.o(.text))
<BR>[Address Reference Count : 1]<UL><LI> startup_lpc17xx.o(RESET)
</UL>
<P><STRONG><a name="[35]"></a>DMA_IRQHandler</STRONG> (Thumb, 0 bytes, Stack size 0 bytes, .\build\startup_lpc17xx.o(.text))
<BR>[Address Reference Count : 1]<UL><LI> startup_lpc17xx.o(RESET)
</UL>
<P><STRONG><a name="[2d]"></a>EINT0_IRQHandler</STRONG> (Thumb, 0 bytes, Stack size 0 bytes, .\build\startup_lpc17xx.o(.text))
<BR>[Address Reference Count : 1]<UL><LI> startup_lpc17xx.o(RESET)
</UL>
<P><STRONG><a name="[2e]"></a>EINT1_IRQHandler</STRONG> (Thumb, 0 bytes, Stack size 0 bytes, .\build\startup_lpc17xx.o(.text))
<BR>[Address Reference Count : 1]<UL><LI> startup_lpc17xx.o(RESET)
</UL>
<P><STRONG><a name="[2f]"></a>EINT2_IRQHandler</STRONG> (Thumb, 0 bytes, Stack size 0 bytes, .\build\startup_lpc17xx.o(.text))
<BR>[Address Reference Count : 1]<UL><LI> startup_lpc17xx.o(RESET)
</UL>
<P><STRONG><a name="[30]"></a>EINT3_IRQHandler</STRONG> (Thumb, 0 bytes, Stack size 0 bytes, .\build\startup_lpc17xx.o(.text))
<BR>[Address Reference Count : 1]<UL><LI> startup_lpc17xx.o(RESET)
</UL>
<P><STRONG><a name="[37]"></a>ENET_IRQHandler</STRONG> (Thumb, 0 bytes, Stack size 0 bytes, .\build\startup_lpc17xx.o(.text))
<BR>[Address Reference Count : 1]<UL><LI> startup_lpc17xx.o(RESET)
</UL>
<P><STRONG><a name="[25]"></a>I2C0_IRQHandler</STRONG> (Thumb, 0 bytes, Stack size 0 bytes, .\build\startup_lpc17xx.o(.text))
<BR>[Address Reference Count : 1]<UL><LI> startup_lpc17xx.o(RESET)
</UL>
<P><STRONG><a name="[26]"></a>I2C1_IRQHandler</STRONG> (Thumb, 0 bytes, Stack size 0 bytes, .\build\startup_lpc17xx.o(.text))
<BR>[Address Reference Count : 1]<UL><LI> startup_lpc17xx.o(RESET)
</UL>
<P><STRONG><a name="[27]"></a>I2C2_IRQHandler</STRONG> (Thumb, 0 bytes, Stack size 0 bytes, .\build\startup_lpc17xx.o(.text))
<BR>[Address Reference Count : 1]<UL><LI> startup_lpc17xx.o(RESET)
</UL>
<P><STRONG><a name="[36]"></a>I2S_IRQHandler</STRONG> (Thumb, 0 bytes, Stack size 0 bytes, .\build\startup_lpc17xx.o(.text))
<BR>[Address Reference Count : 1]<UL><LI> startup_lpc17xx.o(RESET)
</UL>
<P><STRONG><a name="[39]"></a>MCPWM_IRQHandler</STRONG> (Thumb, 0 bytes, Stack size 0 bytes, .\build\startup_lpc17xx.o(.text))
<BR>[Address Reference Count : 1]<UL><LI> startup_lpc17xx.o(RESET)
</UL>
<P><STRONG><a name="[2b]"></a>PLL0_IRQHandler</STRONG> (Thumb, 0 bytes, Stack size 0 bytes, .\build\startup_lpc17xx.o(.text))
<BR>[Address Reference Count : 1]<UL><LI> startup_lpc17xx.o(RESET)
</UL>
<P><STRONG><a name="[3b]"></a>PLL1_IRQHandler</STRONG> (Thumb, 0 bytes, Stack size 0 bytes, .\build\startup_lpc17xx.o(.text))
<BR>[Address Reference Count : 1]<UL><LI> startup_lpc17xx.o(RESET)
</UL>
<P><STRONG><a name="[24]"></a>PWM1_IRQHandler</STRONG> (Thumb, 0 bytes, Stack size 0 bytes, .\build\startup_lpc17xx.o(.text))
<BR>[Address Reference Count : 1]<UL><LI> startup_lpc17xx.o(RESET)
</UL>
<P><STRONG><a name="[3a]"></a>QEI_IRQHandler</STRONG> (Thumb, 0 bytes, Stack size 0 bytes, .\build\startup_lpc17xx.o(.text))
<BR>[Address Reference Count : 1]<UL><LI> startup_lpc17xx.o(RESET)
</UL>
<P><STRONG><a name="[38]"></a>RIT_IRQHandler</STRONG> (Thumb, 0 bytes, Stack size 0 bytes, .\build\startup_lpc17xx.o(.text))
<BR>[Address Reference Count : 1]<UL><LI> startup_lpc17xx.o(RESET)
</UL>
<P><STRONG><a name="[2c]"></a>RTC_IRQHandler</STRONG> (Thumb, 0 bytes, Stack size 0 bytes, .\build\startup_lpc17xx.o(.text))
<BR>[Address Reference Count : 1]<UL><LI> startup_lpc17xx.o(RESET)
</UL>
<P><STRONG><a name="[28]"></a>SPI_IRQHandler</STRONG> (Thumb, 0 bytes, Stack size 0 bytes, .\build\startup_lpc17xx.o(.text))
<BR>[Address Reference Count : 1]<UL><LI> startup_lpc17xx.o(RESET)
</UL>
<P><STRONG><a name="[29]"></a>SSP0_IRQHandler</STRONG> (Thumb, 0 bytes, Stack size 0 bytes, .\build\startup_lpc17xx.o(.text))
<BR>[Address Reference Count : 1]<UL><LI> startup_lpc17xx.o(RESET)
</UL>
<P><STRONG><a name="[2a]"></a>SSP1_IRQHandler</STRONG> (Thumb, 0 bytes, Stack size 0 bytes, .\build\startup_lpc17xx.o(.text))
<BR>[Address Reference Count : 1]<UL><LI> startup_lpc17xx.o(RESET)
</UL>
<P><STRONG><a name="[1c]"></a>TIMER0_IRQHandler</STRONG> (Thumb, 0 bytes, Stack size 0 bytes, .\build\startup_lpc17xx.o(.text))
<BR>[Address Reference Count : 1]<UL><LI> startup_lpc17xx.o(RESET)
</UL>
<P><STRONG><a name="[1d]"></a>TIMER1_IRQHandler</STRONG> (Thumb, 0 bytes, Stack size 0 bytes, .\build\startup_lpc17xx.o(.text))
<BR>[Address Reference Count : 1]<UL><LI> startup_lpc17xx.o(RESET)
</UL>
<P><STRONG><a name="[1e]"></a>TIMER2_IRQHandler</STRONG> (Thumb, 0 bytes, Stack size 0 bytes, .\build\startup_lpc17xx.o(.text))
<BR>[Address Reference Count : 1]<UL><LI> startup_lpc17xx.o(RESET)
</UL>
<P><STRONG><a name="[1f]"></a>TIMER3_IRQHandler</STRONG> (Thumb, 0 bytes, Stack size 0 bytes, .\build\startup_lpc17xx.o(.text))
<BR>[Address Reference Count : 1]<UL><LI> startup_lpc17xx.o(RESET)
</UL>
<P><STRONG><a name="[20]"></a>UART0_IRQHandler</STRONG> (Thumb, 0 bytes, Stack size 0 bytes, .\build\startup_lpc17xx.o(.text))
<BR>[Address Reference Count : 1]<UL><LI> startup_lpc17xx.o(RESET)
</UL>
<P><STRONG><a name="[21]"></a>UART1_IRQHandler</STRONG> (Thumb, 0 bytes, Stack size 0 bytes, .\build\startup_lpc17xx.o(.text))
<BR>[Address Reference Count : 1]<UL><LI> startup_lpc17xx.o(RESET)
</UL>
<P><STRONG><a name="[22]"></a>UART2_IRQHandler</STRONG> (Thumb, 0 bytes, Stack size 0 bytes, .\build\startup_lpc17xx.o(.text))
<BR>[Address Reference Count : 1]<UL><LI> startup_lpc17xx.o(RESET)
</UL>
<P><STRONG><a name="[23]"></a>UART3_IRQHandler</STRONG> (Thumb, 0 bytes, Stack size 0 bytes, .\build\startup_lpc17xx.o(.text))
<BR>[Address Reference Count : 1]<UL><LI> startup_lpc17xx.o(RESET)
</UL>
<P><STRONG><a name="[33]"></a>USB_IRQHandler</STRONG> (Thumb, 0 bytes, Stack size 0 bytes, .\build\startup_lpc17xx.o(.text))
<BR>[Address Reference Count : 1]<UL><LI> startup_lpc17xx.o(RESET)
</UL>
<P><STRONG><a name="[1b]"></a>WDT_IRQHandler</STRONG> (Thumb, 0 bytes, Stack size 0 bytes, .\build\startup_lpc17xx.o(.text))
<BR>[Address Reference Count : 1]<UL><LI> startup_lpc17xx.o(RESET)
</UL>
<P><STRONG><a name="[ce]"></a>__rt_ctype_table</STRONG> (Thumb, 16 bytes, Stack size 8 bytes, C:\Keil_v5\ARM\ARMCC\Bin\..\lib\armlib\c_w.l(rt_ctype_table.o)(.text))
<BR><BR>[Stack]<UL><LI>Max Depth = 16<LI>Call Chain = __rt_ctype_table &rArr; __rt_locale
</UL>
<BR>[Calls]<UL><LI><a href="#[c1]">&gt;&gt;</a>&nbsp;&nbsp;&nbsp;__rt_locale
</UL>
<BR>[Called By]<UL><LI><a href="#[10c]">&gt;&gt;</a>&nbsp;&nbsp;&nbsp;_wcrtomb
</UL>

<P><STRONG><a name="[cf]"></a>__aeabi_errno_addr</STRONG> (Thumb, 4 bytes, Stack size 0 bytes, C:\Keil_v5\ARM\ARMCC\Bin\..\lib\armlib\c_w.l(rt_errno_addr_twolibspace.o)(.text))
<BR><BR>[Stack]<UL><LI>Max Depth = 40<LI>Call Chain = __aeabi_errno_addr &rArr; __user_perthread_libspace &rArr; os_kernel_is_active &rArr; osKernelGetState &rArr; svcRtxKernelGetState
</UL>
<BR>[Calls]<UL><LI><a href="#[d0]">&gt;&gt;</a>&nbsp;&nbsp;&nbsp;__user_perthread_libspace
</UL>
<BR>[Called By]<UL><LI><a href="#[153]">&gt;&gt;</a>&nbsp;&nbsp;&nbsp;handle_open_errors(int, unsigned)
<LI><a href="#[11b]">&gt;&gt;</a>&nbsp;&nbsp;&nbsp;_sys_write
<LI><a href="#[113]">&gt;&gt;</a>&nbsp;&nbsp;&nbsp;_sys_seek
<LI><a href="#[10f]">&gt;&gt;</a>&nbsp;&nbsp;&nbsp;_sys_read
<LI><a href="#[f4]">&gt;&gt;</a>&nbsp;&nbsp;&nbsp;_sys_open
<LI><a href="#[118]">&gt;&gt;</a>&nbsp;&nbsp;&nbsp;_sys_istty
<LI><a href="#[117]">&gt;&gt;</a>&nbsp;&nbsp;&nbsp;_sys_flen
<LI><a href="#[eb]">&gt;&gt;</a>&nbsp;&nbsp;&nbsp;_sys_close
<LI><a href="#[17d]">&gt;&gt;</a>&nbsp;&nbsp;&nbsp;mbed::Stream::Stream__sub_object(const char*)
<LI><a href="#[11a]">&gt;&gt;</a>&nbsp;&nbsp;&nbsp;_ftell_internal
</UL>

<P><STRONG><a name="[29d]"></a>__errno$twolibspace</STRONG> (Thumb, 0 bytes, Stack size 0 bytes, C:\Keil_v5\ARM\ARMCC\Bin\..\lib\armlib\c_w.l(rt_errno_addr_twolibspace.o)(.text), UNUSED)

<P><STRONG><a name="[29e]"></a>__rt_errno_addr$twolibspace</STRONG> (Thumb, 0 bytes, Stack size 0 bytes, C:\Keil_v5\ARM\ARMCC\Bin\..\lib\armlib\c_w.l(rt_errno_addr_twolibspace.o)(.text), UNUSED)

<P><STRONG><a name="[d1]"></a>_malloc_internal</STRONG> (Thumb, 130 bytes, Stack size 24 bytes, C:\Keil_v5\ARM\ARMCC\Bin\..\lib\armlib\c_w.l(h1_alloc_mt.o)(.text))
<BR><BR>[Stack]<UL><LI>Max Depth = 96<LI>Call Chain = _malloc_internal &rArr; __Heap_Full &rArr; __Heap_ProvideMemory &rArr; _free_internal &rArr; _mutex_release &rArr; os_kernel_is_active &rArr; osKernelGetState &rArr; svcRtxKernelGetState
</UL>
<BR>[Calls]<UL><LI><a href="#[97]">&gt;&gt;</a>&nbsp;&nbsp;&nbsp;_mutex_release
<LI><a href="#[96]">&gt;&gt;</a>&nbsp;&nbsp;&nbsp;_mutex_acquire
<LI><a href="#[d2]">&gt;&gt;</a>&nbsp;&nbsp;&nbsp;Heap1_SizeAdjust
<LI><a href="#[d3]">&gt;&gt;</a>&nbsp;&nbsp;&nbsp;__Heap_Full
</UL>
<BR>[Called By]<UL><LI><a href="#[d4]">&gt;&gt;</a>&nbsp;&nbsp;&nbsp;malloc
</UL>

<P><STRONG><a name="[d4]"></a>malloc</STRONG> (Thumb, 20 bytes, Stack size 8 bytes, C:\Keil_v5\ARM\ARMCC\Bin\..\lib\armlib\c_w.l(h1_alloc_mt.o)(.text))
<BR><BR>[Stack]<UL><LI>Max Depth = 104<LI>Call Chain = malloc &rArr; _malloc_internal &rArr; __Heap_Full &rArr; __Heap_ProvideMemory &rArr; _free_internal &rArr; _mutex_release &rArr; os_kernel_is_active &rArr; osKernelGetState &rArr; svcRtxKernelGetState
</UL>
<BR>[Calls]<UL><LI><a href="#[d1]">&gt;&gt;</a>&nbsp;&nbsp;&nbsp;_malloc_internal
<LI><a href="#[d5]">&gt;&gt;</a>&nbsp;&nbsp;&nbsp;__rt_heap_descriptor
</UL>
<BR>[Called By]<UL><LI><a href="#[176]">&gt;&gt;</a>&nbsp;&nbsp;&nbsp;operator new(unsigned)
<LI><a href="#[f7]">&gt;&gt;</a>&nbsp;&nbsp;&nbsp;_mutex_initialize
<LI><a href="#[116]">&gt;&gt;</a>&nbsp;&nbsp;&nbsp;__flsbuf
<LI><a href="#[111]">&gt;&gt;</a>&nbsp;&nbsp;&nbsp;__filbuf
<LI><a href="#[f6]">&gt;&gt;</a>&nbsp;&nbsp;&nbsp;fopen
</UL>

<P><STRONG><a name="[d6]"></a>_free_internal</STRONG> (Thumb, 98 bytes, Stack size 16 bytes, C:\Keil_v5\ARM\ARMCC\Bin\..\lib\armlib\c_w.l(h1_free_mt.o)(.text))
<BR><BR>[Stack]<UL><LI>Max Depth = 48<LI>Call Chain = _free_internal &rArr; _mutex_release &rArr; os_kernel_is_active &rArr; osKernelGetState &rArr; svcRtxKernelGetState
</UL>
<BR>[Calls]<UL><LI><a href="#[97]">&gt;&gt;</a>&nbsp;&nbsp;&nbsp;_mutex_release
<LI><a href="#[96]">&gt;&gt;</a>&nbsp;&nbsp;&nbsp;_mutex_acquire
</UL>
<BR>[Called By]<UL><LI><a href="#[d7]">&gt;&gt;</a>&nbsp;&nbsp;&nbsp;free
<LI><a href="#[fd]">&gt;&gt;</a>&nbsp;&nbsp;&nbsp;__Heap_ProvideMemory
</UL>

<P><STRONG><a name="[d7]"></a>free</STRONG> (Thumb, 20 bytes, Stack size 8 bytes, C:\Keil_v5\ARM\ARMCC\Bin\..\lib\armlib\c_w.l(h1_free_mt.o)(.text))
<BR><BR>[Stack]<UL><LI>Max Depth = 56<LI>Call Chain = free &rArr; _free_internal &rArr; _mutex_release &rArr; os_kernel_is_active &rArr; osKernelGetState &rArr; svcRtxKernelGetState
</UL>
<BR>[Calls]<UL><LI><a href="#[d6]">&gt;&gt;</a>&nbsp;&nbsp;&nbsp;_free_internal
<LI><a href="#[d5]">&gt;&gt;</a>&nbsp;&nbsp;&nbsp;__rt_heap_descriptor
</UL>
<BR>[Called By]<UL><LI><a href="#[172]">&gt;&gt;</a>&nbsp;&nbsp;&nbsp;operator delete (void*)
<LI><a href="#[11d]">&gt;&gt;</a>&nbsp;&nbsp;&nbsp;_terminateio
<LI><a href="#[e9]">&gt;&gt;</a>&nbsp;&nbsp;&nbsp;_fclose_internal
</UL>

<P><STRONG><a name="[1a4]"></a>__aeabi_uldivmod</STRONG> (Thumb, 0 bytes, Stack size 48 bytes, C:\Keil_v5\ARM\ARMCC\Bin\..\lib\armlib\c_w.l(lludivv7m.o)(.text))
<BR><BR>[Stack]<UL><LI>Max Depth = 48<LI>Call Chain = __aeabi_uldivmod
</UL>
<BR>[Called By]<UL><LI><a href="#[1bc]">&gt;&gt;</a>&nbsp;&nbsp;&nbsp;update_present_time
<LI><a href="#[1ba]">&gt;&gt;</a>&nbsp;&nbsp;&nbsp;initialize
<LI><a href="#[1a3]">&gt;&gt;</a>&nbsp;&nbsp;&nbsp;compute_tick
</UL>

<P><STRONG><a name="[29f]"></a>_ll_udiv</STRONG> (Thumb, 238 bytes, Stack size 48 bytes, C:\Keil_v5\ARM\ARMCC\Bin\..\lib\armlib\c_w.l(lludivv7m.o)(.text), UNUSED)

<P><STRONG><a name="[1bb]"></a>__aeabi_llsl</STRONG> (Thumb, 0 bytes, Stack size 0 bytes, C:\Keil_v5\ARM\ARMCC\Bin\..\lib\armlib\c_w.l(llshl.o)(.text))
<BR><BR>[Called By]<UL><LI><a href="#[1ba]">&gt;&gt;</a>&nbsp;&nbsp;&nbsp;initialize
</UL>

<P><STRONG><a name="[2a0]"></a>_ll_shift_l</STRONG> (Thumb, 38 bytes, Stack size 0 bytes, C:\Keil_v5\ARM\ARMCC\Bin\..\lib\armlib\c_w.l(llshl.o)(.text), UNUSED)

<P><STRONG><a name="[d8]"></a>vsnprintf</STRONG> (Thumb, 48 bytes, Stack size 24 bytes, C:\Keil_v5\ARM\ARMCC\Bin\..\lib\armlib\c_w.l(vsnprintf.o)(.text))
<BR><BR>[Stack]<UL><LI>Max Depth = 128 + Unknown Stack Size
<LI>Call Chain = vsnprintf &rArr; _printf_char_common &rArr; __printf
</UL>
<BR>[Calls]<UL><LI><a href="#[da]">&gt;&gt;</a>&nbsp;&nbsp;&nbsp;_sputc
<LI><a href="#[d9]">&gt;&gt;</a>&nbsp;&nbsp;&nbsp;_printf_char_common
</UL>
<BR>[Called By]<UL><LI><a href="#[1a8]">&gt;&gt;</a>&nbsp;&nbsp;&nbsp;mbed_error_vfprintf
</UL>

<P><STRONG><a name="[db]"></a>__c89vfprintf</STRONG> (Thumb, 10 bytes, Stack size 0 bytes, C:\Keil_v5\ARM\ARMCC\Bin\..\lib\armlib\c_w.l(c89vfprintf.o)(.text))
<BR><BR>[Stack]<UL><LI>Max Depth = 128 + Unknown Stack Size
<LI>Call Chain = __c89vfprintf &rArr; _printf_char_file &rArr; _printf_char_common &rArr; __printf
</UL>
<BR>[Calls]<UL><LI><a href="#[dc]">&gt;&gt;</a>&nbsp;&nbsp;&nbsp;_printf_char_file
</UL>
<BR>[Called By]<UL><LI><a href="#[140]">&gt;&gt;</a>&nbsp;&nbsp;&nbsp;mbed::Stream::printf(const char*, ...)
</UL>

<P><STRONG><a name="[de]"></a>_printf_pre_padding</STRONG> (Thumb, 44 bytes, Stack size 16 bytes, C:\Keil_v5\ARM\ARMCC\Bin\..\lib\armlib\c_w.l(_printf_pad.o)(.text))
<BR><BR>[Stack]<UL><LI>Max Depth = 16<LI>Call Chain = _printf_pre_padding
</UL>
<BR>[Called By]<UL><LI><a href="#[dd]">&gt;&gt;</a>&nbsp;&nbsp;&nbsp;_printf_str
<LI><a href="#[10b]">&gt;&gt;</a>&nbsp;&nbsp;&nbsp;_printf_wctomb
<LI><a href="#[107]">&gt;&gt;</a>&nbsp;&nbsp;&nbsp;_printf_fp_dec_real
<LI><a href="#[e2]">&gt;&gt;</a>&nbsp;&nbsp;&nbsp;_printf_int_common
<LI><a href="#[109]">&gt;&gt;</a>&nbsp;&nbsp;&nbsp;_printf_fp_infnan
<LI><a href="#[121]">&gt;&gt;</a>&nbsp;&nbsp;&nbsp;_printf_fp_hex_real
</UL>

<P><STRONG><a name="[df]"></a>_printf_post_padding</STRONG> (Thumb, 34 bytes, Stack size 16 bytes, C:\Keil_v5\ARM\ARMCC\Bin\..\lib\armlib\c_w.l(_printf_pad.o)(.text))
<BR><BR>[Stack]<UL><LI>Max Depth = 16<LI>Call Chain = _printf_post_padding
</UL>
<BR>[Called By]<UL><LI><a href="#[dd]">&gt;&gt;</a>&nbsp;&nbsp;&nbsp;_printf_str
<LI><a href="#[10b]">&gt;&gt;</a>&nbsp;&nbsp;&nbsp;_printf_wctomb
<LI><a href="#[107]">&gt;&gt;</a>&nbsp;&nbsp;&nbsp;_printf_fp_dec_real
<LI><a href="#[e2]">&gt;&gt;</a>&nbsp;&nbsp;&nbsp;_printf_int_common
<LI><a href="#[109]">&gt;&gt;</a>&nbsp;&nbsp;&nbsp;_printf_fp_infnan
<LI><a href="#[121]">&gt;&gt;</a>&nbsp;&nbsp;&nbsp;_printf_fp_hex_real
</UL>

<P><STRONG><a name="[dd]"></a>_printf_str</STRONG> (Thumb, 82 bytes, Stack size 16 bytes, C:\Keil_v5\ARM\ARMCC\Bin\..\lib\armlib\c_w.l(_printf_str.o)(.text))
<BR><BR>[Stack]<UL><LI>Max Depth = 32<LI>Call Chain = _printf_str &rArr; _printf_post_padding
</UL>
<BR>[Calls]<UL><LI><a href="#[df]">&gt;&gt;</a>&nbsp;&nbsp;&nbsp;_printf_post_padding
<LI><a href="#[de]">&gt;&gt;</a>&nbsp;&nbsp;&nbsp;_printf_pre_padding
</UL>
<BR>[Called By]<UL><LI><a href="#[10a]">&gt;&gt;</a>&nbsp;&nbsp;&nbsp;_printf_cs_common
[...]
<LI><a href="#[1bc]">&gt;&gt;</a>&nbsp;&nbsp;&nbsp;update_present_time
<LI><a href="#[1a3]">&gt;&gt;</a>&nbsp;&nbsp;&nbsp;compute_tick
</UL>
<BR>[Called By]<UL><LI><a href="#[10]">&gt;&gt;</a>&nbsp;&nbsp;&nbsp;ticker_irq_handler
<LI><a href="#[1ba]">&gt;&gt;</a>&nbsp;&nbsp;&nbsp;initialize
</UL>

<P><STRONG><a name="[1bc]"></a>update_present_time</STRONG> (Thumb, 320 bytes, Stack size 48 bytes, .\build\mbed_ticker_api.o(i.update_present_time))
<BR><BR>[Stack]<UL><LI>Max Depth = 96<LI>Call Chain = update_present_time &rArr; __aeabi_uldivmod
</UL>
<BR>[Calls]<UL><LI><a href="#[1a4]">&gt;&gt;</a>&nbsp;&nbsp;&nbsp;__aeabi_uldivmod
</UL>
<BR>[Called By]<UL><LI><a href="#[24c]">&gt;&gt;</a>&nbsp;&nbsp;&nbsp;ticker_read_us
<LI><a href="#[10]">&gt;&gt;</a>&nbsp;&nbsp;&nbsp;ticker_irq_handler
<LI><a href="#[1bd]">&gt;&gt;</a>&nbsp;&nbsp;&nbsp;schedule_interrupt
<LI><a href="#[1ba]">&gt;&gt;</a>&nbsp;&nbsp;&nbsp;initialize
</UL>

<P><STRONG><a name="[1d8]"></a>__get_BASEPRI</STRONG> (Thumb, 6 bytes, Stack size 0 bytes, .\build\rtx_kernel.o(i.__get_BASEPRI))
<BR><BR>[Called By]<UL><LI><a href="#[1d2]">&gt;&gt;</a>&nbsp;&nbsp;&nbsp;osKernelStart
<LI><a href="#[19f]">&gt;&gt;</a>&nbsp;&nbsp;&nbsp;osKernelInitialize
<LI><a href="#[1d5]">&gt;&gt;</a>&nbsp;&nbsp;&nbsp;osKernelGetState
</UL>

<P><STRONG><a name="[1da]"></a>__get_CONTROL</STRONG> (Thumb, 6 bytes, Stack size 0 bytes, .\build\rtx_kernel.o(i.__get_CONTROL))
<BR><BR>[Called By]<UL><LI><a href="#[1d2]">&gt;&gt;</a>&nbsp;&nbsp;&nbsp;osKernelStart
<LI><a href="#[19f]">&gt;&gt;</a>&nbsp;&nbsp;&nbsp;osKernelInitialize
<LI><a href="#[1d5]">&gt;&gt;</a>&nbsp;&nbsp;&nbsp;osKernelGetState
</UL>

<P><STRONG><a name="[1d6]"></a>__get_IPSR</STRONG> (Thumb, 6 bytes, Stack size 0 bytes, .\build\rtx_kernel.o(i.__get_IPSR))
<BR><BR>[Called By]<UL><LI><a href="#[1d2]">&gt;&gt;</a>&nbsp;&nbsp;&nbsp;osKernelStart
<LI><a href="#[19f]">&gt;&gt;</a>&nbsp;&nbsp;&nbsp;osKernelInitialize
<LI><a href="#[1d5]">&gt;&gt;</a>&nbsp;&nbsp;&nbsp;osKernelGetState
</UL>

<P><STRONG><a name="[1d7]"></a>__get_PRIMASK</STRONG> (Thumb, 6 bytes, Stack size 0 bytes, .\build\rtx_kernel.o(i.__get_PRIMASK))
<BR><BR>[Called By]<UL><LI><a href="#[1d2]">&gt;&gt;</a>&nbsp;&nbsp;&nbsp;osKernelStart
<LI><a href="#[19f]">&gt;&gt;</a>&nbsp;&nbsp;&nbsp;osKernelInitialize
<LI><a href="#[1d5]">&gt;&gt;</a>&nbsp;&nbsp;&nbsp;osKernelGetState
</UL>

<P><STRONG><a name="[196]"></a>os_kernel_is_active</STRONG> (Thumb, 32 bytes, Stack size 8 bytes, .\build\rtx_lib.o(i.os_kernel_is_active))
<BR><BR>[Stack]<UL><LI>Max Depth = 24<LI>Call Chain = os_kernel_is_active &rArr; osKernelGetState &rArr; svcRtxKernelGetState
</UL>
<BR>[Calls]<UL><LI><a href="#[1d5]">&gt;&gt;</a>&nbsp;&nbsp;&nbsp;osKernelGetState
</UL>
<BR>[Called By]<UL><LI><a href="#[97]">&gt;&gt;</a>&nbsp;&nbsp;&nbsp;_mutex_release
<LI><a href="#[96]">&gt;&gt;</a>&nbsp;&nbsp;&nbsp;_mutex_acquire
<LI><a href="#[d0]">&gt;&gt;</a>&nbsp;&nbsp;&nbsp;__user_perthread_libspace
</UL>

<P><STRONG><a name="[137]"></a>MessageQueueGet</STRONG> (Thumb, 54 bytes, Stack size 24 bytes, .\build\rtx_msgqueue.o(i.MessageQueueGet))
<BR><BR>[Stack]<UL><LI>Max Depth = 24<LI>Call Chain = MessageQueueGet
</UL>
<BR>[Calls]<UL><LI><a href="#[138]">&gt;&gt;</a>&nbsp;&nbsp;&nbsp;__asm___14_rtx_msgqueue_c_3fd3b50e__atomic_dec32_nz
<LI><a href="#[139]">&gt;&gt;</a>&nbsp;&nbsp;&nbsp;__asm___14_rtx_msgqueue_c_3fd3b50e__atomic_wr8
</UL>
<BR>[Called By]<UL><LI><a href="#[4f]">&gt;&gt;</a>&nbsp;&nbsp;&nbsp;svcRtxMessageQueueGet
<LI><a href="#[1be]">&gt;&gt;</a>&nbsp;&nbsp;&nbsp;isrRtxMessageQueueGet
</UL>

<P><STRONG><a name="[13a]"></a>MessageQueuePut</STRONG> (Thumb, 76 bytes, Stack size 24 bytes, .\build\rtx_msgqueue.o(i.MessageQueuePut))
<BR><BR>[Stack]<UL><LI>Max Depth = 24<LI>Call Chain = MessageQueuePut
</UL>
<BR>[Calls]<UL><LI><a href="#[13b]">&gt;&gt;</a>&nbsp;&nbsp;&nbsp;__asm___14_rtx_msgqueue_c_3fd3b50e__atomic_inc32
</UL>
<BR>[Called By]<UL><LI><a href="#[51]">&gt;&gt;</a>&nbsp;&nbsp;&nbsp;svcRtxMessageQueuePut
<LI><a href="#[4f]">&gt;&gt;</a>&nbsp;&nbsp;&nbsp;svcRtxMessageQueueGet
<LI><a href="#[61]">&gt;&gt;</a>&nbsp;&nbsp;&nbsp;osRtxMessageQueuePostProcess
</UL>

<P><STRONG><a name="[1ff]"></a>MessageQueueRemove</STRONG> (Thumb, 34 bytes, Stack size 0 bytes, .\build\rtx_msgqueue.o(i.MessageQueueRemove))
<BR><BR>[Called By]<UL><LI><a href="#[4f]">&gt;&gt;</a>&nbsp;&nbsp;&nbsp;svcRtxMessageQueueGet
<LI><a href="#[61]">&gt;&gt;</a>&nbsp;&nbsp;&nbsp;osRtxMessageQueuePostProcess
</UL>

<P><STRONG><a name="[1e2]"></a>__get_BASEPRI</STRONG> (Thumb, 6 bytes, Stack size 0 bytes, .\build\rtx_msgqueue.o(i.__get_BASEPRI))
<BR><BR>[Called By]<UL><LI><a href="#[1e5]">&gt;&gt;</a>&nbsp;&nbsp;&nbsp;osMessageQueuePut
<LI><a href="#[1e3]">&gt;&gt;</a>&nbsp;&nbsp;&nbsp;osMessageQueueNew
<LI><a href="#[1de]">&gt;&gt;</a>&nbsp;&nbsp;&nbsp;osMessageQueueGet
</UL>

<P><STRONG><a name="[1e0]"></a>__get_IPSR</STRONG> (Thumb, 6 bytes, Stack size 0 bytes, .\build\rtx_msgqueue.o(i.__get_IPSR))
<BR><BR>[Called By]<UL><LI><a href="#[1e5]">&gt;&gt;</a>&nbsp;&nbsp;&nbsp;osMessageQueuePut
<LI><a href="#[1e3]">&gt;&gt;</a>&nbsp;&nbsp;&nbsp;osMessageQueueNew
<LI><a href="#[1de]">&gt;&gt;</a>&nbsp;&nbsp;&nbsp;osMessageQueueGet
</UL>

<P><STRONG><a name="[1e1]"></a>__get_PRIMASK</STRONG> (Thumb, 6 bytes, Stack size 0 bytes, .\build\rtx_msgqueue.o(i.__get_PRIMASK))
<BR><BR>[Called By]<UL><LI><a href="#[1e5]">&gt;&gt;</a>&nbsp;&nbsp;&nbsp;osMessageQueuePut
<LI><a href="#[1e3]">&gt;&gt;</a>&nbsp;&nbsp;&nbsp;osMessageQueueNew
<LI><a href="#[1de]">&gt;&gt;</a>&nbsp;&nbsp;&nbsp;osMessageQueueGet
</UL>

<P><STRONG><a name="[1be]"></a>isrRtxMessageQueueGet</STRONG> (Thumb, 144 bytes, Stack size 32 bytes, .\build\rtx_msgqueue.o(i.isrRtxMessageQueueGet))
<BR><BR>[Stack]<UL><LI>Max Depth = 64<LI>Call Chain = isrRtxMessageQueueGet &rArr; osRtxPostProcess &rArr; isr_queue_put
</UL>
<BR>[Calls]<UL><LI><a href="#[1c2]">&gt;&gt;</a>&nbsp;&nbsp;&nbsp;osRtxPostProcess
<LI><a href="#[137]">&gt;&gt;</a>&nbsp;&nbsp;&nbsp;MessageQueueGet
<LI><a href="#[1c1]">&gt;&gt;</a>&nbsp;&nbsp;&nbsp;EvrRtxMessageQueueRetrieved
<LI><a href="#[1c3]">&gt;&gt;</a>&nbsp;&nbsp;&nbsp;EvrRtxMessageQueueNotRetrieved
<LI><a href="#[1bf]">&gt;&gt;</a>&nbsp;&nbsp;&nbsp;EvrRtxMessageQueueError
<LI><a href="#[1c0]">&gt;&gt;</a>&nbsp;&nbsp;&nbsp;__aeabi_memcpy
</UL>
<BR>[Called By]<UL><LI><a href="#[1de]">&gt;&gt;</a>&nbsp;&nbsp;&nbsp;osMessageQueueGet
</UL>

<P><STRONG><a name="[1c4]"></a>isrRtxMessageQueuePut</STRONG> (Thumb, 158 bytes, Stack size 32 bytes, .\build\rtx_msgqueue.o(i.isrRtxMessageQueuePut))
<BR><BR>[Stack]<UL><LI>Max Depth = 64<LI>Call Chain = isrRtxMessageQueuePut &rArr; osRtxPostProcess &rArr; isr_queue_put
</UL>
<BR>[Calls]<UL><LI><a href="#[1c2]">&gt;&gt;</a>&nbsp;&nbsp;&nbsp;osRtxPostProcess
<LI><a href="#[1c5]">&gt;&gt;</a>&nbsp;&nbsp;&nbsp;osRtxMemoryPoolAlloc
<LI><a href="#[1c6]">&gt;&gt;</a>&nbsp;&nbsp;&nbsp;EvrRtxMessageQueueNotInserted
<LI><a href="#[1c7]">&gt;&gt;</a>&nbsp;&nbsp;&nbsp;EvrRtxMessageQueueInsertPending
<LI><a href="#[1bf]">&gt;&gt;</a>&nbsp;&nbsp;&nbsp;EvrRtxMessageQueueError
<LI><a href="#[1c0]">&gt;&gt;</a>&nbsp;&nbsp;&nbsp;__aeabi_memcpy
</UL>
<BR>[Called By]<UL><LI><a href="#[1e5]">&gt;&gt;</a>&nbsp;&nbsp;&nbsp;osMessageQueuePut
</UL>

<P><STRONG><a name="[1ea]"></a>__get_BASEPRI</STRONG> (Thumb, 6 bytes, Stack size 0 bytes, .\build\rtx_mutex.o(i.__get_BASEPRI))
<BR><BR>[Called By]<UL><LI><a href="#[18a]">&gt;&gt;</a>&nbsp;&nbsp;&nbsp;osMutexNew
<LI><a href="#[14d]">&gt;&gt;</a>&nbsp;&nbsp;&nbsp;osMutexRelease
<LI><a href="#[14b]">&gt;&gt;</a>&nbsp;&nbsp;&nbsp;osMutexAcquire
<LI><a href="#[18b]">&gt;&gt;</a>&nbsp;&nbsp;&nbsp;osMutexDelete
</UL>

<P><STRONG><a name="[1e8]"></a>__get_IPSR</STRONG> (Thumb, 6 bytes, Stack size 0 bytes, .\build\rtx_mutex.o(i.__get_IPSR))
<BR><BR>[Called By]<UL><LI><a href="#[18a]">&gt;&gt;</a>&nbsp;&nbsp;&nbsp;osMutexNew
<LI><a href="#[14d]">&gt;&gt;</a>&nbsp;&nbsp;&nbsp;osMutexRelease
<LI><a href="#[14b]">&gt;&gt;</a>&nbsp;&nbsp;&nbsp;osMutexAcquire
<LI><a href="#[18b]">&gt;&gt;</a>&nbsp;&nbsp;&nbsp;osMutexDelete
</UL>

<P><STRONG><a name="[1e9]"></a>__get_PRIMASK</STRONG> (Thumb, 6 bytes, Stack size 0 bytes, .\build\rtx_mutex.o(i.__get_PRIMASK))
<BR><BR>[Called By]<UL><LI><a href="#[18a]">&gt;&gt;</a>&nbsp;&nbsp;&nbsp;osMutexNew
<LI><a href="#[14d]">&gt;&gt;</a>&nbsp;&nbsp;&nbsp;osMutexRelease
<LI><a href="#[14b]">&gt;&gt;</a>&nbsp;&nbsp;&nbsp;osMutexAcquire
<LI><a href="#[18b]">&gt;&gt;</a>&nbsp;&nbsp;&nbsp;osMutexDelete
</UL>

<P><STRONG><a name="[1c8]"></a>isr_queue_get</STRONG> (Thumb, 44 bytes, Stack size 16 bytes, .\build\rtx_system.o(i.isr_queue_get))
<BR><BR>[Stack]<UL><LI>Max Depth = 16<LI>Call Chain = isr_queue_get
</UL>
<BR>[Calls]<UL><LI><a href="#[1c9]">&gt;&gt;</a>&nbsp;&nbsp;&nbsp;__asm___12_rtx_system_c_024f2f18__atomic_dec16_nz
<LI><a href="#[1ca]">&gt;&gt;</a>&nbsp;&nbsp;&nbsp;__asm___12_rtx_system_c_024f2f18__atomic_inc16_lim
</UL>
<BR>[Called By]<UL><LI><a href="#[cc]">&gt;&gt;</a>&nbsp;&nbsp;&nbsp;osRtxPendSV_Handler
</UL>

<P><STRONG><a name="[1cb]"></a>isr_queue_put</STRONG> (Thumb, 56 bytes, Stack size 24 bytes, .\build\rtx_system.o(i.isr_queue_put))
<BR><BR>[Stack]<UL><LI>Max Depth = 24<LI>Call Chain = isr_queue_put
</UL>
<BR>[Calls]<UL><LI><a href="#[1ca]">&gt;&gt;</a>&nbsp;&nbsp;&nbsp;__asm___12_rtx_system_c_024f2f18__atomic_inc16_lim
<LI><a href="#[1cc]">&gt;&gt;</a>&nbsp;&nbsp;&nbsp;__asm___12_rtx_system_c_024f2f18__atomic_inc16_lt
</UL>
<BR>[Called By]<UL><LI><a href="#[1c2]">&gt;&gt;</a>&nbsp;&nbsp;&nbsp;osRtxPostProcess
</UL>

<P><STRONG><a name="[13c]"></a>ThreadFlagsCheck</STRONG> (Thumb, 86 bytes, Stack size 24 bytes, .\build\rtx_thread.o(i.ThreadFlagsCheck))
<BR><BR>[Stack]<UL><LI>Max Depth = 24<LI>Call Chain = ThreadFlagsCheck
</UL>
<BR>[Calls]<UL><LI><a href="#[13e]">&gt;&gt;</a>&nbsp;&nbsp;&nbsp;__asm___12_rtx_thread_c_add96be5__atomic_chk32_any
<LI><a href="#[13d]">&gt;&gt;</a>&nbsp;&nbsp;&nbsp;__asm___12_rtx_thread_c_add96be5__atomic_chk32_all
</UL>
<BR>[Called By]<UL><LI><a href="#[63]">&gt;&gt;</a>&nbsp;&nbsp;&nbsp;osRtxThreadPostProcess
</UL>

<P><STRONG><a name="[22b]"></a>__get_BASEPRI</STRONG> (Thumb, 6 bytes, Stack size 0 bytes, .\build\rtx_thread.o(i.__get_BASEPRI))
<BR><BR>[Called By]<UL><LI><a href="#[135]">&gt;&gt;</a>&nbsp;&nbsp;&nbsp;osThreadGetId
<LI><a href="#[1ef]">&gt;&gt;</a>&nbsp;&nbsp;&nbsp;osThreadGetName
<LI><a href="#[227]">&gt;&gt;</a>&nbsp;&nbsp;&nbsp;osThreadContextNew
</UL>

<P><STRONG><a name="[229]"></a>__get_IPSR</STRONG> (Thumb, 6 bytes, Stack size 0 bytes, .\build\rtx_thread.o(i.__get_IPSR))
<BR><BR>[Called By]<UL><LI><a href="#[135]">&gt;&gt;</a>&nbsp;&nbsp;&nbsp;osThreadGetId
<LI><a href="#[1ef]">&gt;&gt;</a>&nbsp;&nbsp;&nbsp;osThreadGetName
<LI><a href="#[227]">&gt;&gt;</a>&nbsp;&nbsp;&nbsp;osThreadContextNew
</UL>

<P><STRONG><a name="[22a]"></a>__get_PRIMASK</STRONG> (Thumb, 6 bytes, Stack size 0 bytes, .\build\rtx_thread.o(i.__get_PRIMASK))
<BR><BR>[Called By]<UL><LI><a href="#[135]">&gt;&gt;</a>&nbsp;&nbsp;&nbsp;osThreadGetId
<LI><a href="#[1ef]">&gt;&gt;</a>&nbsp;&nbsp;&nbsp;osThreadGetName
<LI><a href="#[227]">&gt;&gt;</a>&nbsp;&nbsp;&nbsp;osThreadContextNew
</UL>

<P><STRONG><a name="[215]"></a>osRtxKernelGetState</STRONG> (Thumb, 6 bytes, Stack size 0 bytes, .\build\rtx_thread.o(i.osRtxKernelGetState))
<BR><BR>[Called By]<UL><LI><a href="#[207]">&gt;&gt;</a>&nbsp;&nbsp;&nbsp;osRtxThreadDispatch
<LI><a href="#[21f]">&gt;&gt;</a>&nbsp;&nbsp;&nbsp;osRtxThreadWaitEnter
<LI><a href="#[58]">&gt;&gt;</a>&nbsp;&nbsp;&nbsp;svcRtxThreadExit
</UL>

<P><STRONG><a name="[219]"></a>osRtxThreadFree</STRONG> (Thumb, 92 bytes, Stack size 8 bytes, .\build\rtx_thread.o(i.osRtxThreadFree))
<BR><BR>[Stack]<UL><LI>Max Depth = 32<LI>Call Chain = osRtxThreadFree &rArr; osRtxMemoryFree
</UL>
<BR>[Calls]<UL><LI><a href="#[1fa]">&gt;&gt;</a>&nbsp;&nbsp;&nbsp;osRtxMemoryPoolFree
<LI><a href="#[1f3]">&gt;&gt;</a>&nbsp;&nbsp;&nbsp;osRtxMemoryFree
</UL>
<BR>[Called By]<UL><LI><a href="#[58]">&gt;&gt;</a>&nbsp;&nbsp;&nbsp;svcRtxThreadExit
</UL>

<P><STRONG><a name="[216]"></a>osRtxThreadGetRunning</STRONG> (Thumb, 6 bytes, Stack size 0 bytes, .\build\rtx_thread.o(i.osRtxThreadGetRunning))
<BR><BR>[Called By]<UL><LI><a href="#[207]">&gt;&gt;</a>&nbsp;&nbsp;&nbsp;osRtxThreadDispatch
<LI><a href="#[21f]">&gt;&gt;</a>&nbsp;&nbsp;&nbsp;osRtxThreadWaitEnter
<LI><a href="#[21d]">&gt;&gt;</a>&nbsp;&nbsp;&nbsp;osRtxThreadStackCheck
<LI><a href="#[59]">&gt;&gt;</a>&nbsp;&nbsp;&nbsp;svcRtxThreadGetId
<LI><a href="#[58]">&gt;&gt;</a>&nbsp;&nbsp;&nbsp;svcRtxThreadExit
</UL>

<P><STRONG><a name="[248]"></a>osRtxThreadSetRunning</STRONG> (Thumb, 6 bytes, Stack size 0 bytes, .\build\rtx_thread.o(i.osRtxThreadSetRunning))
<BR><BR>[Called By]<UL><LI><a href="#[58]">&gt;&gt;</a>&nbsp;&nbsp;&nbsp;svcRtxThreadExit
</UL>

<P><STRONG><a name="[226]"></a>TimerInsert</STRONG> (Thumb, 58 bytes, Stack size 12 bytes, .\build\rtx_timer.o(i.TimerInsert))
<BR><BR>[Stack]<UL><LI>Max Depth = 12<LI>Call Chain = TimerInsert
</UL>
<BR>[Called By]<UL><LI><a href="#[56]">&gt;&gt;</a>&nbsp;&nbsp;&nbsp;osRtxTimerTick
</UL>

<P><STRONG><a name="[225]"></a>TimerUnlink</STRONG> (Thumb, 18 bytes, Stack size 0 bytes, .\build\rtx_timer.o(i.TimerUnlink))
<BR><BR>[Called By]<UL><LI><a href="#[56]">&gt;&gt;</a>&nbsp;&nbsp;&nbsp;osRtxTimerTick
</UL>

<P><STRONG><a name="[1b6]"></a>gpio_write</STRONG> (Thumb, 44 bytes, Stack size 16 bytes, .\build\serial_api.o(i.gpio_write))
<BR><BR>[Stack]<UL><LI>Max Depth = 288<LI>Call Chain = gpio_write &rArr; mbed_assert_internal &rArr; mbed_die &rArr; wait_ms &rArr; wait_us &rArr; ticker_read &rArr; ticker_read_us &rArr;  core_util_critical_section_exit (Cycle)
</UL>
<BR>[Calls]<UL><LI><a href="#[156]">&gt;&gt;</a>&nbsp;&nbsp;&nbsp;mbed_assert_internal
</UL>
<BR>[Called By]<UL><LI><a href="#[159]">&gt;&gt;</a>&nbsp;&nbsp;&nbsp;serial_getc
<LI><a href="#[24d]">&gt;&gt;</a>&nbsp;&nbsp;&nbsp;uart_irq
</UL>

<P><STRONG><a name="[234]"></a>serial_flow_irq_set</STRONG> (Thumb, 34 bytes, Stack size 16 bytes, .\build\serial_api.o(i.serial_flow_irq_set))
<BR><BR>[Stack]<UL><LI>Max Depth = 44<LI>Call Chain = serial_flow_irq_set &rArr; serial_irq_set_internal
</UL>
<BR>[Calls]<UL><LI><a href="#[235]">&gt;&gt;</a>&nbsp;&nbsp;&nbsp;serial_irq_set_internal
</UL>
<BR>[Called By]<UL><LI><a href="#[237]">&gt;&gt;</a>&nbsp;&nbsp;&nbsp;serial_set_flow_control
</UL>

<P><STRONG><a name="[235]"></a>serial_irq_set_internal</STRONG> (Thumb, 308 bytes, Stack size 28 bytes, .\build\serial_api.o(i.serial_irq_set_internal))
<BR><BR>[Stack]<UL><LI>Max Depth = 28<LI>Call Chain = serial_irq_set_internal
</UL>
<BR>[Called By]<UL><LI><a href="#[15f]">&gt;&gt;</a>&nbsp;&nbsp;&nbsp;serial_irq_set
<LI><a href="#[234]">&gt;&gt;</a>&nbsp;&nbsp;&nbsp;serial_flow_irq_set
</UL>

<P><STRONG><a name="[24d]"></a>uart_irq</STRONG> (Thumb, 146 bytes, Stack size 24 bytes, .\build\serial_api.o(i.uart_irq))
<BR><BR>[Stack]<UL><LI>Max Depth = 312<LI>Call Chain = uart_irq &rArr; gpio_write &rArr; mbed_assert_internal &rArr; mbed_die &rArr; wait_ms &rArr; wait_us &rArr; ticker_read &rArr; ticker_read_us &rArr;  core_util_critical_section_exit (Cycle)
</UL>
<BR>[Calls]<UL><LI><a href="#[1b6]">&gt;&gt;</a>&nbsp;&nbsp;&nbsp;gpio_write
</UL>
<BR>[Called By]<UL><LI><a href="#[5e]">&gt;&gt;</a>&nbsp;&nbsp;&nbsp;uart3_irq
<LI><a href="#[5d]">&gt;&gt;</a>&nbsp;&nbsp;&nbsp;uart2_irq
<LI><a href="#[5c]">&gt;&gt;</a>&nbsp;&nbsp;&nbsp;uart1_irq
<LI><a href="#[5b]">&gt;&gt;</a>&nbsp;&nbsp;&nbsp;uart0_irq
</UL>

<P><STRONG><a name="[42]"></a>&lang;Func2&rang;</STRONG> (Thumb, 14 bytes, Stack size 8 bytes, .\build\serialbase.o(i.<Func2>))
<BR><BR>[Stack]<UL><LI>Max Depth = 16<LI>Call Chain = &lang;Func2&rang; &rArr; mbed::Callback&lang;void()&rang;::Callback(void(*)())
</UL>
<BR>[Calls]<UL><LI><a href="#[133]">&gt;&gt;</a>&nbsp;&nbsp;&nbsp;mbed::Callback&lang;void()&rang;::Callback(void(*)())
</UL>
<BR>[Address Reference Count : 1]<UL><LI> serialbase.o(i._ZN4mbed10SerialBaseC1E7PinNameS1_i)
</UL>
<P><STRONG><a name="[94]"></a>__sti___8_main_cpp_xbee</STRONG> (Thumb, 104 bytes, Stack size 16 bytes, .\build\main.o(i.__sti___8_main_cpp_xbee))
<BR><BR>[Stack]<UL><LI>Max Depth = 624 + Unknown Stack Size
<LI>Call Chain = __sti___8_main_cpp_xbee &rArr; mbed::Serial::Serial(PinName, PinName, const char*, int) &rArr; mbed::Stream::Stream__sub_object(const char*) &rArr; mbed::fdopen(mbed::FileHandle*, const char*) &rArr; mbed::mbed_fdopen(mbed::FileHandle*, const char*) &rArr; fopen &rArr; _freopen_locked &rArr; _fclose_internal &rArr; _fflush &rArr; _writebuf &rArr; _sys_write &rArr; init_serial() &rArr; serial_init &rArr; serial_baud &rArr; mbed_assert_internal &rArr; mbed_die &rArr; wait_ms &rArr; wait_us &rArr; ticker_read &rArr; ticker_read_us &rArr;  core_util_critical_section_exit (Cycle)
</UL>
<BR>[Calls]<UL><LI><a href="#[195]">&gt;&gt;</a>&nbsp;&nbsp;&nbsp;gpio_init_out
<LI><a href="#[194]">&gt;&gt;</a>&nbsp;&nbsp;&nbsp;__aeabi_atexit
<LI><a href="#[17c]">&gt;&gt;</a>&nbsp;&nbsp;&nbsp;mbed::Serial::Serial(PinName, PinName, const char*, int)
<LI><a href="#[177]">&gt;&gt;</a>&nbsp;&nbsp;&nbsp;mbed::LocalFileSystem::LocalFileSystem(const char*)
<LI><a href="#[ec]">&gt;&gt;</a>&nbsp;&nbsp;&nbsp;__aeabi_memclr4
</UL>
<BR>[Address Reference Count : 1]<UL><LI> main.o(.init_array)
</UL>
<P><STRONG><a name="[d2]"></a>Heap1_SizeAdjust</STRONG> (Thumb, 8 bytes, Stack size 0 bytes, C:\Keil_v5\ARM\ARMCC\Bin\..\lib\armlib\c_w.l(h1_alloc_mt.o)(.text))
<BR><BR>[Called By]<UL><LI><a href="#[d1]">&gt;&gt;</a>&nbsp;&nbsp;&nbsp;_malloc_internal
</UL>

<P><STRONG><a name="[f3]"></a>_freopen_locked</STRONG> (Thumb, 174 bytes, Stack size 32 bytes, C:\Keil_v5\ARM\ARMCC\Bin\..\lib\armlib\c_w.l(fopen_locked.o)(.text))
<BR><BR>[Stack]<UL><LI>Max Depth = 504<LI>Call Chain = _freopen_locked &rArr; _fclose_internal &rArr; _fflush &rArr; _writebuf &rArr; _sys_write &rArr; init_serial() &rArr; serial_init &rArr; serial_baud &rArr; mbed_assert_internal &rArr; mbed_die &rArr; wait_ms &rArr; wait_us &rArr; ticker_read &rArr; ticker_read_us &rArr;  core_util_critical_section_exit (Cycle)
</UL>
<BR>[Calls]<UL><LI><a href="#[f4]">&gt;&gt;</a>&nbsp;&nbsp;&nbsp;_sys_open
<LI><a href="#[97]">&gt;&gt;</a>&nbsp;&nbsp;&nbsp;_mutex_release
<LI><a href="#[96]">&gt;&gt;</a>&nbsp;&nbsp;&nbsp;_mutex_acquire
<LI><a href="#[f1]">&gt;&gt;</a>&nbsp;&nbsp;&nbsp;_fseek
<LI><a href="#[e9]">&gt;&gt;</a>&nbsp;&nbsp;&nbsp;_fclose_internal
</UL>
<BR>[Called By]<UL><LI><a href="#[f6]">&gt;&gt;</a>&nbsp;&nbsp;&nbsp;fopen
<LI><a href="#[f5]">&gt;&gt;</a>&nbsp;&nbsp;&nbsp;freopen
</UL>

<P><STRONG><a name="[101]"></a>_fp_digits</STRONG> (Thumb, 432 bytes, Stack size 96 bytes, C:\Keil_v5\ARM\ARMCC\Bin\..\lib\armlib\c_w.l(_printf_fp_dec.o)(.text))
<BR><BR>[Stack]<UL><LI>Max Depth = 220<LI>Call Chain = _fp_digits &rArr; _btod_etento &rArr; _btod_emul &rArr; _e2e
</UL>
<BR>[Calls]<UL><LI><a href="#[105]">&gt;&gt;</a>&nbsp;&nbsp;&nbsp;_btod_emul
<LI><a href="#[104]">&gt;&gt;</a>&nbsp;&nbsp;&nbsp;_btod_ediv
<LI><a href="#[103]">&gt;&gt;</a>&nbsp;&nbsp;&nbsp;_btod_d2e
<LI><a href="#[102]">&gt;&gt;</a>&nbsp;&nbsp;&nbsp;_btod_etento
<LI><a href="#[106]">&gt;&gt;</a>&nbsp;&nbsp;&nbsp;_ll_udiv10
</UL>
<BR>[Called By]<UL><LI><a href="#[107]">&gt;&gt;</a>&nbsp;&nbsp;&nbsp;_printf_fp_dec_real
</UL>

<P><STRONG><a name="[40]"></a>_printf_input_char</STRONG> (Thumb, 10 bytes, Stack size 0 bytes, C:\Keil_v5\ARM\ARMCC\Bin\..\lib\armlib\c_w.l(_printf_char_common.o)(.text))
<BR>[Address Reference Count : 1]<UL><LI> _printf_char_common.o(.text)
</UL><P>
<H3>
Undefined Global Symbols
</H3><HR></body></html>
