<html>
<body>
<pre>
<h1>µVision Build Log</h1>
<h2>Tool Versions:</h2>
IDE-Version: µVision V5.24.2.0
Copyright (C) 2017 ARM Ltd and ARM Germany GmbH. All rights reserved.
License Information: Phil Spino alsdkjlaskjdf Flex license: MDK-ARM Professional: 100 user(s) (mdk_pro) Operation stops: 28 Jan 2019
 
Tool Versions:
Toolchain:       MDK-ARM Professional: 100 user(s)  Version: 5.24.1
Toolchain Path:  C:\Keil_v5\ARM\ARMCC\Bin
C Compiler:      Armcc.exe V5.06 update 5 (build 528)
Assembler:       Armasm.exe V5.06 update 5 (build 528)
Linker/Locator:  ArmLink.exe V5.06 update 5 (build 528)
Library Manager: ArmAr.exe V5.06 update 5 (build 528)
Hex Converter:   FromElf.exe V5.06 update 5 (build 528)
CPU DLL:         
Dialog DLL:      DCM.DLL V1.16.0.0
Target DLL:      CMSIS_AGDI.dll V1.28.3.0
Dialog DLL:      TCM.DLL V1.32.0.0
 
<h2>Project:</h2>
D:\University\S5\App3\Code\Coordonnateur - good\mbed-os-example-blinky.uvprojx
Project File Date:  02/12/2018

<h2>Output:</h2>
*** Using Compiler 'V5.06 update 5 (build 528)', folder: 'C:\Keil_v5\ARM\ARMCC\Bin'
Build target 'mbed-os-example-blinky'
compiling aesni.c...
compiling arc4.c...
compiling asn1parse.c...
compiling aes.c...
compiling analogout_api.c...
compiling AnalogIn.cpp...
compiling analogin_api.c...
compiling base64.c...
compiling asn1write.c...
compiling bignum.c...
compiling blowfish.c...
compiling camellia.c...
compiling BusOut.cpp...
compiling CallChain.cpp...
compiling BusInOut.cpp...
compiling BusIn.cpp...
compiling ATCmdParser.cpp...
compiling certs.c...
compiling cipher_wrap.c...
compiling ccm.c...
compiling cipher.c...
compiling CAN.cpp...
compiling ctr_drbg.c...
compiling cmac.c...
compiling CRP.c...
compiling cmsis_os1.c...
compiling can_api.c...
compiling dhm.c...
compiling des.c...
compiling debug.c...
compiling ecdh.c...
compiling ConditionVariable.cpp...
compiling ChainingBlockDevice.cpp...
compiling emac_lwip.c...
compiling emac_stack_lwip.cpp...
compiling ecjpake.c...
compiling ecdsa.c...
compiling ecp_curves.c...
compiling ecp.c...
compiling entropy_poll.c...
compiling entropy.c...
compiling Dir.cpp...
compiling error.c...
compiling equeue_posix.c...
compiling equeue.c...
compiling ethernet_api.c...
compiling Ethernet.cpp...
compiling equeue_mbed.cpp...
compiling EventFlags.cpp...
compiling EthernetInterface.cpp...
compiling ffunicode.cpp...
compiling EventQueue.cpp...
compiling ExhaustibleBlockDevice.cpp...
compiling ff.cpp...
mbed-os/features/filesystem/fat/ChaN/ff.cpp(1660): warning:  #1293-D: assignment in condition
  	for (szb = ((DWORD)fs->csize * 
S(fs) >= 
AX_MALLOC) ? 
AX_MALLOC : fs->csize * 
S(fs); szb > 
S(fs) && !(ibuf = (BYTE *)ff_memalloc(szb)); szb /= 2) ;
mbed-os/features/filesystem/fat/ChaN/ff.cpp(5585): warning:  #1293-D: assignment in condition
  		for (szb_buf = 
AX_MALLOC, buf = 0; szb_buf >= ss && !(buf = (BYTE *)ff_memalloc(szb_buf)); szb_buf /= 2) ;
mbed-os/features/filesystem/fat/ChaN/ff.cpp: 2 warnings, 0 errors
compiling FileBase.cpp...
compiling FileHandle.cpp...
compiling FATFileSystem.cpp...
compiling FilePath.cpp...
compiling File.cpp...
compiling gcm.c...
compiling flash_api.c...
compiling FileSystemHandle.cpp...
compiling FileSystem.cpp...
compiling FlashIAP.cpp...
compiling havege.c...
compiling gpio_api.c...
compiling gpio_irq_api.c...
compiling greentea_serial.cpp...
compiling greentea_metrics.cpp...
compiling hmac_drbg.c...
compiling i2c_api.c...
compiling I2C.cpp...
compiling HeapBlockDevice.cpp...
compiling greentea_test_env.cpp...
compiling lfs_util.c...
compiling I2CSlave.cpp...
compiling InterruptManager.cpp...
compiling InterruptIn.cpp...
compiling lfs.c...
compiling LocalFileSystem.cpp...
compiling lwip_api_lib.c...
compiling lpc17_emac.c...
compiling lpc_phy_dp83848.c...
compiling LittleFileSystem.cpp...
compiling lwip_arc4.c...
compiling lwip_api_msg.c...
compiling lwip_checksum.c...
compiling lwip_auth.c...
compiling lwip_chap-md5.c...
compiling lwip_chap-new.c...
compiling lwip_autoip.c...
compiling lwip_ccp.c...
compiling lwip_chap_ms.c...
compiling lwip_des.c...
compiling lwip_demand.c...
compiling lwip_def.c...
compiling lwip_dhcp6.c...
compiling lwip_dns.c...
compiling lwip_dhcp.c...
compiling lwip_eap.c...
compiling lwip_ecp.c...
compiling lwip_eui64.c...
compiling lwip_etharp.c...
compiling lwip_ethip6.c...
compiling lwip_ethernetif.c...
compiling lwip_ethernet.c...
compiling lwip_err.c...
compiling lwip_inet6.c...
compiling lwip_icmp.c...
compiling lwip_igmp.c...
compiling lwip_icmp6.c...
compiling lwip_fsm.c...
compiling lwip_inet_chksum.c...
compiling lwip_init.c...
compiling lwip_ip6_addr.c...
compiling lwip_ip6_frag.c...
compiling lwip_ip6.c...
compiling lwip_ip4_frag.c...
compiling lwip_ip4.c...
compiling lwip_ip.c...
compiling lwip_ip4_addr.c...
compiling lwip_ipv6cp.c...
compiling lwip_lowpan6.c...
compiling lwip_md4.c...
compiling lwip_ipcp.c...
compiling lwip_lcp.c...
compiling lwip_magic.c...
compiling lwip_md5.c...
compiling lwip_memcpy.c...
compiling lwip_mld6.c...
compiling lwip_mem.c...
compiling lwip_multilink.c...
compiling lwip_mppe.c...
compiling lwip_nd6.c...
compiling lwip_memp.c...
compiling lwip_netbuf.c...
compiling lwip_netdb.c...
compiling lwip_ppp.c...
compiling lwip_pppapi.c...
compiling lwip_netifapi.c...
compiling lwip_pbuf.c...
compiling lwip_pppcrypt.c...
compiling lwip_netif.c...
compiling lwip_sockets.c...
compiling lwip_random.c...
compiling lwip_raw.c...
compiling lwip_pppoe.c...
compiling lwip_pppos.c...
compiling lwip_pppol2tp.c...
compiling lwip_sha1.c...
compiling lwip_stats.c...
compiling lwip_sys_arch.c...
compiling lwip_sys.c...
compiling lwip_tcp_isn.c...
compiling lwip_tcp_in.c...
compiling lwip_stack.c...
compiling lwip_tcp.c...
compiling lwip_utils.c...
compiling lwip_vj.c...
compiling lwip_upap.c...
compiling lwip_udp.c...
compiling lwip_tcpip.c...
compiling lwip_tcp_out.c...
compiling lwip_timeouts.c...
compiling mbed_alloc_wrappers.cpp...
compiling mbed_critical.c...
compiling mbed_board.c...
compiling mbed_application.c...
compiling mbed_assert.c...
compiling mbed_boot.c...
compiling mbed-utest-shim.cpp...
compiling mbed_lp_ticker_api.c...
compiling mbed_error.c...
compiling mbed_interface.c...
compiling mbed_gpio.c...
compiling mbed_mem_trace.cpp...
compiling mbed_flash_api.c...
compiling mbed_mktime.c...
compiling mbed_rtx_handlers.c...
compiling mbed_sdk_boot.c...
compiling mbed_rtx_idle.cpp...
compiling mbed_poll.cpp...
compiling mbed_pinmap_common.c...
compiling mbed_rtc_time.cpp...
compiling mbed_retarget.cpp...
"no source": Warning:  #541-D: allowing all exceptions is incompatible with previous function "operator new(std::size_t)"  (declared at line 78 of "C:\Keil_v5\ARM\ARMCC\Bin\..\include\new")
"no source": Warning:  #541-D: allowing all exceptions is incompatible with previous function "operator new[](std::size_t)"  (declared at line 97 of "C:\Keil_v5\ARM\ARMCC\Bin\..\include\new")
"no source": Warning:  #541-D: allowing all exceptions is incompatible with previous function "operator new(std::size_t, const std::nothrow_t &)"  (declared at line 84 of "C:\Keil_v5\ARM\ARMCC\Bin\..\include\new")
"no source": Warning:  #541-D: allowing all exceptions is incompatible with previous function "operator new[](std::size_t, const std::nothrow_t &)"  (declared at line 109 of "C:\Keil_v5\ARM\ARMCC\Bin\..\include\new")
"no source": Warning:  #541-D: allowing all exceptions is incompatible with previous function "operator delete(void *)"  (declared at line 81 of "C:\Keil_v5\ARM\ARMCC\Bin\..\include\new")
"no source": Warning:  #541-D: allowing all exceptions is incompatible with previous function "operator delete[](void *)"  (declared at line 100 of "C:\Keil_v5\ARM\ARMCC\Bin\..\include\new")
mbed-os/platform/mbed_retarget.cpp: 6 warnings, 0 errors
compiling mbed_trng.c...
compiling mbed_stats.c...
compiling mbed_wait_api_no_rtos.c...
compiling mbed_sleep_manager.c...
compiling mbed_semihost_api.c...
compiling mbed_ticker_api.c...
compiling md2.c...
compiling md.c...
compiling md4.c...
compiling mbed_us_ticker_api.c...
compiling mbed_shared_queues.cpp...
compiling net_sockets.c...
compiling md5.c...
compiling memory_buffer_alloc.c...
compiling md_wrap.c...
compiling mbed_wait_api_rtos.cpp...
compiling NetworkInterface.cpp...
compiling oid.c...
compiling Mutex.cpp...
compiling MBRBlockDevice.cpp...
compiling OnboardCellularInterface.cpp...
compiling padlock.c...
compiling os_tick_ptim.c...
compiling nsapi_dns.cpp...
compiling pem.c...
compiling pk.c...
compiling os_systick.c...
compiling pk_wrap.c...
compiling ObservingBlockDevice.cpp...
compiling NetworkStack.cpp...
compiling pkcs11.c...
compiling pkcs5.c...
compiling pkcs12.c...
compiling platform.c...
compiling pinmap.c...
compiling pkwrite.c...
compiling pkparse.c...
compiling RawSerial.cpp...
compiling pwmout_api.c...
compiling port_api.c...
compiling ReadOnlyBlockDevice.cpp...
compiling ppp_lwip.cpp...
compiling PPPCellularInterface.cpp...
compiling ProfilingBlockDevice.cpp...
compiling rt_OsEventObserver.c...
compiling ripemd160.c...
compiling rsa.c...
compiling rtc_api.c...
compiling RTX_Config.c...
compiling rtx_delay.c...
compiling rtx_evflags.c...
compiling rtx_kernel.c...
compiling RtosTimer.cpp...
compiling rtx_evr.c...
compiling rtx_memory.c...
compiling rtx_lib.c...
compiling rtx_mempool.c...
compiling rtx_system.c...
compiling rtx_semaphore.c...
compiling rtx_mutex.c...
compiling rtx_msgqueue.c...
compiling sha1.c...
compiling Semaphore.cpp...
compiling rtx_timer.c...
compiling rtx_thread.c...
compiling serial_api.c...
compiling Serial.cpp...
compiling SerialBase.cpp...
compiling sha256.c...
compiling sha512.c...
compiling sleep.c...
compiling ssl_cache.c...
compiling SlicingBlockDevice.cpp...
compiling ssl_cli.c...
compiling ssl_ciphersuites.c...
compiling SPISlave.cpp...
compiling spi_api.c...
compiling SPI.cpp...
compiling ssl_cookie.c...
compiling ssl_ticket.c...
compiling ssl_tls.c...
compiling ssl_srv.c...
compiling SocketAddress.cpp...
compiling Socket.cpp...
compiling threading.c...
compiling Stream.cpp...
compiling system_LPC17xx.c...
compiling Ticker.cpp...
compiling TCPSocket.cpp...
compiling Timeout.cpp...
compiling Timer.cpp...
compiling TCPServer.cpp...
compiling Thread.cpp...
compiling timing.c...
compiling TimerEvent.cpp...
compiling UARTCellularInterface.cpp...
compiling unity.c...
compiling us_ticker.c...
compiling UDPSocket.cpp...
compiling unity_handler.cpp...
compiling UARTSerial.cpp...
compiling utest_stack_trace.cpp...
compiling version.c...
compiling utest_default_handlers.cpp...
compiling utest_greentea_handlers.cpp...
compiling utest_case.cpp...
compiling x509_create.c...
compiling WiFiAccessPoint.cpp...
compiling version_features.c...
compiling utest_types.cpp...
compiling utest_harness.cpp...
compiling utest_shim.cpp...
compiling x509.c...
compiling x509write_crt.c...
compiling x509_csr.c...
compiling xtea.c...
compiling x509write_csr.c...
compiling x509_crl.c...
compiling x509_crt.c...
compiling main.cpp...
XbeeCommands.h(24): warning:  #1-D: last line of file ends without a newline
  #endif
Websocket.h(135): warning:  #1-D: last line of file ends without a newline
   
main.cpp(152): warning:  #1-D: last line of file ends without a newline
  }
main.cpp(141): warning:  #177-D: variable "writeData"  was declared but never referenced
  	char writeData[200];
main.cpp(143): warning:  #177-D: variable "idx"  was declared but never referenced
  	int idx = 0;
main.cpp: 5 warnings, 0 errors
compiling Websocket.cpp...
Websocket.h(135): warning:  #1-D: last line of file ends without a newline
   
Websocket.cpp(348): warning:  #1-D: last line of file ends without a newline
  }
Websocket.cpp: 2 warnings, 0 errors
linking...
Program Size: Code=36088 RO-data=2768 RW-data=2392 ZI-data=5868  
".\BUILD\mbed-os-example-blinky.axf" - 0 Error(s), 9 Warning(s).

<h2>Software Packages used:</h2>

Package Vendor: Keil
                http://www.keil.com/pack/Keil.LPC1700_DFP.2.4.0.pack
                Keil.LPC1700_DFP.2.4.0
                NXP LPC1700 Series Device Support, Drivers and Examples for MCB1700 and LPC1788-32

<h2>Collection of Component include folders:</h2>
  .\RTE\_mbed-os-example-blinky
  C:\Keil_v5\ARM\PACK\Keil\LPC1700_DFP\2.4.0\Device\Include

<h2>Collection of Component Files used:</h2>
Build Time Elapsed:  00:00:25
</pre>
</body>
</html>
