Component: ARM Compiler 5.06 update 5 (build 528) Tool: armlink [4d35e2]

==============================================================================

Section Cross References

    mbed/TARGET_LPC1768/TOOLCHAIN_ARM_STD/analogin_api.o(i.analogin_init) refers to mbed/TARGET_LPC1768/TOOLCHAIN_ARM_STD/mbed.ar(mbed_pinmap_common.o)(i.pinmap_peripheral) for pinmap_peripheral
    mbed/TARGET_LPC1768/TOOLCHAIN_ARM_STD/analogin_api.o(i.analogin_init) refers to mbed/TARGET_LPC1768/TOOLCHAIN_ARM_STD/mbed.ar(mbed_assert.o)(i.mbed_assert_internal) for mbed_assert_internal
    mbed/TARGET_LPC1768/TOOLCHAIN_ARM_STD/analogin_api.o(i.analogin_init) refers to mbed/TARGET_LPC1768/TOOLCHAIN_ARM_STD/mbed.ar(mbed_pinmap_common.o)(i.pinmap_pinout) for pinmap_pinout
    mbed/TARGET_LPC1768/TOOLCHAIN_ARM_STD/analogin_api.o(i.analogin_init) refers to mbed/TARGET_LPC1768/TOOLCHAIN_ARM_STD/analogin_api.o(.constdata) for .constdata
    mbed/TARGET_LPC1768/TOOLCHAIN_ARM_STD/analogin_api.o(i.analogin_init) refers to mbed/TARGET_LPC1768/TOOLCHAIN_ARM_STD/analogin_api.o(.conststring) for .conststring
    mbed/TARGET_LPC1768/TOOLCHAIN_ARM_STD/analogin_api.o(i.analogin_init) refers to mbed/TARGET_LPC1768/TOOLCHAIN_ARM_STD/system_LPC17xx.o(.data) for SystemCoreClock
    mbed/TARGET_LPC1768/TOOLCHAIN_ARM_STD/analogin_api.o(i.analogin_read) refers to C:\Keil_v5\ARM\ARMCC\Bin\..\lib\armlib\fz_ws.l(fflt_clz.o)(x$fpl$ffltu) for __aeabi_ui2f
    mbed/TARGET_LPC1768/TOOLCHAIN_ARM_STD/analogin_api.o(i.analogin_read) refers to C:\Keil_v5\ARM\ARMCC\Bin\..\lib\armlib\fz_ws.l(fmul.o)(x$fpl$fmul) for __aeabi_fmul
    mbed/TARGET_LPC1768/TOOLCHAIN_ARM_STD/analogout_api.o(i.analogout_init) refers to mbed/TARGET_LPC1768/TOOLCHAIN_ARM_STD/mbed.ar(mbed_pinmap_common.o)(i.pinmap_peripheral) for pinmap_peripheral
    mbed/TARGET_LPC1768/TOOLCHAIN_ARM_STD/analogout_api.o(i.analogout_init) refers to mbed/TARGET_LPC1768/TOOLCHAIN_ARM_STD/mbed.ar(mbed_assert.o)(i.mbed_assert_internal) for mbed_assert_internal
    mbed/TARGET_LPC1768/TOOLCHAIN_ARM_STD/analogout_api.o(i.analogout_init) refers to mbed/TARGET_LPC1768/TOOLCHAIN_ARM_STD/mbed.ar(mbed_pinmap_common.o)(i.pinmap_pinout) for pinmap_pinout
    mbed/TARGET_LPC1768/TOOLCHAIN_ARM_STD/analogout_api.o(i.analogout_init) refers to mbed/TARGET_LPC1768/TOOLCHAIN_ARM_STD/analogout_api.o(.constdata) for .constdata
    mbed/TARGET_LPC1768/TOOLCHAIN_ARM_STD/analogout_api.o(i.analogout_init) refers to mbed/TARGET_LPC1768/TOOLCHAIN_ARM_STD/analogout_api.o(.conststring) for .conststring
    mbed/TARGET_LPC1768/TOOLCHAIN_ARM_STD/analogout_api.o(i.analogout_read) refers to C:\Keil_v5\ARM\ARMCC\Bin\..\lib\armlib\fz_ws.l(fflt_clz.o)(x$fpl$ffltu) for __aeabi_ui2f
    mbed/TARGET_LPC1768/TOOLCHAIN_ARM_STD/analogout_api.o(i.analogout_read) refers to C:\Keil_v5\ARM\ARMCC\Bin\..\lib\armlib\fz_ws.l(fmul.o)(x$fpl$fmul) for __aeabi_fmul
    mbed/TARGET_LPC1768/TOOLCHAIN_ARM_STD/analogout_api.o(i.analogout_write) refers to C:\Keil_v5\ARM\ARMCC\Bin\..\lib\armlib\fz_ws.l(fmul.o)(x$fpl$fmul) for __aeabi_fmul
    mbed/TARGET_LPC1768/TOOLCHAIN_ARM_STD/analogout_api.o(i.analogout_write) refers to C:\Keil_v5\ARM\ARMCC\Bin\..\lib\armlib\fz_ws.l(ffix.o)(x$fpl$ffix) for __aeabi_f2iz
    mbed/TARGET_LPC1768/TOOLCHAIN_ARM_STD/can_api.o(i.can_frequency) refers to mbed/TARGET_LPC1768/TOOLCHAIN_ARM_STD/system_LPC17xx.o(.data) for SystemCoreClock
    mbed/TARGET_LPC1768/TOOLCHAIN_ARM_STD/can_api.o(i.can_frequency) refers to mbed/TARGET_LPC1768/TOOLCHAIN_ARM_STD/can_api.o(.constdata) for .constdata
    mbed/TARGET_LPC1768/TOOLCHAIN_ARM_STD/can_api.o(i.can_init) refers to mbed/TARGET_LPC1768/TOOLCHAIN_ARM_STD/mbed.ar(mbed_pinmap_common.o)(i.pinmap_peripheral) for pinmap_peripheral
    mbed/TARGET_LPC1768/TOOLCHAIN_ARM_STD/can_api.o(i.can_init) refers to mbed/TARGET_LPC1768/TOOLCHAIN_ARM_STD/mbed.ar(mbed_pinmap_common.o)(i.pinmap_merge) for pinmap_merge
    mbed/TARGET_LPC1768/TOOLCHAIN_ARM_STD/can_api.o(i.can_init) refers to mbed/TARGET_LPC1768/TOOLCHAIN_ARM_STD/mbed.ar(mbed_assert.o)(i.mbed_assert_internal) for mbed_assert_internal
    mbed/TARGET_LPC1768/TOOLCHAIN_ARM_STD/can_api.o(i.can_init) refers to mbed/TARGET_LPC1768/TOOLCHAIN_ARM_STD/mbed.ar(mbed_pinmap_common.o)(i.pinmap_pinout) for pinmap_pinout
    mbed/TARGET_LPC1768/TOOLCHAIN_ARM_STD/can_api.o(i.can_init) refers to mbed/TARGET_LPC1768/TOOLCHAIN_ARM_STD/can_api.o(i.can_frequency) for can_frequency
    mbed/TARGET_LPC1768/TOOLCHAIN_ARM_STD/can_api.o(i.can_init) refers to mbed/TARGET_LPC1768/TOOLCHAIN_ARM_STD/can_api.o(.constdata) for .constdata
    mbed/TARGET_LPC1768/TOOLCHAIN_ARM_STD/can_api.o(i.can_init) refers to mbed/TARGET_LPC1768/TOOLCHAIN_ARM_STD/can_api.o(.conststring) for .conststring
    mbed/TARGET_LPC1768/TOOLCHAIN_ARM_STD/can_api.o(i.can_irq) refers to mbed/TARGET_LPC1768/TOOLCHAIN_ARM_STD/can_api.o(.data) for .data
[...]
    __ctype                                  0x00007331   Data           0  C:\Keil_v5\ARM\ARMCC\Bin\..\lib\armlib\c_w.l(lc_ctype_c.o)(locale$$data)
    SHT$$INIT_ARRAY$$Base                    0x00007434   Number         0  .\build\main.o(.init_array)
    SHT$$INIT_ARRAY$$Limit                   0x00007438   Number         0  C:\Keil_v5\ARM\ARMCC\Bin\..\lib\armlib\c_w.l(init_aeabi.o)(.init_array)
    stdio_uart_inited                        0x100000d0   Data           4  mbed/TARGET_LPC1768/TOOLCHAIN_ARM_STD/serial_api.o(.data)
    stdio_uart                               0x100000d8   Data           8  mbed/TARGET_LPC1768/TOOLCHAIN_ARM_STD/serial_api.o(.data)
    SystemCoreClock                          0x100000e0   Data           4  mbed/TARGET_LPC1768/TOOLCHAIN_ARM_STD/system_LPC17xx.o(.data)
    us_ticker_inited                         0x100000e4   Data           4  mbed/TARGET_LPC1768/TOOLCHAIN_ARM_STD/us_ticker.o(.data)
    osMutexId_osThreadMutex                  0x100000e8   Data           4  .\build\rt_cmsis.o(.data)
    os_initialized                           0x100000ec   Data           1  .\build\rt_cmsis.o(.data)
    os_running                               0x100000ed   Data           1  .\build\rt_cmsis.o(.data)
    os_timer_head                            0x100000f0   Data           4  .\build\rt_cmsis.o(.data)
    osEventObs                               0x100000f8   Data           4  .\build\rt_oseventobserver.o(.data)
    os_robin                                 0x10000100   Data           8  .\build\rt_robin.o(.data)
    os_tick_irqn                             0x10000108   Data           4  .\build\rt_system.o(.data)
    os_tsk                                   0x10000110   Data           8  .\build\rt_task.o(.data)
    os_time                                  0x10000118   Data           4  .\build\rt_time.o(.data)
    osThreadId_osTimerThread                 0x10000120   Data           4  .\build\rtx_conf_cm.o(.data)
    osMessageQId_osTimerMessageQ             0x10000124   Data           4  .\build\rtx_conf_cm.o(.data)
    os_tmr                                   0x10000128   Data           4  .\build\rtx_conf_cm.o(.data)
    m_tmr                                    0x1000012c   Data           4  .\build\rtx_conf_cm.o(.data)
    singleton_mutex_id                       0x10000130   Data           4  .\build\rtx_conf_cm.o(.data)
    os_thread_def_main                       0x10000138   Data          20  .\build\rtx_conf_cm.o(.data)
    armcc_heap_base                          0x1000014c   Data           4  .\build\rtx_conf_cm.o(.data)
    armcc_heap_top                           0x10000150   Data           4  .\build\rtx_conf_cm.o(.data)
    mbed::I2C::_owner                        0x10000158   Data           4  mbed/TARGET_LPC1768/TOOLCHAIN_ARM_STD/mbed.ar(I2C.o)(.data)
    mbed::I2C::_mutex                        0x1000015c   Data           8  mbed/TARGET_LPC1768/TOOLCHAIN_ARM_STD/mbed.ar(I2C.o)(.data)
    mbed::FileBase::_head                    0x10000174   Data           4  mbed/TARGET_LPC1768/TOOLCHAIN_ARM_STD/mbed.ar(FileBase.o)(.data)
    mbed::FileBase::_mutex                   0x10000178   Data           8  mbed/TARGET_LPC1768/TOOLCHAIN_ARM_STD/mbed.ar(FileBase.o)(.data)
    __aeabi_stdin                            0x10000180   Data           4  C:\Keil_v5\ARM\ARMCC\Bin\..\lib\armlib\c_w.l(stdio_streams.o)(.data)
    __aeabi_stdout                           0x10000184   Data           4  C:\Keil_v5\ARM\ARMCC\Bin\..\lib\armlib\c_w.l(stdio_streams.o)(.data)
    __aeabi_stderr                           0x10000188   Data           4  C:\Keil_v5\ARM\ARMCC\Bin\..\lib\armlib\c_w.l(stdio_streams.o)(.data)
    _stream_list_lock                        0x1000018c   Data           4  C:\Keil_v5\ARM\ARMCC\Bin\..\lib\armlib\c_w.l(streamlock.o)(.data)
    os_mutex_cb_osThreadMutex                0x100002b0   Data          16  .\build\rt_cmsis.o(.bss)
    os_rdy                                   0x100002c0   Data          24  .\build\rt_list.o(.bss)
    os_dly                                   0x100002d8   Data          24  .\build\rt_list.o(.bss)
    os_idle_TCB                              0x100002f0   Data          64  .\build\rt_task.o(.bss)
    mp_tcb                                   0x10000330   Data         972  .\build\rtx_conf_cm.o(.bss)
    mp_stk                                   0x10000700   Data         528  .\build\rtx_conf_cm.o(.bss)
    os_fifo                                  0x10000910   Data         132  .\build\rtx_conf_cm.o(.bss)
    os_active_TCB                            0x10000994   Data          60  .\build\rtx_conf_cm.o(.bss)
    os_thread_def_stack_osTimerThread        0x100009d0   Data         800  .\build\rtx_conf_cm.o(.bss)
    os_messageQ_q_osTimerMessageQ            0x10000cf0   Data          32  .\build\rtx_conf_cm.o(.bss)
    os_mutex_cb_singleton_mutex              0x10000d10   Data          16  .\build\rtx_conf_cm.o(.bss)
    cs                                       0x10001380   Data          24  .\build\main.o(.bss)
    led                                      0x10001398   Data          24  .\build\main.o(.bss)
    pc                                       0x100013b0   Data          76  .\build\main.o(.bss)
    xbee                                     0x100013fc   Data          76  .\build\main.o(.bss)
    accel                                    0x10001448   Data          12  .\build\main.o(.bss)
    __libspace_start                         0x10001454   Data          96  C:\Keil_v5\ARM\ARMCC\Bin\..\lib\armlib\c_w.l(libspace.o)(.bss)
    __stdin                                  0x100014b4   Data          84  C:\Keil_v5\ARM\ARMCC\Bin\..\lib\armlib\c_w.l(stdio_streams.o)(.bss)
    __temporary_stack_top$libspace           0x100014b4   Data           0  C:\Keil_v5\ARM\ARMCC\Bin\..\lib\armlib\c_w.l(libspace.o)(.bss)
    __stdout                                 0x10001508   Data          84  C:\Keil_v5\ARM\ARMCC\Bin\..\lib\armlib\c_w.l(stdio_streams.o)(.bss)
    __stderr                                 0x1000155c   Data          84  C:\Keil_v5\ARM\ARMCC\Bin\..\lib\armlib\c_w.l(stdio_streams.o)(.bss)
    Image$$RW_IRAM1$$ZI$$Limit               0x100015b0   Number         0  anon$$obj.o ABSOLUTE



==============================================================================

Memory Map of the image

  Image Entry point : 0x000000c5

  Load Region LR_IROM1 (Base: 0x00000000, Size: 0x00007500, Max: 0x00080000, ABSOLUTE)

    Execution Region ER_IROM1 (Exec base: 0x00000000, Load base: 0x00000000, Size: 0x00007438, Max: 0x00080000, ABSOLUTE)

    Exec Addr    Load Addr    Size         Type   Attr      Idx    E Section Name        Object

    0x00000000   0x00000000   0x000000c4   Data   RO          517    RESET               mbed/TARGET_LPC1768/TOOLCHAIN_ARM_STD/startup_LPC17xx.o
    0x000000c4   0x000000c4   0x00000008   Code   RO         3808  * !!!main             C:\Keil_v5\ARM\ARMCC\Bin\..\lib\armlib\c_w.l(__main.o)
    0x000000cc   0x000000cc   0x00000034   Code   RO         4510    !!!scatter          C:\Keil_v5\ARM\ARMCC\Bin\..\lib\armlib\c_w.l(__scatter.o)
    0x00000100   0x00000100   0x0000001a   Code   RO         4512    !!handler_copy      C:\Keil_v5\ARM\ARMCC\Bin\..\lib\armlib\c_w.l(__scatter_copy.o)
    0x0000011a   0x0000011a   0x00000002   PAD
    0x0000011c   0x0000011c   0x0000001c   Code   RO         4514    !!handler_zi        C:\Keil_v5\ARM\ARMCC\Bin\..\lib\armlib\c_w.l(__scatter_zi.o)
    0x00000138   0x00000138   0x00000000   Code   RO         3741    .ARM.Collect$$_printf_percent$$00000000  C:\Keil_v5\ARM\ARMCC\Bin\..\lib\armlib\c_w.l(_printf_percent.o)
    0x00000138   0x00000138   0x00000006   Code   RO         4029    .ARM.Collect$$_printf_percent$$00000001  C:\Keil_v5\ARM\ARMCC\Bin\..\lib\armlib\c_w.l(_printf_n.o)
    0x0000013e   0x0000013e   0x00000006   Code   RO         3740    .ARM.Collect$$_printf_percent$$00000002  C:\Keil_v5\ARM\ARMCC\Bin\..\lib\armlib\c_w.l(_printf_p.o)
    0x00000144   0x00000144   0x00000006   Code   RO         4035    .ARM.Collect$$_printf_percent$$00000003  C:\Keil_v5\ARM\ARMCC\Bin\..\lib\armlib\c_w.l(_printf_f.o)
    0x0000014a   0x0000014a   0x00000006   Code   RO         4036    .ARM.Collect$$_printf_percent$$00000004  C:\Keil_v5\ARM\ARMCC\Bin\..\lib\armlib\c_w.l(_printf_e.o)
    0x00000150   0x00000150   0x00000006   Code   RO         4037    .ARM.Collect$$_printf_percent$$00000005  C:\Keil_v5\ARM\ARMCC\Bin\..\lib\armlib\c_w.l(_printf_g.o)
    0x00000156   0x00000156   0x00000006   Code   RO         4038    .ARM.Collect$$_printf_percent$$00000006  C:\Keil_v5\ARM\ARMCC\Bin\..\lib\armlib\c_w.l(_printf_a.o)
    0x0000015c   0x0000015c   0x0000000a   Code   RO         4043    .ARM.Collect$$_printf_percent$$00000007  C:\Keil_v5\ARM\ARMCC\Bin\..\lib\armlib\c_w.l(_printf_ll.o)
    0x00000166   0x00000166   0x00000006   Code   RO         4032    .ARM.Collect$$_printf_percent$$00000008  C:\Keil_v5\ARM\ARMCC\Bin\..\lib\armlib\c_w.l(_printf_i.o)
    0x0000016c   0x0000016c   0x00000006   Code   RO         4033    .ARM.Collect$$_printf_percent$$00000009  C:\Keil_v5\ARM\ARMCC\Bin\..\lib\armlib\c_w.l(_printf_d.o)
    0x00000172   0x00000172   0x00000006   Code   RO         4034    .ARM.Collect$$_printf_percent$$0000000A  C:\Keil_v5\ARM\ARMCC\Bin\..\lib\armlib\c_w.l(_printf_u.o)
    0x00000178   0x00000178   0x00000006   Code   RO         4031    .ARM.Collect$$_printf_percent$$0000000B  C:\Keil_v5\ARM\ARMCC\Bin\..\lib\armlib\c_w.l(_printf_o.o)
    0x0000017e   0x0000017e   0x00000006   Code   RO         4030    .ARM.Collect$$_printf_percent$$0000000C  C:\Keil_v5\ARM\ARMCC\Bin\..\lib\armlib\c_w.l(_printf_x.o)
    0x00000184   0x00000184   0x00000006   Code   RO         4040    .ARM.Collect$$_printf_percent$$0000000D  C:\Keil_v5\ARM\ARMCC\Bin\..\lib\armlib\c_w.l(_printf_lli.o)
    0x0000018a   0x0000018a   0x00000006   Code   RO         4041    .ARM.Collect$$_printf_percent$$0000000E  C:\Keil_v5\ARM\ARMCC\Bin\..\lib\armlib\c_w.l(_printf_lld.o)
    0x00000190   0x00000190   0x00000006   Code   RO         4042    .ARM.Collect$$_printf_percent$$0000000F  C:\Keil_v5\ARM\ARMCC\Bin\..\lib\armlib\c_w.l(_printf_llu.o)
    0x00000196   0x00000196   0x00000006   Code   RO         4047    .ARM.Collect$$_printf_percent$$00000010  C:\Keil_v5\ARM\ARMCC\Bin\..\lib\armlib\c_w.l(_printf_llo.o)
    0x0000019c   0x0000019c   0x00000006   Code   RO         4048    .ARM.Collect$$_printf_percent$$00000011  C:\Keil_v5\ARM\ARMCC\Bin\..\lib\armlib\c_w.l(_printf_llx.o)
    0x000001a2   0x000001a2   0x0000000a   Code   RO         4044    .ARM.Collect$$_printf_percent$$00000012  C:\Keil_v5\ARM\ARMCC\Bin\..\lib\armlib\c_w.l(_printf_l.o)
    0x000001ac   0x000001ac   0x00000006   Code   RO         4027    .ARM.Collect$$_printf_percent$$00000013  C:\Keil_v5\ARM\ARMCC\Bin\..\lib\armlib\c_w.l(_printf_c.o)
    0x000001b2   0x000001b2   0x00000006   Code   RO         4028    .ARM.Collect$$_printf_percent$$00000014  C:\Keil_v5\ARM\ARMCC\Bin\..\lib\armlib\c_w.l(_printf_s.o)
    0x000001b8   0x000001b8   0x00000006   Code   RO         4045    .ARM.Collect$$_printf_percent$$00000015  C:\Keil_v5\ARM\ARMCC\Bin\..\lib\armlib\c_w.l(_printf_lc.o)
    0x000001be   0x000001be   0x00000006   Code   RO         4046    .ARM.Collect$$_printf_percent$$00000016  C:\Keil_v5\ARM\ARMCC\Bin\..\lib\armlib\c_w.l(_printf_ls.o)
    0x000001c4   0x000001c4   0x00000004   Code   RO         4039    .ARM.Collect$$_printf_percent$$00000017  C:\Keil_v5\ARM\ARMCC\Bin\..\lib\armlib\c_w.l(_printf_percent_end.o)
    0x000001c8   0x000001c8   0x00000002   Code   RO         3807    .ARM.Collect$$libinit$$00000000  C:\Keil_v5\ARM\ARMCC\Bin\..\lib\armlib\c_w.l(libinit.o)
    0x000001ca   0x000001ca   0x00000000   Code   RO         4098    .ARM.Collect$$libinit$$00000002  C:\Keil_v5\ARM\ARMCC\Bin\..\lib\armlib\c_w.l(libinit2.o)
    0x000001ca   0x000001ca   0x00000000   Code   RO         4100    .ARM.Collect$$libinit$$00000004  C:\Keil_v5\ARM\ARMCC\Bin\..\lib\armlib\c_w.l(libinit2.o)
    0x000001ca   0x000001ca   0x00000008   Code   RO         4101    .ARM.Collect$$libinit$$00000005  C:\Keil_v5\ARM\ARMCC\Bin\..\lib\armlib\c_w.l(libinit2.o)
    0x000001d2   0x000001d2   0x00000000   Code   RO         4103    .ARM.Collect$$libinit$$0000000A  C:\Keil_v5\ARM\ARMCC\Bin\..\lib\armlib\c_w.l(libinit2.o)
    0x000001d2   0x000001d2   0x00000000   Code   RO         4105    .ARM.Collect$$libinit$$0000000C  C:\Keil_v5\ARM\ARMCC\Bin\..\lib\armlib\c_w.l(libinit2.o)
    0x000001d2   0x000001d2   0x00000000   Code   RO         4107    .ARM.Collect$$libinit$$0000000E  C:\Keil_v5\ARM\ARMCC\Bin\..\lib\armlib\c_w.l(libinit2.o)
    0x000001d2   0x000001d2   0x00000006   Code   RO         4108    .ARM.Collect$$libinit$$0000000F  C:\Keil_v5\ARM\ARMCC\Bin\..\lib\armlib\c_w.l(libinit2.o)
    0x000001d8   0x000001d8   0x00000000   Code   RO         4110    .ARM.Collect$$libinit$$00000011  C:\Keil_v5\ARM\ARMCC\Bin\..\lib\armlib\c_w.l(libinit2.o)
    0x000001d8   0x000001d8   0x0000000c   Code   RO         4111    .ARM.Collect$$libinit$$00000012  C:\Keil_v5\ARM\ARMCC\Bin\..\lib\armlib\c_w.l(libinit2.o)
    0x000001e4   0x000001e4   0x00000000   Code   RO         4112    .ARM.Collect$$libinit$$00000013  C:\Keil_v5\ARM\ARMCC\Bin\..\lib\armlib\c_w.l(libinit2.o)
    0x000001e4   0x000001e4   0x00000000   Code   RO         4114    .ARM.Collect$$libinit$$00000015  C:\Keil_v5\ARM\ARMCC\Bin\..\lib\armlib\c_w.l(libinit2.o)
    0x000001e4   0x000001e4   0x0000000a   Code   RO         4115    .ARM.Collect$$libinit$$00000016  C:\Keil_v5\ARM\ARMCC\Bin\..\lib\armlib\c_w.l(libinit2.o)
    0x000001ee   0x000001ee   0x00000000   Code   RO         4116    .ARM.Collect$$libinit$$00000017  C:\Keil_v5\ARM\ARMCC\Bin\..\lib\armlib\c_w.l(libinit2.o)
    0x000001ee   0x000001ee   0x00000000   Code   RO         4118    .ARM.Collect$$libinit$$00000019  C:\Keil_v5\ARM\ARMCC\Bin\..\lib\armlib\c_w.l(libinit2.o)
    0x000001ee   0x000001ee   0x00000000   Code   RO         4120    .ARM.Collect$$libinit$$0000001B  C:\Keil_v5\ARM\ARMCC\Bin\..\lib\armlib\c_w.l(libinit2.o)
    0x000001ee   0x000001ee   0x00000000   Code   RO         4122    .ARM.Collect$$libinit$$0000001D  C:\Keil_v5\ARM\ARMCC\Bin\..\lib\armlib\c_w.l(libinit2.o)
    0x000001ee   0x000001ee   0x00000000   Code   RO         4124    .ARM.Collect$$libinit$$0000001F  C:\Keil_v5\ARM\ARMCC\Bin\..\lib\armlib\c_w.l(libinit2.o)
    0x000001ee   0x000001ee   0x00000000   Code   RO         4126    .ARM.Collect$$libinit$$00000021  C:\Keil_v5\ARM\ARMCC\Bin\..\lib\armlib\c_w.l(libinit2.o)
    0x000001ee   0x000001ee   0x00000000   Code   RO         4128    .ARM.Collect$$libinit$$00000023  C:\Keil_v5\ARM\ARMCC\Bin\..\lib\armlib\c_w.l(libinit2.o)
    0x000001ee   0x000001ee   0x00000004   Code   RO         4129    .ARM.Collect$$libinit$$00000024  C:\Keil_v5\ARM\ARMCC\Bin\..\lib\armlib\c_w.l(libinit2.o)
    0x000001f2   0x000001f2   0x00000000   Code   RO         4130    .ARM.Collect$$libinit$$00000025  C:\Keil_v5\ARM\ARMCC\Bin\..\lib\armlib\c_w.l(libinit2.o)
    0x000001f2   0x000001f2   0x00000000   Code   RO         4134    .ARM.Collect$$libinit$$0000002C  C:\Keil_v5\ARM\ARMCC\Bin\..\lib\armlib\c_w.l(libinit2.o)
    0x000001f2   0x000001f2   0x00000000   Code   RO         4136    .ARM.Collect$$libinit$$0000002E  C:\Keil_v5\ARM\ARMCC\Bin\..\lib\armlib\c_w.l(libinit2.o)
    0x000001f2   0x000001f2   0x00000000   Code   RO         4138    .ARM.Collect$$libinit$$00000030  C:\Keil_v5\ARM\ARMCC\Bin\..\lib\armlib\c_w.l(libinit2.o)
    0x000001f2   0x000001f2   0x00000004   Code   RO         4139    .ARM.Collect$$libinit$$00000031  C:\Keil_v5\ARM\ARMCC\Bin\..\lib\armlib\c_w.l(libinit2.o)
    0x000001f6   0x000001f6   0x00000000   Code   RO         4140    .ARM.Collect$$libinit$$00000032  C:\Keil_v5\ARM\ARMCC\Bin\..\lib\armlib\c_w.l(libinit2.o)
    0x000001f6   0x000001f6   0x00000002   Code   RO         4141    .ARM.Collect$$libinit$$00000033  C:\Keil_v5\ARM\ARMCC\Bin\..\lib\armlib\c_w.l(libinit2.o)
    0x000001f8   0x000001f8   0x00000000   Code   RO         4278    .ARM.Collect$$libshutdown$$00000004  C:\Keil_v5\ARM\ARMCC\Bin\..\lib\armlib\c_w.l(libshutdown2.o)
    0x000001f8   0x000001f8   0x00000034   Code   RO         2309    .emb_text           .\build\rtx_conf_cm.o
    0x0000022c   0x0000022c   0x00000000   Code   RO         4195    .emb_text           C:\Keil_v5\ARM\ARMCC\Bin\..\lib\armlib\c_w.l(maybetermalloc1.o)
    0x0000022c   0x0000022c   0x00000024   Code   RO          519    .text               mbed/TARGET_LPC1768/TOOLCHAIN_ARM_STD/startup_LPC17xx.o
    0x00000250   0x00000250   0x00000008   Code   RO         3622    .text               C:\Keil_v5\ARM\ARMCC\Bin\..\lib\armlib\c_w.l(libspace.o)
    0x00000258   0x00000258   0x0000009e   Code   RO         3633    .text               C:\Keil_v5\ARM\ARMCC\Bin\..\lib\armlib\c_w.l(h1_alloc_mt.o)
    0x000002f6   0x000002f6   0x00000006   Code   RO         3805    .text               C:\Keil_v5\ARM\ARMCC\Bin\..\lib\armlib\c_w.l(heapauxi.o)
    0x000002fc   0x000002fc   0x00000004   Code   RO          518    .ARM.__at_0x02FC    mbed/TARGET_LPC1768/TOOLCHAIN_ARM_STD/startup_LPC17xx.o
    0x00000300   0x00000300   0x00000130   Code   RO          601    .emb_text           .\build\hal_cm3.o
    0x00000430   0x00000430   0x00000076   Code   RO         3635    .text               C:\Keil_v5\ARM\ARMCC\Bin\..\lib\armlib\c_w.l(h1_free_mt.o)
    0x000004a6   0x000004a6   0x00000002   PAD
    0x000004a8   0x000004a8   0x00000024   Code   RO         3689    .text               C:\Keil_v5\ARM\ARMCC\Bin\..\lib\armlib\c_w.l(vsprintf.o)
    0x000004cc   0x000004cc   0x0000000a   Code   RO         3691    .text               C:\Keil_v5\ARM\ARMCC\Bin\..\lib\armlib\c_w.l(c89vfprintf.o)
    0x000004d6   0x000004d6   0x00000002   PAD
    0x000004d8   0x000004d8   0x0000002c   Code   RO         3693    .text               C:\Keil_v5\ARM\ARMCC\Bin\..\lib\armlib\c_w.l(__2sprintf.o)
    0x00000504   0x00000504   0x00000094   Code   RO         3717    .text               C:\Keil_v5\ARM\ARMCC\Bin\..\lib\armlib\c_w.l(_printf_hex_int_ll_ptr.o)
    0x00000598   0x00000598   0x00000188   Code   RO         3737    .text               C:\Keil_v5\ARM\ARMCC\Bin\..\lib\armlib\c_w.l(__printf_flags_ss_wp.o)
    0x00000720   0x00000720   0x0000003c   Code   RO         3744    .text               C:\Keil_v5\ARM\ARMCC\Bin\..\lib\armlib\c_w.l(__0sscanf.o)
    0x0000075c   0x0000075c   0x0000014c   Code   RO         3746    .text               C:\Keil_v5\ARM\ARMCC\Bin\..\lib\armlib\c_w.l(_scanf_int.o)
    0x000008a8   0x000008a8   0x00000014   Code   RO         3764    .text               C:\Keil_v5\ARM\ARMCC\Bin\..\lib\armlib\c_w.l(setbuf.o)
    0x000008bc   0x000008bc   0x0000004c   Code   RO         3772    .text               C:\Keil_v5\ARM\ARMCC\Bin\..\lib\armlib\c_w.l(fclose.o)
    0x00000908   0x00000908   0x00000034   Code   RO         3778    .text               C:\Keil_v5\ARM\ARMCC\Bin\..\lib\armlib\c_w.l(fclose_locked.o)
    0x0000093c   0x0000093c   0x00000090   Code   RO         3780    .text               C:\Keil_v5\ARM\ARMCC\Bin\..\lib\armlib\c_w.l(fflush_locked.o)
    0x000009cc   0x000009cc   0x00000144   Code   RO         3782    .text               C:\Keil_v5\ARM\ARMCC\Bin\..\lib\armlib\c_w.l(fopen_locked.o)
    0x00000b10   0x00000b10   0x0000003e   Code   RO         3784    .text               C:\Keil_v5\ARM\ARMCC\Bin\..\lib\armlib\c_w.l(strlen.o)
    0x00000b4e   0x00000b4e   0x00000096   Code   RO         3786    .text               C:\Keil_v5\ARM\ARMCC\Bin\..\lib\armlib\c_w.l(strncmp.o)
    0x00000be4   0x00000be4   0x00000064   Code   RO         3790    .text               C:\Keil_v5\ARM\ARMCC\Bin\..\lib\armlib\c_w.l(rt_memcpy_w.o)
    0x00000c48   0x00000c48   0x0000004e   Code   RO         3794    .text               C:\Keil_v5\ARM\ARMCC\Bin\..\lib\armlib\c_w.l(rt_memclr_w.o)
    0x00000c96   0x00000c96   0x00000002   PAD
    0x00000c98   0x00000c98   0x00000080   Code   RO         3798    .text               C:\Keil_v5\ARM\ARMCC\Bin\..\lib\armlib\c_w.l(strcmpv7m.o)
    0x00000d18   0x00000d18   0x00000024   Code   RO         3813    .text               C:\Keil_v5\ARM\ARMCC\Bin\..\lib\armlib\c_w.l(init_aeabi.o)
    0x00000d3c   0x00000d3c   0x00000022   Code   RO         3928    .text               C:\Keil_v5\ARM\ARMCC\Bin\..\lib\cpplib\cpprt_w.l(aeabi_vec_dtor_noexceptions.o)
    0x00000d5e   0x00000d5e   0x0000000a   Code   RO         3976    .text               C:\Keil_v5\ARM\ARMCC\Bin\..\lib\armlib\c_w.l(rt_heap_descriptor_twolibspace.o)
    0x00000d68   0x00000d68   0x00000004   Code   RO         3978    .text               C:\Keil_v5\ARM\ARMCC\Bin\..\lib\armlib\c_w.l(hguard.o)
    0x00000d6c   0x00000d6c   0x0000008a   Code   RO         3980    .text               C:\Keil_v5\ARM\ARMCC\Bin\..\lib\armlib\c_w.l(init_alloc.o)
    0x00000df6   0x00000df6   0x00000012   Code   RO         3986    .text               C:\Keil_v5\ARM\ARMCC\Bin\..\lib\armlib\c_w.l(h1_init_mt.o)
    0x00000e08   0x00000e08   0x0000004e   Code   RO         3998    .text               C:\Keil_v5\ARM\ARMCC\Bin\..\lib\armlib\c_w.l(_printf_pad.o)
    0x00000e56   0x00000e56   0x00000024   Code   RO         4000    .text               C:\Keil_v5\ARM\ARMCC\Bin\..\lib\armlib\c_w.l(_printf_truncate.o)
    0x00000e7a   0x00000e7a   0x00000052   Code   RO         4002    .text               C:\Keil_v5\ARM\ARMCC\Bin\..\lib\armlib\c_w.l(_printf_str.o)
    0x00000ecc   0x00000ecc   0x000000b2   Code   RO         4004    .text               C:\Keil_v5\ARM\ARMCC\Bin\..\lib\armlib\c_w.l(_printf_intcommon.o)
    0x00000f7e   0x00000f7e   0x00000002   PAD
    0x00000f80   0x00000f80   0x00000078   Code   RO         4006    .text               C:\Keil_v5\ARM\ARMCC\Bin\..\lib\armlib\c_w.l(_printf_dec.o)
    0x00000ff8   0x00000ff8   0x00000028   Code   RO         4008    .text               C:\Keil_v5\ARM\ARMCC\Bin\..\lib\armlib\c_w.l(_printf_charcount.o)
    0x00001020   0x00001020   0x00000030   Code   RO         4010    .text               C:\Keil_v5\ARM\ARMCC\Bin\..\lib\armlib\c_w.l(_printf_char_common.o)
    0x00001050   0x00001050   0x0000000a   Code   RO         4012    .text               C:\Keil_v5\ARM\ARMCC\Bin\..\lib\armlib\c_w.l(_sputc.o)
    0x0000105a   0x0000105a   0x00000002   PAD
    0x0000105c   0x0000105c   0x000000bc   Code   RO         4016    .text               C:\Keil_v5\ARM\ARMCC\Bin\..\lib\armlib\c_w.l(_printf_wctomb.o)
    0x00001118   0x00001118   0x0000007c   Code   RO         4019    .text               C:\Keil_v5\ARM\ARMCC\Bin\..\lib\armlib\c_w.l(_printf_longlong_dec.o)
    0x00001194   0x00001194   0x00000070   Code   RO         4025    .text               C:\Keil_v5\ARM\ARMCC\Bin\..\lib\armlib\c_w.l(_printf_oct_int_ll.o)
    0x00001204   0x00001204   0x0000001c   Code   RO         4049    .text               C:\Keil_v5\ARM\ARMCC\Bin\..\lib\armlib\c_w.l(_chval.o)
    0x00001220   0x00001220   0x0000002c   Code   RO         4055    .text               C:\Keil_v5\ARM\ARMCC\Bin\..\lib\armlib\c_w.l(scanf_char.o)
    0x0000124c   0x0000124c   0x00000040   Code   RO         4057    .text               C:\Keil_v5\ARM\ARMCC\Bin\..\lib\armlib\c_w.l(_sgetc.o)
    0x0000128c   0x0000128c   0x000001d6   Code   RO         4071    .text               C:\Keil_v5\ARM\ARMCC\Bin\..\lib\armlib\c_w.l(flsbuf.o)
    0x00001462   0x00001462   0x00000002   PAD
    0x00001464   0x00001464   0x000000f8   Code   RO         4073    .text               C:\Keil_v5\ARM\ARMCC\Bin\..\lib\armlib\c_w.l(fseek.o)
    0x0000155c   0x0000155c   0x000000f0   Code   RO         4077    .text               C:\Keil_v5\ARM\ARMCC\Bin\..\lib\armlib\c_w.l(stdio.o)
    0x0000164c   0x0000164c   0x00000068   Code   RO         4084    .text               C:\Keil_v5\ARM\ARMCC\Bin\..\lib\armlib\c_w.l(setvbuf_locked.o)
    0x000016b4   0x000016b4   0x000001c8   Code   RO         4086    .text               C:\Keil_v5\ARM\ARMCC\Bin\..\lib\armlib\c_w.l(initio_locked.o)
    0x0000187c   0x0000187c   0x0000000e   Code   RO         4088    .text               C:\Keil_v5\ARM\ARMCC\Bin\..\lib\armlib\c_w.l(defsig_pvfn_outer.o)
    0x0000188a   0x0000188a   0x0000003e   Code   RO         4199    .text               C:\Keil_v5\ARM\ARMCC\Bin\..\lib\armlib\c_w.l(h1_extend_mt.o)
    0x000018c8   0x000018c8   0x0000008a   Code   RO         4201    .text               C:\Keil_v5\ARM\ARMCC\Bin\..\lib\armlib\c_w.l(lludiv10.o)
    0x00001952   0x00001952   0x00000012   Code   RO         4203    .text               C:\Keil_v5\ARM\ARMCC\Bin\..\lib\armlib\c_w.l(isspace.o)
    0x00001964   0x00001964   0x0000041e   Code   RO         4205    .text               C:\Keil_v5\ARM\ARMCC\Bin\..\lib\armlib\c_w.l(_printf_fp_dec.o)
    0x00001d82   0x00001d82   0x00000002   PAD
    0x00001d84   0x00001d84   0x000002fc   Code   RO         4207    .text               C:\Keil_v5\ARM\ARMCC\Bin\..\lib\armlib\c_w.l(_printf_fp_hex.o)
    0x00002080   0x00002080   0x0000002c   Code   RO         4212    .text               C:\Keil_v5\ARM\ARMCC\Bin\..\lib\armlib\c_w.l(_printf_char.o)
    0x000020ac   0x000020ac   0x00000040   Code   RO         4214    .text               C:\Keil_v5\ARM\ARMCC\Bin\..\lib\armlib\c_w.l(_printf_char_file_locked.o)
    0x000020ec   0x000020ec   0x0000002c   Code   RO         4216    .text               C:\Keil_v5\ARM\ARMCC\Bin\..\lib\armlib\c_w.l(_printf_wchar.o)
    0x00002118   0x00002118   0x00000374   Code   RO         4218    .text               C:\Keil_v5\ARM\ARMCC\Bin\..\lib\armlib\c_w.l(_scanf.o)
    0x0000248c   0x0000248c   0x00000042   Code   RO         4228    .text               C:\Keil_v5\ARM\ARMCC\Bin\..\lib\armlib\c_w.l(ftell.o)
    0x000024ce   0x000024ce   0x00000040   Code   RO         4254    .text               C:\Keil_v5\ARM\ARMCC\Bin\..\lib\armlib\c_w.l(_wcrtomb.o)
    0x0000250e   0x0000250e   0x0000000a   Code   RO         4256    .text               C:\Keil_v5\ARM\ARMCC\Bin\..\lib\armlib\c_w.l(defsig_exit.o)
    0x00002518   0x00002518   0x0000000e   Code   RO         4258    .text               C:\Keil_v5\ARM\ARMCC\Bin\..\lib\armlib\c_w.l(defsig_rtred_outer.o)
    0x00002526   0x00002526   0x0000000e   Code   RO         4262    .text               C:\Keil_v5\ARM\ARMCC\Bin\..\lib\armlib\c_w.l(defsig_rtmem_outer.o)
    0x00002534   0x00002534   0x00000030   Code   RO         4266    .text               C:\Keil_v5\ARM\ARMCC\Bin\..\lib\armlib\c_w.l(defsig_pvfn_inner.o)
    0x00002564   0x00002564   0x0000000c   Code   RO         4311    .text               C:\Keil_v5\ARM\ARMCC\Bin\..\lib\armlib\c_w.l(sys_exit.o)
    0x00002570   0x00002570   0x00000010   Code   RO         4313    .text               C:\Keil_v5\ARM\ARMCC\Bin\..\lib\armlib\c_w.l(rt_ctype_table.o)
    0x00002580   0x00002580   0x0000000a   Code   RO         4320    .text               C:\Keil_v5\ARM\ARMCC\Bin\..\lib\armlib\c_w.l(rt_locale_twolibspace.o)
    0x0000258a   0x0000258a   0x00000004   Code   RO         4334    .text               C:\Keil_v5\ARM\ARMCC\Bin\..\lib\armlib\c_w.l(rt_errno_addr_twolibspace.o)
    0x0000258e   0x0000258e   0x00000002   PAD
    0x00002590   0x00002590   0x00000080   Code   RO         4338    .text               C:\Keil_v5\ARM\ARMCC\Bin\..\lib\armlib\c_w.l(_printf_fp_infnan.o)
    0x00002610   0x00002610   0x000000e4   Code   RO         4340    .text               C:\Keil_v5\ARM\ARMCC\Bin\..\lib\armlib\c_w.l(bigflt0.o)
    0x000026f4   0x000026f4   0x00000032   Code   RO         4374    .text               C:\Keil_v5\ARM\ARMCC\Bin\..\lib\armlib\c_w.l(defsig_general.o)
    0x00002726   0x00002726   0x00000002   PAD
    0x00002728   0x00002728   0x00000034   Code   RO         4380    .text               C:\Keil_v5\ARM\ARMCC\Bin\..\lib\armlib\c_w.l(defsig_rtred_inner.o)
    0x0000275c   0x0000275c   0x00000050   Code   RO         4382    .text               C:\Keil_v5\ARM\ARMCC\Bin\..\lib\armlib\c_w.l(defsig_rtmem_inner.o)
    0x000027ac   0x000027ac   0x0000000e   Code   RO         4420    .text               C:\Keil_v5\ARM\ARMCC\Bin\..\lib\armlib\c_w.l(sys_wrch.o)
    0x000027ba   0x000027ba   0x00000002   Code   RO         4422    .text               C:\Keil_v5\ARM\ARMCC\Bin\..\lib\armlib\c_w.l(use_no_semi.o)
    0x000027bc   0x000027bc   0x00000000   Code   RO         4424    .text               C:\Keil_v5\ARM\ARMCC\Bin\..\lib\armlib\c_w.l(indicate_semi.o)
    0x000027bc   0x000027bc   0x0000003e   Code   RO         4343    CL$$btod_d2e        C:\Keil_v5\ARM\ARMCC\Bin\..\lib\armlib\c_w.l(btod.o)
    0x000027fa   0x000027fa   0x00000046   Code   RO         4345    CL$$btod_d2e_denorm_low  C:\Keil_v5\ARM\ARMCC\Bin\..\lib\armlib\c_w.l(btod.o)
    0x00002840   0x00002840   0x00000060   Code   RO         4344    CL$$btod_d2e_norm_op1  C:\Keil_v5\ARM\ARMCC\Bin\..\lib\armlib\c_w.l(btod.o)
    0x000028a0   0x000028a0   0x00000338   Code   RO         4353    CL$$btod_div_common  C:\Keil_v5\ARM\ARMCC\Bin\..\lib\armlib\c_w.l(btod.o)
    0x00002bd8   0x00002bd8   0x000000dc   Code   RO         4350    CL$$btod_e2e        C:\Keil_v5\ARM\ARMCC\Bin\..\lib\armlib\c_w.l(btod.o)
    0x00002cb4   0x00002cb4   0x0000002a   Code   RO         4347    CL$$btod_ediv       C:\Keil_v5\ARM\ARMCC\Bin\..\lib\armlib\c_w.l(btod.o)
    0x00002cde   0x00002cde   0x0000002a   Code   RO         4346    CL$$btod_emul       C:\Keil_v5\ARM\ARMCC\Bin\..\lib\armlib\c_w.l(btod.o)
    0x00002d08   0x00002d08   0x00000244   Code   RO         4352    CL$$btod_mult_common  C:\Keil_v5\ARM\ARMCC\Bin\..\lib\armlib\c_w.l(btod.o)
    0x00002f4c   0x00002f4c   0x00000004   Code   RO         2433    SVC_TABLE           .\build\svc_table.o
    0x00002f50   0x00002f50   0x0000000e   Code   RO          261    i.$Sub$$main        mbed/TARGET_LPC1768/TOOLCHAIN_ARM_STD/retarget.o
    0x00002f5e   0x00002f5e   0x00000006   Code   RO         3209    i.<Func1>           mbed/TARGET_LPC1768/TOOLCHAIN_ARM_STD/mbed.ar(SerialBase.o)
    0x00002f64   0x00002f64   0x000000a0   Code   RO          528    i.SystemInit        mbed/TARGET_LPC1768/TOOLCHAIN_ARM_STD/system_LPC17xx.o
    0x00003004   0x00003004   0x00000090   Code   RO         2632    i._Z13getAccReadingv  .\build\main.o
    0x00003094   0x00003094   0x00000088   Code   RO         2693    i._ZN4mbed10DigitalOut5writeEi  .\build\main.o
    0x0000311c   0x0000311c   0x00000012   Code   RO         2672    i._ZN4mbed10DigitalOutaSEi  .\build\main.o
    0x0000312e   0x0000312e   0x00000052   Code   RO          401    i._ZN4mbed10FileHandle4flenEv  mbed/TARGET_LPC1768/TOOLCHAIN_ARM_STD/retarget.o
    0x00003180   0x00003180   0x00000002   Code   RO          405    i._ZN4mbed10FileHandle4lockEv  mbed/TARGET_LPC1768/TOOLCHAIN_ARM_STD/retarget.o
    0x00003182   0x00003182   0x00000002   Code   RO          408    i._ZN4mbed10FileHandle6unlockEv  mbed/TARGET_LPC1768/TOOLCHAIN_ARM_STD/retarget.o
    0x00003184   0x00003184   0x00000074   Code   RO          263    i._ZN4mbed10FileHandleD2Ev  mbed/TARGET_LPC1768/TOOLCHAIN_ARM_STD/retarget.o
    0x000031f8   0x000031f8   0x0000000e   Code   RO         3211    i._ZN4mbed10SerialBase10_base_putcEi  mbed/TARGET_LPC1768/TOOLCHAIN_ARM_STD/mbed.ar(SerialBase.o)
    0x00003206   0x00003206   0x00000002   PAD
    0x00003208   0x00003208   0x00000030   Code   RO         3213    i._ZN4mbed10SerialBase12_irq_handlerEj9SerialIrq  mbed/TARGET_LPC1768/TOOLCHAIN_ARM_STD/mbed.ar(SerialBase.o)
    0x00003238   0x00003238   0x00000088   Code   RO         3222    i._ZN4mbed10SerialBaseC1E7PinNameS1_i  mbed/TARGET_LPC1768/TOOLCHAIN_ARM_STD/mbed.ar(SerialBase.o)
    0x000032c0   0x000032c0   0x00000006   Code   RO          264    i._ZN4mbed26mbed_set_unbuffered_streamEPSt6__FILE  mbed/TARGET_LPC1768/TOOLCHAIN_ARM_STD/retarget.o
    0x000032c6   0x000032c6   0x00000002   PAD
    0x000032c8   0x000032c8   0x0000002c   Code   RO         3089    i._ZN4mbed3I2C4lockEv  mbed/TARGET_LPC1768/TOOLCHAIN_ARM_STD/mbed.ar(I2C.o)
    0x000032f4   0x000032f4   0x0000006c   Code   RO         3091    i._ZN4mbed3I2C4readEiPcib  mbed/TARGET_LPC1768/TOOLCHAIN_ARM_STD/mbed.ar(I2C.o)
    0x00003360   0x00003360   0x0000006c   Code   RO         3095    i._ZN4mbed3I2C5writeEiPKcib  mbed/TARGET_LPC1768/TOOLCHAIN_ARM_STD/mbed.ar(I2C.o)
    0x000033cc   0x000033cc   0x0000002c   Code   RO         3097    i._ZN4mbed3I2C6unlockEv  mbed/TARGET_LPC1768/TOOLCHAIN_ARM_STD/mbed.ar(I2C.o)
    0x000033f8   0x000033f8   0x0000002c   Code   RO         3099    i._ZN4mbed3I2CC1E7PinNameS1_  mbed/TARGET_LPC1768/TOOLCHAIN_ARM_STD/mbed.ar(I2C.o)
    0x00003424   0x00003424   0x00000002   Code   RO         3137    i._ZN4mbed3I2CD1Ev  mbed/TARGET_LPC1768/TOOLCHAIN_ARM_STD/mbed.ar(I2C.o)
    0x00003426   0x00003426   0x00000002   PAD
    0x00003428   0x00003428   0x00000028   Code   RO         3152    i._ZN4mbed6SerialC1E7PinNameS1_PKci  mbed/TARGET_LPC1768/TOOLCHAIN_ARM_STD/mbed.ar(Serial.o)
    0x00003450   0x00003450   0x0000003c   Code   RO         3183    i._ZN4mbed6SerialD1Ev  mbed/TARGET_LPC1768/TOOLCHAIN_ARM_STD/mbed.ar(Serial.o)
    0x0000348c   0x0000348c   0x00000004   Code   RO         3289    i._ZN4mbed6Stream4flenEv  mbed/TARGET_LPC1768/TOOLCHAIN_ARM_STD/mbed.ar(Stream.o)
    0x00003490   0x00003490   0x00000004   Code   RO         3295    i._ZN4mbed6Stream5closeEv  mbed/TARGET_LPC1768/TOOLCHAIN_ARM_STD/mbed.ar(Stream.o)
    0x00003494   0x00003494   0x00000004   Code   RO         3297    i._ZN4mbed6Stream5lseekEli  mbed/TARGET_LPC1768/TOOLCHAIN_ARM_STD/mbed.ar(Stream.o)
    0x00003498   0x00003498   0x0000003c   Code   RO         3299    i._ZN4mbed6Stream5writeEPKvj  mbed/TARGET_LPC1768/TOOLCHAIN_ARM_STD/mbed.ar(Stream.o)
    0x000034d4   0x000034d4   0x00000004   Code   RO         3300    i._ZN4mbed6Stream6isattyEv  mbed/TARGET_LPC1768/TOOLCHAIN_ARM_STD/mbed.ar(Stream.o)
    0x000034d8   0x000034d8   0x00000032   Code   RO         3301    i._ZN4mbed6Stream6printfEPKcz  mbed/TARGET_LPC1768/TOOLCHAIN_ARM_STD/mbed.ar(Stream.o)
    0x0000350a   0x0000350a   0x00000002   PAD
    0x0000350c   0x0000350c   0x00000040   Code   RO         3304    i._ZN4mbed6StreamC2EPKc  mbed/TARGET_LPC1768/TOOLCHAIN_ARM_STD/mbed.ar(Stream.o)
    0x0000354c   0x0000354c   0x00000020   Code   RO         3306    i._ZN4mbed6StreamD2Ev  mbed/TARGET_LPC1768/TOOLCHAIN_ARM_STD/mbed.ar(Stream.o)
    0x0000356c   0x0000356c   0x00000004   Code   RO         3570    i._ZN4mbed8FileBase11getPathTypeEv  mbed/TARGET_LPC1768/TOOLCHAIN_ARM_STD/mbed.ar(FileBase.o)
    0x00003570   0x00003570   0x0000006c   Code   RO         3572    i._ZN4mbed8FileBase6lookupEPKcj  mbed/TARGET_LPC1768/TOOLCHAIN_ARM_STD/mbed.ar(FileBase.o)
    0x000035dc   0x000035dc   0x00000040   Code   RO         3574    i._ZN4mbed8FileBaseC1EPKcNS_8PathTypeE  mbed/TARGET_LPC1768/TOOLCHAIN_ARM_STD/mbed.ar(FileBase.o)
    0x0000361c   0x0000361c   0x00000048   Code   RO         3576    i._ZN4mbed8FileBaseD1Ev  mbed/TARGET_LPC1768/TOOLCHAIN_ARM_STD/mbed.ar(FileBase.o)
    0x00003664   0x00003664   0x00000024   Code   RO         3545    i._ZN4mbed8FileLikeC2EPKc  mbed/TARGET_LPC1768/TOOLCHAIN_ARM_STD/mbed.ar(FileLike.o)
    0x00003688   0x00003688   0x00000012   Code   RO         3547    i._ZN4mbed8FileLikeD2Ev  mbed/TARGET_LPC1768/TOOLCHAIN_ARM_STD/mbed.ar(FileLike.o)
    0x0000369a   0x0000369a   0x00000018   Code   RO         2990    i._ZN4mbed8FilePath10fileSystemEv  mbed/TARGET_LPC1768/TOOLCHAIN_ARM_STD/mbed.ar(FilePath.o)
    0x000036b2   0x000036b2   0x0000001c   Code   RO         2992    i._ZN4mbed8FilePath4fileEv  mbed/TARGET_LPC1768/TOOLCHAIN_ARM_STD/mbed.ar(FilePath.o)
    0x000036ce   0x000036ce   0x0000000a   Code   RO         2993    i._ZN4mbed8FilePath6existsEv  mbed/TARGET_LPC1768/TOOLCHAIN_ARM_STD/mbed.ar(FilePath.o)
    0x000036d8   0x000036d8   0x00000018   Code   RO         2994    i._ZN4mbed8FilePath6isFileEv  mbed/TARGET_LPC1768/TOOLCHAIN_ARM_STD/mbed.ar(FilePath.o)
    0x000036f0   0x000036f0   0x00000004   Code   RO         2995    i._ZN4mbed8FilePath8fileNameEv  mbed/TARGET_LPC1768/TOOLCHAIN_ARM_STD/mbed.ar(FilePath.o)
    0x000036f4   0x000036f4   0x00000040   Code   RO         2996    i._ZN4mbed8FilePathC1EPKc  mbed/TARGET_LPC1768/TOOLCHAIN_ARM_STD/mbed.ar(FilePath.o)
    0x00003734   0x00003734   0x00000088   Code   RO         2678    i._ZN4mbed9DigitalIncviEv  .\build\main.o
    0x000037bc   0x000037bc   0x00000002   Code   RO         3223    i._ZN4mbed9donothingEv  mbed/TARGET_LPC1768/TOOLCHAIN_ARM_STD/mbed.ar(SerialBase.o)
    0x000037be   0x000037be   0x00000002   Code   RO         3154    i._ZThn48_N4mbed6Serial4lockEv  mbed/TARGET_LPC1768/TOOLCHAIN_ARM_STD/mbed.ar(Serial.o)
    0x000037c0   0x000037c0   0x00000006   Code   RO         3156    i._ZThn48_N4mbed6Serial5_putcEi  mbed/TARGET_LPC1768/TOOLCHAIN_ARM_STD/mbed.ar(Serial.o)
    0x000037c6   0x000037c6   0x00000002   Code   RO         3157    i._ZThn48_N4mbed6Serial6unlockEv  mbed/TARGET_LPC1768/TOOLCHAIN_ARM_STD/mbed.ar(Serial.o)
    0x000037c8   0x000037c8   0x00000028   Code   RO         4412    i.__ARM_fpclassify  C:\Keil_v5\ARM\ARMCC\Bin\..\lib\armlib\m_ws.l(fpclassify.o)
    0x000037f0   0x000037f0   0x00000034   Code   RO           80    i.__NVIC_SetVector  mbed/TARGET_LPC1768/TOOLCHAIN_ARM_STD/cmsis_nvic.o
    0x00003824   0x00003824   0x00000004   Code   RO          271    i.__aeabi_atexit    mbed/TARGET_LPC1768/TOOLCHAIN_ARM_STD/retarget.o
    0x00003828   0x00003828   0x00000024   Code   RO         3925    i.__aeabi_vec_ctor_nocookie_nodtor  C:\Keil_v5\ARM\ARMCC\Bin\..\lib\cpplib\cpprt_w.l(aeabi_vec_ctor_nocookie_nodtor.o)
    0x0000384c   0x0000384c   0x00000006   Code   RO         3816    i.__cxa_pure_virtual  C:\Keil_v5\ARM\ARMCC\Bin\..\lib\cpplib\cpprt_w.l(pure_virt.o)
    0x00003852   0x00003852   0x00000006   Code   RO          686    i.__get_CONTROL     .\build\rt_cmsis.o
    0x00003858   0x00003858   0x00000006   Code   RO          687    i.__get_IPSR        .\build\rt_cmsis.o
    0x0000385e   0x0000385e   0x00000006   Code   RO          688    i.__get_PRIMASK     .\build\rt_cmsis.o
    0x00003864   0x00003864   0x000000a8   Code   RO         2634    i.__sti___8_main_cpp_cs  .\build\main.o
    0x0000390c   0x0000390c   0x0000002c   Code   RO         2310    i.__user_perthread_libspace  .\build\rtx_conf_cm.o
    0x00003938   0x00003938   0x00000010   Code   RO          521    i.__user_setup_stackheap  mbed/TARGET_LPC1768/TOOLCHAIN_ARM_STD/sys.o
    0x00003948   0x00003948   0x00000058   Code   RO         1524    i._init_box         .\build\rt_membox.o
    0x000039a0   0x000039a0   0x0000000e   Code   RO         3730    i._is_digit         C:\Keil_v5\ARM\ARMCC\Bin\..\lib\armlib\c_w.l(__printf_wp.o)
    0x000039ae   0x000039ae   0x00000002   PAD
    0x000039b0   0x000039b0   0x00000020   Code   RO         2311    i._mutex_acquire    .\build\rtx_conf_cm.o
    0x000039d0   0x000039d0   0x0000004c   Code   RO         2312    i._mutex_initialize  .\build\rtx_conf_cm.o
    0x00003a1c   0x00003a1c   0x0000001c   Code   RO         2313    i._mutex_release    .\build\rtx_conf_cm.o
    0x00003a38   0x00003a38   0x00000008   Code   RO          274    i._platform_post_stackheap_init  mbed/TARGET_LPC1768/TOOLCHAIN_ARM_STD/retarget.o
    0x00003a40   0x00003a40   0x0000002c   Code   RO          275    i._sys_close        mbed/TARGET_LPC1768/TOOLCHAIN_ARM_STD/retarget.o
    0x00003a6c   0x00003a6c   0x00000028   Code   RO          278    i._sys_flen         mbed/TARGET_LPC1768/TOOLCHAIN_ARM_STD/retarget.o
    0x00003a94   0x00003a94   0x00000028   Code   RO          279    i._sys_istty        mbed/TARGET_LPC1768/TOOLCHAIN_ARM_STD/retarget.o
    0x00003abc   0x00003abc   0x000001e4   Code   RO          280    i._sys_open         mbed/TARGET_LPC1768/TOOLCHAIN_ARM_STD/retarget.o
    0x00003ca0   0x00003ca0   0x00000028   Code   RO          282    i._sys_seek         mbed/TARGET_LPC1768/TOOLCHAIN_ARM_STD/retarget.o
    0x00003cc8   0x00003cc8   0x0000006c   Code   RO          283    i._sys_write        mbed/TARGET_LPC1768/TOOLCHAIN_ARM_STD/retarget.o
    0x00003d34   0x00003d34   0x0000008c   Code   RO         3446    i.core_util_critical_section_enter  mbed/TARGET_LPC1768/TOOLCHAIN_ARM_STD/mbed.ar(mbed_critical.o)
    0x00003dc0   0x00003dc0   0x00000058   Code   RO         3447    i.core_util_critical_section_exit  mbed/TARGET_LPC1768/TOOLCHAIN_ARM_STD/mbed.ar(mbed_critical.o)
    0x00003e18   0x00003e18   0x00000002   Code   RO         1907    i.default_idle_hook  .\build\rtos_idle.o
    0x00003e1a   0x00003e1a   0x00000012   Code   RO         3425    i.error             mbed/TARGET_LPC1768/TOOLCHAIN_ARM_STD/mbed.ar(mbed_error.o)
    0x00003e2c   0x00003e2c   0x0000002c   Code   RO          285    i.exit              mbed/TARGET_LPC1768/TOOLCHAIN_ARM_STD/retarget.o
    0x00003e58   0x00003e58   0x0000001a   Code   RO         3757    i.fputc             C:\Keil_v5\ARM\ARMCC\Bin\..\lib\armlib\c_w.l(fputc.o)
    0x00003e72   0x00003e72   0x00000002   PAD
    0x00003e74   0x00003e74   0x00000054   Code   RO          118    i.gpio_dir          mbed/TARGET_LPC1768/TOOLCHAIN_ARM_STD/gpio_api.o
    0x00003ec8   0x00003ec8   0x0000003a   Code   RO          119    i.gpio_init         mbed/TARGET_LPC1768/TOOLCHAIN_ARM_STD/gpio_api.o
    0x00003f02   0x00003f02   0x00000028   Code   RO         3369    i.gpio_init_in      mbed/TARGET_LPC1768/TOOLCHAIN_ARM_STD/mbed.ar(mbed_gpio.o)
    0x00003f2a   0x00003f2a   0x00000002   PAD
    0x00003f2c   0x00003f2c   0x00000048   Code   RO         3372    i.gpio_init_out     mbed/TARGET_LPC1768/TOOLCHAIN_ARM_STD/mbed.ar(mbed_gpio.o)
    0x00003f74   0x00003f74   0x00000068   Code   RO         3373    i.gpio_init_out_ex  mbed/TARGET_LPC1768/TOOLCHAIN_ARM_STD/mbed.ar(mbed_gpio.o)
    0x00003fdc   0x00003fdc   0x00000006   Code   RO          120    i.gpio_mode         mbed/TARGET_LPC1768/TOOLCHAIN_ARM_STD/gpio_api.o
    0x00003fe2   0x00003fe2   0x00000002   PAD
    0x00003fe4   0x00003fe4   0x0000001c   Code   RO          155    i.i2c_frequency     mbed/TARGET_LPC1768/TOOLCHAIN_ARM_STD/i2c_api.o
    0x00004000   0x00004000   0x000000d8   Code   RO          156    i.i2c_init          mbed/TARGET_LPC1768/TOOLCHAIN_ARM_STD/i2c_api.o
    0x000040d8   0x000040d8   0x00000174   Code   RO          157    i.i2c_read          mbed/TARGET_LPC1768/TOOLCHAIN_ARM_STD/i2c_api.o
    0x0000424c   0x0000424c   0x00000038   Code   RO          185    i.i2c_stop          mbed/TARGET_LPC1768/TOOLCHAIN_ARM_STD/i2c_api.o
    0x00004284   0x00004284   0x00000124   Code   RO          164    i.i2c_write         mbed/TARGET_LPC1768/TOOLCHAIN_ARM_STD/i2c_api.o
    0x000043a8   0x000043a8   0x00000048   Code   RO          693    i.isrMessageGet     .\build\rt_cmsis.o
    0x000043f0   0x000043f0   0x00000032   Code   RO          694    i.isrMessagePut     .\build\rt_cmsis.o
    0x00004422   0x00004422   0x0000005e   Code   RO         1475    i.isr_mbx_receive   .\build\rt_mailbox.o
    0x00004480   0x00004480   0x00000016   Code   RO         1476    i.isr_mbx_send      .\build\rt_mailbox.o
    0x00004496   0x00004496   0x00000002   PAD
    0x00004498   0x00004498   0x0000006c   Code   RO         2635    i.main              .\build\main.o
    0x00004504   0x00004504   0x00000054   Code   RO         3417    i.mbed_assert_internal  mbed/TARGET_LPC1768/TOOLCHAIN_ARM_STD/mbed.ar(mbed_assert.o)
    0x00004558   0x00004558   0x00000120   Code   RO          190    i.mbed_die          mbed/TARGET_LPC1768/TOOLCHAIN_ARM_STD/mbed_board.o
    0x00004678   0x00004678   0x00000058   Code   RO          191    i.mbed_error_printf  mbed/TARGET_LPC1768/TOOLCHAIN_ARM_STD/mbed_board.o
    0x000046d0   0x000046d0   0x00000050   Code   RO          192    i.mbed_error_vfprintf  mbed/TARGET_LPC1768/TOOLCHAIN_ARM_STD/mbed_board.o
    0x00004720   0x00004720   0x00000004   Code   RO         3471    i.mbed_interface_connected  mbed/TARGET_LPC1768/TOOLCHAIN_ARM_STD/mbed.ar(mbed_interface.o)
    0x00004724   0x00004724   0x00000002   Code   RO          286    i.mbed_main         mbed/TARGET_LPC1768/TOOLCHAIN_ARM_STD/retarget.o
    0x00004726   0x00004726   0x00000002   Code   RO          287    i.mbed_sdk_init     mbed/TARGET_LPC1768/TOOLCHAIN_ARM_STD/retarget.o
    0x00004728   0x00004728   0x00000034   Code   RO          698    i.osKernelInitialize  .\build\rt_cmsis.o
    0x0000475c   0x0000475c   0x00000034   Code   RO          699    i.osKernelRunning   .\build\rt_cmsis.o
    0x00004790   0x00004790   0x000000f4   Code   RO          700    i.osKernelStart     .\build\rt_cmsis.o
    0x00004884   0x00004884   0x00000040   Code   RO          709    i.osMessageGet      .\build\rt_cmsis.o
    0x000048c4   0x000048c4   0x00000044   Code   RO          711    i.osMutexCreate     .\build\rt_cmsis.o
    0x00004908   0x00004908   0x00000028   Code   RO          713    i.osMutexRelease    .\build\rt_cmsis.o
    0x00004930   0x00004930   0x0000002c   Code   RO          714    i.osMutexWait       .\build\rt_cmsis.o
    0x0000495c   0x0000495c   0x0000006c   Code   RO          726    i.osThreadContextCreate  .\build\rt_cmsis.o
    0x000049c8   0x000049c8   0x00000012   Code   RO          727    i.osThreadCreate    .\build\rt_cmsis.o
    0x000049da   0x000049da   0x00000002   PAD
    0x000049dc   0x000049dc   0x00000038   Code   RO          728    i.osThreadExit      .\build\rt_cmsis.o
    0x00004a14   0x00004a14   0x00000020   Code   RO          735    i.osTimerCall       .\build\rt_cmsis.o
    0x00004a34   0x00004a34   0x00000038   Code   RO          740    i.osTimerThread     .\build\rt_cmsis.o
    0x00004a6c   0x00004a6c   0x00000044   Code   RO         2314    i.os_error          .\build\rtx_conf_cm.o
    0x00004ab0   0x00004ab0   0x00000008   Code   RO         2315    i.os_idle_demon     .\build\rtx_conf_cm.o
    0x00004ab8   0x00004ab8   0x00000030   Code   RO         1689    i.os_tick_init      .\build\rt_system.o
    0x00004ae8   0x00004ae8   0x00000002   Code   RO         1690    i.os_tick_irqack    .\build\rt_system.o
    0x00004aea   0x00004aea   0x00000002   PAD
    0x00004aec   0x00004aec   0x0000005c   Code   RO          203    i.pin_function      mbed/TARGET_LPC1768/TOOLCHAIN_ARM_STD/pinmap.o
    0x00004b48   0x00004b48   0x00000090   Code   RO          204    i.pin_mode          mbed/TARGET_LPC1768/TOOLCHAIN_ARM_STD/pinmap.o
    0x00004bd8   0x00004bd8   0x00000022   Code   RO         3387    i.pinmap_find_peripheral  mbed/TARGET_LPC1768/TOOLCHAIN_ARM_STD/mbed.ar(mbed_pinmap_common.o)
    0x00004bfa   0x00004bfa   0x00000002   PAD
    0x00004bfc   0x00004bfc   0x0000003c   Code   RO         3389    i.pinmap_merge      mbed/TARGET_LPC1768/TOOLCHAIN_ARM_STD/mbed.ar(mbed_pinmap_common.o)
    0x00004c38   0x00004c38   0x0000005c   Code   RO         3390    i.pinmap_peripheral  mbed/TARGET_LPC1768/TOOLCHAIN_ARM_STD/mbed.ar(mbed_pinmap_common.o)
    0x00004c94   0x00004c94   0x00000058   Code   RO         3391    i.pinmap_pinout     mbed/TARGET_LPC1768/TOOLCHAIN_ARM_STD/mbed.ar(mbed_pinmap_common.o)
    0x00004cec   0x00004cec   0x00000024   Code   RO         2316    i.pre_main          .\build\rtx_conf_cm.o
    0x00004d10   0x00004d10   0x0000001e   Code   RO         1525    i.rt_alloc_box      .\build\rt_membox.o
    0x00004d2e   0x00004d2e   0x00000002   PAD
    0x00004d30   0x00004d30   0x00000038   Code   RO         1781    i.rt_block          .\build\rt_task.o
    0x00004d68   0x00004d68   0x00000058   Code   RO         1625    i.rt_chk_robin      .\build\rt_robin.o
    0x00004dc0   0x00004dc0   0x00000090   Code   RO         1399    i.rt_dec_dly        .\build\rt_list.o
    0x00004e50   0x00004e50   0x00000050   Code   RO         1782    i.rt_dispatch       .\build\rt_task.o
    0x00004ea0   0x00004ea0   0x0000005c   Code   RO         1360    i.rt_evt_psh        .\build\rt_event.o
    0x00004efc   0x00004efc   0x0000003e   Code   RO         1526    i.rt_free_box       .\build\rt_membox.o
    0x00004f3a   0x00004f3a   0x00000002   PAD
    0x00004f3c   0x00004f3c   0x00000028   Code   RO         1783    i.rt_get_TID        .\build\rt_task.o
    0x00004f64   0x00004f64   0x00000032   Code   RO         1400    i.rt_get_first      .\build\rt_list.o
    0x00004f96   0x00004f96   0x00000010   Code   RO          745    i.rt_id2obj         .\build\rt_cmsis.o
    0x00004fa6   0x00004fa6   0x00000002   PAD
    0x00004fa8   0x00004fa8   0x00000048   Code   RO         1784    i.rt_init_context   .\build\rt_task.o
    0x00004ff0   0x00004ff0   0x00000018   Code   RO         1626    i.rt_init_robin     .\build\rt_robin.o
    0x00005008   0x00005008   0x00000094   Code   RO          552    i.rt_init_stack     .\build\hal_cm.o
    0x0000509c   0x0000509c   0x0000000c   Code   RO         1477    i.rt_mbx_check      .\build\rt_mailbox.o
    0x000050a8   0x000050a8   0x00000022   Code   RO         1478    i.rt_mbx_init       .\build\rt_mailbox.o
    0x000050ca   0x000050ca   0x00000002   PAD
    0x000050cc   0x000050cc   0x00000120   Code   RO         1479    i.rt_mbx_psh        .\build\rt_mailbox.o
    0x000051ec   0x000051ec   0x000000d8   Code   RO         1481    i.rt_mbx_wait       .\build\rt_mailbox.o
    0x000052c4   0x000052c4   0x0000004c   Code   RO          746    i.rt_ms2tick        .\build\rt_cmsis.o
    0x00005310   0x00005310   0x00000012   Code   RO         1578    i.rt_mut_init       .\build\rt_mutex.o
    0x00005322   0x00005322   0x00000002   PAD
    0x00005324   0x00005324   0x0000011c   Code   RO         1579    i.rt_mut_release    .\build\rt_mutex.o
    0x00005440   0x00005440   0x00000090   Code   RO         1580    i.rt_mut_wait       .\build\rt_mutex.o
    0x000054d0   0x000054d0   0x000000a8   Code   RO         1693    i.rt_pop_req        .\build\rt_system.o
    0x00005578   0x00005578   0x00000024   Code   RO         1694    i.rt_psh_req        .\build\rt_system.o
    0x0000559c   0x0000559c   0x0000007c   Code   RO         1402    i.rt_psq_enq        .\build\rt_list.o
    0x00005618   0x00005618   0x0000005c   Code   RO         1403    i.rt_put_dly        .\build\rt_list.o
    0x00005674   0x00005674   0x00000040   Code   RO         1404    i.rt_put_prio       .\build\rt_list.o
    0x000056b4   0x000056b4   0x00000014   Code   RO         1405    i.rt_put_rdy_first  .\build\rt_list.o
    0x000056c8   0x000056c8   0x00000034   Code   RO         1406    i.rt_resort_prio    .\build\rt_list.o
    0x000056fc   0x000056fc   0x0000000c   Code   RO          553    i.rt_ret_val        .\build\hal_cm.o
    0x00005708   0x00005708   0x00000010   Code   RO          554    i.rt_ret_val2       .\build\hal_cm.o
    0x00005718   0x00005718   0x00000028   Code   RO         1407    i.rt_rmv_dly        .\build\rt_list.o
    0x00005740   0x00005740   0x00000034   Code   RO         1408    i.rt_rmv_list       .\build\rt_list.o
    0x00005774   0x00005774   0x00000038   Code   RO         1649    i.rt_sem_psh        .\build\rt_semaphore.o
    0x000057ac   0x000057ac   0x0000003c   Code   RO         1696    i.rt_stk_check      .\build\rt_system.o
    0x000057e8   0x000057e8   0x00000030   Code   RO         1785    i.rt_switch_req     .\build\rt_task.o
    0x00005818   0x00005818   0x000000d8   Code   RO         1786    i.rt_sys_init       .\build\rt_task.o
    0x000058f0   0x000058f0   0x00000094   Code   RO         1787    i.rt_sys_start      .\build\rt_task.o
    0x00005984   0x00005984   0x00000044   Code   RO         1698    i.rt_systick        .\build\rt_system.o
    0x000059c8   0x000059c8   0x00000020   Code   RO          747    i.rt_tid2ptcb       .\build\rt_cmsis.o
    0x000059e8   0x000059e8   0x00000040   Code   RO          748    i.rt_timer_insert   .\build\rt_cmsis.o
    0x00005a28   0x00005a28   0x00000060   Code   RO         1788    i.rt_tsk_create     .\build\rt_task.o
    0x00005a88   0x00005a88   0x00000194   Code   RO         1789    i.rt_tsk_delete     .\build\rt_task.o
    0x00005c1c   0x00005c1c   0x0000009c   Code   RO         1791    i.rt_tsk_prio       .\build\rt_task.o
    0x00005cb8   0x00005cb8   0x00000018   Code   RO         1792    i.rt_tsk_self       .\build\rt_task.o
    0x00005cd0   0x00005cd0   0x00000010   Code   RO         1909    i.rtos_idle_loop    .\build\rtos_idle.o
    0x00005ce0   0x00005ce0   0x00000010   Code   RO         3494    i.semihost_connected  mbed/TARGET_LPC1768/TOOLCHAIN_ARM_STD/mbed.ar(mbed_semihost_api.o)
    0x00005cf0   0x00005cf0   0x0000000c   Code   RO         3497    i.semihost_exit     mbed/TARGET_LPC1768/TOOLCHAIN_ARM_STD/mbed.ar(mbed_semihost_api.o)
    0x00005cfc   0x00005cfc   0x000001c4   Code   RO          432    i.serial_baud       mbed/TARGET_LPC1768/TOOLCHAIN_ARM_STD/serial_api.o
    0x00005ec0   0x00005ec0   0x00000180   Code   RO          439    i.serial_init       mbed/TARGET_LPC1768/TOOLCHAIN_ARM_STD/serial_api.o
    0x00006040   0x00006040   0x0000001c   Code   RO          440    i.serial_irq_handler  mbed/TARGET_LPC1768/TOOLCHAIN_ARM_STD/serial_api.o
    0x0000605c   0x0000605c   0x000000d4   Code   RO          442    i.serial_irq_set_internal  mbed/TARGET_LPC1768/TOOLCHAIN_ARM_STD/serial_api.o
    0x00006130   0x00006130   0x00000068   Code   RO          444    i.serial_putc       mbed/TARGET_LPC1768/TOOLCHAIN_ARM_STD/serial_api.o
    0x00006198   0x00006198   0x0000010c   Code   RO          446    i.serial_set_flow_control  mbed/TARGET_LPC1768/TOOLCHAIN_ARM_STD/serial_api.o
    0x000062a4   0x000062a4   0x0000001c   Code   RO         2317    i.set_main_stack    .\build\rtx_conf_cm.o
    0x000062c0   0x000062c0   0x00000078   Code   RO          751    i.svcKernelInitialize  .\build\rt_cmsis.o
    0x00006338   0x00006338   0x0000000c   Code   RO          752    i.svcKernelRunning  .\build\rt_cmsis.o
    0x00006344   0x00006344   0x00000060   Code   RO          753    i.svcKernelStart    .\build\rt_cmsis.o
    0x000063a4   0x000063a4   0x0000003c   Code   RO          756    i.svcMessageCreate  .\build\rt_cmsis.o
    0x000063e0   0x000063e0   0x00000056   Code   RO          757    i.svcMessageGet     .\build\rt_cmsis.o
    0x00006436   0x00006436   0x00000036   Code   RO          759    i.svcMutexCreate    .\build\rt_cmsis.o
    0x0000646c   0x0000646c   0x00000030   Code   RO          761    i.svcMutexRelease   .\build\rt_cmsis.o
    0x0000649c   0x0000649c   0x00000046   Code   RO          762    i.svcMutexWait      .\build\rt_cmsis.o
    0x000064e2   0x000064e2   0x00000002   PAD
    0x000064e4   0x000064e4   0x000000a0   Code   RO          771    i.svcThreadCreate   .\build\rt_cmsis.o
    0x00006584   0x00006584   0x0000001c   Code   RO          772    i.svcThreadGetId    .\build\rt_cmsis.o
    0x000065a0   0x000065a0   0x00000044   Code   RO          776    i.svcThreadTerminate  .\build\rt_cmsis.o
    0x000065e4   0x000065e4   0x0000002a   Code   RO          778    i.svcTimerCall      .\build\rt_cmsis.o
    0x0000660e   0x0000660e   0x00000002   Code   RO          787    i.sysThreadError    .\build\rt_cmsis.o
    0x00006610   0x00006610   0x0000000c   Code   RO         2319    i.sysThreadTerminate  .\build\rtx_conf_cm.o
    0x0000661c   0x0000661c   0x00000058   Code   RO          788    i.sysTimerTick      .\build\rt_cmsis.o
    0x00006674   0x00006674   0x00000018   Code   RO         2462    i.thread_terminate_hook  .\build\thread.o
    0x0000668c   0x0000668c   0x0000004e   Code   RO         3607    i.ticker_irq_handler  mbed/TARGET_LPC1768/TOOLCHAIN_ARM_STD/mbed.ar(mbed_ticker_api.o)
    0x000066da   0x000066da   0x00000002   PAD
    0x000066dc   0x000066dc   0x00000014   Code   RO          448    i.uart0_irq         mbed/TARGET_LPC1768/TOOLCHAIN_ARM_STD/serial_api.o
    0x000066f0   0x000066f0   0x00000014   Code   RO          449    i.uart1_irq         mbed/TARGET_LPC1768/TOOLCHAIN_ARM_STD/serial_api.o
    0x00006704   0x00006704   0x00000014   Code   RO          450    i.uart2_irq         mbed/TARGET_LPC1768/TOOLCHAIN_ARM_STD/serial_api.o
    0x00006718   0x00006718   0x00000014   Code   RO          451    i.uart3_irq         mbed/TARGET_LPC1768/TOOLCHAIN_ARM_STD/serial_api.o
    0x0000672c   0x0000672c   0x00000068   Code   RO          452    i.uart_irq          mbed/TARGET_LPC1768/TOOLCHAIN_ARM_STD/serial_api.o
    0x00006794   0x00006794   0x0000000c   Code   RO          538    i.us_ticker_clear_interrupt  mbed/TARGET_LPC1768/TOOLCHAIN_ARM_STD/us_ticker.o
    0x000067a0   0x000067a0   0x00000010   Code   RO          539    i.us_ticker_disable_interrupt  mbed/TARGET_LPC1768/TOOLCHAIN_ARM_STD/us_ticker.o
    0x000067b0   0x000067b0   0x00000064   Code   RO          540    i.us_ticker_init    mbed/TARGET_LPC1768/TOOLCHAIN_ARM_STD/us_ticker.o
    0x00006814   0x00006814   0x0000000c   Code   RO         3405    i.us_ticker_irq_handler  mbed/TARGET_LPC1768/TOOLCHAIN_ARM_STD/mbed.ar(mbed_us_ticker_api.o)
    0x00006820   0x00006820   0x00000064   Code   RO          541    i.us_ticker_read    mbed/TARGET_LPC1768/TOOLCHAIN_ARM_STD/us_ticker.o
    0x00006884   0x00006884   0x00000014   Code   RO          542    i.us_ticker_set_interrupt  mbed/TARGET_LPC1768/TOOLCHAIN_ARM_STD/us_ticker.o
    0x00006898   0x00006898   0x00000024   Code   RO         3533    i.wait              mbed/TARGET_LPC1768/TOOLCHAIN_ARM_STD/mbed.ar(mbed_wait_api_no_rtos.o)
    0x000068bc   0x000068bc   0x0000001c   Code   RO         3534    i.wait_ms           mbed/TARGET_LPC1768/TOOLCHAIN_ARM_STD/mbed.ar(mbed_wait_api_no_rtos.o)
    0x000068d8   0x000068d8   0x0000002c   Code   RO         4368    locale$$code        C:\Keil_v5\ARM\ARMCC\Bin\..\lib\armlib\c_w.l(lc_numeric_c.o)
    0x00006904   0x00006904   0x0000002c   Code   RO         4436    locale$$code        C:\Keil_v5\ARM\ARMCC\Bin\..\lib\armlib\c_w.l(lc_ctype_c.o)
    0x00006930   0x00006930   0x0000002c   Code   RO         3597    t._ZN12SingletonPtrI13PlatformMutexEptEv  mbed/TARGET_LPC1768/TOOLCHAIN_ARM_STD/mbed.ar(FileBase.o)
    0x0000695c   0x0000695c   0x00000004   Code   RO         3277    t._ZN4mbed8CallbackIFvvEE13function_callIPS1_EEvPKv  mbed/TARGET_LPC1768/TOOLCHAIN_ARM_STD/mbed.ar(SerialBase.o)
    0x00006960   0x00006960   0x00000002   Code   RO         3283    t._ZN4mbed8CallbackIFvvEE13function_dtorIPS1_EEvPv  mbed/TARGET_LPC1768/TOOLCHAIN_ARM_STD/mbed.ar(SerialBase.o)
    0x00006962   0x00006962   0x0000000a   Code   RO         3280    t._ZN4mbed8CallbackIFvvEE13function_moveIPS1_EEvPvPKv  mbed/TARGET_LPC1768/TOOLCHAIN_ARM_STD/mbed.ar(SerialBase.o)
    0x0000696c   0x0000696c   0x00000012   Code   RO         3189    t._ZN4mbed8CallbackIFvvEED1Ev  mbed/TARGET_LPC1768/TOOLCHAIN_ARM_STD/mbed.ar(Serial.o)
    0x0000697e   0x0000697e   0x00000002   PAD
    0x00006980   0x00006980   0x00000036   Code   RO         3947    x$fpl$ffix          C:\Keil_v5\ARM\ARMCC\Bin\..\lib\armlib\fz_ws.l(ffix.o)
    0x000069b6   0x000069b6   0x00000002   PAD
    0x000069b8   0x000069b8   0x00000102   Code   RO         3961    x$fpl$fmul          C:\Keil_v5\ARM\ARMCC\Bin\..\lib\armlib\fz_ws.l(fmul.o)
    0x00006aba   0x00006aba   0x0000008c   Code   RO         4174    x$fpl$fnaninf       C:\Keil_v5\ARM\ARMCC\Bin\..\lib\armlib\fz_ws.l(fnaninf.o)
    0x00006b46   0x00006b46   0x0000000a   Code   RO         4176    x$fpl$fretinf       C:\Keil_v5\ARM\ARMCC\Bin\..\lib\armlib\fz_ws.l(fretinf.o)
    0x00006b50   0x00006b50   0x00000004   Code   RO         4178    x$fpl$printf1       C:\Keil_v5\ARM\ARMCC\Bin\..\lib\armlib\fz_ws.l(printf1.o)
    0x00006b54   0x00006b54   0x00000004   Code   RO         4180    x$fpl$printf2       C:\Keil_v5\ARM\ARMCC\Bin\..\lib\armlib\fz_ws.l(printf2.o)
    0x00006b58   0x00006b58   0x00000000   Code   RO         4188    x$fpl$usenofp       C:\Keil_v5\ARM\ARMCC\Bin\..\lib\armlib\fz_ws.l(usenofp.o)
    0x00006b58   0x00006b58   0x00000098   Data   RO          165    .constdata          mbed/TARGET_LPC1768/TOOLCHAIN_ARM_STD/i2c_api.o
    0x00006bf0   0x00006bf0   0x00000017   Data   RO          336    .constdata          mbed/TARGET_LPC1768/TOOLCHAIN_ARM_STD/retarget.o
    0x00006c07   0x00006c07   0x00000001   PAD
    0x00006c08   0x00006c08   0x00000120   Data   RO          454    .constdata          mbed/TARGET_LPC1768/TOOLCHAIN_ARM_STD/serial_api.o
    0x00006d28   0x00006d28   0x00000004   Data   RO          792    .constdata          .\build\rt_cmsis.o
    0x00006d2c   0x00006d2c   0x0000005c   Data   RO         2321    .constdata          .\build\rtx_conf_cm.o
    0x00006d88   0x00006d88   0x00000014   Data   RO         3406    .constdata          mbed/TARGET_LPC1768/TOOLCHAIN_ARM_STD/mbed.ar(mbed_us_ticker_api.o)
    0x00006d9c   0x00006d9c   0x00000008   Data   RO         3407    .constdata          mbed/TARGET_LPC1768/TOOLCHAIN_ARM_STD/mbed.ar(mbed_us_ticker_api.o)
    0x00006da4   0x00006da4   0x00000028   Data   RO         3718    .constdata          C:\Keil_v5\ARM\ARMCC\Bin\..\lib\armlib\c_w.l(_printf_hex_int_ll_ptr.o)
    0x00006dcc   0x00006dcc   0x00000011   Data   RO         3738    .constdata          C:\Keil_v5\ARM\ARMCC\Bin\..\lib\armlib\c_w.l(__printf_flags_ss_wp.o)
    0x00006ddd   0x00006ddd   0x00000003   PAD
    0x00006de0   0x00006de0   0x00000008   Data   RO         4017    .constdata          C:\Keil_v5\ARM\ARMCC\Bin\..\lib\armlib\c_w.l(_printf_wctomb.o)
    0x00006de8   0x00006de8   0x00000026   Data   RO         4208    .constdata          C:\Keil_v5\ARM\ARMCC\Bin\..\lib\armlib\c_w.l(_printf_fp_hex.o)
    0x00006e0e   0x00006e0e   0x00000002   PAD
    0x00006e10   0x00006e10   0x00000094   Data   RO         4341    .constdata          C:\Keil_v5\ARM\ARMCC\Bin\..\lib\armlib\c_w.l(bigflt0.o)
    0x00006ea4   0x00006ea4   0x00000034   Data   RO          398    .constdata__ZTVN4mbed10FileHandleE  mbed/TARGET_LPC1768/TOOLCHAIN_ARM_STD/retarget.o
    0x00006ed8   0x00006ed8   0x00000018   Data   RO         3265    .constdata__ZTVN4mbed10SerialBaseE  mbed/TARGET_LPC1768/TOOLCHAIN_ARM_STD/mbed.ar(SerialBase.o)
    0x00006ef0   0x00006ef0   0x00000018   Data   RO         3135    .constdata__ZTVN4mbed3I2CE  mbed/TARGET_LPC1768/TOOLCHAIN_ARM_STD/mbed.ar(I2C.o)
    0x00006f08   0x00006f08   0x0000006c   Data   RO         3182    .constdata__ZTVN4mbed6SerialE  mbed/TARGET_LPC1768/TOOLCHAIN_ARM_STD/mbed.ar(Serial.o)
    0x00006f74   0x00006f74   0x0000004c   Data   RO         3363    .constdata__ZTVN4mbed6StreamE  mbed/TARGET_LPC1768/TOOLCHAIN_ARM_STD/mbed.ar(Stream.o)
    0x00006fc0   0x00006fc0   0x00000010   Data   RO         3596    .constdata__ZTVN4mbed8FileBaseE  mbed/TARGET_LPC1768/TOOLCHAIN_ARM_STD/mbed.ar(FileBase.o)
    0x00006fd0   0x00006fd0   0x00000044   Data   RO         3564    .constdata__ZTVN4mbed8FileLikeE  mbed/TARGET_LPC1768/TOOLCHAIN_ARM_STD/mbed.ar(FileLike.o)
    0x00007014   0x00007014   0x00000014   Data   RO          399    .constdata__ZZN12SingletonPtrI13PlatformMutexE3getEvEs  mbed/TARGET_LPC1768/TOOLCHAIN_ARM_STD/retarget.o
    0x00007028   0x00007028   0x0000004d   Data   RO          400    .constdata__ZZN12SingletonPtrI13PlatformMutexE3getEvEs_0  mbed/TARGET_LPC1768/TOOLCHAIN_ARM_STD/retarget.o
    0x00007075   0x00007075   0x00000003   PAD
    0x00007078   0x00007078   0x0000000c   Data   RO         3275    .constdata__ZZN4mbed8CallbackIFvvEE8generateIPS1_EEvRKT_E3ops  mbed/TARGET_LPC1768/TOOLCHAIN_ARM_STD/mbed.ar(SerialBase.o)
    0x00007084   0x00007084   0x00000005   Data   RO         3266    .constdata__ZZNK4mbed8CallbackIFvvEE4callEvEs  mbed/TARGET_LPC1768/TOOLCHAIN_ARM_STD/mbed.ar(SerialBase.o)
    0x00007089   0x00007089   0x00000049   Data   RO         3267    .constdata__ZZNK4mbed8CallbackIFvvEE4callEvEs_0  mbed/TARGET_LPC1768/TOOLCHAIN_ARM_STD/mbed.ar(SerialBase.o)
    0x000070d2   0x000070d2   0x00000002   PAD
    0x000070d4   0x000070d4   0x00000057   Data   RO          122    .conststring        mbed/TARGET_LPC1768/TOOLCHAIN_ARM_STD/gpio_api.o
    0x0000712b   0x0000712b   0x00000001   PAD
    0x0000712c   0x0000712c   0x00000056   Data   RO          166    .conststring        mbed/TARGET_LPC1768/TOOLCHAIN_ARM_STD/i2c_api.o
    0x00007182   0x00007182   0x00000002   PAD
    0x00007184   0x00007184   0x0000006c   Data   RO          193    .conststring        mbed/TARGET_LPC1768/TOOLCHAIN_ARM_STD/mbed_board.o
    0x000071f0   0x000071f0   0x00000055   Data   RO          205    .conststring        mbed/TARGET_LPC1768/TOOLCHAIN_ARM_STD/pinmap.o
    0x00007245   0x00007245   0x00000003   PAD
    0x00007248   0x00007248   0x00000059   Data   RO          455    .conststring        mbed/TARGET_LPC1768/TOOLCHAIN_ARM_STD/serial_api.o
    0x000072a1   0x000072a1   0x00000003   PAD
    0x000072a4   0x000072a4   0x00000043   Data   RO         3448    .conststring        mbed/TARGET_LPC1768/TOOLCHAIN_ARM_STD/mbed.ar(mbed_critical.o)
    0x000072e7   0x000072e7   0x00000001   PAD
    0x000072e8   0x000072e8   0x00000020   Data   RO         4509    Region$$Table       anon$$obj.o
    0x00007308   0x00007308   0x0000001c   Data   RO         4367    locale$$data        C:\Keil_v5\ARM\ARMCC\Bin\..\lib\armlib\c_w.l(lc_numeric_c.o)
    0x00007324   0x00007324   0x00000110   Data   RO         4435    locale$$data        C:\Keil_v5\ARM\ARMCC\Bin\..\lib\armlib\c_w.l(lc_ctype_c.o)
    0x00007434   0x00007434   0x00000004   Data   RO         2641    .init_array         .\build\main.o
    0x00007438   0x00007434   0x00000000   Data   RO         3811    .init_array         C:\Keil_v5\ARM\ARMCC\Bin\..\lib\armlib\c_w.l(init_aeabi.o)


    Execution Region RW_IRAM1 (Exec base: 0x100000c8, Load base: 0x00007438, Size: 0x000014e8, Max: 0x00007f38, ABSOLUTE)

    Exec Addr    Load Addr    Size         Type   Attr      Idx    E Section Name        Object

    0x100000c8   0x00007438   0x00000008   Data   RW          339    .data               mbed/TARGET_LPC1768/TOOLCHAIN_ARM_STD/retarget.o
    0x100000d0   0x00007440   0x00000010   Data   RW          456    .data               mbed/TARGET_LPC1768/TOOLCHAIN_ARM_STD/serial_api.o
    0x100000e0   0x00007450   0x00000004   Data   RW          529    .data               mbed/TARGET_LPC1768/TOOLCHAIN_ARM_STD/system_LPC17xx.o
    0x100000e4   0x00007454   0x00000004   Data   RW          543    .data               mbed/TARGET_LPC1768/TOOLCHAIN_ARM_STD/us_ticker.o
    0x100000e8   0x00007458   0x00000010   Data   RW          793    .data               .\build\rt_cmsis.o
    0x100000f8   0x00007468   0x00000005   Data   RW         1608    .data               .\build\rt_oseventobserver.o
    0x100000fd   0x0000746d   0x00000003   PAD
    0x10000100   0x00007470   0x00000008   Data   RW         1627    .data               .\build\rt_robin.o
    0x10000108   0x00007478   0x00000007   Data   RW         1701    .data               .\build\rt_system.o
    0x1000010f   0x0000747f   0x00000001   PAD
    0x10000110   0x00007480   0x00000008   Data   RW         1794    .data               .\build\rt_task.o
    0x10000118   0x00007488   0x00000004   Data   RW         1872    .data               .\build\rt_time.o
    0x1000011c   0x0000748c   0x00000004   Data   RW         1910    .data               .\build\rtos_idle.o
    0x10000120   0x00007490   0x00000034   Data   RW         2322    .data               .\build\rtx_conf_cm.o
    0x10000154   0x000074c4   0x00000004   Data   RW         2487    .data               .\build\thread.o
    0x10000158   0x000074c8   0x0000000c   Data   RW         3111    .data               mbed/TARGET_LPC1768/TOOLCHAIN_ARM_STD/mbed.ar(I2C.o)
    0x10000164   0x000074d4   0x00000008   Data   RW         3408    .data               mbed/TARGET_LPC1768/TOOLCHAIN_ARM_STD/mbed.ar(mbed_us_ticker_api.o)
    0x1000016c   0x000074dc   0x00000008   Data   RW         3449    .data               mbed/TARGET_LPC1768/TOOLCHAIN_ARM_STD/mbed.ar(mbed_critical.o)
    0x10000174   0x000074e4   0x0000000c   Data   RW         3584    .data               mbed/TARGET_LPC1768/TOOLCHAIN_ARM_STD/mbed.ar(FileBase.o)
    0x10000180   0x000074f0   0x00000004   Data   RW         3769    .data               C:\Keil_v5\ARM\ARMCC\Bin\..\lib\armlib\c_w.l(stdio_streams.o)
    0x10000184   0x000074f4   0x00000004   Data   RW         3770    .data               C:\Keil_v5\ARM\ARMCC\Bin\..\lib\armlib\c_w.l(stdio_streams.o)
    0x10000188   0x000074f8   0x00000004   Data   RW         3771    .data               C:\Keil_v5\ARM\ARMCC\Bin\..\lib\armlib\c_w.l(stdio_streams.o)
    0x1000018c   0x000074fc   0x00000004   Data   RW         4079    .data               C:\Keil_v5\ARM\ARMCC\Bin\..\lib\armlib\c_w.l(streamlock.o)
    0x10000190        -       0x00000040   Zero   RW          335    .bss                mbed/TARGET_LPC1768/TOOLCHAIN_ARM_STD/retarget.o
    0x100001d0        -       0x000000e0   Zero   RW          453    .bss                mbed/TARGET_LPC1768/TOOLCHAIN_ARM_STD/serial_api.o
    0x100002b0        -       0x00000010   Zero   RW          791    .bss                .\build\rt_cmsis.o
    0x100002c0        -       0x00000030   Zero   RW         1409    .bss                .\build\rt_list.o
    0x100002f0        -       0x00000040   Zero   RW         1793    .bss                .\build\rt_task.o
    0x10000330        -       0x00001050   Zero   RW         2320    .bss                .\build\rtx_conf_cm.o
    0x10001380        -       0x000000d4   Zero   RW         2640    .bss                .\build\main.o
    0x10001454        -       0x00000060   Zero   RW         3623    .bss                C:\Keil_v5\ARM\ARMCC\Bin\..\lib\armlib\c_w.l(libspace.o)
    0x100014b4        -       0x00000054   Zero   RW         3766    .bss                C:\Keil_v5\ARM\ARMCC\Bin\..\lib\armlib\c_w.l(stdio_streams.o)
    0x10001508        -       0x00000054   Zero   RW         3767    .bss                C:\Keil_v5\ARM\ARMCC\Bin\..\lib\armlib\c_w.l(stdio_streams.o)
    0x1000155c        -       0x00000054   Zero   RW         3768    .bss                C:\Keil_v5\ARM\ARMCC\Bin\..\lib\armlib\c_w.l(stdio_streams.o)


    Execution Region RW_IRAM2 (Exec base: 0x2007c000, Load base: 0x00007500, Size: 0x00000000, Max: 0x00004000, ABSOLUTE)

    **** No section assigned to this execution region ****


    Execution Region RW_IRAM3 (Exec base: 0x20080000, Load base: 0x00007500, Size: 0x00000000, Max: 0x00004000, ABSOLUTE)

    **** No section assigned to this execution region ****


    Execution Region RW_IRAM4 (Exec base: 0x40038000, Load base: 0x00007500, Size: 0x00000000, Max: 0x00000800, ABSOLUTE)

    **** No section assigned to this execution region ****


==============================================================================

Image component sizes


      Code (inc. data)   RO Data    RW Data    ZI Data      Debug   Object Name

        52          6          0          0          0         84   mbed/TARGET_LPC1768/TOOLCHAIN_ARM_STD/cmsis_nvic.o
       148         30         87          0          0        228   mbed/TARGET_LPC1768/TOOLCHAIN_ARM_STD/gpio_api.o
       176          8          0          0          0       8939   .\build\hal_cm.o
       304         36          0          0          0        876   .\build\hal_cm3.o
       964         64        238          0          0        412   mbed/TARGET_LPC1768/TOOLCHAIN_ARM_STD/i2c_api.o
       710        246          4          0        212      42518   .\build\main.o
       456         70        108          0          0        260   mbed/TARGET_LPC1768/TOOLCHAIN_ARM_STD/mbed_board.o
         0          0          0          0          0       3080   .\build\mutex.o
       236         48         85          0          0        160   mbed/TARGET_LPC1768/TOOLCHAIN_ARM_STD/pinmap.o
      1038        108        172          8         64       1284   mbed/TARGET_LPC1768/TOOLCHAIN_ARM_STD/retarget.o
      2096        194          4         16         16      33953   .\build\rt_cmsis.o
        92          4          0          0          0        649   .\build\rt_event.o
       638         34          0          0         48       8309   .\build\rt_list.o
       666         10          0          0          0       4001   .\build\rt_mailbox.o
       180          0          0          0          0       2025   .\build\rt_membox.o
       446         12          0          0          0       2121   .\build\rt_mutex.o
         0          0          0          5          0       1737   .\build\rt_oseventobserver.o
       112         22          0          8          0       1166   .\build\rt_robin.o
        56          4          0          0          0        573   .\build\rt_semaphore.o
       382         58          0          7          0       6407   .\build\rt_system.o
      1340        168          0          8         64       9737   .\build\rt_task.o
         0          0          0          4          0        210   .\build\rt_time.o
        18          6          0          4          0       1353   .\build\rtos_idle.o
         0          0          0          0          0       6846   .\build\rtostimer.o
       384        150         92         52       4176      12515   .\build\rtx_conf_cm.o
      1632        170        377         16        224        908   mbed/TARGET_LPC1768/TOOLCHAIN_ARM_STD/serial_api.o
        40         12        196          0          0        228   mbed/TARGET_LPC1768/TOOLCHAIN_ARM_STD/startup_LPC17xx.o
         4          4          0          0          0        228   .\build\svc_table.o
        16          6          0          0          0         68   mbed/TARGET_LPC1768/TOOLCHAIN_ARM_STD/sys.o
       160         10          0          4          0         68   mbed/TARGET_LPC1768/TOOLCHAIN_ARM_STD/system_LPC17xx.o
        24          4          0          4          0       1996   .\build\thread.o
       248         64          0          4          0        356   mbed/TARGET_LPC1768/TOOLCHAIN_ARM_STD/us_ticker.o

    ----------------------------------------------------------------------
     12640       1548       1408        144       4804     153295   Object Totals
         0          0         32          0          0          0   (incl. Generated)
        22          0         13          4          0          0   (incl. Padding)

    ----------------------------------------------------------------------

      Code (inc. data)   RO Data    RW Data    ZI Data      Debug   Library Member Name

        60          8          0          0          0         84   C:\Keil_v5\ARM\ARMCC\Bin\..\lib\armlib\c_w.l(__0sscanf.o)
        44          6          0          0          0         84   C:\Keil_v5\ARM\ARMCC\Bin\..\lib\armlib\c_w.l(__2sprintf.o)
         8          0          0          0          0         68   C:\Keil_v5\ARM\ARMCC\Bin\..\lib\armlib\c_w.l(__main.o)
       392          4         17          0          0         92   C:\Keil_v5\ARM\ARMCC\Bin\..\lib\armlib\c_w.l(__printf_flags_ss_wp.o)
        14          0          0          0          0         68   C:\Keil_v5\ARM\ARMCC\Bin\..\lib\armlib\c_w.l(__printf_wp.o)
        52          8          0          0          0          0   C:\Keil_v5\ARM\ARMCC\Bin\..\lib\armlib\c_w.l(__scatter.o)
        26          0          0          0          0          0   C:\Keil_v5\ARM\ARMCC\Bin\..\lib\armlib\c_w.l(__scatter_copy.o)
        28          0          0          0          0          0   C:\Keil_v5\ARM\ARMCC\Bin\..\lib\armlib\c_w.l(__scatter_zi.o)
        28          0          0          0          0         68   C:\Keil_v5\ARM\ARMCC\Bin\..\lib\armlib\c_w.l(_chval.o)
         6          0          0          0          0          0   C:\Keil_v5\ARM\ARMCC\Bin\..\lib\armlib\c_w.l(_printf_a.o)
         6          0          0          0          0          0   C:\Keil_v5\ARM\ARMCC\Bin\..\lib\armlib\c_w.l(_printf_c.o)
        44          0          0          0          0        108   C:\Keil_v5\ARM\ARMCC\Bin\..\lib\armlib\c_w.l(_printf_char.o)
        48          6          0          0          0         96   C:\Keil_v5\ARM\ARMCC\Bin\..\lib\armlib\c_w.l(_printf_char_common.o)
        64          6          0          0          0         84   C:\Keil_v5\ARM\ARMCC\Bin\..\lib\armlib\c_w.l(_printf_char_file_locked.o)
        40          0          0          0          0         68   C:\Keil_v5\ARM\ARMCC\Bin\..\lib\armlib\c_w.l(_printf_charcount.o)
         6          0          0          0          0          0   C:\Keil_v5\ARM\ARMCC\Bin\..\lib\armlib\c_w.l(_printf_d.o)
       120         16          0          0          0         92   C:\Keil_v5\ARM\ARMCC\Bin\..\lib\armlib\c_w.l(_printf_dec.o)
         6          0          0          0          0          0   C:\Keil_v5\ARM\ARMCC\Bin\..\lib\armlib\c_w.l(_printf_e.o)
         6          0          0          0          0          0   C:\Keil_v5\ARM\ARMCC\Bin\..\lib\armlib\c_w.l(_printf_f.o)
      1054          0          0          0          0        216   C:\Keil_v5\ARM\ARMCC\Bin\..\lib\armlib\c_w.l(_printf_fp_dec.o)
       764          8         38          0          0        100   C:\Keil_v5\ARM\ARMCC\Bin\..\lib\armlib\c_w.l(_printf_fp_hex.o)
       128         16          0          0          0         84   C:\Keil_v5\ARM\ARMCC\Bin\..\lib\armlib\c_w.l(_printf_fp_infnan.o)
         6          0          0          0          0          0   C:\Keil_v5\ARM\ARMCC\Bin\..\lib\armlib\c_w.l(_printf_g.o)
       148          4         40          0          0        160   C:\Keil_v5\ARM\ARMCC\Bin\..\lib\armlib\c_w.l(_printf_hex_int_ll_ptr.o)
         6          0          0          0          0          0   C:\Keil_v5\ARM\ARMCC\Bin\..\lib\armlib\c_w.l(_printf_i.o)
       178          0          0          0          0         88   C:\Keil_v5\ARM\ARMCC\Bin\..\lib\armlib\c_w.l(_printf_intcommon.o)
        10          0          0          0          0          0   C:\Keil_v5\ARM\ARMCC\Bin\..\lib\armlib\c_w.l(_printf_l.o)
         6          0          0          0          0          0   C:\Keil_v5\ARM\ARMCC\Bin\..\lib\armlib\c_w.l(_printf_lc.o)
        10          0          0          0          0          0   C:\Keil_v5\ARM\ARMCC\Bin\..\lib\armlib\c_w.l(_printf_ll.o)
         6          0          0          0          0          0   C:\Keil_v5\ARM\ARMCC\Bin\..\lib\armlib\c_w.l(_printf_lld.o)
         6          0          0          0          0          0   C:\Keil_v5\ARM\ARMCC\Bin\..\lib\armlib\c_w.l(_printf_lli.o)
         6          0          0          0          0          0   C:\Keil_v5\ARM\ARMCC\Bin\..\lib\armlib\c_w.l(_printf_llo.o)
         6          0          0          0          0          0   C:\Keil_v5\ARM\ARMCC\Bin\..\lib\armlib\c_w.l(_printf_llu.o)
         6          0          0          0          0          0   C:\Keil_v5\ARM\ARMCC\Bin\..\lib\armlib\c_w.l(_printf_llx.o)
       124         16          0          0          0         92   C:\Keil_v5\ARM\ARMCC\Bin\..\lib\armlib\c_w.l(_printf_longlong_dec.o)
         6          0          0          0          0          0   C:\Keil_v5\ARM\ARMCC\Bin\..\lib\armlib\c_w.l(_printf_ls.o)
         6          0          0          0          0          0   C:\Keil_v5\ARM\ARMCC\Bin\..\lib\armlib\c_w.l(_printf_n.o)
         6          0          0          0          0          0   C:\Keil_v5\ARM\ARMCC\Bin\..\lib\armlib\c_w.l(_printf_o.o)
       112         10          0          0          0        124   C:\Keil_v5\ARM\ARMCC\Bin\..\lib\armlib\c_w.l(_printf_oct_int_ll.o)
         6          0          0          0          0          0   C:\Keil_v5\ARM\ARMCC\Bin\..\lib\armlib\c_w.l(_printf_p.o)
        78          0          0          0          0        108   C:\Keil_v5\ARM\ARMCC\Bin\..\lib\armlib\c_w.l(_printf_pad.o)
         0          0          0          0          0          0   C:\Keil_v5\ARM\ARMCC\Bin\..\lib\armlib\c_w.l(_printf_percent.o)
         4          0          0          0          0          0   C:\Keil_v5\ARM\ARMCC\Bin\..\lib\armlib\c_w.l(_printf_percent_end.o)
         6          0          0          0          0          0   C:\Keil_v5\ARM\ARMCC\Bin\..\lib\armlib\c_w.l(_printf_s.o)
        82          0          0          0          0         80   C:\Keil_v5\ARM\ARMCC\Bin\..\lib\armlib\c_w.l(_printf_str.o)
        36          0          0          0          0         84   C:\Keil_v5\ARM\ARMCC\Bin\..\lib\armlib\c_w.l(_printf_truncate.o)
         6          0          0          0          0          0   C:\Keil_v5\ARM\ARMCC\Bin\..\lib\armlib\c_w.l(_printf_u.o)
        44          0          0          0          0        108   C:\Keil_v5\ARM\ARMCC\Bin\..\lib\armlib\c_w.l(_printf_wchar.o)
       188          6          8          0          0         92   C:\Keil_v5\ARM\ARMCC\Bin\..\lib\armlib\c_w.l(_printf_wctomb.o)
         6          0          0          0          0          0   C:\Keil_v5\ARM\ARMCC\Bin\..\lib\armlib\c_w.l(_printf_x.o)
       884          6          0          0          0        100   C:\Keil_v5\ARM\ARMCC\Bin\..\lib\armlib\c_w.l(_scanf.o)
       332          0          0          0          0         96   C:\Keil_v5\ARM\ARMCC\Bin\..\lib\armlib\c_w.l(_scanf_int.o)
        64          0          0          0          0         84   C:\Keil_v5\ARM\ARMCC\Bin\..\lib\armlib\c_w.l(_sgetc.o)
        10          0          0          0          0         68   C:\Keil_v5\ARM\ARMCC\Bin\..\lib\armlib\c_w.l(_sputc.o)
        64          0          0          0          0         92   C:\Keil_v5\ARM\ARMCC\Bin\..\lib\armlib\c_w.l(_wcrtomb.o)
       228          4        148          0          0         96   C:\Keil_v5\ARM\ARMCC\Bin\..\lib\armlib\c_w.l(bigflt0.o)
      1936        128          0          0          0        672   C:\Keil_v5\ARM\ARMCC\Bin\..\lib\armlib\c_w.l(btod.o)
        10          0          0          0          0         68   C:\Keil_v5\ARM\ARMCC\Bin\..\lib\armlib\c_w.l(c89vfprintf.o)
        10          0          0          0          0         68   C:\Keil_v5\ARM\ARMCC\Bin\..\lib\armlib\c_w.l(defsig_exit.o)
        50          0          0          0          0         88   C:\Keil_v5\ARM\ARMCC\Bin\..\lib\armlib\c_w.l(defsig_general.o)
        48         34          0          0          0         76   C:\Keil_v5\ARM\ARMCC\Bin\..\lib\armlib\c_w.l(defsig_pvfn_inner.o)
        14          0          0          0          0         80   C:\Keil_v5\ARM\ARMCC\Bin\..\lib\armlib\c_w.l(defsig_pvfn_outer.o)
        80         58          0          0          0         76   C:\Keil_v5\ARM\ARMCC\Bin\..\lib\armlib\c_w.l(defsig_rtmem_inner.o)
        14          0          0          0          0         80   C:\Keil_v5\ARM\ARMCC\Bin\..\lib\armlib\c_w.l(defsig_rtmem_outer.o)
        52         38          0          0          0         76   C:\Keil_v5\ARM\ARMCC\Bin\..\lib\armlib\c_w.l(defsig_rtred_inner.o)
        14          0          0          0          0         80   C:\Keil_v5\ARM\ARMCC\Bin\..\lib\armlib\c_w.l(defsig_rtred_outer.o)
        76          0          0          0          0         88   C:\Keil_v5\ARM\ARMCC\Bin\..\lib\armlib\c_w.l(fclose.o)
        52          6          0          0          0         80   C:\Keil_v5\ARM\ARMCC\Bin\..\lib\armlib\c_w.l(fclose_locked.o)
       144         10          0          0          0        128   C:\Keil_v5\ARM\ARMCC\Bin\..\lib\armlib\c_w.l(fflush_locked.o)
       470          0          0          0          0         88   C:\Keil_v5\ARM\ARMCC\Bin\..\lib\armlib\c_w.l(flsbuf.o)
       324          8          0          0          0        152   C:\Keil_v5\ARM\ARMCC\Bin\..\lib\armlib\c_w.l(fopen_locked.o)
        26          0          0          0          0         68   C:\Keil_v5\ARM\ARMCC\Bin\..\lib\armlib\c_w.l(fputc.o)
       248          6          0          0          0         84   C:\Keil_v5\ARM\ARMCC\Bin\..\lib\armlib\c_w.l(fseek.o)
        66          0          0          0          0         76   C:\Keil_v5\ARM\ARMCC\Bin\..\lib\armlib\c_w.l(ftell.o)
       158          0          0          0          0        128   C:\Keil_v5\ARM\ARMCC\Bin\..\lib\armlib\c_w.l(h1_alloc_mt.o)
        62          0          0          0          0         80   C:\Keil_v5\ARM\ARMCC\Bin\..\lib\armlib\c_w.l(h1_extend_mt.o)
       118          0          0          0          0        108   C:\Keil_v5\ARM\ARMCC\Bin\..\lib\armlib\c_w.l(h1_free_mt.o)
        18          0          0          0          0         84   C:\Keil_v5\ARM\ARMCC\Bin\..\lib\armlib\c_w.l(h1_init_mt.o)
         6          0          0          0          0        152   C:\Keil_v5\ARM\ARMCC\Bin\..\lib\armlib\c_w.l(heapauxi.o)
         4          0          0          0          0        136   C:\Keil_v5\ARM\ARMCC\Bin\..\lib\armlib\c_w.l(hguard.o)
         0          0          0          0          0          0   C:\Keil_v5\ARM\ARMCC\Bin\..\lib\armlib\c_w.l(indicate_semi.o)
        36         10          0          0          0         80   C:\Keil_v5\ARM\ARMCC\Bin\..\lib\armlib\c_w.l(init_aeabi.o)
       138          0          0          0          0        168   C:\Keil_v5\ARM\ARMCC\Bin\..\lib\armlib\c_w.l(init_alloc.o)
       456         48          0          0          0        116   C:\Keil_v5\ARM\ARMCC\Bin\..\lib\armlib\c_w.l(initio_locked.o)
        18          0          0          0          0         76   C:\Keil_v5\ARM\ARMCC\Bin\..\lib\armlib\c_w.l(isspace.o)
        44         10        272          0          0         76   C:\Keil_v5\ARM\ARMCC\Bin\..\lib\armlib\c_w.l(lc_ctype_c.o)
        44         10         28          0          0         76   C:\Keil_v5\ARM\ARMCC\Bin\..\lib\armlib\c_w.l(lc_numeric_c.o)
         2          0          0          0          0          0   C:\Keil_v5\ARM\ARMCC\Bin\..\lib\armlib\c_w.l(libinit.o)
        46          0          0          0          0          0   C:\Keil_v5\ARM\ARMCC\Bin\..\lib\armlib\c_w.l(libinit2.o)
         0          0          0          0          0          0   C:\Keil_v5\ARM\ARMCC\Bin\..\lib\armlib\c_w.l(libshutdown2.o)
         8          4          0          0         96         68   C:\Keil_v5\ARM\ARMCC\Bin\..\lib\armlib\c_w.l(libspace.o)
       138          0          0          0          0         80   C:\Keil_v5\ARM\ARMCC\Bin\..\lib\armlib\c_w.l(lludiv10.o)
         0          0          0          0          0          0   C:\Keil_v5\ARM\ARMCC\Bin\..\lib\armlib\c_w.l(maybetermalloc1.o)
        16          4          0          0          0         76   C:\Keil_v5\ARM\ARMCC\Bin\..\lib\armlib\c_w.l(rt_ctype_table.o)
         4          0          0          0          0         68   C:\Keil_v5\ARM\ARMCC\Bin\..\lib\armlib\c_w.l(rt_errno_addr_twolibspace.o)
        10          0          0          0          0         76   C:\Keil_v5\ARM\ARMCC\Bin\..\lib\armlib\c_w.l(rt_heap_descriptor_twolibspace.o)
        10          0          0          0          0         76   C:\Keil_v5\ARM\ARMCC\Bin\..\lib\armlib\c_w.l(rt_locale_twolibspace.o)
        78          0          0          0          0         80   C:\Keil_v5\ARM\ARMCC\Bin\..\lib\armlib\c_w.l(rt_memclr_w.o)
       100          0          0          0          0         80   C:\Keil_v5\ARM\ARMCC\Bin\..\lib\armlib\c_w.l(rt_memcpy_w.o)
        44          8          0          0          0         84   C:\Keil_v5\ARM\ARMCC\Bin\..\lib\armlib\c_w.l(scanf_char.o)
        20          0          0          0          0         68   C:\Keil_v5\ARM\ARMCC\Bin\..\lib\armlib\c_w.l(setbuf.o)
       104          0          0          0          0         88   C:\Keil_v5\ARM\ARMCC\Bin\..\lib\armlib\c_w.l(setvbuf_locked.o)
       240          6          0          0          0        156   C:\Keil_v5\ARM\ARMCC\Bin\..\lib\armlib\c_w.l(stdio.o)
         0          0          0         12        252          0   C:\Keil_v5\ARM\ARMCC\Bin\..\lib\armlib\c_w.l(stdio_streams.o)
       128          0          0          0          0         68   C:\Keil_v5\ARM\ARMCC\Bin\..\lib\armlib\c_w.l(strcmpv7m.o)
         0          0          0          4          0          0   C:\Keil_v5\ARM\ARMCC\Bin\..\lib\armlib\c_w.l(streamlock.o)
        62          0          0          0          0         76   C:\Keil_v5\ARM\ARMCC\Bin\..\lib\armlib\c_w.l(strlen.o)
       150          0          0          0          0         80   C:\Keil_v5\ARM\ARMCC\Bin\..\lib\armlib\c_w.l(strncmp.o)
        12          4          0          0          0         68   C:\Keil_v5\ARM\ARMCC\Bin\..\lib\armlib\c_w.l(sys_exit.o)
        14          0          0          0          0         76   C:\Keil_v5\ARM\ARMCC\Bin\..\lib\armlib\c_w.l(sys_wrch.o)
         2          0          0          0          0         68   C:\Keil_v5\ARM\ARMCC\Bin\..\lib\armlib\c_w.l(use_no_semi.o)
        36          4          0          0          0         76   C:\Keil_v5\ARM\ARMCC\Bin\..\lib\armlib\c_w.l(vsprintf.o)
        36          0          0          0          0         84   C:\Keil_v5\ARM\ARMCC\Bin\..\lib\cpplib\cpprt_w.l(aeabi_vec_ctor_nocookie_nodtor.o)
        34          0          0          0          0         84   C:\Keil_v5\ARM\ARMCC\Bin\..\lib\cpplib\cpprt_w.l(aeabi_vec_dtor_noexceptions.o)
         6          0          0          0          0         68   C:\Keil_v5\ARM\ARMCC\Bin\..\lib\cpplib\cpprt_w.l(pure_virt.o)
        54          4          0          0          0         84   C:\Keil_v5\ARM\ARMCC\Bin\..\lib\armlib\fz_ws.l(ffix.o)
       258          4          0          0          0         84   C:\Keil_v5\ARM\ARMCC\Bin\..\lib\armlib\fz_ws.l(fmul.o)
       140          4          0          0          0         84   C:\Keil_v5\ARM\ARMCC\Bin\..\lib\armlib\fz_ws.l(fnaninf.o)
        10          0          0          0          0         68   C:\Keil_v5\ARM\ARMCC\Bin\..\lib\armlib\fz_ws.l(fretinf.o)
         4          0          0          0          0         68   C:\Keil_v5\ARM\ARMCC\Bin\..\lib\armlib\fz_ws.l(printf1.o)
         4          0          0          0          0         68   C:\Keil_v5\ARM\ARMCC\Bin\..\lib\armlib\fz_ws.l(printf2.o)
         0          0          0          0          0          0   C:\Keil_v5\ARM\ARMCC\Bin\..\lib\armlib\fz_ws.l(usenofp.o)
        40          0          0          0          0         68   C:\Keil_v5\ARM\ARMCC\Bin\..\lib\armlib\m_ws.l(fpclassify.o)
       292         52         16         12          0        380   mbed/TARGET_LPC1768/TOOLCHAIN_ARM_STD/mbed.ar(FileBase.o)
        54         10         68          0          0        156   mbed/TARGET_LPC1768/TOOLCHAIN_ARM_STD/mbed.ar(FileLike.o)
       154          0          0          0          0        440   mbed/TARGET_LPC1768/TOOLCHAIN_ARM_STD/mbed.ar(FilePath.o)
       350         54         24         12          0        456   mbed/TARGET_LPC1768/TOOLCHAIN_ARM_STD/mbed.ar(I2C.o)
       128         20        108          0          0        432   mbed/TARGET_LPC1768/TOOLCHAIN_ARM_STD/mbed.ar(Serial.o)
       222         30        114          0          0        584   mbed/TARGET_LPC1768/TOOLCHAIN_ARM_STD/mbed.ar(SerialBase.o)
       222         16         76          0          0        608   mbed/TARGET_LPC1768/TOOLCHAIN_ARM_STD/mbed.ar(Stream.o)
        84         52          0          0          0         88   mbed/TARGET_LPC1768/TOOLCHAIN_ARM_STD/mbed.ar(mbed_assert.o)
       228         98         67          8          0        156   mbed/TARGET_LPC1768/TOOLCHAIN_ARM_STD/mbed.ar(mbed_critical.o)
        18          0          0          0          0         80   mbed/TARGET_LPC1768/TOOLCHAIN_ARM_STD/mbed.ar(mbed_error.o)
       216         36          0          0          0        268   mbed/TARGET_LPC1768/TOOLCHAIN_ARM_STD/mbed.ar(mbed_gpio.o)
         4          0          0          0          0         68   mbed/TARGET_LPC1768/TOOLCHAIN_ARM_STD/mbed.ar(mbed_interface.o)
       274         78          0          0          0        308   mbed/TARGET_LPC1768/TOOLCHAIN_ARM_STD/mbed.ar(mbed_pinmap_common.o)
        28          6          0          0          0        144   mbed/TARGET_LPC1768/TOOLCHAIN_ARM_STD/mbed.ar(mbed_semihost_api.o)
        78          0          0          0          0         88   mbed/TARGET_LPC1768/TOOLCHAIN_ARM_STD/mbed.ar(mbed_ticker_api.o)
        12          6         28          8          0         68   mbed/TARGET_LPC1768/TOOLCHAIN_ARM_STD/mbed.ar(mbed_us_ticker_api.o)
        64          4          0          0          0        160   mbed/TARGET_LPC1768/TOOLCHAIN_ARM_STD/mbed.ar(mbed_wait_api_no_rtos.o)

    ----------------------------------------------------------------------
     14644        994       1060         56        348      12948   Library Totals
        40          0          8          0          0          0   (incl. Padding)

    ----------------------------------------------------------------------

      Code (inc. data)   RO Data    RW Data    ZI Data      Debug   Library Name

     11590        520        551         16        348       7704   C:\Keil_v5\ARM\ARMCC\Bin\..\lib\armlib\c_w.l
        76          0          0          0          0        236   C:\Keil_v5\ARM\ARMCC\Bin\..\lib\cpplib\cpprt_w.l
       470         12          0          0          0        456   C:\Keil_v5\ARM\ARMCC\Bin\..\lib\armlib\fz_ws.l
        40          0          0          0          0         68   C:\Keil_v5\ARM\ARMCC\Bin\..\lib\armlib\m_ws.l
      2428        462        501         40          0       4484   mbed/TARGET_LPC1768/TOOLCHAIN_ARM_STD/mbed.ar

    ----------------------------------------------------------------------
     14644        994       1060         56        348      12948   Library Totals

    ----------------------------------------------------------------------

==============================================================================


      Code (inc. data)   RO Data    RW Data    ZI Data      Debug   

     27284       2542       2468        200       5152     151003   Grand Totals
     27284       2542       2468        200       5152     151003   ELF Image Totals
     27284       2542       2468        200          0          0   ROM Totals

==============================================================================

    Total RO  Size (Code + RO Data)                29752 (  29.05kB)
    Total RW  Size (RW Data + ZI Data)              5352 (   5.23kB)
    Total ROM Size (Code + RO Data + RW Data)      29952 (  29.25kB)

==============================================================================

